[2025-06-22T20:56:11.759+0530][0.010s][info][gc,init] CardTable entry size: 512
[2025-06-22T20:56:11.759+0530][0.010s][info][gc     ] Using G1
[2025-06-22T20:56:11.761+0530][0.011s][info][gc,init] Version: 21.0.7+6-LTS (release)
[2025-06-22T20:56:11.762+0530][0.012s][info][gc,init] CPUs: 16 total, 16 available
[2025-06-22T20:56:11.762+0530][0.012s][info][gc,init] Memory: 20332M
[2025-06-22T20:56:11.762+0530][0.012s][info][gc,init] Large Page Support: Disabled
[2025-06-22T20:56:11.762+0530][0.012s][info][gc,init] NUMA Support: Disabled
[2025-06-22T20:56:11.762+0530][0.012s][info][gc,init] Compressed Oops: Enabled (Zero based)
[2025-06-22T20:56:11.762+0530][0.012s][info][gc,init] Heap Region Size: 4M
[2025-06-22T20:56:11.762+0530][0.012s][info][gc,init] Heap Min Capacity: 8M
[2025-06-22T20:56:11.762+0530][0.012s][info][gc,init] Heap Initial Capacity: 320M
[2025-06-22T20:56:11.762+0530][0.012s][info][gc,init] Heap Max Capacity: 5084M
[2025-06-22T20:56:11.762+0530][0.012s][info][gc,init] Pre-touch: Disabled
[2025-06-22T20:56:11.762+0530][0.012s][info][gc,init] Parallel Workers: 13
[2025-06-22T20:56:11.762+0530][0.012s][info][gc,init] Concurrent Workers: 3
[2025-06-22T20:56:11.762+0530][0.012s][info][gc,init] Concurrent Refinement Workers: 13
[2025-06-22T20:56:11.762+0530][0.012s][info][gc,init] Periodic GC: Disabled
[2025-06-22T20:56:11.772+0530][0.022s][info][gc,metaspace] CDS archive(s) not mapped
[2025-06-22T20:56:11.772+0530][0.022s][info][gc,metaspace] Compressed class space mapped at: 0x0000000800000000-0x0000000840000000, reserved size: 1073741824
[2025-06-22T20:56:11.772+0530][0.022s][info][gc,metaspace] Narrow klass base: 0x0000000800000000, Narrow klass shift: 0, Narrow klass range: 0x40000000
[2025-06-22T20:56:12.265+0530][0.515s][info][gc,start    ] GC(0) Pause Young (Normal) (G1 Evacuation Pause)
[2025-06-22T20:56:12.265+0530][0.516s][info][gc,task     ] GC(0) Using 7 workers of 13 for evacuation
[2025-06-22T20:56:12.269+0530][0.519s][info][gc,phases   ] GC(0)   Pre Evacuate Collection Set: 0.1ms
[2025-06-22T20:56:12.269+0530][0.519s][info][gc,phases   ] GC(0)   Merge Heap Roots: 0.1ms
[2025-06-22T20:56:12.269+0530][0.519s][info][gc,phases   ] GC(0)   Evacuate Collection Set: 3.3ms
[2025-06-22T20:56:12.269+0530][0.519s][info][gc,phases   ] GC(0)   Post Evacuate Collection Set: 0.4ms
[2025-06-22T20:56:12.269+0530][0.520s][info][gc,phases   ] GC(0)   Other: 0.3ms
[2025-06-22T20:56:12.269+0530][0.520s][info][gc,heap     ] GC(0) Eden regions: 5->0(5)
[2025-06-22T20:56:12.269+0530][0.520s][info][gc,heap     ] GC(0) Survivor regions: 0->1(1)
[2025-06-22T20:56:12.269+0530][0.520s][info][gc,heap     ] GC(0) Old regions: 0->1
[2025-06-22T20:56:12.269+0530][0.520s][info][gc,heap     ] GC(0) Humongous regions: 0->0
[2025-06-22T20:56:12.269+0530][0.520s][info][gc,metaspace] GC(0) Metaspace: 15654K(15872K)->15654K(15872K) NonClass: 14218K(14336K)->14218K(14336K) Class: 1436K(1536K)->1436K(1536K)
[2025-06-22T20:56:12.270+0530][0.520s][info][gc          ] GC(0) Pause Young (Normal) (G1 Evacuation Pause) 20M->5M(320M) 4.415ms
[2025-06-22T20:56:12.270+0530][0.520s][info][gc,cpu      ] GC(0) User=0.00s Sys=0.00s Real=0.00s
[2025-06-22T20:56:12.544+0530][0.794s][info][gc,start    ] GC(1) Pause Young (Normal) (G1 Evacuation Pause)
[2025-06-22T20:56:12.544+0530][0.794s][info][gc,task     ] GC(1) Using 7 workers of 13 for evacuation
[2025-06-22T20:56:12.546+0530][0.796s][info][gc,phases   ] GC(1)   Pre Evacuate Collection Set: 0.1ms
[2025-06-22T20:56:12.546+0530][0.796s][info][gc,phases   ] GC(1)   Merge Heap Roots: 0.0ms
[2025-06-22T20:56:12.546+0530][0.796s][info][gc,phases   ] GC(1)   Evacuate Collection Set: 1.6ms
[2025-06-22T20:56:12.546+0530][0.796s][info][gc,phases   ] GC(1)   Post Evacuate Collection Set: 0.4ms
[2025-06-22T20:56:12.546+0530][0.796s][info][gc,phases   ] GC(1)   Other: 0.1ms
[2025-06-22T20:56:12.546+0530][0.796s][info][gc,heap     ] GC(1) Eden regions: 5->0(13)
[2025-06-22T20:56:12.546+0530][0.796s][info][gc,heap     ] GC(1) Survivor regions: 1->1(1)
[2025-06-22T20:56:12.546+0530][0.796s][info][gc,heap     ] GC(1) Old regions: 1->2
[2025-06-22T20:56:12.546+0530][0.797s][info][gc,heap     ] GC(1) Humongous regions: 0->0
[2025-06-22T20:56:12.546+0530][0.797s][info][gc,metaspace] GC(1) Metaspace: 18708K(19008K)->18708K(19008K) NonClass: 16913K(17088K)->16913K(17088K) Class: 1795K(1920K)->1795K(1920K)
[2025-06-22T20:56:12.546+0530][0.797s][info][gc          ] GC(1) Pause Young (Normal) (G1 Evacuation Pause) 25M->7M(320M) 2.501ms
[2025-06-22T20:56:12.546+0530][0.797s][info][gc,cpu      ] GC(1) User=0.00s Sys=0.00s Real=0.00s
[2025-06-22T20:56:12.720+0530][0.971s][info][gc,start    ] GC(2) Pause Young (Concurrent Start) (Metadata GC Threshold)
[2025-06-22T20:56:12.720+0530][0.971s][info][gc,task     ] GC(2) Using 7 workers of 13 for evacuation
[2025-06-22T20:56:12.722+0530][0.972s][info][gc,phases   ] GC(2)   Pre Evacuate Collection Set: 0.1ms
[2025-06-22T20:56:12.722+0530][0.972s][info][gc,phases   ] GC(2)   Merge Heap Roots: 0.0ms
[2025-06-22T20:56:12.722+0530][0.972s][info][gc,phases   ] GC(2)   Evacuate Collection Set: 0.8ms
[2025-06-22T20:56:12.722+0530][0.972s][info][gc,phases   ] GC(2)   Post Evacuate Collection Set: 0.3ms
[2025-06-22T20:56:12.722+0530][0.972s][info][gc,phases   ] GC(2)   Other: 0.1ms
[2025-06-22T20:56:12.722+0530][0.972s][info][gc,heap     ] GC(2) Eden regions: 3->0(29)
[2025-06-22T20:56:12.722+0530][0.972s][info][gc,heap     ] GC(2) Survivor regions: 1->1(2)
[2025-06-22T20:56:12.722+0530][0.972s][info][gc,heap     ] GC(2) Old regions: 2->2
[2025-06-22T20:56:12.722+0530][0.972s][info][gc,heap     ] GC(2) Humongous regions: 0->0
[2025-06-22T20:56:12.722+0530][0.972s][info][gc,metaspace] GC(2) Metaspace: 21227K(21504K)->21227K(21504K) NonClass: 19127K(19264K)->19127K(19264K) Class: 2099K(2240K)->2099K(2240K)
[2025-06-22T20:56:12.722+0530][0.972s][info][gc          ] GC(2) Pause Young (Concurrent Start) (Metadata GC Threshold) 18M->8M(320M) 1.486ms
[2025-06-22T20:56:12.722+0530][0.972s][info][gc,cpu      ] GC(2) User=0.00s Sys=0.00s Real=0.00s
[2025-06-22T20:56:12.722+0530][0.972s][info][gc          ] GC(3) Concurrent Mark Cycle
[2025-06-22T20:56:12.722+0530][0.972s][info][gc,marking  ] GC(3) Concurrent Scan Root Regions
[2025-06-22T20:56:12.723+0530][0.973s][info][gc,marking  ] GC(3) Concurrent Scan Root Regions 1.246ms
[2025-06-22T20:56:12.723+0530][0.974s][info][gc,marking  ] GC(3) Concurrent Mark
[2025-06-22T20:56:12.723+0530][0.974s][info][gc,marking  ] GC(3) Concurrent Mark From Roots
[2025-06-22T20:56:12.723+0530][0.974s][info][gc,task     ] GC(3) Using 3 workers of 3 for marking
[2025-06-22T20:56:12.725+0530][0.976s][info][gc,marking  ] GC(3) Concurrent Mark From Roots 2.515ms
[2025-06-22T20:56:12.725+0530][0.976s][info][gc,marking  ] GC(3) Concurrent Preclean
[2025-06-22T20:56:12.725+0530][0.976s][info][gc,marking  ] GC(3) Concurrent Preclean 0.039ms
[2025-06-22T20:56:12.725+0530][0.976s][info][gc,start    ] GC(3) Pause Remark
[2025-06-22T20:56:12.726+0530][0.977s][info][gc          ] GC(3) Pause Remark 8M->8M(40M) 0.919ms
[2025-06-22T20:56:12.726+0530][0.977s][info][gc,cpu      ] GC(3) User=0.00s Sys=0.00s Real=0.00s
[2025-06-22T20:56:12.726+0530][0.977s][info][gc,marking  ] GC(3) Concurrent Mark 3.671ms
[2025-06-22T20:56:12.726+0530][0.977s][info][gc,marking  ] GC(3) Concurrent Rebuild Remembered Sets and Scrub Regions
[2025-06-22T20:56:12.727+0530][0.978s][info][gc,marking  ] GC(3) Concurrent Rebuild Remembered Sets and Scrub Regions 0.975ms
[2025-06-22T20:56:12.727+0530][0.978s][info][gc,start    ] GC(3) Pause Cleanup
[2025-06-22T20:56:12.728+0530][0.978s][info][gc          ] GC(3) Pause Cleanup 8M->8M(40M) 0.061ms
[2025-06-22T20:56:12.728+0530][0.978s][info][gc,cpu      ] GC(3) User=0.00s Sys=0.00s Real=0.00s
[2025-06-22T20:56:12.728+0530][0.978s][info][gc,marking  ] GC(3) Concurrent Clear Claimed Marks
[2025-06-22T20:56:12.728+0530][0.978s][info][gc,marking  ] GC(3) Concurrent Clear Claimed Marks 0.025ms
[2025-06-22T20:56:12.728+0530][0.978s][info][gc,marking  ] GC(3) Concurrent Cleanup for Next Mark
[2025-06-22T20:56:12.728+0530][0.979s][info][gc,marking  ] GC(3) Concurrent Cleanup for Next Mark 0.175ms
[2025-06-22T20:56:12.728+0530][0.979s][info][gc          ] GC(3) Concurrent Mark Cycle 6.428ms
[2025-06-22T20:56:13.034+0530][1.285s][info][gc,start    ] GC(4) Pause Young (Prepare Mixed) (G1 Evacuation Pause)
[2025-06-22T20:56:13.034+0530][1.285s][info][gc,task     ] GC(4) Using 8 workers of 13 for evacuation
[2025-06-22T20:56:13.037+0530][1.287s][info][gc,phases   ] GC(4)   Pre Evacuate Collection Set: 0.1ms
[2025-06-22T20:56:13.037+0530][1.287s][info][gc,phases   ] GC(4)   Merge Heap Roots: 0.0ms
[2025-06-22T20:56:13.037+0530][1.287s][info][gc,phases   ] GC(4)   Evacuate Collection Set: 1.9ms
[2025-06-22T20:56:13.037+0530][1.287s][info][gc,phases   ] GC(4)   Post Evacuate Collection Set: 0.5ms
[2025-06-22T20:56:13.037+0530][1.287s][info][gc,phases   ] GC(4)   Other: 0.1ms
[2025-06-22T20:56:13.037+0530][1.287s][info][gc,heap     ] GC(4) Eden regions: 7->0(5)
[2025-06-22T20:56:13.037+0530][1.287s][info][gc,heap     ] GC(4) Survivor regions: 1->1(4)
[2025-06-22T20:56:13.037+0530][1.287s][info][gc,heap     ] GC(4) Old regions: 2->2
[2025-06-22T20:56:13.037+0530][1.287s][info][gc,heap     ] GC(4) Humongous regions: 0->0
[2025-06-22T20:56:13.037+0530][1.287s][info][gc,metaspace] GC(4) Metaspace: 28201K(28608K)->28201K(28608K) NonClass: 25207K(25408K)->25207K(25408K) Class: 2994K(3200K)->2994K(3200K)
[2025-06-22T20:56:13.037+0530][1.287s][info][gc          ] GC(4) Pause Young (Prepare Mixed) (G1 Evacuation Pause) 36M->10M(44M) 2.823ms
[2025-06-22T20:56:13.037+0530][1.287s][info][gc,cpu      ] GC(4) User=0.00s Sys=0.00s Real=0.00s
[2025-06-22T20:56:13.218+0530][1.469s][info][gc,start    ] GC(5) Pause Young (Mixed) (G1 Evacuation Pause)
[2025-06-22T20:56:13.219+0530][1.469s][info][gc,task     ] GC(5) Using 7 workers of 13 for evacuation
[2025-06-22T20:56:13.221+0530][1.472s][info][gc,phases   ] GC(5)   Pre Evacuate Collection Set: 0.1ms
[2025-06-22T20:56:13.221+0530][1.472s][info][gc,phases   ] GC(5)   Merge Heap Roots: 0.0ms
[2025-06-22T20:56:13.221+0530][1.472s][info][gc,phases   ] GC(5)   Evacuate Collection Set: 2.5ms
[2025-06-22T20:56:13.221+0530][1.472s][info][gc,phases   ] GC(5)   Post Evacuate Collection Set: 0.4ms
[2025-06-22T20:56:13.221+0530][1.472s][info][gc,phases   ] GC(5)   Other: 0.1ms
[2025-06-22T20:56:13.221+0530][1.472s][info][gc,heap     ] GC(5) Eden regions: 5->0(5)
[2025-06-22T20:56:13.221+0530][1.472s][info][gc,heap     ] GC(5) Survivor regions: 1->1(1)
[2025-06-22T20:56:13.221+0530][1.472s][info][gc,heap     ] GC(5) Old regions: 2->2
[2025-06-22T20:56:13.221+0530][1.472s][info][gc,heap     ] GC(5) Humongous regions: 0->0
[2025-06-22T20:56:13.221+0530][1.472s][info][gc,metaspace] GC(5) Metaspace: 31579K(32000K)->31579K(32000K) NonClass: 28153K(28352K)->28153K(28352K) Class: 3425K(3648K)->3425K(3648K)
[2025-06-22T20:56:13.221+0530][1.472s][info][gc          ] GC(5) Pause Young (Mixed) (G1 Evacuation Pause) 30M->11M(44M) 3.339ms
[2025-06-22T20:56:13.221+0530][1.472s][info][gc,cpu      ] GC(5) User=0.00s Sys=0.00s Real=0.00s
[2025-06-22T20:56:13.521+0530][1.771s][info][gc,start    ] GC(6) Pause Young (Normal) (G1 Evacuation Pause)
[2025-06-22T20:56:13.521+0530][1.771s][info][gc,task     ] GC(6) Using 6 workers of 13 for evacuation
[2025-06-22T20:56:13.523+0530][1.773s][info][gc,phases   ] GC(6)   Pre Evacuate Collection Set: 0.1ms
[2025-06-22T20:56:13.523+0530][1.773s][info][gc,phases   ] GC(6)   Merge Heap Roots: 0.0ms
[2025-06-22T20:56:13.523+0530][1.773s][info][gc,phases   ] GC(6)   Evacuate Collection Set: 1.9ms
[2025-06-22T20:56:13.523+0530][1.773s][info][gc,phases   ] GC(6)   Post Evacuate Collection Set: 0.3ms
[2025-06-22T20:56:13.523+0530][1.773s][info][gc,phases   ] GC(6)   Other: 0.1ms
[2025-06-22T20:56:13.523+0530][1.773s][info][gc,heap     ] GC(6) Eden regions: 5->0(4)
[2025-06-22T20:56:13.523+0530][1.773s][info][gc,heap     ] GC(6) Survivor regions: 1->1(1)
[2025-06-22T20:56:13.524+0530][1.773s][info][gc,heap     ] GC(6) Old regions: 2->3
[2025-06-22T20:56:13.524+0530][1.773s][info][gc,heap     ] GC(6) Humongous regions: 0->0
[2025-06-22T20:56:13.524+0530][1.774s][info][gc,metaspace] GC(6) Metaspace: 34300K(34752K)->34300K(34752K) NonClass: 30609K(30848K)->30609K(30848K) Class: 3690K(3904K)->3690K(3904K)
[2025-06-22T20:56:13.524+0530][1.774s][info][gc          ] GC(6) Pause Young (Normal) (G1 Evacuation Pause) 31M->13M(44M) 2.617ms
[2025-06-22T20:56:13.524+0530][1.774s][info][gc,cpu      ] GC(6) User=0.00s Sys=0.00s Real=0.00s
[2025-06-22T20:56:13.730+0530][1.980s][info][gc,start    ] GC(7) Pause Young (Normal) (G1 Evacuation Pause)
[2025-06-22T20:56:13.730+0530][1.980s][info][gc,task     ] GC(7) Using 6 workers of 13 for evacuation
[2025-06-22T20:56:13.733+0530][1.983s][info][gc,phases   ] GC(7)   Pre Evacuate Collection Set: 0.1ms
[2025-06-22T20:56:13.733+0530][1.983s][info][gc,phases   ] GC(7)   Merge Heap Roots: 0.0ms
[2025-06-22T20:56:13.733+0530][1.983s][info][gc,phases   ] GC(7)   Evacuate Collection Set: 2.1ms
[2025-06-22T20:56:13.733+0530][1.983s][info][gc,phases   ] GC(7)   Post Evacuate Collection Set: 0.3ms
[2025-06-22T20:56:13.733+0530][1.983s][info][gc,phases   ] GC(7)   Other: 0.1ms
[2025-06-22T20:56:13.733+0530][1.983s][info][gc,heap     ] GC(7) Eden regions: 4->0(4)
[2025-06-22T20:56:13.733+0530][1.983s][info][gc,heap     ] GC(7) Survivor regions: 1->1(1)
[2025-06-22T20:56:13.733+0530][1.983s][info][gc,heap     ] GC(7) Old regions: 3->3
[2025-06-22T20:56:13.733+0530][1.983s][info][gc,heap     ] GC(7) Humongous regions: 0->0
[2025-06-22T20:56:13.733+0530][1.983s][info][gc,metaspace] GC(7) Metaspace: 35144K(35584K)->35144K(35584K) NonClass: 31349K(31552K)->31349K(31552K) Class: 3794K(4032K)->3794K(4032K)
[2025-06-22T20:56:13.733+0530][1.983s][info][gc          ] GC(7) Pause Young (Normal) (G1 Evacuation Pause) 29M->15M(44M) 2.761ms
[2025-06-22T20:56:13.733+0530][1.983s][info][gc,cpu      ] GC(7) User=0.06s Sys=0.02s Real=0.00s
[2025-06-22T20:56:13.777+0530][2.027s][info][gc,start    ] GC(8) Pause Young (Concurrent Start) (Metadata GC Threshold)
[2025-06-22T20:56:13.777+0530][2.027s][info][gc,task     ] GC(8) Using 6 workers of 13 for evacuation
[2025-06-22T20:56:13.778+0530][2.028s][info][gc,phases   ] GC(8)   Pre Evacuate Collection Set: 0.1ms
[2025-06-22T20:56:13.778+0530][2.028s][info][gc,phases   ] GC(8)   Merge Heap Roots: 0.0ms
[2025-06-22T20:56:13.778+0530][2.028s][info][gc,phases   ] GC(8)   Evacuate Collection Set: 1.1ms
[2025-06-22T20:56:13.778+0530][2.028s][info][gc,phases   ] GC(8)   Post Evacuate Collection Set: 0.2ms
[2025-06-22T20:56:13.778+0530][2.028s][info][gc,phases   ] GC(8)   Other: 0.1ms
[2025-06-22T20:56:13.778+0530][2.028s][info][gc,heap     ] GC(8) Eden regions: 2->0(4)
[2025-06-22T20:56:13.778+0530][2.028s][info][gc,heap     ] GC(8) Survivor regions: 1->1(1)
[2025-06-22T20:56:13.778+0530][2.028s][info][gc,heap     ] GC(8) Old regions: 3->4
[2025-06-22T20:56:13.778+0530][2.028s][info][gc,heap     ] GC(8) Humongous regions: 0->0
[2025-06-22T20:56:13.778+0530][2.028s][info][gc,metaspace] GC(8) Metaspace: 35641K(35968K)->35641K(35968K) NonClass: 31777K(31936K)->31777K(31936K) Class: 3864K(4032K)->3864K(4032K)
[2025-06-22T20:56:13.778+0530][2.029s][info][gc          ] GC(8) Pause Young (Concurrent Start) (Metadata GC Threshold) 19M->15M(44M) 1.693ms
[2025-06-22T20:56:13.778+0530][2.029s][info][gc          ] GC(9) Concurrent Mark Cycle
[2025-06-22T20:56:13.778+0530][2.029s][info][gc,cpu      ] GC(8) User=0.00s Sys=0.00s Real=0.00s
[2025-06-22T20:56:13.778+0530][2.029s][info][gc,marking  ] GC(9) Concurrent Scan Root Regions
[2025-06-22T20:56:13.779+0530][2.029s][info][gc,marking  ] GC(9) Concurrent Scan Root Regions 0.760ms
[2025-06-22T20:56:13.779+0530][2.029s][info][gc,marking  ] GC(9) Concurrent Mark
[2025-06-22T20:56:13.779+0530][2.029s][info][gc,marking  ] GC(9) Concurrent Mark From Roots
[2025-06-22T20:56:13.779+0530][2.029s][info][gc,task     ] GC(9) Using 3 workers of 3 for marking
[2025-06-22T20:56:13.783+0530][2.033s][info][gc,marking  ] GC(9) Concurrent Mark From Roots 3.998ms
[2025-06-22T20:56:13.783+0530][2.033s][info][gc,marking  ] GC(9) Concurrent Preclean
[2025-06-22T20:56:13.783+0530][2.033s][info][gc,marking  ] GC(9) Concurrent Preclean 0.026ms
[2025-06-22T20:56:13.783+0530][2.034s][info][gc,start    ] GC(9) Pause Remark
[2025-06-22T20:56:13.786+0530][2.037s][info][gc          ] GC(9) Pause Remark 15M->15M(44M) 2.886ms
[2025-06-22T20:56:13.786+0530][2.037s][info][gc,cpu      ] GC(9) User=0.00s Sys=0.00s Real=0.00s
[2025-06-22T20:56:13.786+0530][2.037s][info][gc,marking  ] GC(9) Concurrent Mark 7.261ms
[2025-06-22T20:56:13.786+0530][2.037s][info][gc,marking  ] GC(9) Concurrent Rebuild Remembered Sets and Scrub Regions
[2025-06-22T20:56:13.787+0530][2.038s][info][gc,marking  ] GC(9) Concurrent Rebuild Remembered Sets and Scrub Regions 1.505ms
[2025-06-22T20:56:13.787+0530][2.038s][info][gc,start    ] GC(9) Pause Cleanup
[2025-06-22T20:56:13.787+0530][2.038s][info][gc          ] GC(9) Pause Cleanup 15M->15M(44M) 0.051ms
[2025-06-22T20:56:13.788+0530][2.038s][info][gc,cpu      ] GC(9) User=0.00s Sys=0.00s Real=0.00s
[2025-06-22T20:56:13.788+0530][2.038s][info][gc,marking  ] GC(9) Concurrent Clear Claimed Marks
[2025-06-22T20:56:13.788+0530][2.038s][info][gc,marking  ] GC(9) Concurrent Clear Claimed Marks 0.022ms
[2025-06-22T20:56:13.788+0530][2.038s][info][gc,marking  ] GC(9) Concurrent Cleanup for Next Mark
[2025-06-22T20:56:13.788+0530][2.038s][info][gc,marking  ] GC(9) Concurrent Cleanup for Next Mark 0.096ms
[2025-06-22T20:56:13.788+0530][2.038s][info][gc          ] GC(9) Concurrent Mark Cycle 9.915ms
[2025-06-22T20:56:14.032+0530][2.283s][info][gc,start    ] GC(10) Pause Young (Normal) (G1 Evacuation Pause)
[2025-06-22T20:56:14.032+0530][2.283s][info][gc,task     ] GC(10) Using 6 workers of 13 for evacuation
[2025-06-22T20:56:14.035+0530][2.285s][info][gc,phases   ] GC(10)   Pre Evacuate Collection Set: 0.1ms
[2025-06-22T20:56:14.035+0530][2.285s][info][gc,phases   ] GC(10)   Merge Heap Roots: 0.0ms
[2025-06-22T20:56:14.035+0530][2.285s][info][gc,phases   ] GC(10)   Evacuate Collection Set: 1.0ms
[2025-06-22T20:56:14.035+0530][2.285s][info][gc,phases   ] GC(10)   Post Evacuate Collection Set: 0.5ms
[2025-06-22T20:56:14.035+0530][2.285s][info][gc,phases   ] GC(10)   Other: 0.1ms
[2025-06-22T20:56:14.035+0530][2.285s][info][gc,heap     ] GC(10) Eden regions: 4->0(26)
[2025-06-22T20:56:14.035+0530][2.285s][info][gc,heap     ] GC(10) Survivor regions: 1->1(1)
[2025-06-22T20:56:14.035+0530][2.285s][info][gc,heap     ] GC(10) Old regions: 4->4
[2025-06-22T20:56:14.035+0530][2.285s][info][gc,heap     ] GC(10) Humongous regions: 0->0
[2025-06-22T20:56:14.035+0530][2.285s][info][gc,metaspace] GC(10) Metaspace: 37873K(38272K)->37873K(38272K) NonClass: 33711K(33920K)->33711K(33920K) Class: 4161K(4352K)->4161K(4352K)
[2025-06-22T20:56:14.035+0530][2.285s][info][gc          ] GC(10) Pause Young (Normal) (G1 Evacuation Pause) 31M->16M(184M) 1.870ms
[2025-06-22T20:56:14.035+0530][2.285s][info][gc,cpu      ] GC(10) User=0.00s Sys=0.00s Real=0.00s
[2025-06-22T20:56:15.721+0530][3.971s][info][gc,start    ] GC(11) Pause Young (Normal) (G1 Evacuation Pause)
[2025-06-22T20:56:15.721+0530][3.971s][info][gc,task     ] GC(11) Using 10 workers of 13 for evacuation
[2025-06-22T20:56:15.726+0530][3.976s][info][gc,phases   ] GC(11)   Pre Evacuate Collection Set: 0.1ms
[2025-06-22T20:56:15.726+0530][3.976s][info][gc,phases   ] GC(11)   Merge Heap Roots: 0.1ms
[2025-06-22T20:56:15.726+0530][3.976s][info][gc,phases   ] GC(11)   Evacuate Collection Set: 4.5ms
[2025-06-22T20:56:15.726+0530][3.976s][info][gc,phases   ] GC(11)   Post Evacuate Collection Set: 0.5ms
[2025-06-22T20:56:15.726+0530][3.976s][info][gc,phases   ] GC(11)   Other: 0.1ms
[2025-06-22T20:56:15.726+0530][3.976s][info][gc,heap     ] GC(11) Eden regions: 26->0(24)
[2025-06-22T20:56:15.726+0530][3.976s][info][gc,heap     ] GC(11) Survivor regions: 1->3(4)
[2025-06-22T20:56:15.726+0530][3.976s][info][gc,heap     ] GC(11) Old regions: 4->4
[2025-06-22T20:56:15.726+0530][3.976s][info][gc,heap     ] GC(11) Humongous regions: 0->0
[2025-06-22T20:56:15.726+0530][3.976s][info][gc,metaspace] GC(11) Metaspace: 54225K(54848K)->54225K(54848K) NonClass: 47760K(48128K)->47760K(48128K) Class: 6464K(6720K)->6464K(6720K)
[2025-06-22T20:56:15.726+0530][3.976s][info][gc          ] GC(11) Pause Young (Normal) (G1 Evacuation Pause) 120M->24M(184M) 5.538ms
[2025-06-22T20:56:15.726+0530][3.976s][info][gc,cpu      ] GC(11) User=0.00s Sys=0.00s Real=0.01s
[2025-06-22T20:56:16.294+0530][4.545s][info][gc,start    ] GC(12) Pause Young (Concurrent Start) (Metadata GC Threshold)
[2025-06-22T20:56:16.294+0530][4.545s][info][gc,task     ] GC(12) Using 12 workers of 13 for evacuation
[2025-06-22T20:56:16.300+0530][4.550s][info][gc,phases   ] GC(12)   Pre Evacuate Collection Set: 0.1ms
[2025-06-22T20:56:16.300+0530][4.550s][info][gc,phases   ] GC(12)   Merge Heap Roots: 0.0ms
[2025-06-22T20:56:16.300+0530][4.550s][info][gc,phases   ] GC(12)   Evacuate Collection Set: 4.2ms
[2025-06-22T20:56:16.300+0530][4.550s][info][gc,phases   ] GC(12)   Post Evacuate Collection Set: 0.7ms
[2025-06-22T20:56:16.300+0530][4.550s][info][gc,phases   ] GC(12)   Other: 0.1ms
[2025-06-22T20:56:16.300+0530][4.550s][info][gc,heap     ] GC(12) Eden regions: 9->0(23)
[2025-06-22T20:56:16.300+0530][4.550s][info][gc,heap     ] GC(12) Survivor regions: 3->4(4)
[2025-06-22T20:56:16.300+0530][4.550s][info][gc,heap     ] GC(12) Old regions: 4->4
[2025-06-22T20:56:16.300+0530][4.550s][info][gc,heap     ] GC(12) Humongous regions: 0->0
[2025-06-22T20:56:16.300+0530][4.550s][info][gc,metaspace] GC(12) Metaspace: 59696K(60288K)->59696K(60288K) NonClass: 52444K(52736K)->52444K(52736K) Class: 7252K(7552K)->7252K(7552K)
[2025-06-22T20:56:16.300+0530][4.550s][info][gc          ] GC(12) Pause Young (Concurrent Start) (Metadata GC Threshold) 57M->28M(184M) 5.278ms
[2025-06-22T20:56:16.300+0530][4.550s][info][gc          ] GC(13) Concurrent Mark Cycle
[2025-06-22T20:56:16.300+0530][4.550s][info][gc,cpu      ] GC(12) User=0.00s Sys=0.00s Real=0.01s
[2025-06-22T20:56:16.300+0530][4.550s][info][gc,marking  ] GC(13) Concurrent Scan Root Regions
[2025-06-22T20:56:16.303+0530][4.553s][info][gc,marking  ] GC(13) Concurrent Scan Root Regions 3.141ms
[2025-06-22T20:56:16.303+0530][4.553s][info][gc,marking  ] GC(13) Concurrent Mark
[2025-06-22T20:56:16.303+0530][4.553s][info][gc,marking  ] GC(13) Concurrent Mark From Roots
[2025-06-22T20:56:16.303+0530][4.553s][info][gc,task     ] GC(13) Using 3 workers of 3 for marking
[2025-06-22T20:56:16.308+0530][4.558s][info][gc,marking  ] GC(13) Concurrent Mark From Roots 5.178ms
[2025-06-22T20:56:16.308+0530][4.558s][info][gc,marking  ] GC(13) Concurrent Preclean
[2025-06-22T20:56:16.308+0530][4.559s][info][gc,marking  ] GC(13) Concurrent Preclean 0.085ms
[2025-06-22T20:56:16.308+0530][4.559s][info][gc,start    ] GC(13) Pause Remark
[2025-06-22T20:56:16.312+0530][4.562s][info][gc          ] GC(13) Pause Remark 30M->30M(108M) 3.481ms
[2025-06-22T20:56:16.312+0530][4.562s][info][gc,cpu      ] GC(13) User=0.00s Sys=0.00s Real=0.00s
[2025-06-22T20:56:16.312+0530][4.562s][info][gc,marking  ] GC(13) Concurrent Mark 8.962ms
[2025-06-22T20:56:16.312+0530][4.562s][info][gc,marking  ] GC(13) Concurrent Rebuild Remembered Sets and Scrub Regions
[2025-06-22T20:56:16.315+0530][4.565s][info][gc,marking  ] GC(13) Concurrent Rebuild Remembered Sets and Scrub Regions 2.697ms
[2025-06-22T20:56:16.315+0530][4.565s][info][gc,start    ] GC(13) Pause Cleanup
[2025-06-22T20:56:16.315+0530][4.565s][info][gc          ] GC(13) Pause Cleanup 31M->31M(108M) 0.084ms
[2025-06-22T20:56:16.315+0530][4.565s][info][gc,cpu      ] GC(13) User=0.00s Sys=0.00s Real=0.00s
[2025-06-22T20:56:16.315+0530][4.565s][info][gc,marking  ] GC(13) Concurrent Clear Claimed Marks
[2025-06-22T20:56:16.315+0530][4.565s][info][gc,marking  ] GC(13) Concurrent Clear Claimed Marks 0.067ms
[2025-06-22T20:56:16.315+0530][4.565s][info][gc,marking  ] GC(13) Concurrent Cleanup for Next Mark
[2025-06-22T20:56:16.315+0530][4.566s][info][gc,marking  ] GC(13) Concurrent Cleanup for Next Mark 0.265ms
[2025-06-22T20:56:16.315+0530][4.566s][info][gc          ] GC(13) Concurrent Mark Cycle 15.556ms
[2025-06-22T20:56:17.168+0530][5.418s][info][gc,start    ] GC(14) Pause Young (Prepare Mixed) (G1 Evacuation Pause)
[2025-06-22T20:56:17.168+0530][5.418s][info][gc,task     ] GC(14) Using 13 workers of 13 for evacuation
[2025-06-22T20:56:17.174+0530][5.424s][info][gc,phases   ] GC(14)   Pre Evacuate Collection Set: 0.3ms
[2025-06-22T20:56:17.174+0530][5.424s][info][gc,phases   ] GC(14)   Merge Heap Roots: 0.1ms
[2025-06-22T20:56:17.174+0530][5.424s][info][gc,phases   ] GC(14)   Evacuate Collection Set: 5.1ms
[2025-06-22T20:56:17.174+0530][5.424s][info][gc,phases   ] GC(14)   Post Evacuate Collection Set: 0.6ms
[2025-06-22T20:56:17.174+0530][5.424s][info][gc,phases   ] GC(14)   Other: 0.1ms
[2025-06-22T20:56:17.174+0530][5.424s][info][gc,heap     ] GC(14) Eden regions: 19->0(16)
[2025-06-22T20:56:17.174+0530][5.424s][info][gc,heap     ] GC(14) Survivor regions: 4->3(4)
[2025-06-22T20:56:17.174+0530][5.424s][info][gc,heap     ] GC(14) Old regions: 4->6
[2025-06-22T20:56:17.174+0530][5.424s][info][gc,heap     ] GC(14) Humongous regions: 0->0
[2025-06-22T20:56:17.174+0530][5.424s][info][gc,metaspace] GC(14) Metaspace: 65646K(66368K)->65646K(66368K) NonClass: 57617K(57984K)->57617K(57984K) Class: 8028K(8384K)->8028K(8384K)
[2025-06-22T20:56:17.174+0530][5.424s][info][gc          ] GC(14) Pause Young (Prepare Mixed) (G1 Evacuation Pause) 104M->32M(128M) 6.416ms
[2025-06-22T20:56:17.174+0530][5.424s][info][gc,cpu      ] GC(14) User=0.00s Sys=0.00s Real=0.01s
[2025-06-22T20:56:17.856+0530][6.107s][info][gc,start    ] GC(15) Pause Young (Mixed) (G1 Evacuation Pause)
[2025-06-22T20:56:17.856+0530][6.107s][info][gc,task     ] GC(15) Using 13 workers of 13 for evacuation
[2025-06-22T20:56:17.862+0530][6.112s][info][gc,phases   ] GC(15)   Pre Evacuate Collection Set: 0.1ms
[2025-06-22T20:56:17.862+0530][6.112s][info][gc,phases   ] GC(15)   Merge Heap Roots: 0.1ms
[2025-06-22T20:56:17.862+0530][6.112s][info][gc,phases   ] GC(15)   Evacuate Collection Set: 4.5ms
[2025-06-22T20:56:17.862+0530][6.112s][info][gc,phases   ] GC(15)   Post Evacuate Collection Set: 0.6ms
[2025-06-22T20:56:17.862+0530][6.112s][info][gc,phases   ] GC(15)   Other: 0.1ms
[2025-06-22T20:56:17.862+0530][6.112s][info][gc,heap     ] GC(15) Eden regions: 16->0(16)
[2025-06-22T20:56:17.862+0530][6.112s][info][gc,heap     ] GC(15) Survivor regions: 3->3(3)
[2025-06-22T20:56:17.862+0530][6.112s][info][gc,heap     ] GC(15) Old regions: 6->7
[2025-06-22T20:56:17.862+0530][6.112s][info][gc,heap     ] GC(15) Humongous regions: 0->0
[2025-06-22T20:56:17.862+0530][6.112s][info][gc,metaspace] GC(15) Metaspace: 69558K(70272K)->69558K(70272K) NonClass: 60933K(61312K)->60933K(61312K) Class: 8624K(8960K)->8624K(8960K)
[2025-06-22T20:56:17.862+0530][6.112s][info][gc          ] GC(15) Pause Young (Mixed) (G1 Evacuation Pause) 96M->37M(128M) 5.613ms
[2025-06-22T20:56:17.862+0530][6.112s][info][gc,cpu      ] GC(15) User=0.00s Sys=0.00s Real=0.01s
[2025-06-22T20:56:19.104+0530][7.355s][info][gc,start    ] GC(16) Pause Young (Normal) (G1 Evacuation Pause)
[2025-06-22T20:56:19.104+0530][7.355s][info][gc,task     ] GC(16) Using 13 workers of 13 for evacuation
[2025-06-22T20:56:19.109+0530][7.360s][info][gc,phases   ] GC(16)   Pre Evacuate Collection Set: 0.1ms
[2025-06-22T20:56:19.109+0530][7.360s][info][gc,phases   ] GC(16)   Merge Heap Roots: 0.1ms
[2025-06-22T20:56:19.109+0530][7.360s][info][gc,phases   ] GC(16)   Evacuate Collection Set: 4.2ms
[2025-06-22T20:56:19.109+0530][7.360s][info][gc,phases   ] GC(16)   Post Evacuate Collection Set: 0.6ms
[2025-06-22T20:56:19.109+0530][7.360s][info][gc,phases   ] GC(16)   Other: 0.1ms
[2025-06-22T20:56:19.109+0530][7.360s][info][gc,heap     ] GC(16) Eden regions: 16->0(15)
[2025-06-22T20:56:19.109+0530][7.360s][info][gc,heap     ] GC(16) Survivor regions: 3->3(3)
[2025-06-22T20:56:19.109+0530][7.360s][info][gc,heap     ] GC(16) Old regions: 7->8
[2025-06-22T20:56:19.109+0530][7.360s][info][gc,heap     ] GC(16) Humongous regions: 0->0
[2025-06-22T20:56:19.110+0530][7.360s][info][gc,metaspace] GC(16) Metaspace: 77495K(78400K)->77495K(78400K) NonClass: 67812K(68288K)->67812K(68288K) Class: 9683K(10112K)->9683K(10112K)
[2025-06-22T20:56:19.110+0530][7.360s][info][gc          ] GC(16) Pause Young (Normal) (G1 Evacuation Pause) 101M->41M(128M) 5.241ms
[2025-06-22T20:56:19.110+0530][7.360s][info][gc,cpu      ] GC(16) User=0.00s Sys=0.00s Real=0.01s
[2025-06-22T20:59:54.953+0530][223.203s][info][gc,start    ] GC(17) Pause Young (Normal) (G1 Evacuation Pause)
[2025-06-22T20:59:54.953+0530][223.204s][info][gc,task     ] GC(17) Using 13 workers of 13 for evacuation
[2025-06-22T20:59:54.957+0530][223.208s][info][gc,phases   ] GC(17)   Pre Evacuate Collection Set: 0.1ms
[2025-06-22T20:59:54.957+0530][223.208s][info][gc,phases   ] GC(17)   Merge Heap Roots: 0.1ms
[2025-06-22T20:59:54.957+0530][223.208s][info][gc,phases   ] GC(17)   Evacuate Collection Set: 3.5ms
[2025-06-22T20:59:54.957+0530][223.208s][info][gc,phases   ] GC(17)   Post Evacuate Collection Set: 1.0ms
[2025-06-22T20:59:54.957+0530][223.208s][info][gc,phases   ] GC(17)   Other: 0.1ms
[2025-06-22T20:59:54.957+0530][223.208s][info][gc,heap     ] GC(17) Eden regions: 15->0(13)
[2025-06-22T20:59:54.957+0530][223.208s][info][gc,heap     ] GC(17) Survivor regions: 3->3(3)
[2025-06-22T20:59:54.957+0530][223.208s][info][gc,heap     ] GC(17) Old regions: 8->10
[2025-06-22T20:59:54.957+0530][223.208s][info][gc,heap     ] GC(17) Humongous regions: 0->0
[2025-06-22T20:59:54.957+0530][223.208s][info][gc,metaspace] GC(17) Metaspace: 86944K(87808K)->86944K(87808K) NonClass: 76257K(76736K)->76257K(76736K) Class: 10686K(11072K)->10686K(11072K)
[2025-06-22T20:59:54.957+0530][223.208s][info][gc          ] GC(17) Pause Young (Normal) (G1 Evacuation Pause) 101M->45M(128M) 5.047ms
[2025-06-22T20:59:54.957+0530][223.209s][info][gc,cpu      ] GC(17) User=0.00s Sys=0.00s Real=0.00s
[2025-06-22T21:09:46.540+0530][814.790s][info][gc,start    ] GC(18) Pause Young (Normal) (G1 Evacuation Pause)
[2025-06-22T21:09:46.540+0530][814.790s][info][gc,task     ] GC(18) Using 13 workers of 13 for evacuation
[2025-06-22T21:09:46.542+0530][814.792s][info][gc,phases   ] GC(18)   Pre Evacuate Collection Set: 0.1ms
[2025-06-22T21:09:46.542+0530][814.792s][info][gc,phases   ] GC(18)   Merge Heap Roots: 0.1ms
[2025-06-22T21:09:46.542+0530][814.792s][info][gc,phases   ] GC(18)   Evacuate Collection Set: 2.1ms
[2025-06-22T21:09:46.542+0530][814.792s][info][gc,phases   ] GC(18)   Post Evacuate Collection Set: 0.4ms
[2025-06-22T21:09:46.542+0530][814.793s][info][gc,phases   ] GC(18)   Other: 0.1ms
[2025-06-22T21:09:46.542+0530][814.793s][info][gc,heap     ] GC(18) Eden regions: 13->0(15)
[2025-06-22T21:09:46.542+0530][814.793s][info][gc,heap     ] GC(18) Survivor regions: 3->1(2)
[2025-06-22T21:09:46.542+0530][814.793s][info][gc,heap     ] GC(18) Old regions: 10->12
[2025-06-22T21:09:46.542+0530][814.793s][info][gc,heap     ] GC(18) Humongous regions: 0->0
[2025-06-22T21:09:46.542+0530][814.793s][info][gc,metaspace] GC(18) Metaspace: 87624K(88576K)->87624K(88576K) NonClass: 76900K(77440K)->76900K(77440K) Class: 10724K(11136K)->10724K(11136K)
[2025-06-22T21:09:46.542+0530][814.793s][info][gc          ] GC(18) Pause Young (Normal) (G1 Evacuation Pause) 97M->46M(128M) 3.008ms
[2025-06-22T21:09:46.542+0530][814.793s][info][gc,cpu      ] GC(18) User=0.00s Sys=0.00s Real=0.00s
[2025-06-22T21:22:16.001+0530][1564.251s][info][gc,start    ] GC(19) Pause Young (Normal) (G1 Evacuation Pause)
[2025-06-22T21:22:16.001+0530][1564.252s][info][gc,task     ] GC(19) Using 13 workers of 13 for evacuation
[2025-06-22T21:22:16.002+0530][1564.253s][info][gc,phases   ] GC(19)   Pre Evacuate Collection Set: 0.1ms
[2025-06-22T21:22:16.002+0530][1564.253s][info][gc,phases   ] GC(19)   Merge Heap Roots: 0.1ms
[2025-06-22T21:22:16.002+0530][1564.253s][info][gc,phases   ] GC(19)   Evacuate Collection Set: 0.5ms
[2025-06-22T21:22:16.002+0530][1564.253s][info][gc,phases   ] GC(19)   Post Evacuate Collection Set: 0.3ms
[2025-06-22T21:22:16.002+0530][1564.253s][info][gc,phases   ] GC(19)   Other: 0.1ms
[2025-06-22T21:22:16.002+0530][1564.253s][info][gc,heap     ] GC(19) Eden regions: 15->0(15)
[2025-06-22T21:22:16.002+0530][1564.253s][info][gc,heap     ] GC(19) Survivor regions: 1->1(2)
[2025-06-22T21:22:16.002+0530][1564.253s][info][gc,heap     ] GC(19) Old regions: 12->12
[2025-06-22T21:22:16.002+0530][1564.253s][info][gc,heap     ] GC(19) Humongous regions: 0->0
[2025-06-22T21:22:16.002+0530][1564.253s][info][gc,metaspace] GC(19) Metaspace: 87769K(88704K)->87769K(88704K) NonClass: 77045K(77568K)->77045K(77568K) Class: 10724K(11136K)->10724K(11136K)
[2025-06-22T21:22:16.002+0530][1564.253s][info][gc          ] GC(19) Pause Young (Normal) (G1 Evacuation Pause) 106M->45M(128M) 1.446ms
[2025-06-22T21:22:16.002+0530][1564.253s][info][gc,cpu      ] GC(19) User=0.00s Sys=0.00s Real=0.00s
[2025-06-22T21:34:47.636+0530][2315.887s][info][gc,start    ] GC(20) Pause Young (Normal) (G1 Evacuation Pause)
[2025-06-22T21:34:47.636+0530][2315.887s][info][gc,task     ] GC(20) Using 13 workers of 13 for evacuation
[2025-06-22T21:34:47.638+0530][2315.888s][info][gc,phases   ] GC(20)   Pre Evacuate Collection Set: 0.2ms
[2025-06-22T21:34:47.638+0530][2315.888s][info][gc,phases   ] GC(20)   Merge Heap Roots: 0.1ms
[2025-06-22T21:34:47.638+0530][2315.888s][info][gc,phases   ] GC(20)   Evacuate Collection Set: 0.5ms
[2025-06-22T21:34:47.638+0530][2315.888s][info][gc,phases   ] GC(20)   Post Evacuate Collection Set: 0.4ms
[2025-06-22T21:34:47.638+0530][2315.888s][info][gc,phases   ] GC(20)   Other: 0.1ms
[2025-06-22T21:34:47.638+0530][2315.888s][info][gc,heap     ] GC(20) Eden regions: 15->0(15)
[2025-06-22T21:34:47.638+0530][2315.888s][info][gc,heap     ] GC(20) Survivor regions: 1->1(2)
[2025-06-22T21:34:47.638+0530][2315.888s][info][gc,heap     ] GC(20) Old regions: 12->12
[2025-06-22T21:34:47.638+0530][2315.888s][info][gc,heap     ] GC(20) Humongous regions: 0->0
[2025-06-22T21:34:47.638+0530][2315.888s][info][gc,metaspace] GC(20) Metaspace: 87799K(88704K)->87799K(88704K) NonClass: 77074K(77568K)->77074K(77568K) Class: 10724K(11136K)->10724K(11136K)
[2025-06-22T21:34:47.638+0530][2315.888s][info][gc          ] GC(20) Pause Young (Normal) (G1 Evacuation Pause) 105M->45M(128M) 1.674ms
[2025-06-22T21:34:47.638+0530][2315.888s][info][gc,cpu      ] GC(20) User=0.00s Sys=0.00s Real=0.00s
[2025-06-22T21:47:18.940+0530][3067.191s][info][gc,start    ] GC(21) Pause Young (Normal) (G1 Evacuation Pause)
[2025-06-22T21:47:18.940+0530][3067.191s][info][gc,task     ] GC(21) Using 13 workers of 13 for evacuation
[2025-06-22T21:47:18.942+0530][3067.193s][info][gc,phases   ] GC(21)   Pre Evacuate Collection Set: 0.4ms
[2025-06-22T21:47:18.942+0530][3067.193s][info][gc,phases   ] GC(21)   Merge Heap Roots: 0.1ms
[2025-06-22T21:47:18.942+0530][3067.193s][info][gc,phases   ] GC(21)   Evacuate Collection Set: 0.8ms
[2025-06-22T21:47:18.942+0530][3067.193s][info][gc,phases   ] GC(21)   Post Evacuate Collection Set: 0.4ms
[2025-06-22T21:47:18.942+0530][3067.193s][info][gc,phases   ] GC(21)   Other: 0.1ms
[2025-06-22T21:47:18.942+0530][3067.193s][info][gc,heap     ] GC(21) Eden regions: 15->0(15)
[2025-06-22T21:47:18.942+0530][3067.193s][info][gc,heap     ] GC(21) Survivor regions: 1->1(2)
[2025-06-22T21:47:18.942+0530][3067.193s][info][gc,heap     ] GC(21) Old regions: 12->12
[2025-06-22T21:47:18.942+0530][3067.193s][info][gc,heap     ] GC(21) Humongous regions: 0->0
[2025-06-22T21:47:18.942+0530][3067.193s][info][gc,metaspace] GC(21) Metaspace: 87845K(88768K)->87845K(88768K) NonClass: 77120K(77632K)->77120K(77632K) Class: 10724K(11136K)->10724K(11136K)
[2025-06-22T21:47:18.942+0530][3067.193s][info][gc          ] GC(21) Pause Young (Normal) (G1 Evacuation Pause) 105M->45M(128M) 2.166ms
[2025-06-22T21:47:18.942+0530][3067.193s][info][gc,cpu      ] GC(21) User=0.00s Sys=0.00s Real=0.00s
[2025-06-22T22:00:02.020+0530][3830.270s][info][gc,start    ] GC(22) Pause Young (Normal) (G1 Evacuation Pause)
[2025-06-22T22:00:02.020+0530][3830.270s][info][gc,task     ] GC(22) Using 13 workers of 13 for evacuation
[2025-06-22T22:00:02.021+0530][3830.271s][info][gc,phases   ] GC(22)   Pre Evacuate Collection Set: 0.1ms
[2025-06-22T22:00:02.021+0530][3830.271s][info][gc,phases   ] GC(22)   Merge Heap Roots: 0.1ms
[2025-06-22T22:00:02.021+0530][3830.271s][info][gc,phases   ] GC(22)   Evacuate Collection Set: 0.5ms
[2025-06-22T22:00:02.021+0530][3830.271s][info][gc,phases   ] GC(22)   Post Evacuate Collection Set: 0.3ms
[2025-06-22T22:00:02.021+0530][3830.271s][info][gc,phases   ] GC(22)   Other: 0.1ms
[2025-06-22T22:00:02.021+0530][3830.271s][info][gc,heap     ] GC(22) Eden regions: 15->0(15)
[2025-06-22T22:00:02.021+0530][3830.271s][info][gc,heap     ] GC(22) Survivor regions: 1->1(2)
[2025-06-22T22:00:02.021+0530][3830.271s][info][gc,heap     ] GC(22) Old regions: 12->12
[2025-06-22T22:00:02.021+0530][3830.271s][info][gc,heap     ] GC(22) Humongous regions: 0->0
[2025-06-22T22:00:02.021+0530][3830.271s][info][gc,metaspace] GC(22) Metaspace: 87848K(88768K)->87848K(88768K) NonClass: 77123K(77632K)->77123K(77632K) Class: 10724K(11136K)->10724K(11136K)
[2025-06-22T22:00:02.021+0530][3830.271s][info][gc          ] GC(22) Pause Young (Normal) (G1 Evacuation Pause) 105M->45M(128M) 1.347ms
[2025-06-22T22:00:02.021+0530][3830.271s][info][gc,cpu      ] GC(22) User=0.00s Sys=0.00s Real=0.00s
[2025-06-22T22:12:39.327+0530][4587.577s][info][gc,start    ] GC(23) Pause Young (Normal) (G1 Evacuation Pause)
[2025-06-22T22:12:39.327+0530][4587.577s][info][gc,task     ] GC(23) Using 13 workers of 13 for evacuation
[2025-06-22T22:12:39.328+0530][4587.578s][info][gc,phases   ] GC(23)   Pre Evacuate Collection Set: 0.3ms
[2025-06-22T22:12:39.328+0530][4587.578s][info][gc,phases   ] GC(23)   Merge Heap Roots: 0.1ms
[2025-06-22T22:12:39.328+0530][4587.578s][info][gc,phases   ] GC(23)   Evacuate Collection Set: 0.5ms
[2025-06-22T22:12:39.328+0530][4587.578s][info][gc,phases   ] GC(23)   Post Evacuate Collection Set: 0.3ms
[2025-06-22T22:12:39.328+0530][4587.578s][info][gc,phases   ] GC(23)   Other: 0.1ms
[2025-06-22T22:12:39.328+0530][4587.578s][info][gc,heap     ] GC(23) Eden regions: 15->0(15)
[2025-06-22T22:12:39.328+0530][4587.578s][info][gc,heap     ] GC(23) Survivor regions: 1->1(2)
[2025-06-22T22:12:39.328+0530][4587.578s][info][gc,heap     ] GC(23) Old regions: 12->12
[2025-06-22T22:12:39.328+0530][4587.578s][info][gc,heap     ] GC(23) Humongous regions: 0->0
[2025-06-22T22:12:39.328+0530][4587.578s][info][gc,metaspace] GC(23) Metaspace: 87866K(88768K)->87866K(88768K) NonClass: 77141K(77632K)->77141K(77632K) Class: 10724K(11136K)->10724K(11136K)
[2025-06-22T22:12:39.328+0530][4587.578s][info][gc          ] GC(23) Pause Young (Normal) (G1 Evacuation Pause) 105M->45M(128M) 1.601ms
[2025-06-22T22:12:39.328+0530][4587.578s][info][gc,cpu      ] GC(23) User=0.00s Sys=0.00s Real=0.00s
[2025-06-22T22:25:03.936+0530][5332.187s][info][gc,start    ] GC(24) Pause Young (Normal) (G1 Evacuation Pause)
[2025-06-22T22:25:03.936+0530][5332.187s][info][gc,task     ] GC(24) Using 13 workers of 13 for evacuation
[2025-06-22T22:25:03.938+0530][5332.188s][info][gc,phases   ] GC(24)   Pre Evacuate Collection Set: 0.3ms
[2025-06-22T22:25:03.938+0530][5332.188s][info][gc,phases   ] GC(24)   Merge Heap Roots: 0.1ms
[2025-06-22T22:25:03.938+0530][5332.188s][info][gc,phases   ] GC(24)   Evacuate Collection Set: 0.5ms
[2025-06-22T22:25:03.938+0530][5332.188s][info][gc,phases   ] GC(24)   Post Evacuate Collection Set: 0.3ms
[2025-06-22T22:25:03.938+0530][5332.188s][info][gc,phases   ] GC(24)   Other: 0.1ms
[2025-06-22T22:25:03.938+0530][5332.188s][info][gc,heap     ] GC(24) Eden regions: 15->0(15)
[2025-06-22T22:25:03.938+0530][5332.188s][info][gc,heap     ] GC(24) Survivor regions: 1->1(2)
[2025-06-22T22:25:03.938+0530][5332.188s][info][gc,heap     ] GC(24) Old regions: 12->12
[2025-06-22T22:25:03.938+0530][5332.188s][info][gc,heap     ] GC(24) Humongous regions: 0->0
[2025-06-22T22:25:03.938+0530][5332.188s][info][gc,metaspace] GC(24) Metaspace: 87926K(88832K)->87926K(88832K) NonClass: 77200K(77696K)->77200K(77696K) Class: 10725K(11136K)->10725K(11136K)
[2025-06-22T22:25:03.938+0530][5332.188s][info][gc          ] GC(24) Pause Young (Normal) (G1 Evacuation Pause) 105M->45M(128M) 1.518ms
[2025-06-22T22:25:03.938+0530][5332.188s][info][gc,cpu      ] GC(24) User=0.00s Sys=0.00s Real=0.00s
[2025-06-22T22:37:42.366+0530][6090.616s][info][gc,start    ] GC(25) Pause Young (Normal) (G1 Evacuation Pause)
[2025-06-22T22:37:42.366+0530][6090.616s][info][gc,task     ] GC(25) Using 13 workers of 13 for evacuation
[2025-06-22T22:37:42.367+0530][6090.617s][info][gc,phases   ] GC(25)   Pre Evacuate Collection Set: 0.5ms
[2025-06-22T22:37:42.367+0530][6090.617s][info][gc,phases   ] GC(25)   Merge Heap Roots: 0.1ms
[2025-06-22T22:37:42.367+0530][6090.617s][info][gc,phases   ] GC(25)   Evacuate Collection Set: 0.5ms
[2025-06-22T22:37:42.367+0530][6090.618s][info][gc,phases   ] GC(25)   Post Evacuate Collection Set: 0.3ms
[2025-06-22T22:37:42.367+0530][6090.618s][info][gc,phases   ] GC(25)   Other: 0.1ms
[2025-06-22T22:37:42.367+0530][6090.618s][info][gc,heap     ] GC(25) Eden regions: 15->0(15)
[2025-06-22T22:37:42.368+0530][6090.618s][info][gc,heap     ] GC(25) Survivor regions: 1->1(2)
[2025-06-22T22:37:42.368+0530][6090.618s][info][gc,heap     ] GC(25) Old regions: 12->12
[2025-06-22T22:37:42.368+0530][6090.618s][info][gc,heap     ] GC(25) Humongous regions: 0->0
[2025-06-22T22:37:42.368+0530][6090.618s][info][gc,metaspace] GC(25) Metaspace: 87931K(88832K)->87931K(88832K) NonClass: 77205K(77696K)->77205K(77696K) Class: 10725K(11136K)->10725K(11136K)
[2025-06-22T22:37:42.368+0530][6090.618s][info][gc          ] GC(25) Pause Young (Normal) (G1 Evacuation Pause) 105M->45M(128M) 1.744ms
[2025-06-22T22:37:42.368+0530][6090.618s][info][gc,cpu      ] GC(25) User=0.00s Sys=0.00s Real=0.00s
[2025-06-22T22:50:30.648+0530][6858.899s][info][gc,start    ] GC(26) Pause Young (Normal) (G1 Evacuation Pause)
[2025-06-22T22:50:30.648+0530][6858.899s][info][gc,task     ] GC(26) Using 13 workers of 13 for evacuation
[2025-06-22T22:50:30.650+0530][6858.900s][info][gc,phases   ] GC(26)   Pre Evacuate Collection Set: 0.3ms
[2025-06-22T22:50:30.650+0530][6858.900s][info][gc,phases   ] GC(26)   Merge Heap Roots: 0.2ms
[2025-06-22T22:50:30.650+0530][6858.900s][info][gc,phases   ] GC(26)   Evacuate Collection Set: 0.8ms
[2025-06-22T22:50:30.650+0530][6858.901s][info][gc,phases   ] GC(26)   Post Evacuate Collection Set: 0.3ms
[2025-06-22T22:50:30.650+0530][6858.901s][info][gc,phases   ] GC(26)   Other: 0.1ms
[2025-06-22T22:50:30.650+0530][6858.901s][info][gc,heap     ] GC(26) Eden regions: 15->0(15)
[2025-06-22T22:50:30.650+0530][6858.901s][info][gc,heap     ] GC(26) Survivor regions: 1->1(2)
[2025-06-22T22:50:30.650+0530][6858.901s][info][gc,heap     ] GC(26) Old regions: 12->12
[2025-06-22T22:50:30.650+0530][6858.901s][info][gc,heap     ] GC(26) Humongous regions: 0->0
[2025-06-22T22:50:30.650+0530][6858.901s][info][gc,metaspace] GC(26) Metaspace: 87936K(88832K)->87936K(88832K) NonClass: 77210K(77696K)->77210K(77696K) Class: 10725K(11136K)->10725K(11136K)
[2025-06-22T22:50:30.650+0530][6858.901s][info][gc          ] GC(26) Pause Young (Normal) (G1 Evacuation Pause) 105M->45M(128M) 1.985ms
[2025-06-22T22:50:30.650+0530][6858.901s][info][gc,cpu      ] GC(26) User=0.00s Sys=0.00s Real=0.00s
[2025-06-22T23:03:16.446+0530][7624.697s][info][gc,start    ] GC(27) Pause Young (Normal) (G1 Evacuation Pause)
[2025-06-22T23:03:16.446+0530][7624.697s][info][gc,task     ] GC(27) Using 13 workers of 13 for evacuation
[2025-06-22T23:03:16.448+0530][7624.698s][info][gc,phases   ] GC(27)   Pre Evacuate Collection Set: 0.2ms
[2025-06-22T23:03:16.448+0530][7624.698s][info][gc,phases   ] GC(27)   Merge Heap Roots: 0.1ms
[2025-06-22T23:03:16.448+0530][7624.698s][info][gc,phases   ] GC(27)   Evacuate Collection Set: 0.5ms
[2025-06-22T23:03:16.448+0530][7624.698s][info][gc,phases   ] GC(27)   Post Evacuate Collection Set: 0.3ms
[2025-06-22T23:03:16.448+0530][7624.698s][info][gc,phases   ] GC(27)   Other: 0.1ms
[2025-06-22T23:03:16.448+0530][7624.698s][info][gc,heap     ] GC(27) Eden regions: 15->0(15)
[2025-06-22T23:03:16.448+0530][7624.698s][info][gc,heap     ] GC(27) Survivor regions: 1->1(2)
[2025-06-22T23:03:16.448+0530][7624.698s][info][gc,heap     ] GC(27) Old regions: 12->12
[2025-06-22T23:03:16.448+0530][7624.698s][info][gc,heap     ] GC(27) Humongous regions: 0->0
[2025-06-22T23:03:16.448+0530][7624.698s][info][gc,metaspace] GC(27) Metaspace: 87937K(88832K)->87937K(88832K) NonClass: 77211K(77696K)->77211K(77696K) Class: 10725K(11136K)->10725K(11136K)
[2025-06-22T23:03:16.448+0530][7624.698s][info][gc          ] GC(27) Pause Young (Normal) (G1 Evacuation Pause) 105M->45M(128M) 1.484ms
[2025-06-22T23:03:16.448+0530][7624.698s][info][gc,cpu      ] GC(27) User=0.00s Sys=0.00s Real=0.00s
[2025-06-22T23:16:02.371+0530][8390.621s][info][gc,start    ] GC(28) Pause Young (Normal) (G1 Evacuation Pause)
[2025-06-22T23:16:02.371+0530][8390.621s][info][gc,task     ] GC(28) Using 13 workers of 13 for evacuation
[2025-06-22T23:16:02.373+0530][8390.623s][info][gc,phases   ] GC(28)   Pre Evacuate Collection Set: 0.2ms
[2025-06-22T23:16:02.373+0530][8390.623s][info][gc,phases   ] GC(28)   Merge Heap Roots: 0.1ms
[2025-06-22T23:16:02.373+0530][8390.623s][info][gc,phases   ] GC(28)   Evacuate Collection Set: 0.7ms
[2025-06-22T23:16:02.373+0530][8390.623s][info][gc,phases   ] GC(28)   Post Evacuate Collection Set: 0.3ms
[2025-06-22T23:16:02.373+0530][8390.623s][info][gc,phases   ] GC(28)   Other: 0.1ms
[2025-06-22T23:16:02.373+0530][8390.623s][info][gc,heap     ] GC(28) Eden regions: 15->0(15)
[2025-06-22T23:16:02.373+0530][8390.623s][info][gc,heap     ] GC(28) Survivor regions: 1->1(2)
[2025-06-22T23:16:02.373+0530][8390.623s][info][gc,heap     ] GC(28) Old regions: 12->12
[2025-06-22T23:16:02.373+0530][8390.623s][info][gc,heap     ] GC(28) Humongous regions: 0->0
[2025-06-22T23:16:02.373+0530][8390.623s][info][gc,metaspace] GC(28) Metaspace: 87949K(88896K)->87949K(88896K) NonClass: 77223K(77760K)->77223K(77760K) Class: 10725K(11136K)->10725K(11136K)
[2025-06-22T23:16:02.373+0530][8390.623s][info][gc          ] GC(28) Pause Young (Normal) (G1 Evacuation Pause) 105M->45M(128M) 1.675ms
[2025-06-22T23:16:02.373+0530][8390.623s][info][gc,cpu      ] GC(28) User=0.00s Sys=0.00s Real=0.00s
[2025-06-22T23:28:46.566+0530][9154.816s][info][gc,start    ] GC(29) Pause Young (Normal) (G1 Evacuation Pause)
[2025-06-22T23:28:46.566+0530][9154.816s][info][gc,task     ] GC(29) Using 13 workers of 13 for evacuation
[2025-06-22T23:28:46.568+0530][9154.818s][info][gc,phases   ] GC(29)   Pre Evacuate Collection Set: 0.4ms
[2025-06-22T23:28:46.568+0530][9154.818s][info][gc,phases   ] GC(29)   Merge Heap Roots: 0.1ms
[2025-06-22T23:28:46.568+0530][9154.818s][info][gc,phases   ] GC(29)   Evacuate Collection Set: 0.7ms
[2025-06-22T23:28:46.568+0530][9154.818s][info][gc,phases   ] GC(29)   Post Evacuate Collection Set: 0.4ms
[2025-06-22T23:28:46.568+0530][9154.818s][info][gc,phases   ] GC(29)   Other: 0.1ms
[2025-06-22T23:28:46.568+0530][9154.818s][info][gc,heap     ] GC(29) Eden regions: 15->0(15)
[2025-06-22T23:28:46.568+0530][9154.818s][info][gc,heap     ] GC(29) Survivor regions: 1->1(2)
[2025-06-22T23:28:46.568+0530][9154.818s][info][gc,heap     ] GC(29) Old regions: 12->12
[2025-06-22T23:28:46.568+0530][9154.818s][info][gc,heap     ] GC(29) Humongous regions: 0->0
[2025-06-22T23:28:46.568+0530][9154.818s][info][gc,metaspace] GC(29) Metaspace: 87951K(88896K)->87951K(88896K) NonClass: 77225K(77760K)->77225K(77760K) Class: 10725K(11136K)->10725K(11136K)
[2025-06-22T23:28:46.568+0530][9154.818s][info][gc          ] GC(29) Pause Young (Normal) (G1 Evacuation Pause) 105M->45M(128M) 2.081ms
[2025-06-22T23:28:46.568+0530][9154.818s][info][gc,cpu      ] GC(29) User=0.00s Sys=0.00s Real=0.00s
[2025-06-22T23:41:34.490+0530][9922.740s][info][gc,start    ] GC(30) Pause Young (Normal) (G1 Evacuation Pause)
[2025-06-22T23:41:34.490+0530][9922.740s][info][gc,task     ] GC(30) Using 13 workers of 13 for evacuation
[2025-06-22T23:41:34.491+0530][9922.742s][info][gc,phases   ] GC(30)   Pre Evacuate Collection Set: 0.2ms
[2025-06-22T23:41:34.491+0530][9922.742s][info][gc,phases   ] GC(30)   Merge Heap Roots: 0.1ms
[2025-06-22T23:41:34.491+0530][9922.742s][info][gc,phases   ] GC(30)   Evacuate Collection Set: 0.6ms
[2025-06-22T23:41:34.491+0530][9922.742s][info][gc,phases   ] GC(30)   Post Evacuate Collection Set: 0.3ms
[2025-06-22T23:41:34.491+0530][9922.742s][info][gc,phases   ] GC(30)   Other: 0.1ms
[2025-06-22T23:41:34.491+0530][9922.742s][info][gc,heap     ] GC(30) Eden regions: 15->0(15)
[2025-06-22T23:41:34.491+0530][9922.742s][info][gc,heap     ] GC(30) Survivor regions: 1->1(2)
[2025-06-22T23:41:34.491+0530][9922.742s][info][gc,heap     ] GC(30) Old regions: 12->12
[2025-06-22T23:41:34.491+0530][9922.742s][info][gc,heap     ] GC(30) Humongous regions: 0->0
[2025-06-22T23:41:34.491+0530][9922.742s][info][gc,metaspace] GC(30) Metaspace: 87953K(88896K)->87953K(88896K) NonClass: 77227K(77760K)->77227K(77760K) Class: 10725K(11136K)->10725K(11136K)
[2025-06-22T23:41:34.491+0530][9922.742s][info][gc          ] GC(30) Pause Young (Normal) (G1 Evacuation Pause) 105M->45M(128M) 1.669ms
[2025-06-22T23:41:34.491+0530][9922.742s][info][gc,cpu      ] GC(30) User=0.00s Sys=0.00s Real=0.00s
[2025-06-22T23:54:18.259+0530][10686.509s][info][gc,start    ] GC(31) Pause Young (Normal) (G1 Evacuation Pause)
[2025-06-22T23:54:18.259+0530][10686.509s][info][gc,task     ] GC(31) Using 13 workers of 13 for evacuation
[2025-06-22T23:54:18.260+0530][10686.510s][info][gc,phases   ] GC(31)   Pre Evacuate Collection Set: 0.5ms
[2025-06-22T23:54:18.260+0530][10686.511s][info][gc,phases   ] GC(31)   Merge Heap Roots: 0.1ms
[2025-06-22T23:54:18.260+0530][10686.511s][info][gc,phases   ] GC(31)   Evacuate Collection Set: 0.5ms
[2025-06-22T23:54:18.260+0530][10686.511s][info][gc,phases   ] GC(31)   Post Evacuate Collection Set: 0.4ms
[2025-06-22T23:54:18.260+0530][10686.511s][info][gc,phases   ] GC(31)   Other: 0.1ms
[2025-06-22T23:54:18.260+0530][10686.511s][info][gc,heap     ] GC(31) Eden regions: 15->0(15)
[2025-06-22T23:54:18.260+0530][10686.511s][info][gc,heap     ] GC(31) Survivor regions: 1->1(2)
[2025-06-22T23:54:18.260+0530][10686.511s][info][gc,heap     ] GC(31) Old regions: 12->12
[2025-06-22T23:54:18.260+0530][10686.511s][info][gc,heap     ] GC(31) Humongous regions: 0->0
[2025-06-22T23:54:18.260+0530][10686.511s][info][gc,metaspace] GC(31) Metaspace: 87954K(88896K)->87954K(88896K) NonClass: 77228K(77760K)->77228K(77760K) Class: 10725K(11136K)->10725K(11136K)
[2025-06-22T23:54:18.260+0530][10686.511s][info][gc          ] GC(31) Pause Young (Normal) (G1 Evacuation Pause) 105M->45M(128M) 1.882ms
[2025-06-22T23:54:18.260+0530][10686.511s][info][gc,cpu      ] GC(31) User=0.00s Sys=0.00s Real=0.00s
[2025-06-22T23:56:51.889+0530][10840.139s][info][gc,start    ] GC(32) Pause Full (System.gc())
[2025-06-22T23:56:51.889+0530][10840.139s][info][gc,task     ] GC(32) Using 2 workers of 13 for full compaction
[2025-06-22T23:56:51.890+0530][10840.140s][info][gc,phases,start] GC(32) Phase 1: Mark live objects
[2025-06-22T23:56:52.023+0530][10840.273s][info][gc,phases      ] GC(32) Phase 1: Mark live objects 133.453ms
[2025-06-22T23:56:52.023+0530][10840.273s][info][gc,phases,start] GC(32) Phase 2: Prepare compaction
[2025-06-22T23:56:52.030+0530][10840.280s][info][gc,phases      ] GC(32) Phase 2: Prepare compaction 6.676ms
[2025-06-22T23:56:52.030+0530][10840.280s][info][gc,phases,start] GC(32) Phase 3: Adjust pointers
[2025-06-22T23:56:52.045+0530][10840.295s][info][gc,phases      ] GC(32) Phase 3: Adjust pointers 14.710ms
[2025-06-22T23:56:52.045+0530][10840.295s][info][gc,phases,start] GC(32) Phase 4: Compact heap
[2025-06-22T23:56:52.054+0530][10840.304s][info][gc,phases      ] GC(32) Phase 4: Compact heap 9.071ms
[2025-06-22T23:56:52.054+0530][10840.304s][info][gc,phases,start] GC(32) Phase 5: Reset Metadata
[2025-06-22T23:56:52.055+0530][10840.305s][info][gc,phases      ] GC(32) Phase 5: Reset Metadata 1.020ms
[2025-06-22T23:56:52.063+0530][10840.313s][info][gc,heap        ] GC(32) Eden regions: 5->0(18)
[2025-06-22T23:56:52.063+0530][10840.313s][info][gc,heap        ] GC(32) Survivor regions: 1->0(2)
[2025-06-22T23:56:52.063+0530][10840.313s][info][gc,heap        ] GC(32) Old regions: 12->9
[2025-06-22T23:56:52.063+0530][10840.313s][info][gc,heap        ] GC(32) Humongous regions: 0->0
[2025-06-22T23:56:52.063+0530][10840.313s][info][gc,metaspace   ] GC(32) Metaspace: 88264K(89152K)->87754K(89152K) NonClass: 77477K(77952K)->77092K(77952K) Class: 10787K(11200K)->10661K(11200K)
[2025-06-22T23:56:52.063+0530][10840.313s][info][gc             ] GC(32) Pause Full (System.gc()) 65M->30M(120M) 173.856ms
[2025-06-22T23:56:52.063+0530][10840.313s][info][gc,cpu         ] GC(32) User=0.05s Sys=0.03s Real=0.17s
[2025-06-22T23:56:52.888+0530][10841.139s][info][gc,start       ] GC(33) Pause Young (Normal) (G1 Evacuation Pause)
[2025-06-22T23:56:52.888+0530][10841.139s][info][gc,task        ] GC(33) Using 12 workers of 13 for evacuation
[2025-06-22T23:56:52.896+0530][10841.146s][info][gc,phases      ] GC(33)   Pre Evacuate Collection Set: 0.1ms
[2025-06-22T23:56:52.896+0530][10841.146s][info][gc,phases      ] GC(33)   Merge Heap Roots: 0.1ms
[2025-06-22T23:56:52.896+0530][10841.146s][info][gc,phases      ] GC(33)   Evacuate Collection Set: 6.3ms
[2025-06-22T23:56:52.896+0530][10841.146s][info][gc,phases      ] GC(33)   Post Evacuate Collection Set: 0.4ms
[2025-06-22T23:56:52.896+0530][10841.146s][info][gc,phases      ] GC(33)   Other: 0.1ms
[2025-06-22T23:56:52.896+0530][10841.146s][info][gc,heap        ] GC(33) Eden regions: 18->0(15)
[2025-06-22T23:56:52.896+0530][10841.146s][info][gc,heap        ] GC(33) Survivor regions: 0->2(3)
[2025-06-22T23:56:52.896+0530][10841.146s][info][gc,heap        ] GC(33) Old regions: 9->9
[2025-06-22T23:56:52.896+0530][10841.146s][info][gc,heap        ] GC(33) Humongous regions: 0->0
[2025-06-22T23:56:52.896+0530][10841.146s][info][gc,metaspace   ] GC(33) Metaspace: 88385K(89344K)->88385K(89344K) NonClass: 77651K(78144K)->77651K(78144K) Class: 10733K(11200K)->10733K(11200K)
[2025-06-22T23:56:52.896+0530][10841.146s][info][gc             ] GC(33) Pause Young (Normal) (G1 Evacuation Pause) 102M->36M(120M) 7.253ms
[2025-06-22T23:56:52.896+0530][10841.146s][info][gc,cpu         ] GC(33) User=0.00s Sys=0.00s Real=0.01s
[2025-06-22T23:56:53.238+0530][10841.488s][info][gc,start       ] GC(34) Pause Young (Normal) (G1 Evacuation Pause)
[2025-06-22T23:56:53.238+0530][10841.488s][info][gc,task        ] GC(34) Using 13 workers of 13 for evacuation
[2025-06-22T23:56:53.244+0530][10841.494s][info][gc,phases      ] GC(34)   Pre Evacuate Collection Set: 0.1ms
[2025-06-22T23:56:53.244+0530][10841.494s][info][gc,phases      ] GC(34)   Merge Heap Roots: 0.1ms
[2025-06-22T23:56:53.244+0530][10841.494s][info][gc,phases      ] GC(34)   Evacuate Collection Set: 5.4ms
[2025-06-22T23:56:53.244+0530][10841.494s][info][gc,phases      ] GC(34)   Post Evacuate Collection Set: 0.4ms
[2025-06-22T23:56:53.244+0530][10841.494s][info][gc,phases      ] GC(34)   Other: 0.1ms
[2025-06-22T23:56:53.244+0530][10841.494s][info][gc,heap        ] GC(34) Eden regions: 15->0(13)
[2025-06-22T23:56:53.244+0530][10841.494s][info][gc,heap        ] GC(34) Survivor regions: 2->2(3)
[2025-06-22T23:56:53.244+0530][10841.494s][info][gc,heap        ] GC(34) Old regions: 9->11
[2025-06-22T23:56:53.244+0530][10841.494s][info][gc,heap        ] GC(34) Humongous regions: 0->0
[2025-06-22T23:56:53.244+0530][10841.494s][info][gc,metaspace   ] GC(34) Metaspace: 88994K(89856K)->88994K(89856K) NonClass: 78221K(78656K)->78221K(78656K) Class: 10773K(11200K)->10773K(11200K)
[2025-06-22T23:56:53.244+0530][10841.494s][info][gc             ] GC(34) Pause Young (Normal) (G1 Evacuation Pause) 96M->42M(120M) 6.297ms
[2025-06-22T23:56:53.244+0530][10841.494s][info][gc,cpu         ] GC(34) User=0.00s Sys=0.00s Real=0.01s
[2025-06-22T23:56:53.488+0530][10841.739s][info][gc,start       ] GC(35) Pause Young (Normal) (G1 Evacuation Pause)
[2025-06-22T23:56:53.488+0530][10841.739s][info][gc,task        ] GC(35) Using 13 workers of 13 for evacuation
[2025-06-22T23:56:53.492+0530][10841.742s][info][gc,phases      ] GC(35)   Pre Evacuate Collection Set: 0.1ms
[2025-06-22T23:56:53.492+0530][10841.742s][info][gc,phases      ] GC(35)   Merge Heap Roots: 0.1ms
[2025-06-22T23:56:53.492+0530][10841.742s][info][gc,phases      ] GC(35)   Evacuate Collection Set: 2.7ms
[2025-06-22T23:56:53.492+0530][10841.742s][info][gc,phases      ] GC(35)   Post Evacuate Collection Set: 0.4ms
[2025-06-22T23:56:53.492+0530][10841.742s][info][gc,phases      ] GC(35)   Other: 0.1ms
[2025-06-22T23:56:53.492+0530][10841.742s][info][gc,heap        ] GC(35) Eden regions: 13->0(12)
[2025-06-22T23:56:53.492+0530][10841.742s][info][gc,heap        ] GC(35) Survivor regions: 2->2(2)
[2025-06-22T23:56:53.492+0530][10841.742s][info][gc,heap        ] GC(35) Old regions: 11->12
[2025-06-22T23:56:53.492+0530][10841.742s][info][gc,heap        ] GC(35) Humongous regions: 0->0
[2025-06-22T23:56:53.492+0530][10841.742s][info][gc,metaspace   ] GC(35) Metaspace: 89223K(90048K)->89223K(90048K) NonClass: 78415K(78848K)->78415K(78848K) Class: 10807K(11200K)->10807K(11200K)
[2025-06-22T23:56:53.492+0530][10841.742s][info][gc             ] GC(35) Pause Young (Normal) (G1 Evacuation Pause) 94M->46M(120M) 3.570ms
[2025-06-22T23:56:53.492+0530][10841.742s][info][gc,cpu         ] GC(35) User=0.00s Sys=0.00s Real=0.00s
[2025-06-22T23:56:59.174+0530][10847.424s][info][gc,start       ] GC(36) Pause Full (System.gc())
[2025-06-22T23:56:59.174+0530][10847.424s][info][gc,task        ] GC(36) Using 2 workers of 13 for full compaction
[2025-06-22T23:56:59.174+0530][10847.424s][info][gc,phases,start] GC(36) Phase 1: Mark live objects
[2025-06-22T23:56:59.212+0530][10847.462s][info][gc,phases      ] GC(36) Phase 1: Mark live objects 37.928ms
[2025-06-22T23:56:59.212+0530][10847.462s][info][gc,phases,start] GC(36) Phase 2: Prepare compaction
[2025-06-22T23:56:59.216+0530][10847.466s][info][gc,phases      ] GC(36) Phase 2: Prepare compaction 4.096ms
[2025-06-22T23:56:59.216+0530][10847.466s][info][gc,phases,start] GC(36) Phase 3: Adjust pointers
[2025-06-22T23:56:59.229+0530][10847.480s][info][gc,phases      ] GC(36) Phase 3: Adjust pointers 13.452ms
[2025-06-22T23:56:59.229+0530][10847.480s][info][gc,phases,start] GC(36) Phase 4: Compact heap
[2025-06-22T23:56:59.235+0530][10847.486s][info][gc,phases      ] GC(36) Phase 4: Compact heap 6.056ms
[2025-06-22T23:56:59.235+0530][10847.486s][info][gc,phases,start] GC(36) Phase 5: Reset Metadata
[2025-06-22T23:56:59.237+0530][10847.487s][info][gc,phases      ] GC(36) Phase 5: Reset Metadata 1.231ms
[2025-06-22T23:56:59.243+0530][10847.494s][info][gc,heap        ] GC(36) Eden regions: 10->0(16)
[2025-06-22T23:56:59.243+0530][10847.494s][info][gc,heap        ] GC(36) Survivor regions: 2->0(2)
[2025-06-22T23:56:59.243+0530][10847.494s][info][gc,heap        ] GC(36) Old regions: 12->10
[2025-06-22T23:56:59.243+0530][10847.494s][info][gc,heap        ] GC(36) Humongous regions: 0->0
[2025-06-22T23:56:59.243+0530][10847.494s][info][gc,metaspace   ] GC(36) Metaspace: 89318K(90112K)->89160K(90112K) NonClass: 78497K(78912K)->78375K(78912K) Class: 10821K(11200K)->10785K(11200K)
[2025-06-22T23:56:59.243+0530][10847.494s][info][gc             ] GC(36) Pause Full (System.gc()) 83M->34M(120M) 69.621ms
[2025-06-22T23:56:59.243+0530][10847.494s][info][gc,cpu         ] GC(36) User=0.05s Sys=0.00s Real=0.07s
[2025-06-22T23:56:59.648+0530][10847.898s][info][gc,start       ] GC(37) Pause Young (Normal) (G1 Evacuation Pause)
[2025-06-22T23:56:59.648+0530][10847.898s][info][gc,task        ] GC(37) Using 13 workers of 13 for evacuation
[2025-06-22T23:56:59.651+0530][10847.901s][info][gc,phases      ] GC(37)   Pre Evacuate Collection Set: 0.2ms
[2025-06-22T23:56:59.651+0530][10847.901s][info][gc,phases      ] GC(37)   Merge Heap Roots: 0.1ms
[2025-06-22T23:56:59.651+0530][10847.901s][info][gc,phases      ] GC(37)   Evacuate Collection Set: 2.0ms
[2025-06-22T23:56:59.651+0530][10847.901s][info][gc,phases      ] GC(37)   Post Evacuate Collection Set: 0.4ms
[2025-06-22T23:56:59.651+0530][10847.901s][info][gc,phases      ] GC(37)   Other: 0.1ms
[2025-06-22T23:56:59.651+0530][10847.901s][info][gc,heap        ] GC(37) Eden regions: 16->0(14)
[2025-06-22T23:56:59.651+0530][10847.901s][info][gc,heap        ] GC(37) Survivor regions: 0->2(2)
[2025-06-22T23:56:59.651+0530][10847.901s][info][gc,heap        ] GC(37) Old regions: 10->10
[2025-06-22T23:56:59.651+0530][10847.901s][info][gc,heap        ] GC(37) Humongous regions: 0->0
[2025-06-22T23:56:59.651+0530][10847.901s][info][gc,metaspace   ] GC(37) Metaspace: 89537K(90368K)->89537K(90368K) NonClass: 78710K(79168K)->78710K(79168K) Class: 10826K(11200K)->10826K(11200K)
[2025-06-22T23:56:59.651+0530][10847.901s][info][gc             ] GC(37) Pause Young (Normal) (G1 Evacuation Pause) 98M->39M(120M) 3.284ms
[2025-06-22T23:56:59.651+0530][10847.901s][info][gc,cpu         ] GC(37) User=0.02s Sys=0.00s Real=0.00s
[2025-06-22T23:56:59.932+0530][10848.182s][info][gc,start       ] GC(38) Pause Young (Normal) (G1 Evacuation Pause)
[2025-06-22T23:56:59.932+0530][10848.182s][info][gc,task        ] GC(38) Using 13 workers of 13 for evacuation
[2025-06-22T23:56:59.934+0530][10848.184s][info][gc,phases      ] GC(38)   Pre Evacuate Collection Set: 0.1ms
[2025-06-22T23:56:59.934+0530][10848.184s][info][gc,phases      ] GC(38)   Merge Heap Roots: 0.0ms
[2025-06-22T23:56:59.934+0530][10848.184s][info][gc,phases      ] GC(38)   Evacuate Collection Set: 1.9ms
[2025-06-22T23:56:59.934+0530][10848.184s][info][gc,phases      ] GC(38)   Post Evacuate Collection Set: 0.3ms
[2025-06-22T23:56:59.934+0530][10848.184s][info][gc,phases      ] GC(38)   Other: 0.1ms
[2025-06-22T23:56:59.934+0530][10848.184s][info][gc,heap        ] GC(38) Eden regions: 14->0(12)
[2025-06-22T23:56:59.934+0530][10848.184s][info][gc,heap        ] GC(38) Survivor regions: 2->2(2)
[2025-06-22T23:56:59.934+0530][10848.184s][info][gc,heap        ] GC(38) Old regions: 10->12
[2025-06-22T23:56:59.934+0530][10848.184s][info][gc,heap        ] GC(38) Humongous regions: 0->0
[2025-06-22T23:56:59.934+0530][10848.184s][info][gc,metaspace   ] GC(38) Metaspace: 90015K(90816K)->90015K(90816K) NonClass: 79166K(79616K)->79166K(79616K) Class: 10849K(11200K)->10849K(11200K)
[2025-06-22T23:56:59.934+0530][10848.184s][info][gc             ] GC(38) Pause Young (Normal) (G1 Evacuation Pause) 95M->43M(120M) 2.655ms
[2025-06-22T23:56:59.934+0530][10848.184s][info][gc,cpu         ] GC(38) User=0.17s Sys=0.00s Real=0.00s
[2025-06-22T23:57:00.096+0530][10848.347s][info][gc,start       ] GC(39) Pause Young (Normal) (G1 Evacuation Pause)
[2025-06-22T23:57:00.096+0530][10848.347s][info][gc,task        ] GC(39) Using 13 workers of 13 for evacuation
[2025-06-22T23:57:00.100+0530][10848.350s][info][gc,phases      ] GC(39)   Pre Evacuate Collection Set: 0.1ms
[2025-06-22T23:57:00.100+0530][10848.350s][info][gc,phases      ] GC(39)   Merge Heap Roots: 0.0ms
[2025-06-22T23:57:00.100+0530][10848.350s][info][gc,phases      ] GC(39)   Evacuate Collection Set: 1.9ms
[2025-06-22T23:57:00.100+0530][10848.350s][info][gc,phases      ] GC(39)   Post Evacuate Collection Set: 0.3ms
[2025-06-22T23:57:00.100+0530][10848.350s][info][gc,phases      ] GC(39)   Other: 0.1ms
[2025-06-22T23:57:00.100+0530][10848.350s][info][gc,heap        ] GC(39) Eden regions: 12->0(12)
[2025-06-22T23:57:00.100+0530][10848.350s][info][gc,heap        ] GC(39) Survivor regions: 2->2(2)
[2025-06-22T23:57:00.100+0530][10848.350s][info][gc,heap        ] GC(39) Old regions: 12->12
[2025-06-22T23:57:00.100+0530][10848.350s][info][gc,heap        ] GC(39) Humongous regions: 0->0
[2025-06-22T23:57:00.100+0530][10848.350s][info][gc,metaspace   ] GC(39) Metaspace: 90184K(91008K)->90184K(91008K) NonClass: 79327K(79808K)->79327K(79808K) Class: 10857K(11200K)->10857K(11200K)
[2025-06-22T23:57:00.100+0530][10848.350s][info][gc             ] GC(39) Pause Young (Normal) (G1 Evacuation Pause) 91M->46M(120M) 2.655ms
[2025-06-22T23:57:00.100+0530][10848.350s][info][gc,cpu         ] GC(39) User=0.00s Sys=0.00s Real=0.00s
[2025-06-22T23:57:55.100+0530][10903.350s][info][gc,start       ] GC(40) Pause Young (Normal) (G1 Evacuation Pause)
[2025-06-22T23:57:55.100+0530][10903.350s][info][gc,task        ] GC(40) Using 13 workers of 13 for evacuation
[2025-06-22T23:57:55.102+0530][10903.352s][info][gc,phases      ] GC(40)   Pre Evacuate Collection Set: 0.1ms
[2025-06-22T23:57:55.102+0530][10903.352s][info][gc,phases      ] GC(40)   Merge Heap Roots: 0.0ms
[2025-06-22T23:57:55.102+0530][10903.352s][info][gc,phases      ] GC(40)   Evacuate Collection Set: 1.7ms
[2025-06-22T23:57:55.102+0530][10903.352s][info][gc,phases      ] GC(40)   Post Evacuate Collection Set: 0.4ms
[2025-06-22T23:57:55.102+0530][10903.353s][info][gc,phases      ] GC(40)   Other: 0.1ms
[2025-06-22T23:57:55.102+0530][10903.353s][info][gc,heap        ] GC(40) Eden regions: 12->0(11)
[2025-06-22T23:57:55.102+0530][10903.353s][info][gc,heap        ] GC(40) Survivor regions: 2->2(2)
[2025-06-22T23:57:55.102+0530][10903.353s][info][gc,heap        ] GC(40) Old regions: 12->13
[2025-06-22T23:57:55.102+0530][10903.353s][info][gc,heap        ] GC(40) Humongous regions: 0->0
[2025-06-22T23:57:55.102+0530][10903.353s][info][gc,metaspace   ] GC(40) Metaspace: 90223K(91008K)->90223K(91008K) NonClass: 79363K(79808K)->79363K(79808K) Class: 10860K(11200K)->10860K(11200K)
[2025-06-22T23:57:55.102+0530][10903.353s][info][gc             ] GC(40) Pause Young (Normal) (G1 Evacuation Pause) 94M->47M(120M) 2.560ms
[2025-06-22T23:57:55.102+0530][10903.353s][info][gc,cpu         ] GC(40) User=0.00s Sys=0.00s Real=0.00s
[2025-06-23T00:07:04.223+0530][11452.474s][info][gc,start       ] GC(41) Pause Young (Normal) (G1 Evacuation Pause)
[2025-06-23T00:07:04.223+0530][11452.474s][info][gc,task        ] GC(41) Using 13 workers of 13 for evacuation
[2025-06-23T00:07:04.225+0530][11452.476s][info][gc,phases      ] GC(41)   Pre Evacuate Collection Set: 0.3ms
[2025-06-23T00:07:04.225+0530][11452.476s][info][gc,phases      ] GC(41)   Merge Heap Roots: 0.1ms
[2025-06-23T00:07:04.225+0530][11452.476s][info][gc,phases      ] GC(41)   Evacuate Collection Set: 1.1ms
[2025-06-23T00:07:04.225+0530][11452.476s][info][gc,phases      ] GC(41)   Post Evacuate Collection Set: 0.4ms
[2025-06-23T00:07:04.225+0530][11452.476s][info][gc,phases      ] GC(41)   Other: 0.1ms
[2025-06-23T00:07:04.225+0530][11452.476s][info][gc,heap        ] GC(41) Eden regions: 11->0(13)
[2025-06-23T00:07:04.225+0530][11452.476s][info][gc,heap        ] GC(41) Survivor regions: 2->1(2)
[2025-06-23T00:07:04.225+0530][11452.476s][info][gc,heap        ] GC(41) Old regions: 13->13
[2025-06-23T00:07:04.225+0530][11452.476s][info][gc,heap        ] GC(41) Humongous regions: 0->0
[2025-06-23T00:07:04.225+0530][11452.476s][info][gc,metaspace   ] GC(41) Metaspace: 90229K(91008K)->90229K(91008K) NonClass: 79368K(79808K)->79368K(79808K) Class: 10860K(11200K)->10860K(11200K)
[2025-06-23T00:07:04.225+0530][11452.476s][info][gc             ] GC(41) Pause Young (Normal) (G1 Evacuation Pause) 91M->47M(120M) 2.335ms
[2025-06-23T00:07:04.225+0530][11452.476s][info][gc,cpu         ] GC(41) User=0.00s Sys=0.00s Real=0.00s
[2025-06-23T00:07:12.746+0530][11460.996s][info][gc,start       ] GC(42) Pause Full (System.gc())
[2025-06-23T00:07:12.746+0530][11460.996s][info][gc,task        ] GC(42) Using 2 workers of 13 for full compaction
[2025-06-23T00:07:12.746+0530][11460.996s][info][gc,phases,start] GC(42) Phase 1: Mark live objects
[2025-06-23T00:07:12.784+0530][11461.034s][info][gc,phases      ] GC(42) Phase 1: Mark live objects 38.436ms
[2025-06-23T00:07:12.784+0530][11461.034s][info][gc,phases,start] GC(42) Phase 2: Prepare compaction
[2025-06-23T00:07:12.785+0530][11461.035s][info][gc,phases      ] GC(42) Phase 2: Prepare compaction 1.235ms
[2025-06-23T00:07:12.785+0530][11461.035s][info][gc,phases,start] GC(42) Phase 3: Adjust pointers
[2025-06-23T00:07:12.796+0530][11461.046s][info][gc,phases      ] GC(42) Phase 3: Adjust pointers 10.327ms
[2025-06-23T00:07:12.796+0530][11461.046s][info][gc,phases,start] GC(42) Phase 4: Compact heap
[2025-06-23T00:07:12.797+0530][11461.048s][info][gc,phases      ] GC(42) Phase 4: Compact heap 1.708ms
[2025-06-23T00:07:12.797+0530][11461.048s][info][gc,phases,start] GC(42) Phase 5: Reset Metadata
[2025-06-23T00:07:12.801+0530][11461.051s][info][gc,phases      ] GC(42) Phase 5: Reset Metadata 3.154ms
[2025-06-23T00:07:12.807+0530][11461.058s][info][gc,heap        ] GC(42) Eden regions: 2->0(16)
[2025-06-23T00:07:12.807+0530][11461.058s][info][gc,heap        ] GC(42) Survivor regions: 1->0(2)
[2025-06-23T00:07:12.807+0530][11461.058s][info][gc,heap        ] GC(42) Old regions: 13->11
[2025-06-23T00:07:12.807+0530][11461.058s][info][gc,heap        ] GC(42) Humongous regions: 0->0
[2025-06-23T00:07:12.807+0530][11461.058s][info][gc,metaspace   ] GC(42) Metaspace: 90262K(91008K)->90255K(91008K) NonClass: 79401K(79808K)->79395K(79808K) Class: 10860K(11200K)->10859K(11200K)
[2025-06-23T00:07:12.807+0530][11461.058s][info][gc             ] GC(42) Pause Full (System.gc()) 52M->40M(120M) 62.029ms
[2025-06-23T00:07:12.807+0530][11461.058s][info][gc,cpu         ] GC(42) User=0.06s Sys=0.00s Real=0.06s
[2025-06-23T00:07:13.165+0530][11461.415s][info][gc,start       ] GC(43) Pause Young (Normal) (G1 Evacuation Pause)
[2025-06-23T00:07:13.165+0530][11461.416s][info][gc,task        ] GC(43) Using 13 workers of 13 for evacuation
[2025-06-23T00:07:13.167+0530][11461.418s][info][gc,phases      ] GC(43)   Pre Evacuate Collection Set: 0.1ms
[2025-06-23T00:07:13.167+0530][11461.418s][info][gc,phases      ] GC(43)   Merge Heap Roots: 0.1ms
[2025-06-23T00:07:13.167+0530][11461.418s][info][gc,phases      ] GC(43)   Evacuate Collection Set: 1.6ms
[2025-06-23T00:07:13.167+0530][11461.418s][info][gc,phases      ] GC(43)   Post Evacuate Collection Set: 0.3ms
[2025-06-23T00:07:13.167+0530][11461.418s][info][gc,phases      ] GC(43)   Other: 0.1ms
[2025-06-23T00:07:13.167+0530][11461.418s][info][gc,heap        ] GC(43) Eden regions: 16->0(13)
[2025-06-23T00:07:13.167+0530][11461.418s][info][gc,heap        ] GC(43) Survivor regions: 0->2(2)
[2025-06-23T00:07:13.167+0530][11461.418s][info][gc,heap        ] GC(43) Old regions: 11->11
[2025-06-23T00:07:13.167+0530][11461.418s][info][gc,heap        ] GC(43) Humongous regions: 0->0
[2025-06-23T00:07:13.167+0530][11461.418s][info][gc,metaspace   ] GC(43) Metaspace: 90661K(91456K)->90661K(91456K) NonClass: 79759K(80192K)->79759K(80192K) Class: 10902K(11264K)->10902K(11264K)
[2025-06-23T00:07:13.167+0530][11461.418s][info][gc             ] GC(43) Pause Young (Normal) (G1 Evacuation Pause) 104M->45M(120M) 2.341ms
[2025-06-23T00:07:13.167+0530][11461.418s][info][gc,cpu         ] GC(43) User=0.00s Sys=0.00s Real=0.00s
[2025-06-23T00:07:13.392+0530][11461.643s][info][gc,start       ] GC(44) Pause Young (Normal) (G1 Evacuation Pause)
[2025-06-23T00:07:13.392+0530][11461.643s][info][gc,task        ] GC(44) Using 13 workers of 13 for evacuation
[2025-06-23T00:07:13.395+0530][11461.645s][info][gc,phases      ] GC(44)   Pre Evacuate Collection Set: 0.1ms
[2025-06-23T00:07:13.395+0530][11461.646s][info][gc,phases      ] GC(44)   Merge Heap Roots: 0.0ms
[2025-06-23T00:07:13.395+0530][11461.646s][info][gc,phases      ] GC(44)   Evacuate Collection Set: 2.1ms
[2025-06-23T00:07:13.395+0530][11461.646s][info][gc,phases      ] GC(44)   Post Evacuate Collection Set: 0.3ms
[2025-06-23T00:07:13.395+0530][11461.646s][info][gc,phases      ] GC(44)   Other: 0.1ms
[2025-06-23T00:07:13.395+0530][11461.646s][info][gc,heap        ] GC(44) Eden regions: 13->0(11)
[2025-06-23T00:07:13.395+0530][11461.646s][info][gc,heap        ] GC(44) Survivor regions: 2->2(2)
[2025-06-23T00:07:13.395+0530][11461.646s][info][gc,heap        ] GC(44) Old regions: 11->13
[2025-06-23T00:07:13.395+0530][11461.646s][info][gc,heap        ] GC(44) Humongous regions: 0->0
[2025-06-23T00:07:13.395+0530][11461.646s][info][gc,metaspace   ] GC(44) Metaspace: 91009K(91840K)->91009K(91840K) NonClass: 80090K(80576K)->80090K(80576K) Class: 10918K(11264K)->10918K(11264K)
[2025-06-23T00:07:13.395+0530][11461.646s][info][gc             ] GC(44) Pause Young (Normal) (G1 Evacuation Pause) 97M->49M(120M) 2.866ms
[2025-06-23T00:07:13.395+0530][11461.646s][info][gc,cpu         ] GC(44) User=0.00s Sys=0.00s Real=0.00s
[2025-06-23T00:07:13.533+0530][11461.784s][info][gc,start       ] GC(45) Pause Young (Normal) (G1 Evacuation Pause)
[2025-06-23T00:07:13.533+0530][11461.784s][info][gc,task        ] GC(45) Using 13 workers of 13 for evacuation
[2025-06-23T00:07:13.536+0530][11461.786s][info][gc,phases      ] GC(45)   Pre Evacuate Collection Set: 0.1ms
[2025-06-23T00:07:13.536+0530][11461.786s][info][gc,phases      ] GC(45)   Merge Heap Roots: 0.1ms
[2025-06-23T00:07:13.536+0530][11461.786s][info][gc,phases      ] GC(45)   Evacuate Collection Set: 1.7ms
[2025-06-23T00:07:13.536+0530][11461.786s][info][gc,phases      ] GC(45)   Post Evacuate Collection Set: 0.4ms
[2025-06-23T00:07:13.536+0530][11461.786s][info][gc,phases      ] GC(45)   Other: 0.1ms
[2025-06-23T00:07:13.536+0530][11461.786s][info][gc,heap        ] GC(45) Eden regions: 11->0(16)
[2025-06-23T00:07:13.536+0530][11461.786s][info][gc,heap        ] GC(45) Survivor regions: 2->2(2)
[2025-06-23T00:07:13.536+0530][11461.786s][info][gc,heap        ] GC(45) Old regions: 13->13
[2025-06-23T00:07:13.536+0530][11461.786s][info][gc,heap        ] GC(45) Humongous regions: 0->0
[2025-06-23T00:07:13.536+0530][11461.786s][info][gc,metaspace   ] GC(45) Metaspace: 91292K(92032K)->91292K(92032K) NonClass: 80361K(80768K)->80361K(80768K) Class: 10931K(11264K)->10931K(11264K)
[2025-06-23T00:07:13.536+0530][11461.786s][info][gc             ] GC(45) Pause Young (Normal) (G1 Evacuation Pause) 93M->51M(144M) 2.544ms
[2025-06-23T00:07:13.536+0530][11461.786s][info][gc,cpu         ] GC(45) User=0.00s Sys=0.00s Real=0.00s
[2025-06-23T00:07:36.645+0530][11484.895s][info][gc,start       ] GC(46) Pause Full (System.gc())
[2025-06-23T00:07:36.645+0530][11484.895s][info][gc,task        ] GC(46) Using 2 workers of 13 for full compaction
[2025-06-23T00:07:36.645+0530][11484.896s][info][gc,phases,start] GC(46) Phase 1: Mark live objects
[2025-06-23T00:07:36.692+0530][11484.943s][info][gc,phases      ] GC(46) Phase 1: Mark live objects 47.066ms
[2025-06-23T00:07:36.692+0530][11484.943s][info][gc,phases,start] GC(46) Phase 2: Prepare compaction
[2025-06-23T00:07:36.694+0530][11484.944s][info][gc,phases      ] GC(46) Phase 2: Prepare compaction 1.557ms
[2025-06-23T00:07:36.694+0530][11484.944s][info][gc,phases,start] GC(46) Phase 3: Adjust pointers
[2025-06-23T00:07:36.706+0530][11484.956s][info][gc,phases      ] GC(46) Phase 3: Adjust pointers 11.976ms
[2025-06-23T00:07:36.706+0530][11484.956s][info][gc,phases,start] GC(46) Phase 4: Compact heap
[2025-06-23T00:07:36.708+0530][11484.959s][info][gc,phases      ] GC(46) Phase 4: Compact heap 2.357ms
[2025-06-23T00:07:36.708+0530][11484.959s][info][gc,phases,start] GC(46) Phase 5: Reset Metadata
[2025-06-23T00:07:36.712+0530][11484.962s][info][gc,phases      ] GC(46) Phase 5: Reset Metadata 3.232ms
[2025-06-23T00:07:36.718+0530][11484.968s][info][gc,heap        ] GC(46) Eden regions: 15->0(19)
[2025-06-23T00:07:36.718+0530][11484.968s][info][gc,heap        ] GC(46) Survivor regions: 2->0(2)
[2025-06-23T00:07:36.718+0530][11484.968s][info][gc,heap        ] GC(46) Old regions: 13->13
[2025-06-23T00:07:36.718+0530][11484.968s][info][gc,heap        ] GC(46) Humongous regions: 0->0
[2025-06-23T00:07:36.718+0530][11484.968s][info][gc,metaspace   ] GC(46) Metaspace: 91374K(92096K)->91367K(92096K) NonClass: 80440K(80832K)->80434K(80832K) Class: 10933K(11264K)->10932K(11264K)
[2025-06-23T00:07:36.718+0530][11484.968s][info][gc             ] GC(46) Pause Full (System.gc()) 111M->46M(144M) 72.763ms
[2025-06-23T00:07:36.718+0530][11484.968s][info][gc,cpu         ] GC(46) User=0.05s Sys=0.00s Real=0.07s
[2025-06-23T00:07:37.163+0530][11485.413s][info][gc,start       ] GC(47) Pause Young (Normal) (G1 Evacuation Pause)
[2025-06-23T00:07:37.163+0530][11485.413s][info][gc,task        ] GC(47) Using 13 workers of 13 for evacuation
[2025-06-23T00:07:37.165+0530][11485.416s][info][gc,phases      ] GC(47)   Pre Evacuate Collection Set: 0.1ms
[2025-06-23T00:07:37.165+0530][11485.416s][info][gc,phases      ] GC(47)   Merge Heap Roots: 0.0ms
[2025-06-23T00:07:37.165+0530][11485.416s][info][gc,phases      ] GC(47)   Evacuate Collection Set: 2.2ms
[2025-06-23T00:07:37.165+0530][11485.416s][info][gc,phases      ] GC(47)   Post Evacuate Collection Set: 0.5ms
[2025-06-23T00:07:37.165+0530][11485.416s][info][gc,phases      ] GC(47)   Other: 0.1ms
[2025-06-23T00:07:37.165+0530][11485.416s][info][gc,heap        ] GC(47) Eden regions: 19->0(16)
[2025-06-23T00:07:37.165+0530][11485.416s][info][gc,heap        ] GC(47) Survivor regions: 0->2(3)
[2025-06-23T00:07:37.165+0530][11485.416s][info][gc,heap        ] GC(47) Old regions: 13->13
[2025-06-23T00:07:37.165+0530][11485.416s][info][gc,heap        ] GC(47) Humongous regions: 0->0
[2025-06-23T00:07:37.165+0530][11485.416s][info][gc,metaspace   ] GC(47) Metaspace: 91787K(92608K)->91787K(92608K) NonClass: 80818K(81280K)->80818K(81280K) Class: 10968K(11328K)->10968K(11328K)
[2025-06-23T00:07:37.165+0530][11485.416s][info][gc             ] GC(47) Pause Young (Normal) (G1 Evacuation Pause) 122M->53M(144M) 3.276ms
[2025-06-23T00:07:37.165+0530][11485.416s][info][gc,cpu         ] GC(47) User=0.00s Sys=0.00s Real=0.00s
[2025-06-23T00:07:37.470+0530][11485.720s][info][gc,start       ] GC(48) Pause Young (Normal) (G1 Evacuation Pause)
[2025-06-23T00:07:37.470+0530][11485.720s][info][gc,task        ] GC(48) Using 13 workers of 13 for evacuation
[2025-06-23T00:07:37.473+0530][11485.723s][info][gc,phases      ] GC(48)   Pre Evacuate Collection Set: 0.1ms
[2025-06-23T00:07:37.473+0530][11485.723s][info][gc,phases      ] GC(48)   Merge Heap Roots: 0.0ms
[2025-06-23T00:07:37.473+0530][11485.723s][info][gc,phases      ] GC(48)   Evacuate Collection Set: 1.9ms
[2025-06-23T00:07:37.473+0530][11485.723s][info][gc,phases      ] GC(48)   Post Evacuate Collection Set: 0.3ms
[2025-06-23T00:07:37.473+0530][11485.723s][info][gc,phases      ] GC(48)   Other: 0.1ms
[2025-06-23T00:07:37.473+0530][11485.723s][info][gc,heap        ] GC(48) Eden regions: 16->0(16)
[2025-06-23T00:07:37.473+0530][11485.723s][info][gc,heap        ] GC(48) Survivor regions: 2->1(3)
[2025-06-23T00:07:37.473+0530][11485.723s][info][gc,heap        ] GC(48) Old regions: 13->15
[2025-06-23T00:07:37.473+0530][11485.723s][info][gc,heap        ] GC(48) Humongous regions: 0->0
[2025-06-23T00:07:37.473+0530][11485.723s][info][gc,metaspace   ] GC(48) Metaspace: 92293K(93056K)->92293K(93056K) NonClass: 81299K(81728K)->81299K(81728K) Class: 10994K(11328K)->10994K(11328K)
[2025-06-23T00:07:37.473+0530][11485.723s][info][gc             ] GC(48) Pause Young (Normal) (G1 Evacuation Pause) 117M->56M(144M) 2.636ms
[2025-06-23T00:07:37.473+0530][11485.723s][info][gc,cpu         ] GC(48) User=0.00s Sys=0.00s Real=0.00s
[2025-06-23T00:07:37.653+0530][11485.904s][info][gc,start       ] GC(49) Pause Young (Normal) (G1 Evacuation Pause)
[2025-06-23T00:07:37.653+0530][11485.904s][info][gc,task        ] GC(49) Using 13 workers of 13 for evacuation
[2025-06-23T00:07:37.655+0530][11485.906s][info][gc,phases      ] GC(49)   Pre Evacuate Collection Set: 0.1ms
[2025-06-23T00:07:37.655+0530][11485.906s][info][gc,phases      ] GC(49)   Merge Heap Roots: 0.1ms
[2025-06-23T00:07:37.655+0530][11485.906s][info][gc,phases      ] GC(49)   Evacuate Collection Set: 1.5ms
[2025-06-23T00:07:37.655+0530][11485.906s][info][gc,phases      ] GC(49)   Post Evacuate Collection Set: 0.4ms
[2025-06-23T00:07:37.655+0530][11485.906s][info][gc,phases      ] GC(49)   Other: 0.1ms
[2025-06-23T00:07:37.655+0530][11485.906s][info][gc,heap        ] GC(49) Eden regions: 16->0(14)
[2025-06-23T00:07:37.655+0530][11485.906s][info][gc,heap        ] GC(49) Survivor regions: 1->2(3)
[2025-06-23T00:07:37.656+0530][11485.906s][info][gc,heap        ] GC(49) Old regions: 15->15
[2025-06-23T00:07:37.656+0530][11485.906s][info][gc,heap        ] GC(49) Humongous regions: 0->0
[2025-06-23T00:07:37.656+0530][11485.906s][info][gc,metaspace   ] GC(49) Metaspace: 92369K(93120K)->92369K(93120K) NonClass: 81372K(81792K)->81372K(81792K) Class: 10997K(11328K)->10997K(11328K)
[2025-06-23T00:07:37.656+0530][11485.906s][info][gc             ] GC(49) Pause Young (Normal) (G1 Evacuation Pause) 120M->59M(144M) 2.354ms
[2025-06-23T00:07:37.656+0530][11485.906s][info][gc,cpu         ] GC(49) User=0.00s Sys=0.00s Real=0.00s
[2025-06-23T00:08:36.622+0530][11544.872s][info][gc,start       ] GC(50) Pause Full (System.gc())
[2025-06-23T00:08:36.622+0530][11544.872s][info][gc,task        ] GC(50) Using 2 workers of 13 for full compaction
[2025-06-23T00:08:36.622+0530][11544.872s][info][gc,phases,start] GC(50) Phase 1: Mark live objects
[2025-06-23T00:08:36.663+0530][11544.914s][info][gc,phases      ] GC(50) Phase 1: Mark live objects 41.858ms
[2025-06-23T00:08:36.663+0530][11544.914s][info][gc,phases,start] GC(50) Phase 2: Prepare compaction
[2025-06-23T00:08:36.665+0530][11544.915s][info][gc,phases      ] GC(50) Phase 2: Prepare compaction 0.997ms
[2025-06-23T00:08:36.665+0530][11544.915s][info][gc,phases,start] GC(50) Phase 3: Adjust pointers
[2025-06-23T00:08:36.677+0530][11544.927s][info][gc,phases      ] GC(50) Phase 3: Adjust pointers 11.816ms
[2025-06-23T00:08:36.677+0530][11544.927s][info][gc,phases,start] GC(50) Phase 4: Compact heap
[2025-06-23T00:08:36.678+0530][11544.929s][info][gc,phases      ] GC(50) Phase 4: Compact heap 1.550ms
[2025-06-23T00:08:36.678+0530][11544.929s][info][gc,phases,start] GC(50) Phase 5: Reset Metadata
[2025-06-23T00:08:36.682+0530][11544.932s][info][gc,phases      ] GC(50) Phase 5: Reset Metadata 3.741ms
[2025-06-23T00:08:36.688+0530][11544.939s][info][gc,heap        ] GC(50) Eden regions: 5->0(18)
[2025-06-23T00:08:36.688+0530][11544.939s][info][gc,heap        ] GC(50) Survivor regions: 2->0(3)
[2025-06-23T00:08:36.688+0530][11544.939s][info][gc,heap        ] GC(50) Old regions: 15->14
[2025-06-23T00:08:36.688+0530][11544.939s][info][gc,heap        ] GC(50) Humongous regions: 0->0
[2025-06-23T00:08:36.688+0530][11544.939s][info][gc,metaspace   ] GC(50) Metaspace: 92418K(93184K)->92411K(93184K) NonClass: 81420K(81856K)->81414K(81856K) Class: 10997K(11328K)->10996K(11328K)
[2025-06-23T00:08:36.688+0530][11544.939s][info][gc             ] GC(50) Pause Full (System.gc()) 77M->52M(144M) 66.770ms
[2025-06-23T00:08:36.688+0530][11544.939s][info][gc,cpu         ] GC(50) User=0.05s Sys=0.00s Real=0.07s
[2025-06-23T00:08:37.064+0530][11545.315s][info][gc,start       ] GC(51) Pause Young (Normal) (G1 Evacuation Pause)
[2025-06-23T00:08:37.064+0530][11545.315s][info][gc,task        ] GC(51) Using 13 workers of 13 for evacuation
[2025-06-23T00:08:37.066+0530][11545.317s][info][gc,phases      ] GC(51)   Pre Evacuate Collection Set: 0.1ms
[2025-06-23T00:08:37.066+0530][11545.317s][info][gc,phases      ] GC(51)   Merge Heap Roots: 0.1ms
[2025-06-23T00:08:37.066+0530][11545.317s][info][gc,phases      ] GC(51)   Evacuate Collection Set: 1.5ms
[2025-06-23T00:08:37.066+0530][11545.317s][info][gc,phases      ] GC(51)   Post Evacuate Collection Set: 0.4ms
[2025-06-23T00:08:37.066+0530][11545.317s][info][gc,phases      ] GC(51)   Other: 0.1ms
[2025-06-23T00:08:37.066+0530][11545.317s][info][gc,heap        ] GC(51) Eden regions: 18->0(15)
[2025-06-23T00:08:37.066+0530][11545.317s][info][gc,heap        ] GC(51) Survivor regions: 0->2(3)
[2025-06-23T00:08:37.066+0530][11545.317s][info][gc,heap        ] GC(51) Old regions: 14->14
[2025-06-23T00:08:37.066+0530][11545.317s][info][gc,heap        ] GC(51) Humongous regions: 0->0
[2025-06-23T00:08:37.066+0530][11545.317s][info][gc,metaspace   ] GC(51) Metaspace: 92793K(93632K)->92793K(93632K) NonClass: 81763K(82240K)->81763K(82240K) Class: 11029K(11392K)->11029K(11392K)
[2025-06-23T00:08:37.066+0530][11545.317s][info][gc             ] GC(51) Pause Young (Normal) (G1 Evacuation Pause) 124M->58M(144M) 2.229ms
[2025-06-23T00:08:37.066+0530][11545.317s][info][gc,cpu         ] GC(51) User=0.00s Sys=0.00s Real=0.00s
[2025-06-23T00:08:37.263+0530][11545.513s][info][gc,start       ] GC(52) Pause Young (Normal) (G1 Evacuation Pause)
[2025-06-23T00:08:37.263+0530][11545.513s][info][gc,task        ] GC(52) Using 13 workers of 13 for evacuation
[2025-06-23T00:08:37.266+0530][11545.516s][info][gc,phases      ] GC(52)   Pre Evacuate Collection Set: 0.1ms
[2025-06-23T00:08:37.266+0530][11545.516s][info][gc,phases      ] GC(52)   Merge Heap Roots: 0.1ms
[2025-06-23T00:08:37.266+0530][11545.516s][info][gc,phases      ] GC(52)   Evacuate Collection Set: 2.3ms
[2025-06-23T00:08:37.266+0530][11545.516s][info][gc,phases      ] GC(52)   Post Evacuate Collection Set: 0.4ms
[2025-06-23T00:08:37.266+0530][11545.516s][info][gc,phases      ] GC(52)   Other: 0.1ms
[2025-06-23T00:08:37.266+0530][11545.516s][info][gc,heap        ] GC(52) Eden regions: 15->0(13)
[2025-06-23T00:08:37.266+0530][11545.516s][info][gc,heap        ] GC(52) Survivor regions: 2->3(3)
[2025-06-23T00:08:37.266+0530][11545.516s][info][gc,heap        ] GC(52) Old regions: 14->14
[2025-06-23T00:08:37.266+0530][11545.516s][info][gc,heap        ] GC(52) Humongous regions: 0->0
[2025-06-23T00:08:37.266+0530][11545.516s][info][gc,metaspace   ] GC(52) Metaspace: 93298K(94080K)->93298K(94080K) NonClass: 82240K(82688K)->82240K(82688K) Class: 11058K(11392K)->11058K(11392K)
[2025-06-23T00:08:37.266+0530][11545.516s][info][gc             ] GC(52) Pause Young (Normal) (G1 Evacuation Pause) 118M->62M(144M) 3.261ms
[2025-06-23T00:08:37.266+0530][11545.516s][info][gc,cpu         ] GC(52) User=0.00s Sys=0.00s Real=0.00s
[2025-06-23T00:08:37.413+0530][11545.664s][info][gc,start       ] GC(53) Pause Young (Normal) (G1 Evacuation Pause)
[2025-06-23T00:08:37.413+0530][11545.664s][info][gc,task        ] GC(53) Using 13 workers of 13 for evacuation
[2025-06-23T00:08:37.416+0530][11545.667s][info][gc,phases      ] GC(53)   Pre Evacuate Collection Set: 0.1ms
[2025-06-23T00:08:37.416+0530][11545.667s][info][gc,phases      ] GC(53)   Merge Heap Roots: 0.0ms
[2025-06-23T00:08:37.416+0530][11545.667s][info][gc,phases      ] GC(53)   Evacuate Collection Set: 2.3ms
[2025-06-23T00:08:37.416+0530][11545.667s][info][gc,phases      ] GC(53)   Post Evacuate Collection Set: 0.4ms
[2025-06-23T00:08:37.416+0530][11545.667s][info][gc,phases      ] GC(53)   Other: 0.1ms
[2025-06-23T00:08:37.416+0530][11545.667s][info][gc,heap        ] GC(53) Eden regions: 13->0(13)
[2025-06-23T00:08:37.416+0530][11545.667s][info][gc,heap        ] GC(53) Survivor regions: 3->2(2)
[2025-06-23T00:08:37.416+0530][11545.667s][info][gc,heap        ] GC(53) Old regions: 14->16
[2025-06-23T00:08:37.416+0530][11545.667s][info][gc,heap        ] GC(53) Humongous regions: 0->0
[2025-06-23T00:08:37.416+0530][11545.667s][info][gc,metaspace   ] GC(53) Metaspace: 93394K(94144K)->93394K(94144K) NonClass: 82333K(82752K)->82333K(82752K) Class: 11060K(11392K)->11060K(11392K)
[2025-06-23T00:08:37.416+0530][11545.667s][info][gc             ] GC(53) Pause Young (Normal) (G1 Evacuation Pause) 114M->64M(144M) 3.131ms
[2025-06-23T00:08:37.416+0530][11545.667s][info][gc,cpu         ] GC(53) User=0.00s Sys=0.00s Real=0.00s
[2025-06-23T00:13:49.536+0530][11857.786s][info][gc,start       ] GC(54) Pause Young (Normal) (G1 Evacuation Pause)
[2025-06-23T00:13:49.536+0530][11857.786s][info][gc,task        ] GC(54) Using 13 workers of 13 for evacuation
[2025-06-23T00:13:49.538+0530][11857.788s][info][gc,phases      ] GC(54)   Pre Evacuate Collection Set: 0.2ms
[2025-06-23T00:13:49.538+0530][11857.788s][info][gc,phases      ] GC(54)   Merge Heap Roots: 0.1ms
[2025-06-23T00:13:49.538+0530][11857.788s][info][gc,phases      ] GC(54)   Evacuate Collection Set: 1.7ms
[2025-06-23T00:13:49.538+0530][11857.788s][info][gc,phases      ] GC(54)   Post Evacuate Collection Set: 0.5ms
[2025-06-23T00:13:49.538+0530][11857.788s][info][gc,phases      ] GC(54)   Other: 0.1ms
[2025-06-23T00:13:49.538+0530][11857.788s][info][gc,heap        ] GC(54) Eden regions: 13->0(14)
[2025-06-23T00:13:49.538+0530][11857.788s][info][gc,heap        ] GC(54) Survivor regions: 2->1(2)
[2025-06-23T00:13:49.538+0530][11857.788s][info][gc,heap        ] GC(54) Old regions: 16->17
[2025-06-23T00:13:49.539+0530][11857.789s][info][gc,heap        ] GC(54) Humongous regions: 0->0
[2025-06-23T00:13:49.539+0530][11857.789s][info][gc,metaspace   ] GC(54) Metaspace: 93426K(94272K)->93426K(94272K) NonClass: 82365K(82880K)->82365K(82880K) Class: 11060K(11392K)->11060K(11392K)
[2025-06-23T00:13:49.539+0530][11857.789s][info][gc             ] GC(54) Pause Young (Normal) (G1 Evacuation Pause) 116M->65M(144M) 2.870ms
[2025-06-23T00:13:49.539+0530][11857.789s][info][gc,cpu         ] GC(54) User=0.00s Sys=0.00s Real=0.00s
[2025-06-23T00:25:33.287+0530][12561.537s][info][gc,start       ] GC(55) Pause Young (Concurrent Start) (G1 Evacuation Pause)
[2025-06-23T00:25:33.287+0530][12561.537s][info][gc,task        ] GC(55) Using 13 workers of 13 for evacuation
[2025-06-23T00:25:33.290+0530][12561.540s][info][gc,phases      ] GC(55)   Pre Evacuate Collection Set: 1.0ms
[2025-06-23T00:25:33.290+0530][12561.540s][info][gc,phases      ] GC(55)   Merge Heap Roots: 0.1ms
[2025-06-23T00:25:33.290+0530][12561.540s][info][gc,phases      ] GC(55)   Evacuate Collection Set: 1.1ms
[2025-06-23T00:25:33.290+0530][12561.540s][info][gc,phases      ] GC(55)   Post Evacuate Collection Set: 0.5ms
[2025-06-23T00:25:33.290+0530][12561.540s][info][gc,phases      ] GC(55)   Other: 0.2ms
[2025-06-23T00:25:33.290+0530][12561.540s][info][gc,heap        ] GC(55) Eden regions: 14->0(14)
[2025-06-23T00:25:33.290+0530][12561.540s][info][gc,heap        ] GC(55) Survivor regions: 1->1(2)
[2025-06-23T00:25:33.290+0530][12561.540s][info][gc,heap        ] GC(55) Old regions: 17->17
[2025-06-23T00:25:33.290+0530][12561.540s][info][gc,heap        ] GC(55) Humongous regions: 0->0
[2025-06-23T00:25:33.290+0530][12561.540s][info][gc,metaspace   ] GC(55) Metaspace: 93432K(94272K)->93432K(94272K) NonClass: 82372K(82880K)->82372K(82880K) Class: 11060K(11392K)->11060K(11392K)
[2025-06-23T00:25:33.290+0530][12561.540s][info][gc             ] GC(55) Pause Young (Concurrent Start) (G1 Evacuation Pause) 121M->65M(144M) 3.180ms
[2025-06-23T00:25:33.290+0530][12561.540s][info][gc,cpu         ] GC(55) User=0.00s Sys=0.00s Real=0.00s
[2025-06-23T00:25:33.290+0530][12561.540s][info][gc             ] GC(56) Concurrent Mark Cycle
[2025-06-23T00:25:33.290+0530][12561.540s][info][gc,marking     ] GC(56) Concurrent Scan Root Regions
[2025-06-23T00:25:33.294+0530][12561.544s][info][gc,marking     ] GC(56) Concurrent Scan Root Regions 4.002ms
[2025-06-23T00:25:33.294+0530][12561.544s][info][gc,marking     ] GC(56) Concurrent Mark
[2025-06-23T00:25:33.294+0530][12561.544s][info][gc,marking     ] GC(56) Concurrent Mark From Roots
[2025-06-23T00:25:33.294+0530][12561.544s][info][gc,task        ] GC(56) Using 3 workers of 3 for marking
[2025-06-23T00:25:33.320+0530][12561.571s][info][gc,marking     ] GC(56) Concurrent Mark From Roots 26.259ms
[2025-06-23T00:25:33.321+0530][12561.571s][info][gc,marking     ] GC(56) Concurrent Preclean
[2025-06-23T00:25:33.321+0530][12561.571s][info][gc,marking     ] GC(56) Concurrent Preclean 0.329ms
[2025-06-23T00:25:33.321+0530][12561.571s][info][gc,start       ] GC(56) Pause Remark
[2025-06-23T00:25:33.329+0530][12561.580s][info][gc             ] GC(56) Pause Remark 65M->65M(144M) 8.719ms
[2025-06-23T00:25:33.329+0530][12561.580s][info][gc,cpu         ] GC(56) User=0.02s Sys=0.00s Real=0.01s
[2025-06-23T00:25:33.329+0530][12561.580s][info][gc,marking     ] GC(56) Concurrent Mark 35.607ms
[2025-06-23T00:25:33.329+0530][12561.580s][info][gc,marking     ] GC(56) Concurrent Rebuild Remembered Sets and Scrub Regions
[2025-06-23T00:25:33.337+0530][12561.587s][info][gc,marking     ] GC(56) Concurrent Rebuild Remembered Sets and Scrub Regions 7.020ms
[2025-06-23T00:25:33.337+0530][12561.587s][info][gc,start       ] GC(56) Pause Cleanup
[2025-06-23T00:25:33.337+0530][12561.587s][info][gc             ] GC(56) Pause Cleanup 65M->65M(144M) 0.099ms
[2025-06-23T00:25:33.337+0530][12561.587s][info][gc,cpu         ] GC(56) User=0.00s Sys=0.00s Real=0.00s
[2025-06-23T00:25:33.337+0530][12561.587s][info][gc,marking     ] GC(56) Concurrent Clear Claimed Marks
[2025-06-23T00:25:33.337+0530][12561.587s][info][gc,marking     ] GC(56) Concurrent Clear Claimed Marks 0.068ms
[2025-06-23T00:25:33.337+0530][12561.587s][info][gc,marking     ] GC(56) Concurrent Cleanup for Next Mark
[2025-06-23T00:25:33.337+0530][12561.587s][info][gc,marking     ] GC(56) Concurrent Cleanup for Next Mark 0.111ms
[2025-06-23T00:25:33.337+0530][12561.587s][info][gc             ] GC(56) Concurrent Mark Cycle 47.201ms
[2025-06-23T00:37:16.042+0530][13264.292s][info][gc,start       ] GC(57) Pause Young (Prepare Mixed) (G1 Evacuation Pause)
[2025-06-23T00:37:16.042+0530][13264.292s][info][gc,task        ] GC(57) Using 13 workers of 13 for evacuation
[2025-06-23T00:37:16.043+0530][13264.294s][info][gc,phases      ] GC(57)   Pre Evacuate Collection Set: 0.2ms
[2025-06-23T00:37:16.043+0530][13264.294s][info][gc,phases      ] GC(57)   Merge Heap Roots: 0.1ms
[2025-06-23T00:37:16.043+0530][13264.294s][info][gc,phases      ] GC(57)   Evacuate Collection Set: 1.0ms
[2025-06-23T00:37:16.043+0530][13264.294s][info][gc,phases      ] GC(57)   Post Evacuate Collection Set: 0.4ms
[2025-06-23T00:37:16.043+0530][13264.294s][info][gc,phases      ] GC(57)   Other: 0.1ms
[2025-06-23T00:37:16.043+0530][13264.294s][info][gc,heap        ] GC(57) Eden regions: 14->0(14)
[2025-06-23T00:37:16.043+0530][13264.294s][info][gc,heap        ] GC(57) Survivor regions: 1->1(2)
[2025-06-23T00:37:16.043+0530][13264.294s][info][gc,heap        ] GC(57) Old regions: 17->17
[2025-06-23T00:37:16.044+0530][13264.294s][info][gc,heap        ] GC(57) Humongous regions: 0->0
[2025-06-23T00:37:16.044+0530][13264.294s][info][gc,metaspace   ] GC(57) Metaspace: 93425K(94272K)->93425K(94272K) NonClass: 82366K(82880K)->82366K(82880K) Class: 11059K(11392K)->11059K(11392K)
[2025-06-23T00:37:16.044+0530][13264.294s][info][gc             ] GC(57) Pause Young (Prepare Mixed) (G1 Evacuation Pause) 121M->65M(144M) 2.014ms
[2025-06-23T00:37:16.044+0530][13264.294s][info][gc,cpu         ] GC(57) User=0.05s Sys=0.00s Real=0.00s
[2025-06-23T00:49:04.491+0530][13972.741s][info][gc,start       ] GC(58) Pause Young (Mixed) (G1 Evacuation Pause)
[2025-06-23T00:49:04.491+0530][13972.741s][info][gc,task        ] GC(58) Using 13 workers of 13 for evacuation
[2025-06-23T00:49:04.493+0530][13972.743s][info][gc,phases      ] GC(58)   Pre Evacuate Collection Set: 0.3ms
[2025-06-23T00:49:04.493+0530][13972.743s][info][gc,phases      ] GC(58)   Merge Heap Roots: 0.1ms
[2025-06-23T00:49:04.493+0530][13972.743s][info][gc,phases      ] GC(58)   Evacuate Collection Set: 1.2ms
[2025-06-23T00:49:04.493+0530][13972.743s][info][gc,phases      ] GC(58)   Post Evacuate Collection Set: 0.4ms
[2025-06-23T00:49:04.493+0530][13972.743s][info][gc,phases      ] GC(58)   Other: 0.1ms
[2025-06-23T00:49:04.493+0530][13972.743s][info][gc,heap        ] GC(58) Eden regions: 14->0(15)
[2025-06-23T00:49:04.493+0530][13972.743s][info][gc,heap        ] GC(58) Survivor regions: 1->1(2)
[2025-06-23T00:49:04.493+0530][13972.743s][info][gc,heap        ] GC(58) Old regions: 17->16
[2025-06-23T00:49:04.493+0530][13972.743s][info][gc,heap        ] GC(58) Humongous regions: 0->0
[2025-06-23T00:49:04.493+0530][13972.743s][info][gc,metaspace   ] GC(58) Metaspace: 93449K(94272K)->93449K(94272K) NonClass: 82390K(82880K)->82390K(82880K) Class: 11059K(11392K)->11059K(11392K)
[2025-06-23T00:49:04.493+0530][13972.743s][info][gc             ] GC(58) Pause Young (Mixed) (G1 Evacuation Pause) 121M->65M(144M) 2.265ms
[2025-06-23T00:49:04.493+0530][13972.744s][info][gc,cpu         ] GC(58) User=0.00s Sys=0.00s Real=0.00s
[2025-06-23T10:03:10.086+0530][47220.915s][info][gc,start       ] GC(59) Pause Young (Normal) (G1 Evacuation Pause)
[2025-06-23T10:03:10.086+0530][47220.915s][info][gc,task        ] GC(59) Using 13 workers of 13 for evacuation
[2025-06-23T10:03:10.088+0530][47220.918s][info][gc,phases      ] GC(59)   Pre Evacuate Collection Set: 0.3ms
[2025-06-23T10:03:10.088+0530][47220.918s][info][gc,phases      ] GC(59)   Merge Heap Roots: 0.1ms
[2025-06-23T10:03:10.088+0530][47220.918s][info][gc,phases      ] GC(59)   Evacuate Collection Set: 1.9ms
[2025-06-23T10:03:10.088+0530][47220.918s][info][gc,phases      ] GC(59)   Post Evacuate Collection Set: 0.4ms
[2025-06-23T10:03:10.088+0530][47220.918s][info][gc,phases      ] GC(59)   Other: 0.1ms
[2025-06-23T10:03:10.088+0530][47220.918s][info][gc,heap        ] GC(59) Eden regions: 15->0(15)
[2025-06-23T10:03:10.088+0530][47220.918s][info][gc,heap        ] GC(59) Survivor regions: 1->1(2)
[2025-06-23T10:03:10.088+0530][47220.918s][info][gc,heap        ] GC(59) Old regions: 16->16
[2025-06-23T10:03:10.088+0530][47220.918s][info][gc,heap        ] GC(59) Humongous regions: 0->0
[2025-06-23T10:03:10.088+0530][47220.918s][info][gc,metaspace   ] GC(59) Metaspace: 93449K(94272K)->93449K(94272K) NonClass: 82390K(82880K)->82390K(82880K) Class: 11059K(11392K)->11059K(11392K)
[2025-06-23T10:03:10.090+0530][47220.918s][info][gc             ] GC(59) Pause Young (Normal) (G1 Evacuation Pause) 125M->65M(144M) 3.145ms
[2025-06-23T10:03:10.090+0530][47220.918s][info][gc,cpu         ] GC(59) User=0.00s Sys=0.00s Real=0.00s
[2025-06-23T10:15:42.473+0530][47973.302s][info][gc,start       ] GC(60) Pause Young (Concurrent Start) (G1 Evacuation Pause)
[2025-06-23T10:15:42.473+0530][47973.302s][info][gc,task        ] GC(60) Using 13 workers of 13 for evacuation
[2025-06-23T10:15:42.476+0530][47973.304s][info][gc,phases      ] GC(60)   Pre Evacuate Collection Set: 0.2ms
[2025-06-23T10:15:42.476+0530][47973.304s][info][gc,phases      ] GC(60)   Merge Heap Roots: 0.1ms
[2025-06-23T10:15:42.476+0530][47973.304s][info][gc,phases      ] GC(60)   Evacuate Collection Set: 1.2ms
[2025-06-23T10:15:42.476+0530][47973.304s][info][gc,phases      ] GC(60)   Post Evacuate Collection Set: 0.5ms
[2025-06-23T10:15:42.476+0530][47973.304s][info][gc,phases      ] GC(60)   Other: 0.1ms
[2025-06-23T10:15:42.476+0530][47973.304s][info][gc,heap        ] GC(60) Eden regions: 15->0(15)
[2025-06-23T10:15:42.476+0530][47973.304s][info][gc,heap        ] GC(60) Survivor regions: 1->1(2)
[2025-06-23T10:15:42.476+0530][47973.304s][info][gc,heap        ] GC(60) Old regions: 16->16
[2025-06-23T10:15:42.476+0530][47973.304s][info][gc,heap        ] GC(60) Humongous regions: 0->0
[2025-06-23T10:15:42.476+0530][47973.304s][info][gc,metaspace   ] GC(60) Metaspace: 93457K(94272K)->93457K(94272K) NonClass: 82398K(82880K)->82398K(82880K) Class: 11059K(11392K)->11059K(11392K)
[2025-06-23T10:15:42.476+0530][47973.305s][info][gc             ] GC(60) Pause Young (Concurrent Start) (G1 Evacuation Pause) 125M->65M(144M) 2.516ms
[2025-06-23T10:15:42.476+0530][47973.305s][info][gc,cpu         ] GC(60) User=0.00s Sys=0.00s Real=0.00s
[2025-06-23T10:15:42.476+0530][47973.305s][info][gc             ] GC(61) Concurrent Mark Cycle
[2025-06-23T10:15:42.476+0530][47973.305s][info][gc,marking     ] GC(61) Concurrent Scan Root Regions
[2025-06-23T10:15:42.480+0530][47973.309s][info][gc,marking     ] GC(61) Concurrent Scan Root Regions 4.463ms
[2025-06-23T10:15:42.480+0530][47973.309s][info][gc,marking     ] GC(61) Concurrent Mark
[2025-06-23T10:15:42.480+0530][47973.309s][info][gc,marking     ] GC(61) Concurrent Mark From Roots
[2025-06-23T10:15:42.480+0530][47973.309s][info][gc,task        ] GC(61) Using 3 workers of 3 for marking
[2025-06-23T10:15:42.496+0530][47973.325s][info][gc,marking     ] GC(61) Concurrent Mark From Roots 16.062ms
[2025-06-23T10:15:42.496+0530][47973.325s][info][gc,marking     ] GC(61) Concurrent Preclean
[2025-06-23T10:15:42.497+0530][47973.326s][info][gc,marking     ] GC(61) Concurrent Preclean 1.024ms
[2025-06-23T10:15:42.497+0530][47973.326s][info][gc,start       ] GC(61) Pause Remark
[2025-06-23T10:15:42.514+0530][47973.342s][info][gc             ] GC(61) Pause Remark 65M->65M(144M) 15.947ms
[2025-06-23T10:15:42.514+0530][47973.342s][info][gc,cpu         ] GC(61) User=0.02s Sys=0.00s Real=0.02s
[2025-06-23T10:15:42.514+0530][47973.342s][info][gc,marking     ] GC(61) Concurrent Mark 33.295ms
[2025-06-23T10:15:42.514+0530][47973.342s][info][gc,marking     ] GC(61) Concurrent Rebuild Remembered Sets and Scrub Regions
[2025-06-23T10:15:42.521+0530][47973.349s][info][gc,marking     ] GC(61) Concurrent Rebuild Remembered Sets and Scrub Regions 7.037ms
[2025-06-23T10:15:42.521+0530][47973.350s][info][gc,start       ] GC(61) Pause Cleanup
[2025-06-23T10:15:42.521+0530][47973.350s][info][gc             ] GC(61) Pause Cleanup 65M->65M(144M) 0.098ms
[2025-06-23T10:15:42.521+0530][47973.350s][info][gc,cpu         ] GC(61) User=0.00s Sys=0.00s Real=0.00s
[2025-06-23T10:15:42.521+0530][47973.350s][info][gc,marking     ] GC(61) Concurrent Clear Claimed Marks
[2025-06-23T10:15:42.521+0530][47973.350s][info][gc,marking     ] GC(61) Concurrent Clear Claimed Marks 0.074ms
[2025-06-23T10:15:42.521+0530][47973.350s][info][gc,marking     ] GC(61) Concurrent Cleanup for Next Mark
[2025-06-23T10:15:42.521+0530][47973.350s][info][gc,marking     ] GC(61) Concurrent Cleanup for Next Mark 0.270ms
[2025-06-23T10:15:42.521+0530][47973.350s][info][gc             ] GC(61) Concurrent Mark Cycle 45.541ms
[2025-06-23T10:28:14.901+0530][48725.730s][info][gc,start       ] GC(62) Pause Young (Prepare Mixed) (G1 Evacuation Pause)
[2025-06-23T10:28:14.901+0530][48725.730s][info][gc,task        ] GC(62) Using 13 workers of 13 for evacuation
[2025-06-23T10:28:14.903+0530][48725.732s][info][gc,phases      ] GC(62)   Pre Evacuate Collection Set: 0.2ms
[2025-06-23T10:28:14.903+0530][48725.732s][info][gc,phases      ] GC(62)   Merge Heap Roots: 0.2ms
[2025-06-23T10:28:14.903+0530][48725.732s][info][gc,phases      ] GC(62)   Evacuate Collection Set: 1.4ms
[2025-06-23T10:28:14.903+0530][48725.732s][info][gc,phases      ] GC(62)   Post Evacuate Collection Set: 0.4ms
[2025-06-23T10:28:14.903+0530][48725.732s][info][gc,phases      ] GC(62)   Other: 0.1ms
[2025-06-23T10:28:14.903+0530][48725.732s][info][gc,heap        ] GC(62) Eden regions: 15->0(15)
[2025-06-23T10:28:14.903+0530][48725.732s][info][gc,heap        ] GC(62) Survivor regions: 1->1(2)
[2025-06-23T10:28:14.903+0530][48725.732s][info][gc,heap        ] GC(62) Old regions: 16->16
[2025-06-23T10:28:14.903+0530][48725.732s][info][gc,heap        ] GC(62) Humongous regions: 0->0
[2025-06-23T10:28:14.903+0530][48725.732s][info][gc,metaspace   ] GC(62) Metaspace: 93211K(94272K)->93211K(94272K) NonClass: 82217K(82880K)->82217K(82880K) Class: 10993K(11392K)->10993K(11392K)
[2025-06-23T10:28:14.903+0530][48725.732s][info][gc             ] GC(62) Pause Young (Prepare Mixed) (G1 Evacuation Pause) 125M->65M(144M) 2.557ms
[2025-06-23T10:28:14.903+0530][48725.732s][info][gc,cpu         ] GC(62) User=0.00s Sys=0.00s Real=0.00s
[2025-06-23T10:40:51.702+0530][49482.531s][info][gc,start       ] GC(63) Pause Young (Mixed) (G1 Evacuation Pause)
[2025-06-23T10:40:51.702+0530][49482.531s][info][gc,task        ] GC(63) Using 13 workers of 13 for evacuation
[2025-06-23T10:40:51.707+0530][49482.536s][info][gc,phases      ] GC(63)   Pre Evacuate Collection Set: 0.2ms
[2025-06-23T10:40:51.707+0530][49482.536s][info][gc,phases      ] GC(63)   Merge Heap Roots: 0.2ms
[2025-06-23T10:40:51.707+0530][49482.536s][info][gc,phases      ] GC(63)   Evacuate Collection Set: 3.9ms
[2025-06-23T10:40:51.707+0530][49482.536s][info][gc,phases      ] GC(63)   Post Evacuate Collection Set: 0.4ms
[2025-06-23T10:40:51.707+0530][49482.536s][info][gc,phases      ] GC(63)   Other: 0.1ms
[2025-06-23T10:40:51.707+0530][49482.536s][info][gc,heap        ] GC(63) Eden regions: 15->0(18)
[2025-06-23T10:40:51.707+0530][49482.536s][info][gc,heap        ] GC(63) Survivor regions: 1->1(2)
[2025-06-23T10:40:51.707+0530][49482.536s][info][gc,heap        ] GC(63) Old regions: 16->13
[2025-06-23T10:40:51.707+0530][49482.536s][info][gc,heap        ] GC(63) Humongous regions: 0->0
[2025-06-23T10:40:51.707+0530][49482.536s][info][gc,metaspace   ] GC(63) Metaspace: 93211K(94272K)->93211K(94272K) NonClass: 82217K(82880K)->82217K(82880K) Class: 10993K(11392K)->10993K(11392K)
[2025-06-23T10:40:51.707+0530][49482.536s][info][gc             ] GC(63) Pause Young (Mixed) (G1 Evacuation Pause) 125M->51M(144M) 5.123ms
[2025-06-23T10:40:51.707+0530][49482.536s][info][gc,cpu         ] GC(63) User=0.00s Sys=0.00s Real=0.01s
[2025-06-23T10:56:01.764+0530][50392.593s][info][gc,start       ] GC(64) Pause Young (Mixed) (G1 Evacuation Pause)
[2025-06-23T10:56:01.764+0530][50392.593s][info][gc,task        ] GC(64) Using 13 workers of 13 for evacuation
[2025-06-23T10:56:01.768+0530][50392.597s][info][gc,phases      ] GC(64)   Pre Evacuate Collection Set: 0.3ms
[2025-06-23T10:56:01.768+0530][50392.597s][info][gc,phases      ] GC(64)   Merge Heap Roots: 0.2ms
[2025-06-23T10:56:01.768+0530][50392.597s][info][gc,phases      ] GC(64)   Evacuate Collection Set: 2.7ms
[2025-06-23T10:56:01.768+0530][50392.597s][info][gc,phases      ] GC(64)   Post Evacuate Collection Set: 0.4ms
[2025-06-23T10:56:01.768+0530][50392.597s][info][gc,phases      ] GC(64)   Other: 0.1ms
[2025-06-23T10:56:01.768+0530][50392.597s][info][gc,heap        ] GC(64) Eden regions: 18->0(20)
[2025-06-23T10:56:01.768+0530][50392.597s][info][gc,heap        ] GC(64) Survivor regions: 1->1(3)
[2025-06-23T10:56:01.768+0530][50392.597s][info][gc,heap        ] GC(64) Old regions: 13->11
[2025-06-23T10:56:01.768+0530][50392.597s][info][gc,heap        ] GC(64) Humongous regions: 0->0
[2025-06-23T10:56:01.768+0530][50392.597s][info][gc,metaspace   ] GC(64) Metaspace: 93212K(94272K)->93212K(94272K) NonClass: 82219K(82880K)->82219K(82880K) Class: 10993K(11392K)->10993K(11392K)
[2025-06-23T10:56:01.768+0530][50392.597s][info][gc             ] GC(64) Pause Young (Mixed) (G1 Evacuation Pause) 123M->46M(144M) 3.966ms
[2025-06-23T10:56:01.768+0530][50392.597s][info][gc,cpu         ] GC(64) User=0.11s Sys=0.00s Real=0.00s
[2025-06-23T11:12:46.096+0530][51396.925s][info][gc,start       ] GC(65) Pause Young (Concurrent Start) (G1 Evacuation Pause)
[2025-06-23T11:12:46.096+0530][51396.925s][info][gc,task        ] GC(65) Using 13 workers of 13 for evacuation
[2025-06-23T11:12:46.099+0530][51396.927s][info][gc,phases      ] GC(65)   Pre Evacuate Collection Set: 0.4ms
[2025-06-23T11:12:46.099+0530][51396.927s][info][gc,phases      ] GC(65)   Merge Heap Roots: 0.2ms
[2025-06-23T11:12:46.099+0530][51396.927s][info][gc,phases      ] GC(65)   Evacuate Collection Set: 0.9ms
[2025-06-23T11:12:46.099+0530][51396.927s][info][gc,phases      ] GC(65)   Post Evacuate Collection Set: 0.5ms
[2025-06-23T11:12:46.099+0530][51396.927s][info][gc,phases      ] GC(65)   Other: 0.1ms
[2025-06-23T11:12:46.099+0530][51396.927s][info][gc,heap        ] GC(65) Eden regions: 20->0(20)
[2025-06-23T11:12:46.099+0530][51396.927s][info][gc,heap        ] GC(65) Survivor regions: 1->1(3)
[2025-06-23T11:12:46.099+0530][51396.927s][info][gc,heap        ] GC(65) Old regions: 11->11
[2025-06-23T11:12:46.099+0530][51396.927s][info][gc,heap        ] GC(65) Humongous regions: 0->0
[2025-06-23T11:12:46.099+0530][51396.927s][info][gc,metaspace   ] GC(65) Metaspace: 93215K(94272K)->93215K(94272K) NonClass: 82222K(82880K)->82222K(82880K) Class: 10993K(11392K)->10993K(11392K)
[2025-06-23T11:12:46.099+0530][51396.927s][info][gc             ] GC(65) Pause Young (Concurrent Start) (G1 Evacuation Pause) 126M->46M(144M) 2.436ms
[2025-06-23T11:12:46.099+0530][51396.927s][info][gc,cpu         ] GC(65) User=0.00s Sys=0.00s Real=0.00s
[2025-06-23T11:12:46.099+0530][51396.927s][info][gc             ] GC(66) Concurrent Mark Cycle
[2025-06-23T11:12:46.099+0530][51396.927s][info][gc,marking     ] GC(66) Concurrent Scan Root Regions
[2025-06-23T11:12:46.103+0530][51396.932s][info][gc,marking     ] GC(66) Concurrent Scan Root Regions 4.071ms
[2025-06-23T11:12:46.103+0530][51396.932s][info][gc,marking     ] GC(66) Concurrent Mark
[2025-06-23T11:12:46.103+0530][51396.932s][info][gc,marking     ] GC(66) Concurrent Mark From Roots
[2025-06-23T11:12:46.103+0530][51396.932s][info][gc,task        ] GC(66) Using 3 workers of 3 for marking
[2025-06-23T11:12:46.123+0530][51396.951s][info][gc,marking     ] GC(66) Concurrent Mark From Roots 19.489ms
[2025-06-23T11:12:46.123+0530][51396.951s][info][gc,marking     ] GC(66) Concurrent Preclean
[2025-06-23T11:12:46.123+0530][51396.951s][info][gc,marking     ] GC(66) Concurrent Preclean 0.283ms
[2025-06-23T11:12:46.123+0530][51396.951s][info][gc,start       ] GC(66) Pause Remark
[2025-06-23T11:12:46.127+0530][51396.955s][info][gc             ] GC(66) Pause Remark 46M->46M(144M) 3.767ms
[2025-06-23T11:12:46.127+0530][51396.955s][info][gc,cpu         ] GC(66) User=0.02s Sys=0.00s Real=0.00s
[2025-06-23T11:12:46.127+0530][51396.955s][info][gc,marking     ] GC(66) Concurrent Mark 23.792ms
[2025-06-23T11:12:46.127+0530][51396.955s][info][gc,marking     ] GC(66) Concurrent Rebuild Remembered Sets and Scrub Regions
[2025-06-23T11:12:46.133+0530][51396.962s][info][gc,marking     ] GC(66) Concurrent Rebuild Remembered Sets and Scrub Regions 6.772ms
[2025-06-23T11:12:46.134+0530][51396.962s][info][gc,start       ] GC(66) Pause Cleanup
[2025-06-23T11:12:46.134+0530][51396.962s][info][gc             ] GC(66) Pause Cleanup 46M->46M(144M) 0.103ms
[2025-06-23T11:12:46.134+0530][51396.962s][info][gc,cpu         ] GC(66) User=0.00s Sys=0.00s Real=0.00s
[2025-06-23T11:12:46.134+0530][51396.962s][info][gc,marking     ] GC(66) Concurrent Clear Claimed Marks
[2025-06-23T11:12:46.134+0530][51396.963s][info][gc,marking     ] GC(66) Concurrent Clear Claimed Marks 0.066ms
[2025-06-23T11:12:46.134+0530][51396.963s][info][gc,marking     ] GC(66) Concurrent Cleanup for Next Mark
[2025-06-23T11:12:46.134+0530][51396.963s][info][gc,marking     ] GC(66) Concurrent Cleanup for Next Mark 0.477ms
[2025-06-23T11:12:46.134+0530][51396.963s][info][gc             ] GC(66) Concurrent Mark Cycle 35.590ms
[2025-06-23T11:29:31.898+0530][52402.727s][info][gc,start       ] GC(67) Pause Young (Prepare Mixed) (G1 Evacuation Pause)
[2025-06-23T11:29:31.898+0530][52402.727s][info][gc,task        ] GC(67) Using 13 workers of 13 for evacuation
[2025-06-23T11:29:31.900+0530][52402.729s][info][gc,phases      ] GC(67)   Pre Evacuate Collection Set: 0.3ms
[2025-06-23T11:29:31.900+0530][52402.729s][info][gc,phases      ] GC(67)   Merge Heap Roots: 0.1ms
[2025-06-23T11:29:31.900+0530][52402.729s][info][gc,phases      ] GC(67)   Evacuate Collection Set: 1.1ms
[2025-06-23T11:29:31.900+0530][52402.729s][info][gc,phases      ] GC(67)   Post Evacuate Collection Set: 0.4ms
[2025-06-23T11:29:31.900+0530][52402.729s][info][gc,phases      ] GC(67)   Other: 0.1ms
[2025-06-23T11:29:31.900+0530][52402.729s][info][gc,heap        ] GC(67) Eden regions: 20->0(20)
[2025-06-23T11:29:31.900+0530][52402.729s][info][gc,heap        ] GC(67) Survivor regions: 1->1(3)
[2025-06-23T11:29:31.900+0530][52402.729s][info][gc,heap        ] GC(67) Old regions: 11->11
[2025-06-23T11:29:31.900+0530][52402.729s][info][gc,heap        ] GC(67) Humongous regions: 0->0
[2025-06-23T11:29:31.900+0530][52402.729s][info][gc,metaspace   ] GC(67) Metaspace: 93217K(94272K)->93217K(94272K) NonClass: 82223K(82880K)->82223K(82880K) Class: 10993K(11392K)->10993K(11392K)
[2025-06-23T11:29:31.900+0530][52402.729s][info][gc             ] GC(67) Pause Young (Prepare Mixed) (G1 Evacuation Pause) 126M->46M(144M) 2.340ms
[2025-06-23T11:29:31.900+0530][52402.729s][info][gc,cpu         ] GC(67) User=0.00s Sys=0.00s Real=0.00s
[2025-06-23T11:46:19.924+0530][53410.752s][info][gc,start       ] GC(68) Pause Young (Mixed) (G1 Evacuation Pause)
[2025-06-23T11:46:19.924+0530][53410.753s][info][gc,task        ] GC(68) Using 13 workers of 13 for evacuation
[2025-06-23T11:46:19.928+0530][53410.757s][info][gc,phases      ] GC(68)   Pre Evacuate Collection Set: 0.3ms
[2025-06-23T11:46:19.928+0530][53410.757s][info][gc,phases      ] GC(68)   Merge Heap Roots: 0.2ms
[2025-06-23T11:46:19.928+0530][53410.757s][info][gc,phases      ] GC(68)   Evacuate Collection Set: 3.1ms
[2025-06-23T11:46:19.928+0530][53410.757s][info][gc,phases      ] GC(68)   Post Evacuate Collection Set: 0.4ms
[2025-06-23T11:46:19.928+0530][53410.757s][info][gc,phases      ] GC(68)   Other: 0.2ms
[2025-06-23T11:46:19.928+0530][53410.757s][info][gc,heap        ] GC(68) Eden regions: 20->0(20)
[2025-06-23T11:46:19.928+0530][53410.757s][info][gc,heap        ] GC(68) Survivor regions: 1->1(3)
[2025-06-23T11:46:19.928+0530][53410.757s][info][gc,heap        ] GC(68) Old regions: 11->11
[2025-06-23T11:46:19.928+0530][53410.757s][info][gc,heap        ] GC(68) Humongous regions: 0->0
[2025-06-23T11:46:19.928+0530][53410.757s][info][gc,metaspace   ] GC(68) Metaspace: 93228K(94272K)->93228K(94272K) NonClass: 82234K(82880K)->82234K(82880K) Class: 10993K(11392K)->10993K(11392K)
[2025-06-23T11:46:19.928+0530][53410.757s][info][gc             ] GC(68) Pause Young (Mixed) (G1 Evacuation Pause) 126M->45M(144M) 4.604ms
[2025-06-23T11:46:19.928+0530][53410.757s][info][gc,cpu         ] GC(68) User=0.00s Sys=0.00s Real=0.00s
[2025-06-23T12:03:08.677+0530][54419.506s][info][gc,start       ] GC(69) Pause Young (Concurrent Start) (G1 Evacuation Pause)
[2025-06-23T12:03:08.677+0530][54419.506s][info][gc,task        ] GC(69) Using 13 workers of 13 for evacuation
[2025-06-23T12:03:08.679+0530][54419.508s][info][gc,phases      ] GC(69)   Pre Evacuate Collection Set: 0.3ms
[2025-06-23T12:03:08.679+0530][54419.508s][info][gc,phases      ] GC(69)   Merge Heap Roots: 0.1ms
[2025-06-23T12:03:08.679+0530][54419.508s][info][gc,phases      ] GC(69)   Evacuate Collection Set: 1.0ms
[2025-06-23T12:03:08.679+0530][54419.508s][info][gc,phases      ] GC(69)   Post Evacuate Collection Set: 0.5ms
[2025-06-23T12:03:08.679+0530][54419.508s][info][gc,phases      ] GC(69)   Other: 0.1ms
[2025-06-23T12:03:08.679+0530][54419.508s][info][gc,heap        ] GC(69) Eden regions: 20->0(20)
[2025-06-23T12:03:08.679+0530][54419.508s][info][gc,heap        ] GC(69) Survivor regions: 1->1(3)
[2025-06-23T12:03:08.679+0530][54419.508s][info][gc,heap        ] GC(69) Old regions: 11->11
[2025-06-23T12:03:08.679+0530][54419.508s][info][gc,heap        ] GC(69) Humongous regions: 0->0
[2025-06-23T12:03:08.679+0530][54419.508s][info][gc,metaspace   ] GC(69) Metaspace: 93228K(94272K)->93228K(94272K) NonClass: 82234K(82880K)->82234K(82880K) Class: 10993K(11392K)->10993K(11392K)
[2025-06-23T12:03:08.679+0530][54419.508s][info][gc             ] GC(69) Pause Young (Concurrent Start) (G1 Evacuation Pause) 125M->45M(144M) 2.308ms
[2025-06-23T12:03:08.679+0530][54419.508s][info][gc,cpu         ] GC(69) User=0.00s Sys=0.00s Real=0.00s
[2025-06-23T12:03:08.679+0530][54419.508s][info][gc             ] GC(70) Concurrent Mark Cycle
[2025-06-23T12:03:08.679+0530][54419.508s][info][gc,marking     ] GC(70) Concurrent Scan Root Regions
[2025-06-23T12:03:08.684+0530][54419.512s][info][gc,marking     ] GC(70) Concurrent Scan Root Regions 3.915ms
[2025-06-23T12:03:08.684+0530][54419.512s][info][gc,marking     ] GC(70) Concurrent Mark
[2025-06-23T12:03:08.684+0530][54419.512s][info][gc,marking     ] GC(70) Concurrent Mark From Roots
[2025-06-23T12:03:08.684+0530][54419.512s][info][gc,task        ] GC(70) Using 3 workers of 3 for marking
[2025-06-23T12:03:08.704+0530][54419.532s][info][gc,marking     ] GC(70) Concurrent Mark From Roots 19.651ms
[2025-06-23T12:03:08.704+0530][54419.532s][info][gc,marking     ] GC(70) Concurrent Preclean
[2025-06-23T12:03:08.704+0530][54419.532s][info][gc,marking     ] GC(70) Concurrent Preclean 0.289ms
[2025-06-23T12:03:08.704+0530][54419.532s][info][gc,start       ] GC(70) Pause Remark
[2025-06-23T12:03:08.715+0530][54419.544s][info][gc             ] GC(70) Pause Remark 45M->45M(144M) 11.514ms
[2025-06-23T12:03:08.715+0530][54419.544s][info][gc,cpu         ] GC(70) User=0.00s Sys=0.00s Real=0.01s
[2025-06-23T12:03:08.715+0530][54419.544s][info][gc,marking     ] GC(70) Concurrent Mark 31.683ms
[2025-06-23T12:03:08.715+0530][54419.544s][info][gc,marking     ] GC(70) Concurrent Rebuild Remembered Sets and Scrub Regions
[2025-06-23T12:03:08.721+0530][54419.549s][info][gc,marking     ] GC(70) Concurrent Rebuild Remembered Sets and Scrub Regions 5.195ms
[2025-06-23T12:03:08.721+0530][54419.549s][info][gc,start       ] GC(70) Pause Cleanup
[2025-06-23T12:03:08.721+0530][54419.550s][info][gc             ] GC(70) Pause Cleanup 45M->45M(144M) 0.105ms
[2025-06-23T12:03:08.721+0530][54419.550s][info][gc,cpu         ] GC(70) User=0.00s Sys=0.00s Real=0.00s
[2025-06-23T12:03:08.721+0530][54419.550s][info][gc,marking     ] GC(70) Concurrent Clear Claimed Marks
[2025-06-23T12:03:08.721+0530][54419.550s][info][gc,marking     ] GC(70) Concurrent Clear Claimed Marks 0.072ms
[2025-06-23T12:03:08.721+0530][54419.550s][info][gc,marking     ] GC(70) Concurrent Cleanup for Next Mark
[2025-06-23T12:03:08.722+0530][54419.550s][info][gc,marking     ] GC(70) Concurrent Cleanup for Next Mark 0.312ms
[2025-06-23T12:03:08.722+0530][54419.550s][info][gc             ] GC(70) Concurrent Mark Cycle 41.706ms
[2025-06-23T12:19:58.334+0530][55429.162s][info][gc,start       ] GC(71) Pause Young (Prepare Mixed) (G1 Evacuation Pause)
[2025-06-23T12:19:58.334+0530][55429.162s][info][gc,task        ] GC(71) Using 13 workers of 13 for evacuation
[2025-06-23T12:19:58.336+0530][55429.165s][info][gc,phases      ] GC(71)   Pre Evacuate Collection Set: 0.3ms
[2025-06-23T12:19:58.336+0530][55429.165s][info][gc,phases      ] GC(71)   Merge Heap Roots: 0.1ms
[2025-06-23T12:19:58.336+0530][55429.165s][info][gc,phases      ] GC(71)   Evacuate Collection Set: 1.2ms
[2025-06-23T12:19:58.336+0530][55429.165s][info][gc,phases      ] GC(71)   Post Evacuate Collection Set: 0.5ms
[2025-06-23T12:19:58.336+0530][55429.165s][info][gc,phases      ] GC(71)   Other: 0.1ms
[2025-06-23T12:19:58.336+0530][55429.165s][info][gc,heap        ] GC(71) Eden regions: 20->0(20)
[2025-06-23T12:19:58.336+0530][55429.165s][info][gc,heap        ] GC(71) Survivor regions: 1->1(3)
[2025-06-23T12:19:58.336+0530][55429.165s][info][gc,heap        ] GC(71) Old regions: 11->11
[2025-06-23T12:19:58.336+0530][55429.165s][info][gc,heap        ] GC(71) Humongous regions: 0->0
[2025-06-23T12:19:58.336+0530][55429.165s][info][gc,metaspace   ] GC(71) Metaspace: 93228K(94272K)->93228K(94272K) NonClass: 82234K(82880K)->82234K(82880K) Class: 10993K(11392K)->10993K(11392K)
[2025-06-23T12:19:58.336+0530][55429.165s][info][gc             ] GC(71) Pause Young (Prepare Mixed) (G1 Evacuation Pause) 125M->45M(144M) 2.683ms
[2025-06-23T12:19:58.336+0530][55429.165s][info][gc,cpu         ] GC(71) User=0.00s Sys=0.00s Real=0.00s
[2025-06-23T12:36:47.190+0530][56438.018s][info][gc,start       ] GC(72) Pause Young (Mixed) (G1 Evacuation Pause)
[2025-06-23T12:36:47.190+0530][56438.019s][info][gc,task        ] GC(72) Using 13 workers of 13 for evacuation
[2025-06-23T12:36:47.193+0530][56438.021s][info][gc,phases      ] GC(72)   Pre Evacuate Collection Set: 0.4ms
[2025-06-23T12:36:47.193+0530][56438.021s][info][gc,phases      ] GC(72)   Merge Heap Roots: 0.1ms
[2025-06-23T12:36:47.193+0530][56438.021s][info][gc,phases      ] GC(72)   Evacuate Collection Set: 1.5ms
[2025-06-23T12:36:47.193+0530][56438.021s][info][gc,phases      ] GC(72)   Post Evacuate Collection Set: 0.4ms
[2025-06-23T12:36:47.193+0530][56438.021s][info][gc,phases      ] GC(72)   Other: 0.2ms
[2025-06-23T12:36:47.193+0530][56438.021s][info][gc,heap        ] GC(72) Eden regions: 20->0(20)
[2025-06-23T12:36:47.193+0530][56438.021s][info][gc,heap        ] GC(72) Survivor regions: 1->1(3)
[2025-06-23T12:36:47.193+0530][56438.021s][info][gc,heap        ] GC(72) Old regions: 11->11
[2025-06-23T12:36:47.193+0530][56438.021s][info][gc,heap        ] GC(72) Humongous regions: 0->0
[2025-06-23T12:36:47.193+0530][56438.021s][info][gc,metaspace   ] GC(72) Metaspace: 93228K(94272K)->93228K(94272K) NonClass: 82234K(82880K)->82234K(82880K) Class: 10993K(11392K)->10993K(11392K)
[2025-06-23T12:36:47.193+0530][56438.021s][info][gc             ] GC(72) Pause Young (Mixed) (G1 Evacuation Pause) 125M->44M(144M) 3.071ms
[2025-06-23T12:36:47.193+0530][56438.022s][info][gc,cpu         ] GC(72) User=0.00s Sys=0.00s Real=0.00s
[2025-06-23T12:53:36.660+0530][57447.488s][info][gc,start       ] GC(73) Pause Young (Concurrent Start) (G1 Evacuation Pause)
[2025-06-23T12:53:36.660+0530][57447.488s][info][gc,task        ] GC(73) Using 13 workers of 13 for evacuation
[2025-06-23T12:53:36.661+0530][57447.490s][info][gc,phases      ] GC(73)   Pre Evacuate Collection Set: 0.4ms
[2025-06-23T12:53:36.661+0530][57447.490s][info][gc,phases      ] GC(73)   Merge Heap Roots: 0.1ms
[2025-06-23T12:53:36.661+0530][57447.490s][info][gc,phases      ] GC(73)   Evacuate Collection Set: 0.9ms
[2025-06-23T12:53:36.661+0530][57447.490s][info][gc,phases      ] GC(73)   Post Evacuate Collection Set: 0.3ms
[2025-06-23T12:53:36.661+0530][57447.490s][info][gc,phases      ] GC(73)   Other: 0.1ms
[2025-06-23T12:53:36.661+0530][57447.490s][info][gc,heap        ] GC(73) Eden regions: 20->0(19)
[2025-06-23T12:53:36.661+0530][57447.490s][info][gc,heap        ] GC(73) Survivor regions: 1->1(3)
[2025-06-23T12:53:36.661+0530][57447.490s][info][gc,heap        ] GC(73) Old regions: 11->12
[2025-06-23T12:53:36.661+0530][57447.490s][info][gc,heap        ] GC(73) Humongous regions: 0->0
[2025-06-23T12:53:36.661+0530][57447.490s][info][gc,metaspace   ] GC(73) Metaspace: 93228K(94272K)->93228K(94272K) NonClass: 82234K(82880K)->82234K(82880K) Class: 10993K(11392K)->10993K(11392K)
[2025-06-23T12:53:36.661+0530][57447.491s][info][gc             ] GC(73) Pause Young (Concurrent Start) (G1 Evacuation Pause) 124M->44M(144M) 2.277ms
[2025-06-23T12:53:36.661+0530][57447.491s][info][gc,cpu         ] GC(73) User=0.00s Sys=0.00s Real=0.00s
[2025-06-23T12:53:36.661+0530][57447.491s][info][gc             ] GC(74) Concurrent Mark Cycle
[2025-06-23T12:53:36.662+0530][57447.491s][info][gc,marking     ] GC(74) Concurrent Scan Root Regions
[2025-06-23T12:53:36.663+0530][57447.492s][info][gc,marking     ] GC(74) Concurrent Scan Root Regions 1.319ms
[2025-06-23T12:53:36.663+0530][57447.492s][info][gc,marking     ] GC(74) Concurrent Mark
[2025-06-23T12:53:36.663+0530][57447.492s][info][gc,marking     ] GC(74) Concurrent Mark From Roots
[2025-06-23T12:53:36.663+0530][57447.492s][info][gc,task        ] GC(74) Using 3 workers of 3 for marking
[2025-06-23T12:53:36.680+0530][57447.509s][info][gc,marking     ] GC(74) Concurrent Mark From Roots 16.879ms
[2025-06-23T12:53:36.680+0530][57447.509s][info][gc,marking     ] GC(74) Concurrent Preclean
[2025-06-23T12:53:36.681+0530][57447.509s][info][gc,marking     ] GC(74) Concurrent Preclean 0.388ms
[2025-06-23T12:53:36.681+0530][57447.509s][info][gc,start       ] GC(74) Pause Remark
[2025-06-23T12:53:36.682+0530][57447.511s][info][gc             ] GC(74) Pause Remark 44M->44M(144M) 1.562ms
[2025-06-23T12:53:36.682+0530][57447.511s][info][gc,cpu         ] GC(74) User=0.00s Sys=0.00s Real=0.00s
[2025-06-23T12:53:36.682+0530][57447.511s][info][gc,marking     ] GC(74) Concurrent Mark 19.062ms
[2025-06-23T12:53:36.682+0530][57447.511s][info][gc,marking     ] GC(74) Concurrent Rebuild Remembered Sets and Scrub Regions
[2025-06-23T12:53:36.688+0530][57447.516s][info][gc,marking     ] GC(74) Concurrent Rebuild Remembered Sets and Scrub Regions 5.432ms
[2025-06-23T12:53:36.688+0530][57447.517s][info][gc,start       ] GC(74) Pause Cleanup
[2025-06-23T12:53:36.688+0530][57447.517s][info][gc             ] GC(74) Pause Cleanup 44M->44M(144M) 0.082ms
[2025-06-23T12:53:36.688+0530][57447.517s][info][gc,cpu         ] GC(74) User=0.00s Sys=0.00s Real=0.00s
[2025-06-23T12:53:36.688+0530][57447.517s][info][gc,marking     ] GC(74) Concurrent Clear Claimed Marks
[2025-06-23T12:53:36.688+0530][57447.517s][info][gc,marking     ] GC(74) Concurrent Clear Claimed Marks 0.057ms
[2025-06-23T12:53:36.688+0530][57447.517s][info][gc,marking     ] GC(74) Concurrent Cleanup for Next Mark
[2025-06-23T12:53:36.688+0530][57447.517s][info][gc,marking     ] GC(74) Concurrent Cleanup for Next Mark 0.264ms
[2025-06-23T12:53:36.688+0530][57447.517s][info][gc             ] GC(74) Concurrent Mark Cycle 26.528ms
[2025-06-23T13:09:32.012+0530][58402.840s][info][gc,start       ] GC(75) Pause Young (Prepare Mixed) (G1 Evacuation Pause)
[2025-06-23T13:09:32.012+0530][58402.840s][info][gc,task        ] GC(75) Using 13 workers of 13 for evacuation
[2025-06-23T13:09:32.013+0530][58402.841s][info][gc,phases      ] GC(75)   Pre Evacuate Collection Set: 0.2ms
[2025-06-23T13:09:32.013+0530][58402.841s][info][gc,phases      ] GC(75)   Merge Heap Roots: 0.1ms
[2025-06-23T13:09:32.013+0530][58402.841s][info][gc,phases      ] GC(75)   Evacuate Collection Set: 0.4ms
[2025-06-23T13:09:32.013+0530][58402.841s][info][gc,phases      ] GC(75)   Post Evacuate Collection Set: 0.2ms
[2025-06-23T13:09:32.013+0530][58402.841s][info][gc,phases      ] GC(75)   Other: 0.1ms
[2025-06-23T13:09:32.013+0530][58402.841s][info][gc,heap        ] GC(75) Eden regions: 19->0(19)
[2025-06-23T13:09:32.013+0530][58402.841s][info][gc,heap        ] GC(75) Survivor regions: 1->1(3)
[2025-06-23T13:09:32.013+0530][58402.841s][info][gc,heap        ] GC(75) Old regions: 12->12
[2025-06-23T13:09:32.013+0530][58402.841s][info][gc,heap        ] GC(75) Humongous regions: 0->0
[2025-06-23T13:09:32.013+0530][58402.841s][info][gc,metaspace   ] GC(75) Metaspace: 93231K(94272K)->93231K(94272K) NonClass: 82237K(82880K)->82237K(82880K) Class: 10993K(11392K)->10993K(11392K)
[2025-06-23T13:09:32.013+0530][58402.841s][info][gc             ] GC(75) Pause Young (Prepare Mixed) (G1 Evacuation Pause) 120M->44M(144M) 1.271ms
[2025-06-23T13:09:32.013+0530][58402.842s][info][gc,cpu         ] GC(75) User=0.00s Sys=0.00s Real=0.00s
[2025-06-23T13:25:32.408+0530][59363.237s][info][gc,start       ] GC(76) Pause Young (Mixed) (G1 Evacuation Pause)
[2025-06-23T13:25:32.408+0530][59363.237s][info][gc,task        ] GC(76) Using 13 workers of 13 for evacuation
[2025-06-23T13:25:32.411+0530][59363.240s][info][gc,phases      ] GC(76)   Pre Evacuate Collection Set: 0.2ms
[2025-06-23T13:25:32.411+0530][59363.240s][info][gc,phases      ] GC(76)   Merge Heap Roots: 0.1ms
[2025-06-23T13:25:32.411+0530][59363.240s][info][gc,phases      ] GC(76)   Evacuate Collection Set: 1.9ms
[2025-06-23T13:25:32.411+0530][59363.240s][info][gc,phases      ] GC(76)   Post Evacuate Collection Set: 0.3ms
[2025-06-23T13:25:32.411+0530][59363.240s][info][gc,phases      ] GC(76)   Other: 0.2ms
[2025-06-23T13:25:32.411+0530][59363.240s][info][gc,heap        ] GC(76) Eden regions: 19->0(20)
[2025-06-23T13:25:32.411+0530][59363.240s][info][gc,heap        ] GC(76) Survivor regions: 1->1(3)
[2025-06-23T13:25:32.411+0530][59363.240s][info][gc,heap        ] GC(76) Old regions: 12->11
[2025-06-23T13:25:32.411+0530][59363.240s][info][gc,heap        ] GC(76) Humongous regions: 0->0
[2025-06-23T13:25:32.411+0530][59363.240s][info][gc,metaspace   ] GC(76) Metaspace: 93231K(94272K)->93231K(94272K) NonClass: 82237K(82880K)->82237K(82880K) Class: 10993K(11392K)->10993K(11392K)
[2025-06-23T13:25:32.411+0530][59363.240s][info][gc             ] GC(76) Pause Young (Mixed) (G1 Evacuation Pause) 120M->43M(144M) 2.916ms
[2025-06-23T13:25:32.411+0530][59363.240s][info][gc,cpu         ] GC(76) User=0.00s Sys=0.00s Real=0.00s
[2025-06-23T13:42:22.155+0530][60372.984s][info][gc,start       ] GC(77) Pause Young (Concurrent Start) (G1 Evacuation Pause)
[2025-06-23T13:42:22.155+0530][60372.984s][info][gc,task        ] GC(77) Using 13 workers of 13 for evacuation
[2025-06-23T13:42:22.157+0530][60372.986s][info][gc,phases      ] GC(77)   Pre Evacuate Collection Set: 0.4ms
[2025-06-23T13:42:22.157+0530][60372.986s][info][gc,phases      ] GC(77)   Merge Heap Roots: 0.1ms
[2025-06-23T13:42:22.157+0530][60372.986s][info][gc,phases      ] GC(77)   Evacuate Collection Set: 0.8ms
[2025-06-23T13:42:22.157+0530][60372.986s][info][gc,phases      ] GC(77)   Post Evacuate Collection Set: 0.3ms
[2025-06-23T13:42:22.157+0530][60372.986s][info][gc,phases      ] GC(77)   Other: 0.2ms
[2025-06-23T13:42:22.157+0530][60372.986s][info][gc,heap        ] GC(77) Eden regions: 20->0(20)
[2025-06-23T13:42:22.157+0530][60372.986s][info][gc,heap        ] GC(77) Survivor regions: 1->1(3)
[2025-06-23T13:42:22.157+0530][60372.986s][info][gc,heap        ] GC(77) Old regions: 11->11
[2025-06-23T13:42:22.157+0530][60372.986s][info][gc,heap        ] GC(77) Humongous regions: 0->0
[2025-06-23T13:42:22.157+0530][60372.986s][info][gc,metaspace   ] GC(77) Metaspace: 93231K(94272K)->93231K(94272K) NonClass: 82237K(82880K)->82237K(82880K) Class: 10994K(11392K)->10994K(11392K)
[2025-06-23T13:42:22.157+0530][60372.986s][info][gc             ] GC(77) Pause Young (Concurrent Start) (G1 Evacuation Pause) 123M->43M(144M) 2.196ms
[2025-06-23T13:42:22.157+0530][60372.986s][info][gc,cpu         ] GC(77) User=0.00s Sys=0.00s Real=0.00s
[2025-06-23T13:42:22.157+0530][60372.986s][info][gc             ] GC(78) Concurrent Mark Cycle
[2025-06-23T13:42:22.157+0530][60372.986s][info][gc,marking     ] GC(78) Concurrent Scan Root Regions
[2025-06-23T13:42:22.158+0530][60372.987s][info][gc,marking     ] GC(78) Concurrent Scan Root Regions 1.243ms
[2025-06-23T13:42:22.158+0530][60372.987s][info][gc,marking     ] GC(78) Concurrent Mark
[2025-06-23T13:42:22.158+0530][60372.987s][info][gc,marking     ] GC(78) Concurrent Mark From Roots
[2025-06-23T13:42:22.158+0530][60372.987s][info][gc,task        ] GC(78) Using 3 workers of 3 for marking
[2025-06-23T13:42:22.179+0530][60373.008s][info][gc,marking     ] GC(78) Concurrent Mark From Roots 21.022ms
[2025-06-23T13:42:22.179+0530][60373.008s][info][gc,marking     ] GC(78) Concurrent Preclean
[2025-06-23T13:42:22.180+0530][60373.009s][info][gc,marking     ] GC(78) Concurrent Preclean 0.340ms
[2025-06-23T13:42:22.180+0530][60373.009s][info][gc,start       ] GC(78) Pause Remark
[2025-06-23T13:42:22.182+0530][60373.011s][info][gc             ] GC(78) Pause Remark 43M->43M(144M) 2.438ms
[2025-06-23T13:42:22.182+0530][60373.011s][info][gc,cpu         ] GC(78) User=0.00s Sys=0.00s Real=0.00s
[2025-06-23T13:42:22.182+0530][60373.011s][info][gc,marking     ] GC(78) Concurrent Mark 24.014ms
[2025-06-23T13:42:22.182+0530][60373.011s][info][gc,marking     ] GC(78) Concurrent Rebuild Remembered Sets and Scrub Regions
[2025-06-23T13:42:22.188+0530][60373.017s][info][gc,marking     ] GC(78) Concurrent Rebuild Remembered Sets and Scrub Regions 5.649ms
[2025-06-23T13:42:22.188+0530][60373.017s][info][gc,start       ] GC(78) Pause Cleanup
[2025-06-23T13:42:22.188+0530][60373.017s][info][gc             ] GC(78) Pause Cleanup 43M->43M(144M) 0.122ms
[2025-06-23T13:42:22.188+0530][60373.017s][info][gc,cpu         ] GC(78) User=0.00s Sys=0.00s Real=0.00s
[2025-06-23T13:42:22.188+0530][60373.017s][info][gc,marking     ] GC(78) Concurrent Clear Claimed Marks
[2025-06-23T13:42:22.188+0530][60373.017s][info][gc,marking     ] GC(78) Concurrent Clear Claimed Marks 0.064ms
[2025-06-23T13:42:22.188+0530][60373.017s][info][gc,marking     ] GC(78) Concurrent Cleanup for Next Mark
[2025-06-23T13:42:22.189+0530][60373.017s][info][gc,marking     ] GC(78) Concurrent Cleanup for Next Mark 0.308ms
[2025-06-23T13:42:22.189+0530][60373.018s][info][gc             ] GC(78) Concurrent Mark Cycle 31.763ms
[2025-06-23T13:59:11.005+0530][61381.833s][info][gc,start       ] GC(79) Pause Young (Prepare Mixed) (G1 Evacuation Pause)
[2025-06-23T13:59:11.005+0530][61381.833s][info][gc,task        ] GC(79) Using 13 workers of 13 for evacuation
[2025-06-23T13:59:11.006+0530][61381.835s][info][gc,phases      ] GC(79)   Pre Evacuate Collection Set: 0.3ms
[2025-06-23T13:59:11.006+0530][61381.835s][info][gc,phases      ] GC(79)   Merge Heap Roots: 0.1ms
[2025-06-23T13:59:11.006+0530][61381.835s][info][gc,phases      ] GC(79)   Evacuate Collection Set: 0.5ms
[2025-06-23T13:59:11.006+0530][61381.835s][info][gc,phases      ] GC(79)   Post Evacuate Collection Set: 0.3ms
[2025-06-23T13:59:11.006+0530][61381.835s][info][gc,phases      ] GC(79)   Other: 0.1ms
[2025-06-23T13:59:11.006+0530][61381.835s][info][gc,heap        ] GC(79) Eden regions: 20->0(20)
[2025-06-23T13:59:11.006+0530][61381.835s][info][gc,heap        ] GC(79) Survivor regions: 1->1(3)
[2025-06-23T13:59:11.006+0530][61381.835s][info][gc,heap        ] GC(79) Old regions: 11->11
[2025-06-23T13:59:11.006+0530][61381.835s][info][gc,heap        ] GC(79) Humongous regions: 0->0
[2025-06-23T13:59:11.006+0530][61381.835s][info][gc,metaspace   ] GC(79) Metaspace: 93231K(94272K)->93231K(94272K) NonClass: 82237K(82880K)->82237K(82880K) Class: 10994K(11392K)->10994K(11392K)
[2025-06-23T13:59:11.006+0530][61381.835s][info][gc             ] GC(79) Pause Young (Prepare Mixed) (G1 Evacuation Pause) 123M->43M(144M) 1.653ms
[2025-06-23T13:59:11.006+0530][61381.835s][info][gc,cpu         ] GC(79) User=0.00s Sys=0.00s Real=0.00s
[2025-06-23T14:16:00.090+0530][62390.918s][info][gc,start       ] GC(80) Pause Young (Mixed) (G1 Evacuation Pause)
[2025-06-23T14:16:00.090+0530][62390.919s][info][gc,task        ] GC(80) Using 13 workers of 13 for evacuation
[2025-06-23T14:16:00.092+0530][62390.921s][info][gc,phases      ] GC(80)   Pre Evacuate Collection Set: 0.4ms
[2025-06-23T14:16:00.092+0530][62390.921s][info][gc,phases      ] GC(80)   Merge Heap Roots: 0.1ms
[2025-06-23T14:16:00.092+0530][62390.921s][info][gc,phases      ] GC(80)   Evacuate Collection Set: 1.7ms
[2025-06-23T14:16:00.092+0530][62390.921s][info][gc,phases      ] GC(80)   Post Evacuate Collection Set: 0.2ms
[2025-06-23T14:16:00.092+0530][62390.921s][info][gc,phases      ] GC(80)   Other: 0.1ms
[2025-06-23T14:16:00.092+0530][62390.921s][info][gc,heap        ] GC(80) Eden regions: 20->0(20)
[2025-06-23T14:16:00.092+0530][62390.921s][info][gc,heap        ] GC(80) Survivor regions: 1->1(3)
[2025-06-23T14:16:00.092+0530][62390.921s][info][gc,heap        ] GC(80) Old regions: 11->11
[2025-06-23T14:16:00.092+0530][62390.921s][info][gc,heap        ] GC(80) Humongous regions: 0->0
[2025-06-23T14:16:00.092+0530][62390.921s][info][gc,metaspace   ] GC(80) Metaspace: 93231K(94272K)->93231K(94272K) NonClass: 82237K(82880K)->82237K(82880K) Class: 10994K(11392K)->10994K(11392K)
[2025-06-23T14:16:00.092+0530][62390.921s][info][gc             ] GC(80) Pause Young (Mixed) (G1 Evacuation Pause) 123M->42M(144M) 2.931ms
[2025-06-23T14:16:00.092+0530][62390.921s][info][gc,cpu         ] GC(80) User=0.00s Sys=0.00s Real=0.00s
[2025-06-23T14:32:48.314+0530][63399.142s][info][gc,start       ] GC(81) Pause Young (Concurrent Start) (G1 Evacuation Pause)
[2025-06-23T14:32:48.314+0530][63399.142s][info][gc,task        ] GC(81) Using 13 workers of 13 for evacuation
[2025-06-23T14:32:48.315+0530][63399.144s][info][gc,phases      ] GC(81)   Pre Evacuate Collection Set: 0.3ms
[2025-06-23T14:32:48.315+0530][63399.144s][info][gc,phases      ] GC(81)   Merge Heap Roots: 0.1ms
[2025-06-23T14:32:48.315+0530][63399.144s][info][gc,phases      ] GC(81)   Evacuate Collection Set: 0.8ms
[2025-06-23T14:32:48.315+0530][63399.144s][info][gc,phases      ] GC(81)   Post Evacuate Collection Set: 0.2ms
[2025-06-23T14:32:48.315+0530][63399.144s][info][gc,phases      ] GC(81)   Other: 0.1ms
[2025-06-23T14:32:48.315+0530][63399.144s][info][gc,heap        ] GC(81) Eden regions: 20->0(20)
[2025-06-23T14:32:48.315+0530][63399.144s][info][gc,heap        ] GC(81) Survivor regions: 1->1(3)
[2025-06-23T14:32:48.315+0530][63399.144s][info][gc,heap        ] GC(81) Old regions: 11->11
[2025-06-23T14:32:48.315+0530][63399.144s][info][gc,heap        ] GC(81) Humongous regions: 0->0
[2025-06-23T14:32:48.315+0530][63399.144s][info][gc,metaspace   ] GC(81) Metaspace: 93237K(94272K)->93237K(94272K) NonClass: 82243K(82880K)->82243K(82880K) Class: 10994K(11392K)->10994K(11392K)
[2025-06-23T14:32:48.315+0530][63399.144s][info][gc             ] GC(81) Pause Young (Concurrent Start) (G1 Evacuation Pause) 122M->42M(144M) 1.819ms
[2025-06-23T14:32:48.315+0530][63399.144s][info][gc,cpu         ] GC(81) User=0.00s Sys=0.00s Real=0.00s
[2025-06-23T14:32:48.315+0530][63399.144s][info][gc             ] GC(82) Concurrent Mark Cycle
[2025-06-23T14:32:48.316+0530][63399.144s][info][gc,marking     ] GC(82) Concurrent Scan Root Regions
[2025-06-23T14:32:48.317+0530][63399.145s][info][gc,marking     ] GC(82) Concurrent Scan Root Regions 0.998ms
[2025-06-23T14:32:48.317+0530][63399.145s][info][gc,marking     ] GC(82) Concurrent Mark
[2025-06-23T14:32:48.317+0530][63399.145s][info][gc,marking     ] GC(82) Concurrent Mark From Roots
[2025-06-23T14:32:48.317+0530][63399.145s][info][gc,task        ] GC(82) Using 3 workers of 3 for marking
[2025-06-23T14:32:48.333+0530][63399.161s][info][gc,marking     ] GC(82) Concurrent Mark From Roots 16.312ms
[2025-06-23T14:32:48.333+0530][63399.161s][info][gc,marking     ] GC(82) Concurrent Preclean
[2025-06-23T14:32:48.333+0530][63399.162s][info][gc,marking     ] GC(82) Concurrent Preclean 0.311ms
[2025-06-23T14:32:48.333+0530][63399.162s][info][gc,start       ] GC(82) Pause Remark
[2025-06-23T14:32:48.335+0530][63399.163s][info][gc             ] GC(82) Pause Remark 42M->42M(144M) 1.540ms
[2025-06-23T14:32:48.335+0530][63399.163s][info][gc,cpu         ] GC(82) User=0.00s Sys=0.00s Real=0.00s
[2025-06-23T14:32:48.335+0530][63399.163s][info][gc,marking     ] GC(82) Concurrent Mark 18.353ms
[2025-06-23T14:32:48.335+0530][63399.163s][info][gc,marking     ] GC(82) Concurrent Rebuild Remembered Sets and Scrub Regions
[2025-06-23T14:32:48.341+0530][63399.169s][info][gc,marking     ] GC(82) Concurrent Rebuild Remembered Sets and Scrub Regions 5.406ms
[2025-06-23T14:32:48.341+0530][63399.169s][info][gc,start       ] GC(82) Pause Cleanup
[2025-06-23T14:32:48.341+0530][63399.169s][info][gc             ] GC(82) Pause Cleanup 42M->42M(144M) 0.091ms
[2025-06-23T14:32:48.341+0530][63399.169s][info][gc,cpu         ] GC(82) User=0.00s Sys=0.00s Real=0.00s
[2025-06-23T14:32:48.341+0530][63399.169s][info][gc,marking     ] GC(82) Concurrent Clear Claimed Marks
[2025-06-23T14:32:48.341+0530][63399.169s][info][gc,marking     ] GC(82) Concurrent Clear Claimed Marks 0.059ms
[2025-06-23T14:32:48.341+0530][63399.169s][info][gc,marking     ] GC(82) Concurrent Cleanup for Next Mark
[2025-06-23T14:32:48.341+0530][63399.169s][info][gc,marking     ] GC(82) Concurrent Cleanup for Next Mark 0.276ms
[2025-06-23T14:32:48.341+0530][63399.169s][info][gc             ] GC(82) Concurrent Mark Cycle 25.463ms
[2025-06-23T14:49:36.685+0530][64407.514s][info][gc,start       ] GC(83) Pause Young (Prepare Mixed) (G1 Evacuation Pause)
[2025-06-23T14:49:36.685+0530][64407.514s][info][gc,task        ] GC(83) Using 13 workers of 13 for evacuation
[2025-06-23T14:49:36.686+0530][64407.515s][info][gc,phases      ] GC(83)   Pre Evacuate Collection Set: 0.2ms
[2025-06-23T14:49:36.686+0530][64407.515s][info][gc,phases      ] GC(83)   Merge Heap Roots: 0.1ms
[2025-06-23T14:49:36.686+0530][64407.515s][info][gc,phases      ] GC(83)   Evacuate Collection Set: 0.5ms
[2025-06-23T14:49:36.686+0530][64407.515s][info][gc,phases      ] GC(83)   Post Evacuate Collection Set: 0.2ms
[2025-06-23T14:49:36.686+0530][64407.515s][info][gc,phases      ] GC(83)   Other: 0.1ms
[2025-06-23T14:49:36.686+0530][64407.515s][info][gc,heap        ] GC(83) Eden regions: 20->0(20)
[2025-06-23T14:49:36.686+0530][64407.515s][info][gc,heap        ] GC(83) Survivor regions: 1->1(3)
[2025-06-23T14:49:36.686+0530][64407.515s][info][gc,heap        ] GC(83) Old regions: 11->11
[2025-06-23T14:49:36.686+0530][64407.515s][info][gc,heap        ] GC(83) Humongous regions: 0->0
[2025-06-23T14:49:36.686+0530][64407.515s][info][gc,metaspace   ] GC(83) Metaspace: 93243K(94272K)->93243K(94272K) NonClass: 82249K(82880K)->82249K(82880K) Class: 10994K(11392K)->10994K(11392K)
[2025-06-23T14:49:36.686+0530][64407.515s][info][gc             ] GC(83) Pause Young (Prepare Mixed) (G1 Evacuation Pause) 122M->42M(144M) 1.641ms
[2025-06-23T14:49:36.686+0530][64407.515s][info][gc,cpu         ] GC(83) User=0.03s Sys=0.00s Real=0.00s
[2025-06-23T15:06:24.950+0530][65415.779s][info][gc,start       ] GC(84) Pause Young (Mixed) (G1 Evacuation Pause)
[2025-06-23T15:06:24.950+0530][65415.779s][info][gc,task        ] GC(84) Using 13 workers of 13 for evacuation
[2025-06-23T15:06:24.953+0530][65415.782s][info][gc,phases      ] GC(84)   Pre Evacuate Collection Set: 0.3ms
[2025-06-23T15:06:24.953+0530][65415.782s][info][gc,phases      ] GC(84)   Merge Heap Roots: 0.2ms
[2025-06-23T15:06:24.953+0530][65415.782s][info][gc,phases      ] GC(84)   Evacuate Collection Set: 2.4ms
[2025-06-23T15:06:24.953+0530][65415.782s][info][gc,phases      ] GC(84)   Post Evacuate Collection Set: 0.2ms
[2025-06-23T15:06:24.953+0530][65415.782s][info][gc,phases      ] GC(84)   Other: 0.1ms
[2025-06-23T15:06:24.953+0530][65415.782s][info][gc,heap        ] GC(84) Eden regions: 20->0(20)
[2025-06-23T15:06:24.953+0530][65415.782s][info][gc,heap        ] GC(84) Survivor regions: 1->1(3)
[2025-06-23T15:06:24.953+0530][65415.782s][info][gc,heap        ] GC(84) Old regions: 11->11
[2025-06-23T15:06:24.953+0530][65415.782s][info][gc,heap        ] GC(84) Humongous regions: 0->0
[2025-06-23T15:06:24.953+0530][65415.782s][info][gc,metaspace   ] GC(84) Metaspace: 93244K(94272K)->93244K(94272K) NonClass: 82249K(82880K)->82249K(82880K) Class: 10994K(11392K)->10994K(11392K)
[2025-06-23T15:06:24.953+0530][65415.782s][info][gc             ] GC(84) Pause Young (Mixed) (G1 Evacuation Pause) 122M->41M(144M) 3.488ms
[2025-06-23T15:06:24.953+0530][65415.782s][info][gc,cpu         ] GC(84) User=0.00s Sys=0.00s Real=0.00s
[2025-06-23T15:23:19.919+0530][66430.747s][info][gc,start       ] GC(85) Pause Young (Concurrent Start) (G1 Evacuation Pause)
[2025-06-23T15:23:19.919+0530][66430.747s][info][gc,task        ] GC(85) Using 13 workers of 13 for evacuation
[2025-06-23T15:23:19.921+0530][66430.749s][info][gc,phases      ] GC(85)   Pre Evacuate Collection Set: 0.5ms
[2025-06-23T15:23:19.921+0530][66430.749s][info][gc,phases      ] GC(85)   Merge Heap Roots: 0.1ms
[2025-06-23T15:23:19.921+0530][66430.749s][info][gc,phases      ] GC(85)   Evacuate Collection Set: 0.9ms
[2025-06-23T15:23:19.921+0530][66430.749s][info][gc,phases      ] GC(85)   Post Evacuate Collection Set: 0.3ms
[2025-06-23T15:23:19.921+0530][66430.749s][info][gc,phases      ] GC(85)   Other: 0.2ms
[2025-06-23T15:23:19.921+0530][66430.749s][info][gc,heap        ] GC(85) Eden regions: 20->0(20)
[2025-06-23T15:23:19.921+0530][66430.749s][info][gc,heap        ] GC(85) Survivor regions: 1->1(3)
[2025-06-23T15:23:19.921+0530][66430.749s][info][gc,heap        ] GC(85) Old regions: 11->11
[2025-06-23T15:23:19.921+0530][66430.749s][info][gc,heap        ] GC(85) Humongous regions: 0->0
[2025-06-23T15:23:19.921+0530][66430.749s][info][gc,metaspace   ] GC(85) Metaspace: 93244K(94272K)->93244K(94272K) NonClass: 82250K(82880K)->82250K(82880K) Class: 10994K(11392K)->10994K(11392K)
[2025-06-23T15:23:19.921+0530][66430.749s][info][gc             ] GC(85) Pause Young (Concurrent Start) (G1 Evacuation Pause) 121M->41M(144M) 2.208ms
[2025-06-23T15:23:19.921+0530][66430.749s][info][gc,cpu         ] GC(85) User=0.00s Sys=0.00s Real=0.00s
[2025-06-23T15:23:19.921+0530][66430.749s][info][gc             ] GC(86) Concurrent Mark Cycle
[2025-06-23T15:23:19.921+0530][66430.749s][info][gc,marking     ] GC(86) Concurrent Scan Root Regions
[2025-06-23T15:23:19.922+0530][66430.750s][info][gc,marking     ] GC(86) Concurrent Scan Root Regions 0.828ms
[2025-06-23T15:23:19.922+0530][66430.750s][info][gc,marking     ] GC(86) Concurrent Mark
[2025-06-23T15:23:19.922+0530][66430.750s][info][gc,marking     ] GC(86) Concurrent Mark From Roots
[2025-06-23T15:23:19.922+0530][66430.750s][info][gc,task        ] GC(86) Using 3 workers of 3 for marking
[2025-06-23T15:23:19.937+0530][66430.766s][info][gc,marking     ] GC(86) Concurrent Mark From Roots 16.158ms
[2025-06-23T15:23:19.937+0530][66430.766s][info][gc,marking     ] GC(86) Concurrent Preclean
[2025-06-23T15:23:19.938+0530][66430.767s][info][gc,marking     ] GC(86) Concurrent Preclean 0.339ms
[2025-06-23T15:23:19.938+0530][66430.767s][info][gc,start       ] GC(86) Pause Remark
[2025-06-23T15:23:19.939+0530][66430.768s][info][gc             ] GC(86) Pause Remark 41M->41M(144M) 1.056ms
[2025-06-23T15:23:19.939+0530][66430.768s][info][gc,cpu         ] GC(86) User=0.00s Sys=0.00s Real=0.00s
[2025-06-23T15:23:19.939+0530][66430.768s][info][gc,marking     ] GC(86) Concurrent Mark 17.736ms
[2025-06-23T15:23:19.939+0530][66430.768s][info][gc,marking     ] GC(86) Concurrent Rebuild Remembered Sets and Scrub Regions
[2025-06-23T15:23:19.944+0530][66430.773s][info][gc,marking     ] GC(86) Concurrent Rebuild Remembered Sets and Scrub Regions 5.500ms
[2025-06-23T15:23:19.944+0530][66430.773s][info][gc,start       ] GC(86) Pause Cleanup
[2025-06-23T15:23:19.945+0530][66430.773s][info][gc             ] GC(86) Pause Cleanup 41M->41M(144M) 0.128ms
[2025-06-23T15:23:19.945+0530][66430.773s][info][gc,cpu         ] GC(86) User=0.00s Sys=0.00s Real=0.00s
[2025-06-23T15:23:19.945+0530][66430.773s][info][gc,marking     ] GC(86) Concurrent Clear Claimed Marks
[2025-06-23T15:23:19.945+0530][66430.774s][info][gc,marking     ] GC(86) Concurrent Clear Claimed Marks 0.074ms
[2025-06-23T15:23:19.945+0530][66430.774s][info][gc,marking     ] GC(86) Concurrent Cleanup for Next Mark
[2025-06-23T15:23:19.945+0530][66430.774s][info][gc,marking     ] GC(86) Concurrent Cleanup for Next Mark 0.277ms
[2025-06-23T15:23:19.945+0530][66430.774s][info][gc             ] GC(86) Concurrent Mark Cycle 24.812ms
[2025-06-23T15:40:08.322+0530][67439.150s][info][gc,start       ] GC(87) Pause Young (Prepare Mixed) (G1 Evacuation Pause)
[2025-06-23T15:40:08.322+0530][67439.150s][info][gc,task        ] GC(87) Using 13 workers of 13 for evacuation
[2025-06-23T15:40:08.323+0530][67439.152s][info][gc,phases      ] GC(87)   Pre Evacuate Collection Set: 0.4ms
[2025-06-23T15:40:08.323+0530][67439.152s][info][gc,phases      ] GC(87)   Merge Heap Roots: 0.2ms
[2025-06-23T15:40:08.323+0530][67439.152s][info][gc,phases      ] GC(87)   Evacuate Collection Set: 0.6ms
[2025-06-23T15:40:08.323+0530][67439.152s][info][gc,phases      ] GC(87)   Post Evacuate Collection Set: 0.3ms
[2025-06-23T15:40:08.323+0530][67439.152s][info][gc,phases      ] GC(87)   Other: 0.1ms
[2025-06-23T15:40:08.323+0530][67439.152s][info][gc,heap        ] GC(87) Eden regions: 20->0(20)
[2025-06-23T15:40:08.323+0530][67439.152s][info][gc,heap        ] GC(87) Survivor regions: 1->1(3)
[2025-06-23T15:40:08.324+0530][67439.152s][info][gc,heap        ] GC(87) Old regions: 11->11
[2025-06-23T15:40:08.324+0530][67439.152s][info][gc,heap        ] GC(87) Humongous regions: 0->0
[2025-06-23T15:40:08.324+0530][67439.152s][info][gc,metaspace   ] GC(87) Metaspace: 93244K(94272K)->93244K(94272K) NonClass: 82250K(82880K)->82250K(82880K) Class: 10994K(11392K)->10994K(11392K)
[2025-06-23T15:40:08.324+0530][67439.152s][info][gc             ] GC(87) Pause Young (Prepare Mixed) (G1 Evacuation Pause) 121M->41M(144M) 1.988ms
[2025-06-23T15:40:08.324+0530][67439.152s][info][gc,cpu         ] GC(87) User=0.00s Sys=0.00s Real=0.00s
[2025-06-23T15:56:55.924+0530][68446.753s][info][gc,start       ] GC(88) Pause Young (Mixed) (G1 Evacuation Pause)
[2025-06-23T15:56:55.924+0530][68446.753s][info][gc,task        ] GC(88) Using 13 workers of 13 for evacuation
[2025-06-23T15:56:55.929+0530][68446.758s][info][gc,phases      ] GC(88)   Pre Evacuate Collection Set: 0.2ms
[2025-06-23T15:56:55.929+0530][68446.758s][info][gc,phases      ] GC(88)   Merge Heap Roots: 0.2ms
[2025-06-23T15:56:55.929+0530][68446.758s][info][gc,phases      ] GC(88)   Evacuate Collection Set: 4.1ms
[2025-06-23T15:56:55.929+0530][68446.758s][info][gc,phases      ] GC(88)   Post Evacuate Collection Set: 0.3ms
[2025-06-23T15:56:55.929+0530][68446.758s][info][gc,phases      ] GC(88)   Other: 0.1ms
[2025-06-23T15:56:55.929+0530][68446.758s][info][gc,heap        ] GC(88) Eden regions: 20->0(20)
[2025-06-23T15:56:55.929+0530][68446.758s][info][gc,heap        ] GC(88) Survivor regions: 1->1(3)
[2025-06-23T15:56:55.929+0530][68446.758s][info][gc,heap        ] GC(88) Old regions: 11->11
[2025-06-23T15:56:55.929+0530][68446.758s][info][gc,heap        ] GC(88) Humongous regions: 0->0
[2025-06-23T15:56:55.929+0530][68446.758s][info][gc,metaspace   ] GC(88) Metaspace: 93244K(94272K)->93244K(94272K) NonClass: 82250K(82880K)->82250K(82880K) Class: 10994K(11392K)->10994K(11392K)
[2025-06-23T15:56:55.929+0530][68446.758s][info][gc             ] GC(88) Pause Young (Mixed) (G1 Evacuation Pause) 121M->41M(144M) 5.171ms
[2025-06-23T15:56:55.929+0530][68446.758s][info][gc,cpu         ] GC(88) User=0.00s Sys=0.00s Real=0.00s
[2025-06-23T16:13:43.913+0530][69454.741s][info][gc,start       ] GC(89) Pause Young (Concurrent Start) (G1 Evacuation Pause)
[2025-06-23T16:13:43.913+0530][69454.741s][info][gc,task        ] GC(89) Using 13 workers of 13 for evacuation
[2025-06-23T16:13:43.914+0530][69454.742s][info][gc,phases      ] GC(89)   Pre Evacuate Collection Set: 0.2ms
[2025-06-23T16:13:43.914+0530][69454.742s][info][gc,phases      ] GC(89)   Merge Heap Roots: 0.1ms
[2025-06-23T16:13:43.914+0530][69454.742s][info][gc,phases      ] GC(89)   Evacuate Collection Set: 0.7ms
[2025-06-23T16:13:43.914+0530][69454.742s][info][gc,phases      ] GC(89)   Post Evacuate Collection Set: 0.3ms
[2025-06-23T16:13:43.914+0530][69454.742s][info][gc,phases      ] GC(89)   Other: 0.2ms
[2025-06-23T16:13:43.914+0530][69454.742s][info][gc,heap        ] GC(89) Eden regions: 20->0(20)
[2025-06-23T16:13:43.914+0530][69454.742s][info][gc,heap        ] GC(89) Survivor regions: 1->1(3)
[2025-06-23T16:13:43.914+0530][69454.742s][info][gc,heap        ] GC(89) Old regions: 11->11
[2025-06-23T16:13:43.914+0530][69454.742s][info][gc,heap        ] GC(89) Humongous regions: 0->0
[2025-06-23T16:13:43.914+0530][69454.742s][info][gc,metaspace   ] GC(89) Metaspace: 93246K(94272K)->93246K(94272K) NonClass: 82252K(82880K)->82252K(82880K) Class: 10994K(11392K)->10994K(11392K)
[2025-06-23T16:13:43.914+0530][69454.742s][info][gc             ] GC(89) Pause Young (Concurrent Start) (G1 Evacuation Pause) 121M->41M(144M) 1.651ms
[2025-06-23T16:13:43.914+0530][69454.742s][info][gc,cpu         ] GC(89) User=0.00s Sys=0.00s Real=0.00s
[2025-06-23T16:13:43.914+0530][69454.742s][info][gc             ] GC(90) Concurrent Mark Cycle
[2025-06-23T16:13:43.914+0530][69454.742s][info][gc,marking     ] GC(90) Concurrent Scan Root Regions
[2025-06-23T16:13:43.915+0530][69454.743s][info][gc,marking     ] GC(90) Concurrent Scan Root Regions 0.802ms
[2025-06-23T16:13:43.915+0530][69454.743s][info][gc,marking     ] GC(90) Concurrent Mark
[2025-06-23T16:13:43.915+0530][69454.743s][info][gc,marking     ] GC(90) Concurrent Mark From Roots
[2025-06-23T16:13:43.915+0530][69454.743s][info][gc,task        ] GC(90) Using 3 workers of 3 for marking
[2025-06-23T16:13:43.930+0530][69454.759s][info][gc,marking     ] GC(90) Concurrent Mark From Roots 15.243ms
[2025-06-23T16:13:43.930+0530][69454.759s][info][gc,marking     ] GC(90) Concurrent Preclean
[2025-06-23T16:13:43.930+0530][69454.759s][info][gc,marking     ] GC(90) Concurrent Preclean 0.314ms
[2025-06-23T16:13:43.931+0530][69454.759s][info][gc,start       ] GC(90) Pause Remark
[2025-06-23T16:13:43.933+0530][69454.762s][info][gc             ] GC(90) Pause Remark 41M->41M(144M) 2.907ms
[2025-06-23T16:13:43.933+0530][69454.762s][info][gc,cpu         ] GC(90) User=0.00s Sys=0.00s Real=0.00s
[2025-06-23T16:13:43.933+0530][69454.762s][info][gc,marking     ] GC(90) Concurrent Mark 18.654ms
[2025-06-23T16:13:43.933+0530][69454.762s][info][gc,marking     ] GC(90) Concurrent Rebuild Remembered Sets and Scrub Regions
[2025-06-23T16:13:43.938+0530][69454.767s][info][gc,marking     ] GC(90) Concurrent Rebuild Remembered Sets and Scrub Regions 4.639ms
[2025-06-23T16:13:43.938+0530][69454.767s][info][gc,start       ] GC(90) Pause Cleanup
[2025-06-23T16:13:43.938+0530][69454.767s][info][gc             ] GC(90) Pause Cleanup 41M->41M(144M) 0.111ms
[2025-06-23T16:13:43.938+0530][69454.767s][info][gc,cpu         ] GC(90) User=0.00s Sys=0.00s Real=0.00s
[2025-06-23T16:13:43.938+0530][69454.767s][info][gc,marking     ] GC(90) Concurrent Clear Claimed Marks
[2025-06-23T16:13:43.938+0530][69454.767s][info][gc,marking     ] GC(90) Concurrent Clear Claimed Marks 0.062ms
[2025-06-23T16:13:43.938+0530][69454.767s][info][gc,marking     ] GC(90) Concurrent Cleanup for Next Mark
[2025-06-23T16:13:43.939+0530][69454.767s][info][gc,marking     ] GC(90) Concurrent Cleanup for Next Mark 0.263ms
[2025-06-23T16:13:43.939+0530][69454.767s][info][gc             ] GC(90) Concurrent Mark Cycle 24.871ms
[2025-06-23T16:30:31.211+0530][70462.040s][info][gc,start       ] GC(91) Pause Young (Normal) (G1 Evacuation Pause)
[2025-06-23T16:30:31.211+0530][70462.040s][info][gc,task        ] GC(91) Using 13 workers of 13 for evacuation
[2025-06-23T16:30:31.212+0530][70462.041s][info][gc,phases      ] GC(91)   Pre Evacuate Collection Set: 0.2ms
[2025-06-23T16:30:31.212+0530][70462.041s][info][gc,phases      ] GC(91)   Merge Heap Roots: 0.1ms
[2025-06-23T16:30:31.212+0530][70462.041s][info][gc,phases      ] GC(91)   Evacuate Collection Set: 0.5ms
[2025-06-23T16:30:31.212+0530][70462.041s][info][gc,phases      ] GC(91)   Post Evacuate Collection Set: 0.3ms
[2025-06-23T16:30:31.212+0530][70462.041s][info][gc,phases      ] GC(91)   Other: 0.1ms
[2025-06-23T16:30:31.212+0530][70462.041s][info][gc,heap        ] GC(91) Eden regions: 20->0(20)
[2025-06-23T16:30:31.212+0530][70462.041s][info][gc,heap        ] GC(91) Survivor regions: 1->1(3)
[2025-06-23T16:30:31.212+0530][70462.041s][info][gc,heap        ] GC(91) Old regions: 11->11
[2025-06-23T16:30:31.212+0530][70462.041s][info][gc,heap        ] GC(91) Humongous regions: 0->0
[2025-06-23T16:30:31.212+0530][70462.041s][info][gc,metaspace   ] GC(91) Metaspace: 93254K(94336K)->93254K(94336K) NonClass: 82259K(82944K)->82259K(82944K) Class: 10994K(11392K)->10994K(11392K)
[2025-06-23T16:30:31.212+0530][70462.041s][info][gc             ] GC(91) Pause Young (Normal) (G1 Evacuation Pause) 121M->41M(144M) 1.484ms
[2025-06-23T16:30:31.212+0530][70462.041s][info][gc,cpu         ] GC(91) User=0.00s Sys=0.00s Real=0.00s
[2025-06-23T16:47:19.703+0530][71470.531s][info][gc,start       ] GC(92) Pause Young (Concurrent Start) (G1 Evacuation Pause)
[2025-06-23T16:47:19.703+0530][71470.532s][info][gc,task        ] GC(92) Using 13 workers of 13 for evacuation
[2025-06-23T16:47:19.705+0530][71470.533s][info][gc,phases      ] GC(92)   Pre Evacuate Collection Set: 0.4ms
[2025-06-23T16:47:19.705+0530][71470.533s][info][gc,phases      ] GC(92)   Merge Heap Roots: 0.1ms
[2025-06-23T16:47:19.705+0530][71470.533s][info][gc,phases      ] GC(92)   Evacuate Collection Set: 0.9ms
[2025-06-23T16:47:19.705+0530][71470.533s][info][gc,phases      ] GC(92)   Post Evacuate Collection Set: 0.3ms
[2025-06-23T16:47:19.705+0530][71470.533s][info][gc,phases      ] GC(92)   Other: 0.2ms
[2025-06-23T16:47:19.705+0530][71470.533s][info][gc,heap        ] GC(92) Eden regions: 20->0(20)
[2025-06-23T16:47:19.705+0530][71470.533s][info][gc,heap        ] GC(92) Survivor regions: 1->1(3)
[2025-06-23T16:47:19.705+0530][71470.533s][info][gc,heap        ] GC(92) Old regions: 11->11
[2025-06-23T16:47:19.705+0530][71470.533s][info][gc,heap        ] GC(92) Humongous regions: 0->0
[2025-06-23T16:47:19.705+0530][71470.533s][info][gc,metaspace   ] GC(92) Metaspace: 93254K(94336K)->93254K(94336K) NonClass: 82259K(82944K)->82259K(82944K) Class: 10994K(11392K)->10994K(11392K)
[2025-06-23T16:47:19.705+0530][71470.534s][info][gc             ] GC(92) Pause Young (Concurrent Start) (G1 Evacuation Pause) 121M->41M(144M) 2.193ms
[2025-06-23T16:47:19.705+0530][71470.534s][info][gc,cpu         ] GC(92) User=0.00s Sys=0.00s Real=0.00s
[2025-06-23T16:47:19.705+0530][71470.534s][info][gc             ] GC(93) Concurrent Mark Cycle
[2025-06-23T16:47:19.705+0530][71470.534s][info][gc,marking     ] GC(93) Concurrent Scan Root Regions
[2025-06-23T16:47:19.706+0530][71470.535s][info][gc,marking     ] GC(93) Concurrent Scan Root Regions 0.990ms
[2025-06-23T16:47:19.706+0530][71470.535s][info][gc,marking     ] GC(93) Concurrent Mark
[2025-06-23T16:47:19.706+0530][71470.535s][info][gc,marking     ] GC(93) Concurrent Mark From Roots
[2025-06-23T16:47:19.706+0530][71470.535s][info][gc,task        ] GC(93) Using 3 workers of 3 for marking
[2025-06-23T16:47:19.722+0530][71470.551s][info][gc,marking     ] GC(93) Concurrent Mark From Roots 16.020ms
[2025-06-23T16:47:19.722+0530][71470.551s][info][gc,marking     ] GC(93) Concurrent Preclean
[2025-06-23T16:47:19.722+0530][71470.551s][info][gc,marking     ] GC(93) Concurrent Preclean 0.318ms
[2025-06-23T16:47:19.722+0530][71470.551s][info][gc,start       ] GC(93) Pause Remark
[2025-06-23T16:47:19.724+0530][71470.552s][info][gc             ] GC(93) Pause Remark 42M->42M(144M) 1.128ms
[2025-06-23T16:47:19.724+0530][71470.552s][info][gc,cpu         ] GC(93) User=0.00s Sys=0.00s Real=0.00s
[2025-06-23T16:47:19.724+0530][71470.552s][info][gc,marking     ] GC(93) Concurrent Mark 17.664ms
[2025-06-23T16:47:19.724+0530][71470.552s][info][gc,marking     ] GC(93) Concurrent Rebuild Remembered Sets and Scrub Regions
[2025-06-23T16:47:19.728+0530][71470.557s][info][gc,marking     ] GC(93) Concurrent Rebuild Remembered Sets and Scrub Regions 4.408ms
[2025-06-23T16:47:19.728+0530][71470.557s][info][gc,start       ] GC(93) Pause Cleanup
[2025-06-23T16:47:19.728+0530][71470.557s][info][gc             ] GC(93) Pause Cleanup 42M->42M(144M) 0.097ms
[2025-06-23T16:47:19.728+0530][71470.557s][info][gc,cpu         ] GC(93) User=0.00s Sys=0.00s Real=0.00s
[2025-06-23T16:47:19.728+0530][71470.557s][info][gc,marking     ] GC(93) Concurrent Clear Claimed Marks
[2025-06-23T16:47:19.728+0530][71470.557s][info][gc,marking     ] GC(93) Concurrent Clear Claimed Marks 0.072ms
[2025-06-23T16:47:19.728+0530][71470.557s][info][gc,marking     ] GC(93) Concurrent Cleanup for Next Mark
[2025-06-23T16:47:19.729+0530][71470.557s][info][gc,marking     ] GC(93) Concurrent Cleanup for Next Mark 0.262ms
[2025-06-23T16:47:19.729+0530][71470.557s][info][gc             ] GC(93) Concurrent Mark Cycle 23.737ms
[2025-06-23T17:04:07.930+0530][72478.758s][info][gc,start       ] GC(94) Pause Young (Normal) (G1 Evacuation Pause)
[2025-06-23T17:04:07.930+0530][72478.758s][info][gc,task        ] GC(94) Using 13 workers of 13 for evacuation
[2025-06-23T17:04:07.931+0530][72478.759s][info][gc,phases      ] GC(94)   Pre Evacuate Collection Set: 0.2ms
[2025-06-23T17:04:07.931+0530][72478.759s][info][gc,phases      ] GC(94)   Merge Heap Roots: 0.1ms
[2025-06-23T17:04:07.931+0530][72478.759s][info][gc,phases      ] GC(94)   Evacuate Collection Set: 0.4ms
[2025-06-23T17:04:07.931+0530][72478.759s][info][gc,phases      ] GC(94)   Post Evacuate Collection Set: 0.2ms
[2025-06-23T17:04:07.931+0530][72478.759s][info][gc,phases      ] GC(94)   Other: 0.1ms
[2025-06-23T17:04:07.931+0530][72478.759s][info][gc,heap        ] GC(94) Eden regions: 20->0(20)
[2025-06-23T17:04:07.931+0530][72478.759s][info][gc,heap        ] GC(94) Survivor regions: 1->1(3)
[2025-06-23T17:04:07.931+0530][72478.759s][info][gc,heap        ] GC(94) Old regions: 11->11
[2025-06-23T17:04:07.931+0530][72478.759s][info][gc,heap        ] GC(94) Humongous regions: 0->0
[2025-06-23T17:04:07.931+0530][72478.759s][info][gc,metaspace   ] GC(94) Metaspace: 93254K(94336K)->93254K(94336K) NonClass: 82259K(82944K)->82259K(82944K) Class: 10994K(11392K)->10994K(11392K)
[2025-06-23T17:04:07.931+0530][72478.759s][info][gc             ] GC(94) Pause Young (Normal) (G1 Evacuation Pause) 121M->41M(144M) 1.350ms
[2025-06-23T17:04:07.931+0530][72478.759s][info][gc,cpu         ] GC(94) User=0.00s Sys=0.00s Real=0.00s
[2025-06-23T17:20:55.919+0530][73486.747s][info][gc,start       ] GC(95) Pause Young (Concurrent Start) (G1 Evacuation Pause)
[2025-06-23T17:20:55.919+0530][73486.748s][info][gc,task        ] GC(95) Using 13 workers of 13 for evacuation
[2025-06-23T17:20:55.920+0530][73486.749s][info][gc,phases      ] GC(95)   Pre Evacuate Collection Set: 0.3ms
[2025-06-23T17:20:55.920+0530][73486.749s][info][gc,phases      ] GC(95)   Merge Heap Roots: 0.1ms
[2025-06-23T17:20:55.920+0530][73486.749s][info][gc,phases      ] GC(95)   Evacuate Collection Set: 0.7ms
[2025-06-23T17:20:55.920+0530][73486.749s][info][gc,phases      ] GC(95)   Post Evacuate Collection Set: 0.2ms
[2025-06-23T17:20:55.920+0530][73486.749s][info][gc,phases      ] GC(95)   Other: 0.1ms
[2025-06-23T17:20:55.920+0530][73486.749s][info][gc,heap        ] GC(95) Eden regions: 20->0(20)
[2025-06-23T17:20:55.920+0530][73486.749s][info][gc,heap        ] GC(95) Survivor regions: 1->1(3)
[2025-06-23T17:20:55.920+0530][73486.749s][info][gc,heap        ] GC(95) Old regions: 11->11
[2025-06-23T17:20:55.920+0530][73486.749s][info][gc,heap        ] GC(95) Humongous regions: 0->0
[2025-06-23T17:20:55.920+0530][73486.749s][info][gc,metaspace   ] GC(95) Metaspace: 93254K(94336K)->93254K(94336K) NonClass: 82259K(82944K)->82259K(82944K) Class: 10994K(11392K)->10994K(11392K)
[2025-06-23T17:20:55.920+0530][73486.749s][info][gc             ] GC(95) Pause Young (Concurrent Start) (G1 Evacuation Pause) 121M->41M(144M) 1.710ms
[2025-06-23T17:20:55.920+0530][73486.749s][info][gc,cpu         ] GC(95) User=0.00s Sys=0.00s Real=0.00s
[2025-06-23T17:20:55.920+0530][73486.749s][info][gc             ] GC(96) Concurrent Mark Cycle
[2025-06-23T17:20:55.921+0530][73486.749s][info][gc,marking     ] GC(96) Concurrent Scan Root Regions
[2025-06-23T17:20:55.922+0530][73486.750s][info][gc,marking     ] GC(96) Concurrent Scan Root Regions 1.244ms
[2025-06-23T17:20:55.922+0530][73486.750s][info][gc,marking     ] GC(96) Concurrent Mark
[2025-06-23T17:20:55.922+0530][73486.750s][info][gc,marking     ] GC(96) Concurrent Mark From Roots
[2025-06-23T17:20:55.922+0530][73486.750s][info][gc,task        ] GC(96) Using 3 workers of 3 for marking
[2025-06-23T17:20:55.942+0530][73486.771s][info][gc,marking     ] GC(96) Concurrent Mark From Roots 20.007ms
[2025-06-23T17:20:55.942+0530][73486.771s][info][gc,marking     ] GC(96) Concurrent Preclean
[2025-06-23T17:20:55.942+0530][73486.771s][info][gc,marking     ] GC(96) Concurrent Preclean 0.288ms
[2025-06-23T17:20:55.942+0530][73486.771s][info][gc,start       ] GC(96) Pause Remark
[2025-06-23T17:20:55.943+0530][73486.772s][info][gc             ] GC(96) Pause Remark 41M->41M(144M) 1.452ms
[2025-06-23T17:20:55.943+0530][73486.772s][info][gc,cpu         ] GC(96) User=0.00s Sys=0.00s Real=0.00s
[2025-06-23T17:20:55.943+0530][73486.772s][info][gc,marking     ] GC(96) Concurrent Mark 21.943ms
[2025-06-23T17:20:55.943+0530][73486.772s][info][gc,marking     ] GC(96) Concurrent Rebuild Remembered Sets and Scrub Regions
[2025-06-23T17:20:55.949+0530][73486.777s][info][gc,marking     ] GC(96) Concurrent Rebuild Remembered Sets and Scrub Regions 4.823ms
[2025-06-23T17:20:55.949+0530][73486.777s][info][gc,start       ] GC(96) Pause Cleanup
[2025-06-23T17:20:55.949+0530][73486.778s][info][gc             ] GC(96) Pause Cleanup 41M->41M(144M) 0.139ms
[2025-06-23T17:20:55.949+0530][73486.778s][info][gc,cpu         ] GC(96) User=0.00s Sys=0.00s Real=0.00s
[2025-06-23T17:20:55.949+0530][73486.778s][info][gc,marking     ] GC(96) Concurrent Clear Claimed Marks
[2025-06-23T17:20:55.949+0530][73486.778s][info][gc,marking     ] GC(96) Concurrent Clear Claimed Marks 0.077ms
[2025-06-23T17:20:55.949+0530][73486.778s][info][gc,marking     ] GC(96) Concurrent Cleanup for Next Mark
[2025-06-23T17:20:55.950+0530][73486.778s][info][gc,marking     ] GC(96) Concurrent Cleanup for Next Mark 0.389ms
[2025-06-23T17:20:55.950+0530][73486.778s][info][gc             ] GC(96) Concurrent Mark Cycle 28.927ms
[2025-06-23T17:37:44.224+0530][74495.053s][info][gc,start       ] GC(97) Pause Young (Normal) (G1 Evacuation Pause)
[2025-06-23T17:37:44.224+0530][74495.053s][info][gc,task        ] GC(97) Using 13 workers of 13 for evacuation
[2025-06-23T17:37:44.226+0530][74495.054s][info][gc,phases      ] GC(97)   Pre Evacuate Collection Set: 0.3ms
[2025-06-23T17:37:44.226+0530][74495.054s][info][gc,phases      ] GC(97)   Merge Heap Roots: 0.1ms
[2025-06-23T17:37:44.226+0530][74495.054s][info][gc,phases      ] GC(97)   Evacuate Collection Set: 0.5ms
[2025-06-23T17:37:44.226+0530][74495.054s][info][gc,phases      ] GC(97)   Post Evacuate Collection Set: 0.5ms
[2025-06-23T17:37:44.226+0530][74495.054s][info][gc,phases      ] GC(97)   Other: 0.1ms
[2025-06-23T17:37:44.226+0530][74495.054s][info][gc,heap        ] GC(97) Eden regions: 20->0(25)
[2025-06-23T17:37:44.226+0530][74495.054s][info][gc,heap        ] GC(97) Survivor regions: 1->1(3)
[2025-06-23T17:37:44.226+0530][74495.054s][info][gc,heap        ] GC(97) Old regions: 11->11
[2025-06-23T17:37:44.226+0530][74495.054s][info][gc,heap        ] GC(97) Humongous regions: 0->0
[2025-06-23T17:37:44.226+0530][74495.054s][info][gc,metaspace   ] GC(97) Metaspace: 93280K(94336K)->93280K(94336K) NonClass: 82276K(82944K)->82276K(82944K) Class: 11003K(11392K)->11003K(11392K)
[2025-06-23T17:37:44.226+0530][74495.055s][info][gc             ] GC(97) Pause Young (Normal) (G1 Evacuation Pause) 121M->41M(176M) 1.880ms
[2025-06-23T17:37:44.226+0530][74495.055s][info][gc,cpu         ] GC(97) User=0.00s Sys=0.00s Real=0.00s
[2025-06-23T17:58:53.634+0530][75764.462s][info][gc,start       ] GC(98) Pause Young (Concurrent Start) (G1 Evacuation Pause)
[2025-06-23T17:58:53.634+0530][75764.462s][info][gc,task        ] GC(98) Using 13 workers of 13 for evacuation
[2025-06-23T17:58:53.636+0530][75764.464s][info][gc,phases      ] GC(98)   Pre Evacuate Collection Set: 0.6ms
[2025-06-23T17:58:53.636+0530][75764.464s][info][gc,phases      ] GC(98)   Merge Heap Roots: 0.1ms
[2025-06-23T17:58:53.636+0530][75764.464s][info][gc,phases      ] GC(98)   Evacuate Collection Set: 0.8ms
[2025-06-23T17:58:53.636+0530][75764.464s][info][gc,phases      ] GC(98)   Post Evacuate Collection Set: 0.2ms
[2025-06-23T17:58:53.636+0530][75764.464s][info][gc,phases      ] GC(98)   Other: 0.1ms
[2025-06-23T17:58:53.636+0530][75764.464s][info][gc,heap        ] GC(98) Eden regions: 25->0(25)
[2025-06-23T17:58:53.636+0530][75764.464s][info][gc,heap        ] GC(98) Survivor regions: 1->1(4)
[2025-06-23T17:58:53.636+0530][75764.464s][info][gc,heap        ] GC(98) Old regions: 11->11
[2025-06-23T17:58:53.636+0530][75764.464s][info][gc,heap        ] GC(98) Humongous regions: 0->0
[2025-06-23T17:58:53.636+0530][75764.464s][info][gc,metaspace   ] GC(98) Metaspace: 93282K(94336K)->93282K(94336K) NonClass: 82278K(82944K)->82278K(82944K) Class: 11003K(11392K)->11003K(11392K)
[2025-06-23T17:58:53.636+0530][75764.464s][info][gc             ] GC(98) Pause Young (Concurrent Start) (G1 Evacuation Pause) 141M->41M(176M) 2.137ms
[2025-06-23T17:58:53.636+0530][75764.465s][info][gc,cpu         ] GC(98) User=0.00s Sys=0.00s Real=0.00s
[2025-06-23T17:58:53.636+0530][75764.465s][info][gc             ] GC(99) Concurrent Mark Cycle
[2025-06-23T17:58:53.636+0530][75764.465s][info][gc,marking     ] GC(99) Concurrent Scan Root Regions
[2025-06-23T17:58:53.637+0530][75764.466s][info][gc,marking     ] GC(99) Concurrent Scan Root Regions 1.087ms
[2025-06-23T17:58:53.637+0530][75764.466s][info][gc,marking     ] GC(99) Concurrent Mark
[2025-06-23T17:58:53.637+0530][75764.466s][info][gc,marking     ] GC(99) Concurrent Mark From Roots
[2025-06-23T17:58:53.637+0530][75764.466s][info][gc,task        ] GC(99) Using 3 workers of 3 for marking
[2025-06-23T17:58:53.658+0530][75764.486s][info][gc,marking     ] GC(99) Concurrent Mark From Roots 20.255ms
[2025-06-23T17:58:53.658+0530][75764.486s][info][gc,marking     ] GC(99) Concurrent Preclean
[2025-06-23T17:58:53.658+0530][75764.486s][info][gc,marking     ] GC(99) Concurrent Preclean 0.311ms
[2025-06-23T17:58:53.658+0530][75764.486s][info][gc,start       ] GC(99) Pause Remark
[2025-06-23T17:58:53.659+0530][75764.488s][info][gc             ] GC(99) Pause Remark 41M->41M(160M) 1.234ms
[2025-06-23T17:58:53.659+0530][75764.488s][info][gc,cpu         ] GC(99) User=0.00s Sys=0.00s Real=0.00s
[2025-06-23T17:58:53.659+0530][75764.488s][info][gc,marking     ] GC(99) Concurrent Mark 22.013ms
[2025-06-23T17:58:53.659+0530][75764.488s][info][gc,marking     ] GC(99) Concurrent Rebuild Remembered Sets and Scrub Regions
[2025-06-23T17:58:53.664+0530][75764.493s][info][gc,marking     ] GC(99) Concurrent Rebuild Remembered Sets and Scrub Regions 5.099ms
[2025-06-23T17:58:53.664+0530][75764.493s][info][gc,start       ] GC(99) Pause Cleanup
[2025-06-23T17:58:53.664+0530][75764.493s][info][gc             ] GC(99) Pause Cleanup 41M->41M(160M) 0.148ms
[2025-06-23T17:58:53.664+0530][75764.493s][info][gc,cpu         ] GC(99) User=0.00s Sys=0.00s Real=0.00s
[2025-06-23T17:58:53.665+0530][75764.493s][info][gc,marking     ] GC(99) Concurrent Clear Claimed Marks
[2025-06-23T17:58:53.665+0530][75764.493s][info][gc,marking     ] GC(99) Concurrent Clear Claimed Marks 0.076ms
[2025-06-23T17:58:53.665+0530][75764.493s][info][gc,marking     ] GC(99) Concurrent Cleanup for Next Mark
[2025-06-23T17:58:53.665+0530][75764.494s][info][gc,marking     ] GC(99) Concurrent Cleanup for Next Mark 0.361ms
[2025-06-23T17:58:53.665+0530][75764.494s][info][gc             ] GC(99) Concurrent Mark Cycle 29.115ms
[2025-06-23T18:18:05.886+0530][76916.715s][info][gc,start       ] GC(100) Pause Young (Prepare Mixed) (G1 Evacuation Pause)
[2025-06-23T18:18:05.887+0530][76916.715s][info][gc,task        ] GC(100) Using 13 workers of 13 for evacuation
[2025-06-23T18:18:05.888+0530][76916.717s][info][gc,phases      ] GC(100)   Pre Evacuate Collection Set: 0.3ms
[2025-06-23T18:18:05.888+0530][76916.717s][info][gc,phases      ] GC(100)   Merge Heap Roots: 0.1ms
[2025-06-23T18:18:05.888+0530][76916.717s][info][gc,phases      ] GC(100)   Evacuate Collection Set: 0.6ms
[2025-06-23T18:18:05.888+0530][76916.717s][info][gc,phases      ] GC(100)   Post Evacuate Collection Set: 0.3ms
[2025-06-23T18:18:05.888+0530][76916.717s][info][gc,phases      ] GC(100)   Other: 0.1ms
[2025-06-23T18:18:05.888+0530][76916.717s][info][gc,heap        ] GC(100) Eden regions: 23->0(23)
[2025-06-23T18:18:05.888+0530][76916.717s][info][gc,heap        ] GC(100) Survivor regions: 1->1(3)
[2025-06-23T18:18:05.888+0530][76916.717s][info][gc,heap        ] GC(100) Old regions: 11->11
[2025-06-23T18:18:05.888+0530][76916.717s][info][gc,heap        ] GC(100) Humongous regions: 0->0
[2025-06-23T18:18:05.888+0530][76916.717s][info][gc,metaspace   ] GC(100) Metaspace: 93282K(94336K)->93282K(94336K) NonClass: 82278K(82944K)->82278K(82944K) Class: 11003K(11392K)->11003K(11392K)
[2025-06-23T18:18:05.888+0530][76916.717s][info][gc             ] GC(100) Pause Young (Prepare Mixed) (G1 Evacuation Pause) 133M->41M(160M) 1.719ms
[2025-06-23T18:18:05.888+0530][76916.717s][info][gc,cpu         ] GC(100) User=0.00s Sys=0.00s Real=0.00s
[2025-06-23T18:37:33.812+0530][78084.641s][info][gc,start       ] GC(101) Pause Young (Mixed) (G1 Evacuation Pause)
[2025-06-23T18:37:33.813+0530][78084.641s][info][gc,task        ] GC(101) Using 13 workers of 13 for evacuation
[2025-06-23T18:37:33.815+0530][78084.644s][info][gc,phases      ] GC(101)   Pre Evacuate Collection Set: 0.3ms
[2025-06-23T18:37:33.815+0530][78084.644s][info][gc,phases      ] GC(101)   Merge Heap Roots: 0.1ms
[2025-06-23T18:37:33.815+0530][78084.644s][info][gc,phases      ] GC(101)   Evacuate Collection Set: 2.5ms
[2025-06-23T18:37:33.815+0530][78084.644s][info][gc,phases      ] GC(101)   Post Evacuate Collection Set: 0.3ms
[2025-06-23T18:37:33.815+0530][78084.644s][info][gc,phases      ] GC(101)   Other: 0.2ms
[2025-06-23T18:37:33.815+0530][78084.644s][info][gc,heap        ] GC(101) Eden regions: 23->0(23)
[2025-06-23T18:37:33.815+0530][78084.644s][info][gc,heap        ] GC(101) Survivor regions: 1->1(3)
[2025-06-23T18:37:33.815+0530][78084.644s][info][gc,heap        ] GC(101) Old regions: 11->11
[2025-06-23T18:37:33.815+0530][78084.644s][info][gc,heap        ] GC(101) Humongous regions: 0->0
[2025-06-23T18:37:33.815+0530][78084.644s][info][gc,metaspace   ] GC(101) Metaspace: 93283K(94336K)->93283K(94336K) NonClass: 82279K(82944K)->82279K(82944K) Class: 11003K(11392K)->11003K(11392K)
[2025-06-23T18:37:33.815+0530][78084.644s][info][gc             ] GC(101) Pause Young (Mixed) (G1 Evacuation Pause) 133M->41M(160M) 3.832ms
[2025-06-23T18:37:33.815+0530][78084.644s][info][gc,cpu         ] GC(101) User=0.00s Sys=0.00s Real=0.00s
[2025-06-23T18:57:04.712+0530][79255.541s][info][gc,start       ] GC(102) Pause Young (Concurrent Start) (G1 Evacuation Pause)
[2025-06-23T18:57:04.712+0530][79255.541s][info][gc,task        ] GC(102) Using 13 workers of 13 for evacuation
[2025-06-23T18:57:04.714+0530][79255.543s][info][gc,phases      ] GC(102)   Pre Evacuate Collection Set: 0.4ms
[2025-06-23T18:57:04.714+0530][79255.543s][info][gc,phases      ] GC(102)   Merge Heap Roots: 0.1ms
[2025-06-23T18:57:04.714+0530][79255.543s][info][gc,phases      ] GC(102)   Evacuate Collection Set: 0.9ms
[2025-06-23T18:57:04.714+0530][79255.543s][info][gc,phases      ] GC(102)   Post Evacuate Collection Set: 0.5ms
[2025-06-23T18:57:04.714+0530][79255.543s][info][gc,phases      ] GC(102)   Other: 0.1ms
[2025-06-23T18:57:04.714+0530][79255.543s][info][gc,heap        ] GC(102) Eden regions: 23->0(23)
[2025-06-23T18:57:04.714+0530][79255.543s][info][gc,heap        ] GC(102) Survivor regions: 1->1(3)
[2025-06-23T18:57:04.714+0530][79255.543s][info][gc,heap        ] GC(102) Old regions: 11->11
[2025-06-23T18:57:04.714+0530][79255.543s][info][gc,heap        ] GC(102) Humongous regions: 0->0
[2025-06-23T18:57:04.714+0530][79255.543s][info][gc,metaspace   ] GC(102) Metaspace: 93283K(94336K)->93283K(94336K) NonClass: 82279K(82944K)->82279K(82944K) Class: 11003K(11392K)->11003K(11392K)
[2025-06-23T18:57:04.714+0530][79255.543s][info][gc             ] GC(102) Pause Young (Concurrent Start) (G1 Evacuation Pause) 133M->41M(160M) 2.357ms
[2025-06-23T18:57:04.714+0530][79255.543s][info][gc,cpu         ] GC(102) User=0.00s Sys=0.00s Real=0.00s
[2025-06-23T18:57:04.714+0530][79255.543s][info][gc             ] GC(103) Concurrent Mark Cycle
[2025-06-23T18:57:04.714+0530][79255.543s][info][gc,marking     ] GC(103) Concurrent Scan Root Regions
[2025-06-23T18:57:04.716+0530][79255.545s][info][gc,marking     ] GC(103) Concurrent Scan Root Regions 1.566ms
[2025-06-23T18:57:04.716+0530][79255.545s][info][gc,marking     ] GC(103) Concurrent Mark
[2025-06-23T18:57:04.716+0530][79255.545s][info][gc,marking     ] GC(103) Concurrent Mark From Roots
[2025-06-23T18:57:04.716+0530][79255.545s][info][gc,task        ] GC(103) Using 3 workers of 3 for marking
[2025-06-23T18:57:04.737+0530][79255.566s][info][gc,marking     ] GC(103) Concurrent Mark From Roots 21.468ms
[2025-06-23T18:57:04.737+0530][79255.566s][info][gc,marking     ] GC(103) Concurrent Preclean
[2025-06-23T18:57:04.738+0530][79255.566s][info][gc,marking     ] GC(103) Concurrent Preclean 0.305ms
[2025-06-23T18:57:04.738+0530][79255.566s][info][gc,start       ] GC(103) Pause Remark
[2025-06-23T18:57:04.739+0530][79255.568s][info][gc             ] GC(103) Pause Remark 41M->41M(160M) 1.363ms
[2025-06-23T18:57:04.739+0530][79255.568s][info][gc,cpu         ] GC(103) User=0.00s Sys=0.00s Real=0.00s
[2025-06-23T18:57:04.739+0530][79255.568s][info][gc,marking     ] GC(103) Concurrent Mark 23.355ms
[2025-06-23T18:57:04.739+0530][79255.568s][info][gc,marking     ] GC(103) Concurrent Rebuild Remembered Sets and Scrub Regions
[2025-06-23T18:57:04.744+0530][79255.573s][info][gc,marking     ] GC(103) Concurrent Rebuild Remembered Sets and Scrub Regions 4.918ms
[2025-06-23T18:57:04.744+0530][79255.573s][info][gc,start       ] GC(103) Pause Cleanup
[2025-06-23T18:57:04.744+0530][79255.573s][info][gc             ] GC(103) Pause Cleanup 41M->41M(160M) 0.092ms
[2025-06-23T18:57:04.744+0530][79255.573s][info][gc,cpu         ] GC(103) User=0.00s Sys=0.00s Real=0.00s
[2025-06-23T18:57:04.744+0530][79255.573s][info][gc,marking     ] GC(103) Concurrent Clear Claimed Marks
[2025-06-23T18:57:04.744+0530][79255.573s][info][gc,marking     ] GC(103) Concurrent Clear Claimed Marks 0.067ms
[2025-06-23T18:57:04.744+0530][79255.573s][info][gc,marking     ] GC(103) Concurrent Cleanup for Next Mark
[2025-06-23T18:57:04.745+0530][79255.574s][info][gc,marking     ] GC(103) Concurrent Cleanup for Next Mark 0.346ms
[2025-06-23T18:57:04.745+0530][79255.574s][info][gc             ] GC(103) Concurrent Mark Cycle 30.673ms
[2025-06-23T19:16:33.998+0530][80424.826s][info][gc,start       ] GC(104) Pause Young (Prepare Mixed) (G1 Evacuation Pause)
[2025-06-23T19:16:33.998+0530][80424.826s][info][gc,task        ] GC(104) Using 13 workers of 13 for evacuation
[2025-06-23T19:16:33.999+0530][80424.828s][info][gc,phases      ] GC(104)   Pre Evacuate Collection Set: 0.3ms
[2025-06-23T19:16:33.999+0530][80424.828s][info][gc,phases      ] GC(104)   Merge Heap Roots: 0.1ms
[2025-06-23T19:16:33.999+0530][80424.828s][info][gc,phases      ] GC(104)   Evacuate Collection Set: 0.5ms
[2025-06-23T19:16:33.999+0530][80424.828s][info][gc,phases      ] GC(104)   Post Evacuate Collection Set: 0.4ms
[2025-06-23T19:16:33.999+0530][80424.828s][info][gc,phases      ] GC(104)   Other: 0.1ms
[2025-06-23T19:16:33.999+0530][80424.828s][info][gc,heap        ] GC(104) Eden regions: 23->0(23)
[2025-06-23T19:16:33.999+0530][80424.828s][info][gc,heap        ] GC(104) Survivor regions: 1->1(3)
[2025-06-23T19:16:33.999+0530][80424.828s][info][gc,heap        ] GC(104) Old regions: 11->11
[2025-06-23T19:16:33.999+0530][80424.828s][info][gc,heap        ] GC(104) Humongous regions: 0->0
[2025-06-23T19:16:33.999+0530][80424.828s][info][gc,metaspace   ] GC(104) Metaspace: 93283K(94336K)->93283K(94336K) NonClass: 82279K(82944K)->82279K(82944K) Class: 11003K(11392K)->11003K(11392K)
[2025-06-23T19:16:33.999+0530][80424.828s][info][gc             ] GC(104) Pause Young (Prepare Mixed) (G1 Evacuation Pause) 133M->41M(160M) 1.722ms
[2025-06-23T19:16:33.999+0530][80424.828s][info][gc,cpu         ] GC(104) User=0.00s Sys=0.00s Real=0.00s
[2025-06-23T19:35:58.253+0530][81589.082s][info][gc,start       ] GC(105) Pause Young (Mixed) (G1 Evacuation Pause)
[2025-06-23T19:35:58.253+0530][81589.082s][info][gc,task        ] GC(105) Using 13 workers of 13 for evacuation
[2025-06-23T19:35:58.255+0530][81589.084s][info][gc,phases      ] GC(105)   Pre Evacuate Collection Set: 0.5ms
[2025-06-23T19:35:58.255+0530][81589.084s][info][gc,phases      ] GC(105)   Merge Heap Roots: 0.1ms
[2025-06-23T19:35:58.255+0530][81589.084s][info][gc,phases      ] GC(105)   Evacuate Collection Set: 1.1ms
[2025-06-23T19:35:58.255+0530][81589.084s][info][gc,phases      ] GC(105)   Post Evacuate Collection Set: 0.4ms
[2025-06-23T19:35:58.255+0530][81589.084s][info][gc,phases      ] GC(105)   Other: 0.1ms
[2025-06-23T19:35:58.255+0530][81589.084s][info][gc,heap        ] GC(105) Eden regions: 23->0(23)
[2025-06-23T19:35:58.255+0530][81589.084s][info][gc,heap        ] GC(105) Survivor regions: 1->1(3)
[2025-06-23T19:35:58.255+0530][81589.084s][info][gc,heap        ] GC(105) Old regions: 11->11
[2025-06-23T19:35:58.255+0530][81589.084s][info][gc,heap        ] GC(105) Humongous regions: 0->0
[2025-06-23T19:35:58.255+0530][81589.084s][info][gc,metaspace   ] GC(105) Metaspace: 93283K(94336K)->93283K(94336K) NonClass: 82279K(82944K)->82279K(82944K) Class: 11003K(11392K)->11003K(11392K)
[2025-06-23T19:35:58.255+0530][81589.084s][info][gc             ] GC(105) Pause Young (Mixed) (G1 Evacuation Pause) 133M->41M(160M) 2.463ms
[2025-06-23T19:35:58.255+0530][81589.084s][info][gc,cpu         ] GC(105) User=0.00s Sys=0.00s Real=0.00s
[2025-06-23T19:55:24.982+0530][82755.810s][info][gc,start       ] GC(106) Pause Young (Concurrent Start) (G1 Evacuation Pause)
[2025-06-23T19:55:24.982+0530][82755.810s][info][gc,task        ] GC(106) Using 13 workers of 13 for evacuation
[2025-06-23T19:55:24.984+0530][82755.812s][info][gc,phases      ] GC(106)   Pre Evacuate Collection Set: 0.3ms
[2025-06-23T19:55:24.984+0530][82755.812s][info][gc,phases      ] GC(106)   Merge Heap Roots: 0.3ms
[2025-06-23T19:55:24.984+0530][82755.812s][info][gc,phases      ] GC(106)   Evacuate Collection Set: 0.7ms
[2025-06-23T19:55:24.984+0530][82755.812s][info][gc,phases      ] GC(106)   Post Evacuate Collection Set: 0.3ms
[2025-06-23T19:55:24.984+0530][82755.812s][info][gc,phases      ] GC(106)   Other: 0.1ms
[2025-06-23T19:55:24.984+0530][82755.812s][info][gc,heap        ] GC(106) Eden regions: 23->0(23)
[2025-06-23T19:55:24.984+0530][82755.812s][info][gc,heap        ] GC(106) Survivor regions: 1->1(3)
[2025-06-23T19:55:24.984+0530][82755.812s][info][gc,heap        ] GC(106) Old regions: 11->11
[2025-06-23T19:55:24.984+0530][82755.812s][info][gc,heap        ] GC(106) Humongous regions: 0->0
[2025-06-23T19:55:24.984+0530][82755.812s][info][gc,metaspace   ] GC(106) Metaspace: 93283K(94336K)->93283K(94336K) NonClass: 82279K(82944K)->82279K(82944K) Class: 11003K(11392K)->11003K(11392K)
[2025-06-23T19:55:24.984+0530][82755.812s][info][gc             ] GC(106) Pause Young (Concurrent Start) (G1 Evacuation Pause) 133M->41M(160M) 1.969ms
[2025-06-23T19:55:24.984+0530][82755.812s][info][gc,cpu         ] GC(106) User=0.00s Sys=0.00s Real=0.00s
[2025-06-23T19:55:24.984+0530][82755.812s][info][gc             ] GC(107) Concurrent Mark Cycle
[2025-06-23T19:55:24.984+0530][82755.812s][info][gc,marking     ] GC(107) Concurrent Scan Root Regions
[2025-06-23T19:55:24.985+0530][82755.813s][info][gc,marking     ] GC(107) Concurrent Scan Root Regions 1.256ms
[2025-06-23T19:55:24.985+0530][82755.813s][info][gc,marking     ] GC(107) Concurrent Mark
[2025-06-23T19:55:24.985+0530][82755.813s][info][gc,marking     ] GC(107) Concurrent Mark From Roots
[2025-06-23T19:55:24.985+0530][82755.813s][info][gc,task        ] GC(107) Using 3 workers of 3 for marking
[2025-06-23T19:55:25.007+0530][82755.836s][info][gc,marking     ] GC(107) Concurrent Mark From Roots 22.167ms
[2025-06-23T19:55:25.007+0530][82755.836s][info][gc,marking     ] GC(107) Concurrent Preclean
[2025-06-23T19:55:25.008+0530][82755.836s][info][gc,marking     ] GC(107) Concurrent Preclean 0.382ms
[2025-06-23T19:55:25.008+0530][82755.836s][info][gc,start       ] GC(107) Pause Remark
[2025-06-23T19:55:25.009+0530][82755.838s][info][gc             ] GC(107) Pause Remark 41M->41M(160M) 1.560ms
[2025-06-23T19:55:25.009+0530][82755.838s][info][gc,cpu         ] GC(107) User=0.00s Sys=0.00s Real=0.00s
[2025-06-23T19:55:25.009+0530][82755.838s][info][gc,marking     ] GC(107) Concurrent Mark 24.351ms
[2025-06-23T19:55:25.009+0530][82755.838s][info][gc,marking     ] GC(107) Concurrent Rebuild Remembered Sets and Scrub Regions
[2025-06-23T19:55:25.016+0530][82755.844s][info][gc,marking     ] GC(107) Concurrent Rebuild Remembered Sets and Scrub Regions 6.435ms
[2025-06-23T19:55:25.016+0530][82755.844s][info][gc,start       ] GC(107) Pause Cleanup
[2025-06-23T19:55:25.016+0530][82755.844s][info][gc             ] GC(107) Pause Cleanup 41M->41M(160M) 0.222ms
[2025-06-23T19:55:25.016+0530][82755.845s][info][gc,cpu         ] GC(107) User=0.00s Sys=0.00s Real=0.00s
[2025-06-23T19:55:25.016+0530][82755.845s][info][gc,marking     ] GC(107) Concurrent Clear Claimed Marks
[2025-06-23T19:55:25.016+0530][82755.845s][info][gc,marking     ] GC(107) Concurrent Clear Claimed Marks 0.067ms
[2025-06-23T19:55:25.016+0530][82755.845s][info][gc,marking     ] GC(107) Concurrent Cleanup for Next Mark
[2025-06-23T19:55:25.016+0530][82755.845s][info][gc,marking     ] GC(107) Concurrent Cleanup for Next Mark 0.367ms
[2025-06-23T19:55:25.016+0530][82755.845s][info][gc             ] GC(107) Concurrent Mark Cycle 33.009ms
[2025-06-23T20:14:52.802+0530][83923.632s][info][gc,start       ] GC(108) Pause Young (Prepare Mixed) (G1 Evacuation Pause)
[2025-06-23T20:14:52.803+0530][83923.632s][info][gc,task        ] GC(108) Using 13 workers of 13 for evacuation
[2025-06-23T20:14:52.804+0530][83923.633s][info][gc,phases      ] GC(108)   Pre Evacuate Collection Set: 0.2ms
[2025-06-23T20:14:52.804+0530][83923.633s][info][gc,phases      ] GC(108)   Merge Heap Roots: 0.1ms
[2025-06-23T20:14:52.804+0530][83923.633s][info][gc,phases      ] GC(108)   Evacuate Collection Set: 0.4ms
[2025-06-23T20:14:52.804+0530][83923.633s][info][gc,phases      ] GC(108)   Post Evacuate Collection Set: 0.3ms
[2025-06-23T20:14:52.804+0530][83923.633s][info][gc,phases      ] GC(108)   Other: 0.1ms
[2025-06-23T20:14:52.804+0530][83923.633s][info][gc,heap        ] GC(108) Eden regions: 23->0(23)
[2025-06-23T20:14:52.804+0530][83923.633s][info][gc,heap        ] GC(108) Survivor regions: 1->1(3)
[2025-06-23T20:14:52.804+0530][83923.633s][info][gc,heap        ] GC(108) Old regions: 11->11
[2025-06-23T20:14:52.804+0530][83923.633s][info][gc,heap        ] GC(108) Humongous regions: 0->0
[2025-06-23T20:14:52.804+0530][83923.633s][info][gc,metaspace   ] GC(108) Metaspace: 93284K(94336K)->93284K(94336K) NonClass: 82280K(82944K)->82280K(82944K) Class: 11003K(11392K)->11003K(11392K)
[2025-06-23T20:14:52.804+0530][83923.633s][info][gc             ] GC(108) Pause Young (Prepare Mixed) (G1 Evacuation Pause) 133M->41M(160M) 1.534ms
[2025-06-23T20:14:52.804+0530][83923.633s][info][gc,cpu         ] GC(108) User=0.00s Sys=0.00s Real=0.00s
[2025-06-23T20:34:23.853+0530][85094.681s][info][gc,start       ] GC(109) Pause Young (Mixed) (G1 Evacuation Pause)
[2025-06-23T20:34:23.853+0530][85094.681s][info][gc,task        ] GC(109) Using 13 workers of 13 for evacuation
[2025-06-23T20:34:23.854+0530][85094.683s][info][gc,phases      ] GC(109)   Pre Evacuate Collection Set: 0.2ms
[2025-06-23T20:34:23.854+0530][85094.683s][info][gc,phases      ] GC(109)   Merge Heap Roots: 0.1ms
[2025-06-23T20:34:23.854+0530][85094.683s][info][gc,phases      ] GC(109)   Evacuate Collection Set: 0.7ms
[2025-06-23T20:34:23.854+0530][85094.683s][info][gc,phases      ] GC(109)   Post Evacuate Collection Set: 0.4ms
[2025-06-23T20:34:23.854+0530][85094.683s][info][gc,phases      ] GC(109)   Other: 0.1ms
[2025-06-23T20:34:23.854+0530][85094.683s][info][gc,heap        ] GC(109) Eden regions: 23->0(23)
[2025-06-23T20:34:23.854+0530][85094.683s][info][gc,heap        ] GC(109) Survivor regions: 1->1(3)
[2025-06-23T20:34:23.854+0530][85094.683s][info][gc,heap        ] GC(109) Old regions: 11->11
[2025-06-23T20:34:23.854+0530][85094.683s][info][gc,heap        ] GC(109) Humongous regions: 0->0
[2025-06-23T20:34:23.854+0530][85094.683s][info][gc,metaspace   ] GC(109) Metaspace: 93284K(94336K)->93284K(94336K) NonClass: 82280K(82944K)->82280K(82944K) Class: 11003K(11392K)->11003K(11392K)
[2025-06-23T20:34:23.854+0530][85094.683s][info][gc             ] GC(109) Pause Young (Mixed) (G1 Evacuation Pause) 133M->41M(160M) 1.720ms
[2025-06-23T20:34:23.854+0530][85094.683s][info][gc,cpu         ] GC(109) User=0.00s Sys=0.00s Real=0.00s
[2025-06-23T20:53:51.721+0530][86262.549s][info][gc,start       ] GC(110) Pause Young (Concurrent Start) (G1 Evacuation Pause)
[2025-06-23T20:53:51.721+0530][86262.549s][info][gc,task        ] GC(110) Using 13 workers of 13 for evacuation
[2025-06-23T20:53:51.723+0530][86262.551s][info][gc,phases      ] GC(110)   Pre Evacuate Collection Set: 0.4ms
[2025-06-23T20:53:51.723+0530][86262.551s][info][gc,phases      ] GC(110)   Merge Heap Roots: 0.1ms
[2025-06-23T20:53:51.723+0530][86262.551s][info][gc,phases      ] GC(110)   Evacuate Collection Set: 0.9ms
[2025-06-23T20:53:51.723+0530][86262.551s][info][gc,phases      ] GC(110)   Post Evacuate Collection Set: 0.4ms
[2025-06-23T20:53:51.723+0530][86262.551s][info][gc,phases      ] GC(110)   Other: 0.2ms
[2025-06-23T20:53:51.723+0530][86262.551s][info][gc,heap        ] GC(110) Eden regions: 23->0(23)
[2025-06-23T20:53:51.723+0530][86262.551s][info][gc,heap        ] GC(110) Survivor regions: 1->1(3)
[2025-06-23T20:53:51.723+0530][86262.551s][info][gc,heap        ] GC(110) Old regions: 11->11
[2025-06-23T20:53:51.723+0530][86262.551s][info][gc,heap        ] GC(110) Humongous regions: 0->0
[2025-06-23T20:53:51.723+0530][86262.551s][info][gc,metaspace   ] GC(110) Metaspace: 93284K(94336K)->93284K(94336K) NonClass: 82280K(82944K)->82280K(82944K) Class: 11003K(11392K)->11003K(11392K)
[2025-06-23T20:53:51.723+0530][86262.552s][info][gc             ] GC(110) Pause Young (Concurrent Start) (G1 Evacuation Pause) 133M->41M(160M) 2.322ms
[2025-06-23T20:53:51.723+0530][86262.552s][info][gc,cpu         ] GC(110) User=0.00s Sys=0.00s Real=0.00s
[2025-06-23T20:53:51.723+0530][86262.552s][info][gc             ] GC(111) Concurrent Mark Cycle
[2025-06-23T20:53:51.723+0530][86262.552s][info][gc,marking     ] GC(111) Concurrent Scan Root Regions
[2025-06-23T20:53:51.724+0530][86262.552s][info][gc,marking     ] GC(111) Concurrent Scan Root Regions 0.905ms
[2025-06-23T20:53:51.724+0530][86262.553s][info][gc,marking     ] GC(111) Concurrent Mark
[2025-06-23T20:53:51.724+0530][86262.553s][info][gc,marking     ] GC(111) Concurrent Mark From Roots
[2025-06-23T20:53:51.724+0530][86262.553s][info][gc,task        ] GC(111) Using 3 workers of 3 for marking
[2025-06-23T20:53:51.744+0530][86262.572s][info][gc,marking     ] GC(111) Concurrent Mark From Roots 19.942ms
[2025-06-23T20:53:51.744+0530][86262.573s][info][gc,marking     ] GC(111) Concurrent Preclean
[2025-06-23T20:53:51.745+0530][86262.573s][info][gc,marking     ] GC(111) Concurrent Preclean 0.343ms
[2025-06-23T20:53:51.745+0530][86262.573s][info][gc,start       ] GC(111) Pause Remark
[2025-06-23T20:53:51.746+0530][86262.574s][info][gc             ] GC(111) Pause Remark 41M->41M(160M) 1.418ms
[2025-06-23T20:53:51.746+0530][86262.574s][info][gc,cpu         ] GC(111) User=0.00s Sys=0.00s Real=0.00s
[2025-06-23T20:53:51.746+0530][86262.574s][info][gc,marking     ] GC(111) Concurrent Mark 21.907ms
[2025-06-23T20:53:51.746+0530][86262.574s][info][gc,marking     ] GC(111) Concurrent Rebuild Remembered Sets and Scrub Regions
[2025-06-23T20:53:51.751+0530][86262.579s][info][gc,marking     ] GC(111) Concurrent Rebuild Remembered Sets and Scrub Regions 4.943ms
[2025-06-23T20:53:51.751+0530][86262.579s][info][gc,start       ] GC(111) Pause Cleanup
[2025-06-23T20:53:51.751+0530][86262.580s][info][gc             ] GC(111) Pause Cleanup 41M->41M(160M) 0.132ms
[2025-06-23T20:53:51.751+0530][86262.580s][info][gc,cpu         ] GC(111) User=0.00s Sys=0.00s Real=0.00s
[2025-06-23T20:53:51.751+0530][86262.580s][info][gc,marking     ] GC(111) Concurrent Clear Claimed Marks
[2025-06-23T20:53:51.752+0530][86262.580s][info][gc,marking     ] GC(111) Concurrent Clear Claimed Marks 0.074ms
[2025-06-23T20:53:51.752+0530][86262.580s][info][gc,marking     ] GC(111) Concurrent Cleanup for Next Mark
[2025-06-23T20:53:51.752+0530][86262.580s][info][gc,marking     ] GC(111) Concurrent Cleanup for Next Mark 0.336ms
[2025-06-23T20:53:51.752+0530][86262.580s][info][gc             ] GC(111) Concurrent Mark Cycle 28.592ms
[2025-06-23T21:13:23.183+0530][87434.012s][info][gc,start       ] GC(112) Pause Young (Prepare Mixed) (G1 Evacuation Pause)
[2025-06-23T21:13:23.183+0530][87434.012s][info][gc,task        ] GC(112) Using 13 workers of 13 for evacuation
[2025-06-23T21:13:23.184+0530][87434.014s][info][gc,phases      ] GC(112)   Pre Evacuate Collection Set: 0.2ms
[2025-06-23T21:13:23.184+0530][87434.014s][info][gc,phases      ] GC(112)   Merge Heap Roots: 0.1ms
[2025-06-23T21:13:23.184+0530][87434.014s][info][gc,phases      ] GC(112)   Evacuate Collection Set: 0.5ms
[2025-06-23T21:13:23.184+0530][87434.014s][info][gc,phases      ] GC(112)   Post Evacuate Collection Set: 0.3ms
[2025-06-23T21:13:23.184+0530][87434.014s][info][gc,phases      ] GC(112)   Other: 0.1ms
[2025-06-23T21:13:23.184+0530][87434.014s][info][gc,heap        ] GC(112) Eden regions: 23->0(23)
[2025-06-23T21:13:23.184+0530][87434.014s][info][gc,heap        ] GC(112) Survivor regions: 1->1(3)
[2025-06-23T21:13:23.184+0530][87434.014s][info][gc,heap        ] GC(112) Old regions: 11->12
[2025-06-23T21:13:23.184+0530][87434.014s][info][gc,heap        ] GC(112) Humongous regions: 0->0
[2025-06-23T21:13:23.184+0530][87434.014s][info][gc,metaspace   ] GC(112) Metaspace: 93284K(94336K)->93284K(94336K) NonClass: 82280K(82944K)->82280K(82944K) Class: 11003K(11392K)->11003K(11392K)
[2025-06-23T21:13:23.186+0530][87434.014s][info][gc             ] GC(112) Pause Young (Prepare Mixed) (G1 Evacuation Pause) 133M->41M(160M) 1.550ms
[2025-06-23T21:13:23.186+0530][87434.014s][info][gc,cpu         ] GC(112) User=0.00s Sys=0.00s Real=0.00s
[2025-06-23T21:32:54.580+0530][88605.409s][info][gc,start       ] GC(113) Pause Young (Mixed) (G1 Evacuation Pause)
[2025-06-23T21:32:54.580+0530][88605.409s][info][gc,task        ] GC(113) Using 13 workers of 13 for evacuation
[2025-06-23T21:32:54.583+0530][88605.411s][info][gc,phases      ] GC(113)   Pre Evacuate Collection Set: 0.3ms
[2025-06-23T21:32:54.583+0530][88605.411s][info][gc,phases      ] GC(113)   Merge Heap Roots: 0.1ms
[2025-06-23T21:32:54.583+0530][88605.411s][info][gc,phases      ] GC(113)   Evacuate Collection Set: 0.8ms
[2025-06-23T21:32:54.583+0530][88605.411s][info][gc,phases      ] GC(113)   Post Evacuate Collection Set: 0.3ms
[2025-06-23T21:32:54.583+0530][88605.411s][info][gc,phases      ] GC(113)   Other: 0.1ms
[2025-06-23T21:32:54.583+0530][88605.411s][info][gc,heap        ] GC(113) Eden regions: 23->0(23)
[2025-06-23T21:32:54.583+0530][88605.411s][info][gc,heap        ] GC(113) Survivor regions: 1->1(3)
[2025-06-23T21:32:54.583+0530][88605.411s][info][gc,heap        ] GC(113) Old regions: 12->11
[2025-06-23T21:32:54.583+0530][88605.411s][info][gc,heap        ] GC(113) Humongous regions: 0->0
[2025-06-23T21:32:54.583+0530][88605.411s][info][gc,metaspace   ] GC(113) Metaspace: 93284K(94336K)->93284K(94336K) NonClass: 82280K(82944K)->82280K(82944K) Class: 11003K(11392K)->11003K(11392K)
[2025-06-23T21:32:54.583+0530][88605.411s][info][gc             ] GC(113) Pause Young (Mixed) (G1 Evacuation Pause) 133M->41M(160M) 2.212ms
[2025-06-23T21:32:54.583+0530][88605.411s][info][gc,cpu         ] GC(113) User=0.00s Sys=0.00s Real=0.00s
[2025-06-23T21:52:18.319+0530][89769.147s][info][gc,start       ] GC(114) Pause Young (Concurrent Start) (G1 Evacuation Pause)
[2025-06-23T21:52:18.319+0530][89769.147s][info][gc,task        ] GC(114) Using 13 workers of 13 for evacuation
[2025-06-23T21:52:18.321+0530][89769.149s][info][gc,phases      ] GC(114)   Pre Evacuate Collection Set: 0.3ms
[2025-06-23T21:52:18.321+0530][89769.149s][info][gc,phases      ] GC(114)   Merge Heap Roots: 0.1ms
[2025-06-23T21:52:18.321+0530][89769.149s][info][gc,phases      ] GC(114)   Evacuate Collection Set: 1.0ms
[2025-06-23T21:52:18.321+0530][89769.149s][info][gc,phases      ] GC(114)   Post Evacuate Collection Set: 0.5ms
[2025-06-23T21:52:18.321+0530][89769.149s][info][gc,phases      ] GC(114)   Other: 0.1ms
[2025-06-23T21:52:18.321+0530][89769.149s][info][gc,heap        ] GC(114) Eden regions: 23->0(23)
[2025-06-23T21:52:18.321+0530][89769.149s][info][gc,heap        ] GC(114) Survivor regions: 1->1(3)
[2025-06-23T21:52:18.321+0530][89769.149s][info][gc,heap        ] GC(114) Old regions: 11->11
[2025-06-23T21:52:18.321+0530][89769.149s][info][gc,heap        ] GC(114) Humongous regions: 0->0
[2025-06-23T21:52:18.321+0530][89769.149s][info][gc,metaspace   ] GC(114) Metaspace: 93286K(94336K)->93286K(94336K) NonClass: 82282K(82944K)->82282K(82944K) Class: 11003K(11392K)->11003K(11392K)
[2025-06-23T21:52:18.321+0530][89769.149s][info][gc             ] GC(114) Pause Young (Concurrent Start) (G1 Evacuation Pause) 133M->41M(160M) 2.471ms
[2025-06-23T21:52:18.321+0530][89769.149s][info][gc,cpu         ] GC(114) User=0.00s Sys=0.00s Real=0.00s
[2025-06-23T21:52:18.321+0530][89769.149s][info][gc             ] GC(115) Concurrent Mark Cycle
[2025-06-23T21:52:18.321+0530][89769.149s][info][gc,marking     ] GC(115) Concurrent Scan Root Regions
[2025-06-23T21:52:18.322+0530][89769.151s][info][gc,marking     ] GC(115) Concurrent Scan Root Regions 1.225ms
[2025-06-23T21:52:18.322+0530][89769.151s][info][gc,marking     ] GC(115) Concurrent Mark
[2025-06-23T21:52:18.322+0530][89769.151s][info][gc,marking     ] GC(115) Concurrent Mark From Roots
[2025-06-23T21:52:18.322+0530][89769.151s][info][gc,task        ] GC(115) Using 3 workers of 3 for marking
[2025-06-23T21:52:18.341+0530][89769.169s][info][gc,marking     ] GC(115) Concurrent Mark From Roots 18.204ms
[2025-06-23T21:52:18.341+0530][89769.169s][info][gc,marking     ] GC(115) Concurrent Preclean
[2025-06-23T21:52:18.341+0530][89769.169s][info][gc,marking     ] GC(115) Concurrent Preclean 0.328ms
[2025-06-23T21:52:18.341+0530][89769.169s][info][gc,start       ] GC(115) Pause Remark
[2025-06-23T21:52:18.342+0530][89769.171s][info][gc             ] GC(115) Pause Remark 41M->41M(160M) 1.347ms
[2025-06-23T21:52:18.342+0530][89769.171s][info][gc,cpu         ] GC(115) User=0.00s Sys=0.00s Real=0.00s
[2025-06-23T21:52:18.343+0530][89769.171s][info][gc,marking     ] GC(115) Concurrent Mark 20.097ms
[2025-06-23T21:52:18.343+0530][89769.171s][info][gc,marking     ] GC(115) Concurrent Rebuild Remembered Sets and Scrub Regions
[2025-06-23T21:52:18.347+0530][89769.176s][info][gc,marking     ] GC(115) Concurrent Rebuild Remembered Sets and Scrub Regions 5.390ms
[2025-06-23T21:52:18.347+0530][89769.176s][info][gc,start       ] GC(115) Pause Cleanup
[2025-06-23T21:52:18.348+0530][89769.176s][info][gc             ] GC(115) Pause Cleanup 41M->41M(160M) 0.137ms
[2025-06-23T21:52:18.348+0530][89769.176s][info][gc,cpu         ] GC(115) User=0.00s Sys=0.00s Real=0.00s
[2025-06-23T21:52:18.348+0530][89769.176s][info][gc,marking     ] GC(115) Concurrent Clear Claimed Marks
[2025-06-23T21:52:18.348+0530][89769.177s][info][gc,marking     ] GC(115) Concurrent Clear Claimed Marks 0.070ms
[2025-06-23T21:52:18.348+0530][89769.177s][info][gc,marking     ] GC(115) Concurrent Cleanup for Next Mark
[2025-06-23T21:52:18.348+0530][89769.177s][info][gc,marking     ] GC(115) Concurrent Cleanup for Next Mark 0.376ms
[2025-06-23T21:52:18.348+0530][89769.177s][info][gc             ] GC(115) Concurrent Mark Cycle 27.701ms
[2025-06-23T22:11:48.680+0530][90939.509s][info][gc,start       ] GC(116) Pause Young (Prepare Mixed) (G1 Evacuation Pause)
[2025-06-23T22:11:48.680+0530][90939.509s][info][gc,task        ] GC(116) Using 13 workers of 13 for evacuation
[2025-06-23T22:11:48.682+0530][90939.510s][info][gc,phases      ] GC(116)   Pre Evacuate Collection Set: 0.2ms
[2025-06-23T22:11:48.682+0530][90939.510s][info][gc,phases      ] GC(116)   Merge Heap Roots: 0.1ms
[2025-06-23T22:11:48.682+0530][90939.510s][info][gc,phases      ] GC(116)   Evacuate Collection Set: 0.5ms
[2025-06-23T22:11:48.682+0530][90939.510s][info][gc,phases      ] GC(116)   Post Evacuate Collection Set: 0.4ms
[2025-06-23T22:11:48.682+0530][90939.510s][info][gc,phases      ] GC(116)   Other: 0.1ms
[2025-06-23T22:11:48.682+0530][90939.510s][info][gc,heap        ] GC(116) Eden regions: 23->0(23)
[2025-06-23T22:11:48.682+0530][90939.510s][info][gc,heap        ] GC(116) Survivor regions: 1->1(3)
[2025-06-23T22:11:48.682+0530][90939.510s][info][gc,heap        ] GC(116) Old regions: 11->11
[2025-06-23T22:11:48.682+0530][90939.510s][info][gc,heap        ] GC(116) Humongous regions: 0->0
[2025-06-23T22:11:48.682+0530][90939.510s][info][gc,metaspace   ] GC(116) Metaspace: 93287K(94336K)->93287K(94336K) NonClass: 82283K(82944K)->82283K(82944K) Class: 11003K(11392K)->11003K(11392K)
[2025-06-23T22:11:48.682+0530][90939.510s][info][gc             ] GC(116) Pause Young (Prepare Mixed) (G1 Evacuation Pause) 133M->41M(160M) 1.595ms
[2025-06-23T22:11:48.682+0530][90939.510s][info][gc,cpu         ] GC(116) User=0.00s Sys=0.00s Real=0.00s
[2025-06-23T22:31:19.697+0530][92110.526s][info][gc,start       ] GC(117) Pause Young (Mixed) (G1 Evacuation Pause)
[2025-06-23T22:31:19.697+0530][92110.526s][info][gc,task        ] GC(117) Using 13 workers of 13 for evacuation
[2025-06-23T22:31:19.699+0530][92110.528s][info][gc,phases      ] GC(117)   Pre Evacuate Collection Set: 0.5ms
[2025-06-23T22:31:19.699+0530][92110.528s][info][gc,phases      ] GC(117)   Merge Heap Roots: 0.1ms
[2025-06-23T22:31:19.699+0530][92110.528s][info][gc,phases      ] GC(117)   Evacuate Collection Set: 1.0ms
[2025-06-23T22:31:19.699+0530][92110.528s][info][gc,phases      ] GC(117)   Post Evacuate Collection Set: 0.3ms
[2025-06-23T22:31:19.699+0530][92110.528s][info][gc,phases      ] GC(117)   Other: 0.1ms
[2025-06-23T22:31:19.699+0530][92110.528s][info][gc,heap        ] GC(117) Eden regions: 23->0(23)
[2025-06-23T22:31:19.699+0530][92110.528s][info][gc,heap        ] GC(117) Survivor regions: 1->1(3)
[2025-06-23T22:31:19.699+0530][92110.528s][info][gc,heap        ] GC(117) Old regions: 11->11
[2025-06-23T22:31:19.699+0530][92110.528s][info][gc,heap        ] GC(117) Humongous regions: 0->0
[2025-06-23T22:31:19.699+0530][92110.528s][info][gc,metaspace   ] GC(117) Metaspace: 93287K(94336K)->93287K(94336K) NonClass: 82283K(82944K)->82283K(82944K) Class: 11003K(11392K)->11003K(11392K)
[2025-06-23T22:31:19.699+0530][92110.528s][info][gc             ] GC(117) Pause Young (Mixed) (G1 Evacuation Pause) 133M->41M(160M) 2.385ms
[2025-06-23T22:31:19.699+0530][92110.528s][info][gc,cpu         ] GC(117) User=0.00s Sys=0.00s Real=0.00s
[2025-06-23T22:50:50.645+0530][93281.474s][info][gc,start       ] GC(118) Pause Young (Concurrent Start) (G1 Evacuation Pause)
[2025-06-23T22:50:50.645+0530][93281.474s][info][gc,task        ] GC(118) Using 13 workers of 13 for evacuation
[2025-06-23T22:50:50.647+0530][93281.476s][info][gc,phases      ] GC(118)   Pre Evacuate Collection Set: 0.4ms
[2025-06-23T22:50:50.647+0530][93281.476s][info][gc,phases      ] GC(118)   Merge Heap Roots: 0.1ms
[2025-06-23T22:50:50.647+0530][93281.476s][info][gc,phases      ] GC(118)   Evacuate Collection Set: 0.8ms
[2025-06-23T22:50:50.647+0530][93281.476s][info][gc,phases      ] GC(118)   Post Evacuate Collection Set: 0.3ms
[2025-06-23T22:50:50.647+0530][93281.476s][info][gc,phases      ] GC(118)   Other: 0.2ms
[2025-06-23T22:50:50.647+0530][93281.476s][info][gc,heap        ] GC(118) Eden regions: 23->0(23)
[2025-06-23T22:50:50.647+0530][93281.476s][info][gc,heap        ] GC(118) Survivor regions: 1->1(3)
[2025-06-23T22:50:50.647+0530][93281.476s][info][gc,heap        ] GC(118) Old regions: 11->11
[2025-06-23T22:50:50.647+0530][93281.476s][info][gc,heap        ] GC(118) Humongous regions: 0->0
[2025-06-23T22:50:50.647+0530][93281.476s][info][gc,metaspace   ] GC(118) Metaspace: 93288K(94336K)->93288K(94336K) NonClass: 82284K(82944K)->82284K(82944K) Class: 11003K(11392K)->11003K(11392K)
[2025-06-23T22:50:50.647+0530][93281.476s][info][gc             ] GC(118) Pause Young (Concurrent Start) (G1 Evacuation Pause) 133M->41M(160M) 2.158ms
[2025-06-23T22:50:50.647+0530][93281.476s][info][gc,cpu         ] GC(118) User=0.00s Sys=0.00s Real=0.00s
[2025-06-23T22:50:50.647+0530][93281.476s][info][gc             ] GC(119) Concurrent Mark Cycle
[2025-06-23T22:50:50.647+0530][93281.476s][info][gc,marking     ] GC(119) Concurrent Scan Root Regions
[2025-06-23T22:50:50.647+0530][93281.477s][info][gc,marking     ] GC(119) Concurrent Scan Root Regions 0.991ms
[2025-06-23T22:50:50.647+0530][93281.477s][info][gc,marking     ] GC(119) Concurrent Mark
[2025-06-23T22:50:50.647+0530][93281.477s][info][gc,marking     ] GC(119) Concurrent Mark From Roots
[2025-06-23T22:50:50.647+0530][93281.477s][info][gc,task        ] GC(119) Using 3 workers of 3 for marking
[2025-06-23T22:50:50.667+0530][93281.495s][info][gc,marking     ] GC(119) Concurrent Mark From Roots 17.876ms
[2025-06-23T22:50:50.671+0530][93281.499s][info][gc,marking     ] GC(119) Concurrent Preclean
[2025-06-23T22:50:50.671+0530][93281.500s][info][gc,marking     ] GC(119) Concurrent Preclean 0.387ms
[2025-06-23T22:50:50.671+0530][93281.500s][info][gc,start       ] GC(119) Pause Remark
[2025-06-23T22:50:50.726+0530][93281.555s][info][gc             ] GC(119) Pause Remark 42M->42M(160M) 54.697ms
[2025-06-23T22:50:50.726+0530][93281.555s][info][gc,cpu         ] GC(119) User=0.00s Sys=0.02s Real=0.06s
[2025-06-23T22:50:50.726+0530][93281.555s][info][gc,marking     ] GC(119) Concurrent Mark 77.748ms
[2025-06-23T22:50:50.726+0530][93281.555s][info][gc,marking     ] GC(119) Concurrent Rebuild Remembered Sets and Scrub Regions
[2025-06-23T22:50:50.732+0530][93281.561s][info][gc,marking     ] GC(119) Concurrent Rebuild Remembered Sets and Scrub Regions 5.907ms
[2025-06-23T22:50:50.733+0530][93281.561s][info][gc,start       ] GC(119) Pause Cleanup
[2025-06-23T22:50:50.733+0530][93281.561s][info][gc             ] GC(119) Pause Cleanup 42M->42M(160M) 0.088ms
[2025-06-23T22:50:50.733+0530][93281.561s][info][gc,cpu         ] GC(119) User=0.00s Sys=0.00s Real=0.00s
[2025-06-23T22:50:50.733+0530][93281.561s][info][gc,marking     ] GC(119) Concurrent Clear Claimed Marks
[2025-06-23T22:50:50.733+0530][93281.561s][info][gc,marking     ] GC(119) Concurrent Clear Claimed Marks 0.073ms
[2025-06-23T22:50:50.733+0530][93281.561s][info][gc,marking     ] GC(119) Concurrent Cleanup for Next Mark
[2025-06-23T22:50:50.733+0530][93281.562s][info][gc,marking     ] GC(119) Concurrent Cleanup for Next Mark 0.356ms
[2025-06-23T22:50:50.733+0530][93281.562s][info][gc             ] GC(119) Concurrent Mark Cycle 85.794ms
[2025-06-23T23:10:21.706+0530][94452.534s][info][gc,start       ] GC(120) Pause Young (Prepare Mixed) (G1 Evacuation Pause)
[2025-06-23T23:10:21.706+0530][94452.535s][info][gc,task        ] GC(120) Using 13 workers of 13 for evacuation
[2025-06-23T23:10:21.707+0530][94452.536s][info][gc,phases      ] GC(120)   Pre Evacuate Collection Set: 0.3ms
[2025-06-23T23:10:21.707+0530][94452.536s][info][gc,phases      ] GC(120)   Merge Heap Roots: 0.1ms
[2025-06-23T23:10:21.707+0530][94452.536s][info][gc,phases      ] GC(120)   Evacuate Collection Set: 0.3ms
[2025-06-23T23:10:21.707+0530][94452.536s][info][gc,phases      ] GC(120)   Post Evacuate Collection Set: 0.3ms
[2025-06-23T23:10:21.707+0530][94452.536s][info][gc,phases      ] GC(120)   Other: 0.1ms
[2025-06-23T23:10:21.707+0530][94452.536s][info][gc,heap        ] GC(120) Eden regions: 23->0(23)
[2025-06-23T23:10:21.707+0530][94452.536s][info][gc,heap        ] GC(120) Survivor regions: 1->1(3)
[2025-06-23T23:10:21.707+0530][94452.536s][info][gc,heap        ] GC(120) Old regions: 11->12
[2025-06-23T23:10:21.707+0530][94452.536s][info][gc,heap        ] GC(120) Humongous regions: 0->0
[2025-06-23T23:10:21.707+0530][94452.536s][info][gc,metaspace   ] GC(120) Metaspace: 93283K(94336K)->93283K(94336K) NonClass: 82283K(82944K)->82283K(82944K) Class: 11000K(11392K)->11000K(11392K)
[2025-06-23T23:10:21.707+0530][94452.536s][info][gc             ] GC(120) Pause Young (Prepare Mixed) (G1 Evacuation Pause) 133M->41M(160M) 1.373ms
[2025-06-23T23:10:21.707+0530][94452.536s][info][gc,cpu         ] GC(120) User=0.00s Sys=0.00s Real=0.00s
[2025-06-23T23:29:52.230+0530][95623.058s][info][gc,start       ] GC(121) Pause Young (Mixed) (G1 Evacuation Pause)
[2025-06-23T23:29:52.230+0530][95623.058s][info][gc,task        ] GC(121) Using 13 workers of 13 for evacuation
[2025-06-23T23:29:52.231+0530][95623.060s][info][gc,phases      ] GC(121)   Pre Evacuate Collection Set: 0.4ms
[2025-06-23T23:29:52.231+0530][95623.060s][info][gc,phases      ] GC(121)   Merge Heap Roots: 0.1ms
[2025-06-23T23:29:52.231+0530][95623.060s][info][gc,phases      ] GC(121)   Evacuate Collection Set: 0.9ms
[2025-06-23T23:29:52.231+0530][95623.060s][info][gc,phases      ] GC(121)   Post Evacuate Collection Set: 0.3ms
[2025-06-23T23:29:52.231+0530][95623.060s][info][gc,phases      ] GC(121)   Other: 0.1ms
[2025-06-23T23:29:52.231+0530][95623.060s][info][gc,heap        ] GC(121) Eden regions: 23->0(23)
[2025-06-23T23:29:52.231+0530][95623.060s][info][gc,heap        ] GC(121) Survivor regions: 1->1(3)
[2025-06-23T23:29:52.231+0530][95623.060s][info][gc,heap        ] GC(121) Old regions: 12->11
[2025-06-23T23:29:52.231+0530][95623.060s][info][gc,heap        ] GC(121) Humongous regions: 0->0
[2025-06-23T23:29:52.231+0530][95623.060s][info][gc,metaspace   ] GC(121) Metaspace: 93284K(94336K)->93284K(94336K) NonClass: 82283K(82944K)->82283K(82944K) Class: 11000K(11392K)->11000K(11392K)
[2025-06-23T23:29:52.232+0530][95623.060s][info][gc             ] GC(121) Pause Young (Mixed) (G1 Evacuation Pause) 133M->41M(160M) 2.279ms
[2025-06-23T23:29:52.232+0530][95623.060s][info][gc,cpu         ] GC(121) User=0.00s Sys=0.00s Real=0.00s
[2025-06-23T23:49:23.914+0530][96794.742s][info][gc,start       ] GC(122) Pause Young (Concurrent Start) (G1 Evacuation Pause)
[2025-06-23T23:49:23.914+0530][96794.742s][info][gc,task        ] GC(122) Using 13 workers of 13 for evacuation
[2025-06-23T23:49:23.915+0530][96794.744s][info][gc,phases      ] GC(122)   Pre Evacuate Collection Set: 0.5ms
[2025-06-23T23:49:23.915+0530][96794.744s][info][gc,phases      ] GC(122)   Merge Heap Roots: 0.1ms
[2025-06-23T23:49:23.915+0530][96794.744s][info][gc,phases      ] GC(122)   Evacuate Collection Set: 1.0ms
[2025-06-23T23:49:23.915+0530][96794.744s][info][gc,phases      ] GC(122)   Post Evacuate Collection Set: 0.3ms
[2025-06-23T23:49:23.915+0530][96794.744s][info][gc,phases      ] GC(122)   Other: 0.2ms
[2025-06-23T23:49:23.915+0530][96794.744s][info][gc,heap        ] GC(122) Eden regions: 23->0(23)
[2025-06-23T23:49:23.915+0530][96794.744s][info][gc,heap        ] GC(122) Survivor regions: 1->1(3)
[2025-06-23T23:49:23.915+0530][96794.744s][info][gc,heap        ] GC(122) Old regions: 11->11
[2025-06-23T23:49:23.915+0530][96794.744s][info][gc,heap        ] GC(122) Humongous regions: 0->0
[2025-06-23T23:49:23.915+0530][96794.744s][info][gc,metaspace   ] GC(122) Metaspace: 93284K(94336K)->93284K(94336K) NonClass: 82283K(82944K)->82283K(82944K) Class: 11000K(11392K)->11000K(11392K)
[2025-06-23T23:49:23.916+0530][96794.744s][info][gc             ] GC(122) Pause Young (Concurrent Start) (G1 Evacuation Pause) 133M->41M(160M) 2.412ms
[2025-06-23T23:49:23.916+0530][96794.744s][info][gc,cpu         ] GC(122) User=0.00s Sys=0.00s Real=0.00s
[2025-06-23T23:49:23.916+0530][96794.744s][info][gc             ] GC(123) Concurrent Mark Cycle
[2025-06-23T23:49:23.916+0530][96794.744s][info][gc,marking     ] GC(123) Concurrent Scan Root Regions
[2025-06-23T23:49:23.917+0530][96794.745s][info][gc,marking     ] GC(123) Concurrent Scan Root Regions 1.131ms
[2025-06-23T23:49:23.917+0530][96794.745s][info][gc,marking     ] GC(123) Concurrent Mark
[2025-06-23T23:49:23.917+0530][96794.745s][info][gc,marking     ] GC(123) Concurrent Mark From Roots
[2025-06-23T23:49:23.917+0530][96794.745s][info][gc,task        ] GC(123) Using 3 workers of 3 for marking
[2025-06-23T23:49:23.935+0530][96794.763s][info][gc,marking     ] GC(123) Concurrent Mark From Roots 17.492ms
[2025-06-23T23:49:23.935+0530][96794.763s][info][gc,marking     ] GC(123) Concurrent Preclean
[2025-06-23T23:49:23.935+0530][96794.763s][info][gc,marking     ] GC(123) Concurrent Preclean 0.331ms
[2025-06-23T23:49:23.935+0530][96794.763s][info][gc,start       ] GC(123) Pause Remark
[2025-06-23T23:49:23.936+0530][96794.765s][info][gc             ] GC(123) Pause Remark 41M->41M(160M) 1.132ms
[2025-06-23T23:49:23.936+0530][96794.765s][info][gc,cpu         ] GC(123) User=0.00s Sys=0.00s Real=0.00s
[2025-06-23T23:49:23.936+0530][96794.765s][info][gc,marking     ] GC(123) Concurrent Mark 19.168ms
[2025-06-23T23:49:23.936+0530][96794.765s][info][gc,marking     ] GC(123) Concurrent Rebuild Remembered Sets and Scrub Regions
[2025-06-23T23:49:23.941+0530][96794.769s][info][gc,marking     ] GC(123) Concurrent Rebuild Remembered Sets and Scrub Regions 4.783ms
[2025-06-23T23:49:23.941+0530][96794.770s][info][gc,start       ] GC(123) Pause Cleanup
[2025-06-23T23:49:23.941+0530][96794.770s][info][gc             ] GC(123) Pause Cleanup 41M->41M(160M) 0.095ms
[2025-06-23T23:49:23.941+0530][96794.770s][info][gc,cpu         ] GC(123) User=0.00s Sys=0.00s Real=0.00s
[2025-06-23T23:49:23.941+0530][96794.770s][info][gc,marking     ] GC(123) Concurrent Clear Claimed Marks
[2025-06-23T23:49:23.941+0530][96794.770s][info][gc,marking     ] GC(123) Concurrent Clear Claimed Marks 0.067ms
[2025-06-23T23:49:23.941+0530][96794.770s][info][gc,marking     ] GC(123) Concurrent Cleanup for Next Mark
[2025-06-23T23:49:23.942+0530][96794.770s][info][gc,marking     ] GC(123) Concurrent Cleanup for Next Mark 0.427ms
[2025-06-23T23:49:23.942+0530][96794.770s][info][gc             ] GC(123) Concurrent Mark Cycle 25.977ms
[2025-06-24T12:10:43.248+0530][141278.742s][info][gc,start       ] GC(124) Pause Young (Prepare Mixed) (G1 Evacuation Pause)
[2025-06-24T12:10:43.248+0530][141278.742s][info][gc,task        ] GC(124) Using 13 workers of 13 for evacuation
[2025-06-24T12:10:43.250+0530][141278.744s][info][gc,phases      ] GC(124)   Pre Evacuate Collection Set: 0.3ms
[2025-06-24T12:10:43.250+0530][141278.744s][info][gc,phases      ] GC(124)   Merge Heap Roots: 0.1ms
[2025-06-24T12:10:43.250+0530][141278.744s][info][gc,phases      ] GC(124)   Evacuate Collection Set: 0.4ms
[2025-06-24T12:10:43.250+0530][141278.744s][info][gc,phases      ] GC(124)   Post Evacuate Collection Set: 0.4ms
[2025-06-24T12:10:43.250+0530][141278.744s][info][gc,phases      ] GC(124)   Other: 0.2ms
[2025-06-24T12:10:43.250+0530][141278.744s][info][gc,heap        ] GC(124) Eden regions: 23->0(23)
[2025-06-24T12:10:43.250+0530][141278.744s][info][gc,heap        ] GC(124) Survivor regions: 1->1(3)
[2025-06-24T12:10:43.250+0530][141278.744s][info][gc,heap        ] GC(124) Old regions: 11->12
[2025-06-24T12:10:43.250+0530][141278.744s][info][gc,heap        ] GC(124) Humongous regions: 0->0
[2025-06-24T12:10:43.250+0530][141278.744s][info][gc,metaspace   ] GC(124) Metaspace: 93284K(94336K)->93284K(94336K) NonClass: 82283K(82944K)->82283K(82944K) Class: 11000K(11392K)->11000K(11392K)
[2025-06-24T12:10:43.250+0530][141278.744s][info][gc             ] GC(124) Pause Young (Prepare Mixed) (G1 Evacuation Pause) 133M->41M(160M) 1.753ms
[2025-06-24T12:10:43.250+0530][141278.744s][info][gc,cpu         ] GC(124) User=0.00s Sys=0.00s Real=0.00s
[2025-06-24T12:30:09.310+0530][142444.805s][info][gc,start       ] GC(125) Pause Young (Mixed) (G1 Evacuation Pause)
[2025-06-24T12:30:09.310+0530][142444.805s][info][gc,task        ] GC(125) Using 13 workers of 13 for evacuation
[2025-06-24T12:30:09.313+0530][142444.807s][info][gc,phases      ] GC(125)   Pre Evacuate Collection Set: 0.4ms
[2025-06-24T12:30:09.313+0530][142444.807s][info][gc,phases      ] GC(125)   Merge Heap Roots: 0.2ms
[2025-06-24T12:30:09.313+0530][142444.807s][info][gc,phases      ] GC(125)   Evacuate Collection Set: 0.9ms
[2025-06-24T12:30:09.313+0530][142444.807s][info][gc,phases      ] GC(125)   Post Evacuate Collection Set: 0.4ms
[2025-06-24T12:30:09.313+0530][142444.807s][info][gc,phases      ] GC(125)   Other: 0.2ms
[2025-06-24T12:30:09.313+0530][142444.807s][info][gc,heap        ] GC(125) Eden regions: 23->0(23)
[2025-06-24T12:30:09.313+0530][142444.807s][info][gc,heap        ] GC(125) Survivor regions: 1->1(3)
[2025-06-24T12:30:09.313+0530][142444.807s][info][gc,heap        ] GC(125) Old regions: 12->11
[2025-06-24T12:30:09.313+0530][142444.807s][info][gc,heap        ] GC(125) Humongous regions: 0->0
[2025-06-24T12:30:09.313+0530][142444.807s][info][gc,metaspace   ] GC(125) Metaspace: 93284K(94336K)->93284K(94336K) NonClass: 82283K(82944K)->82283K(82944K) Class: 11000K(11392K)->11000K(11392K)
[2025-06-24T12:30:09.313+0530][142444.807s][info][gc             ] GC(125) Pause Young (Mixed) (G1 Evacuation Pause) 133M->41M(160M) 2.620ms
[2025-06-24T12:30:09.313+0530][142444.807s][info][gc,cpu         ] GC(125) User=0.00s Sys=0.00s Real=0.00s
[2025-06-24T12:49:39.394+0530][143614.887s][info][gc,start       ] GC(126) Pause Young (Concurrent Start) (G1 Evacuation Pause)
[2025-06-24T12:49:39.394+0530][143614.888s][info][gc,task        ] GC(126) Using 13 workers of 13 for evacuation
[2025-06-24T12:49:39.396+0530][143614.890s][info][gc,phases      ] GC(126)   Pre Evacuate Collection Set: 0.4ms
[2025-06-24T12:49:39.396+0530][143614.890s][info][gc,phases      ] GC(126)   Merge Heap Roots: 0.1ms
[2025-06-24T12:49:39.396+0530][143614.890s][info][gc,phases      ] GC(126)   Evacuate Collection Set: 1.1ms
[2025-06-24T12:49:39.396+0530][143614.890s][info][gc,phases      ] GC(126)   Post Evacuate Collection Set: 0.3ms
[2025-06-24T12:49:39.396+0530][143614.890s][info][gc,phases      ] GC(126)   Other: 0.1ms
[2025-06-24T12:49:39.396+0530][143614.890s][info][gc,heap        ] GC(126) Eden regions: 23->0(23)
[2025-06-24T12:49:39.396+0530][143614.890s][info][gc,heap        ] GC(126) Survivor regions: 1->1(3)
[2025-06-24T12:49:39.396+0530][143614.890s][info][gc,heap        ] GC(126) Old regions: 11->11
[2025-06-24T12:49:39.396+0530][143614.890s][info][gc,heap        ] GC(126) Humongous regions: 0->0
[2025-06-24T12:49:39.396+0530][143614.890s][info][gc,metaspace   ] GC(126) Metaspace: 93284K(94336K)->93284K(94336K) NonClass: 82284K(82944K)->82284K(82944K) Class: 11000K(11392K)->11000K(11392K)
[2025-06-24T12:49:39.396+0530][143614.890s][info][gc             ] GC(126) Pause Young (Concurrent Start) (G1 Evacuation Pause) 133M->41M(160M) 2.379ms
[2025-06-24T12:49:39.396+0530][143614.890s][info][gc,cpu         ] GC(126) User=0.00s Sys=0.00s Real=0.00s
[2025-06-24T12:49:39.396+0530][143614.890s][info][gc             ] GC(127) Concurrent Mark Cycle
[2025-06-24T12:49:39.396+0530][143614.890s][info][gc,marking     ] GC(127) Concurrent Scan Root Regions
[2025-06-24T12:49:39.398+0530][143614.892s][info][gc,marking     ] GC(127) Concurrent Scan Root Regions 2.046ms
[2025-06-24T12:49:39.398+0530][143614.892s][info][gc,marking     ] GC(127) Concurrent Mark
[2025-06-24T12:49:39.398+0530][143614.892s][info][gc,marking     ] GC(127) Concurrent Mark From Roots
[2025-06-24T12:49:39.398+0530][143614.892s][info][gc,task        ] GC(127) Using 3 workers of 3 for marking
[2025-06-24T12:49:39.421+0530][143614.915s][info][gc,marking     ] GC(127) Concurrent Mark From Roots 22.619ms
[2025-06-24T12:49:39.421+0530][143614.915s][info][gc,marking     ] GC(127) Concurrent Preclean
[2025-06-24T12:49:39.421+0530][143614.915s][info][gc,marking     ] GC(127) Concurrent Preclean 0.301ms
[2025-06-24T12:49:39.421+0530][143614.915s][info][gc,start       ] GC(127) Pause Remark
[2025-06-24T12:49:39.423+0530][143614.917s][info][gc             ] GC(127) Pause Remark 41M->41M(160M) 1.693ms
[2025-06-24T12:49:39.423+0530][143614.917s][info][gc,cpu         ] GC(127) User=0.02s Sys=0.00s Real=0.00s
[2025-06-24T12:49:39.423+0530][143614.917s][info][gc,marking     ] GC(127) Concurrent Mark 24.829ms
[2025-06-24T12:49:39.423+0530][143614.917s][info][gc,marking     ] GC(127) Concurrent Rebuild Remembered Sets and Scrub Regions
[2025-06-24T12:49:39.428+0530][143614.922s][info][gc,marking     ] GC(127) Concurrent Rebuild Remembered Sets and Scrub Regions 5.056ms
[2025-06-24T12:49:39.428+0530][143614.922s][info][gc,start       ] GC(127) Pause Cleanup
[2025-06-24T12:49:39.428+0530][143614.922s][info][gc             ] GC(127) Pause Cleanup 41M->41M(160M) 0.131ms
[2025-06-24T12:49:39.428+0530][143614.922s][info][gc,cpu         ] GC(127) User=0.00s Sys=0.00s Real=0.00s
[2025-06-24T12:49:39.428+0530][143614.922s][info][gc,marking     ] GC(127) Concurrent Clear Claimed Marks
[2025-06-24T12:49:39.428+0530][143614.922s][info][gc,marking     ] GC(127) Concurrent Clear Claimed Marks 0.069ms
[2025-06-24T12:49:39.428+0530][143614.922s][info][gc,marking     ] GC(127) Concurrent Cleanup for Next Mark
[2025-06-24T12:49:39.428+0530][143614.923s][info][gc,marking     ] GC(127) Concurrent Cleanup for Next Mark 0.322ms
[2025-06-24T12:49:39.428+0530][143614.923s][info][gc             ] GC(127) Concurrent Mark Cycle 32.738ms
[2025-06-24T13:09:08.510+0530][144784.004s][info][gc,start       ] GC(128) Pause Young (Prepare Mixed) (G1 Evacuation Pause)
[2025-06-24T13:09:08.510+0530][144784.004s][info][gc,task        ] GC(128) Using 13 workers of 13 for evacuation
[2025-06-24T13:09:08.511+0530][144784.005s][info][gc,phases      ] GC(128)   Pre Evacuate Collection Set: 0.2ms
[2025-06-24T13:09:08.511+0530][144784.005s][info][gc,phases      ] GC(128)   Merge Heap Roots: 0.1ms
[2025-06-24T13:09:08.511+0530][144784.005s][info][gc,phases      ] GC(128)   Evacuate Collection Set: 0.5ms
[2025-06-24T13:09:08.511+0530][144784.005s][info][gc,phases      ] GC(128)   Post Evacuate Collection Set: 0.5ms
[2025-06-24T13:09:08.511+0530][144784.005s][info][gc,phases      ] GC(128)   Other: 0.1ms
[2025-06-24T13:09:08.511+0530][144784.005s][info][gc,heap        ] GC(128) Eden regions: 23->0(23)
[2025-06-24T13:09:08.511+0530][144784.005s][info][gc,heap        ] GC(128) Survivor regions: 1->1(3)
[2025-06-24T13:09:08.511+0530][144784.005s][info][gc,heap        ] GC(128) Old regions: 11->12
[2025-06-24T13:09:08.511+0530][144784.005s][info][gc,heap        ] GC(128) Humongous regions: 0->0
[2025-06-24T13:09:08.511+0530][144784.005s][info][gc,metaspace   ] GC(128) Metaspace: 93284K(94336K)->93284K(94336K) NonClass: 82284K(82944K)->82284K(82944K) Class: 11000K(11392K)->11000K(11392K)
[2025-06-24T13:09:08.511+0530][144784.005s][info][gc             ] GC(128) Pause Young (Prepare Mixed) (G1 Evacuation Pause) 133M->41M(160M) 1.698ms
[2025-06-24T13:09:08.511+0530][144784.005s][info][gc,cpu         ] GC(128) User=0.00s Sys=0.00s Real=0.00s
[2025-06-24T13:28:37.615+0530][145953.109s][info][gc,start       ] GC(129) Pause Young (Mixed) (G1 Evacuation Pause)
[2025-06-24T13:28:37.615+0530][145953.109s][info][gc,task        ] GC(129) Using 13 workers of 13 for evacuation
[2025-06-24T13:28:37.617+0530][145953.111s][info][gc,phases      ] GC(129)   Pre Evacuate Collection Set: 0.2ms
[2025-06-24T13:28:37.617+0530][145953.111s][info][gc,phases      ] GC(129)   Merge Heap Roots: 0.1ms
[2025-06-24T13:28:37.617+0530][145953.111s][info][gc,phases      ] GC(129)   Evacuate Collection Set: 1.0ms
[2025-06-24T13:28:37.617+0530][145953.111s][info][gc,phases      ] GC(129)   Post Evacuate Collection Set: 0.5ms
[2025-06-24T13:28:37.617+0530][145953.111s][info][gc,phases      ] GC(129)   Other: 0.1ms
[2025-06-24T13:28:37.617+0530][145953.111s][info][gc,heap        ] GC(129) Eden regions: 23->0(23)
[2025-06-24T13:28:37.617+0530][145953.111s][info][gc,heap        ] GC(129) Survivor regions: 1->1(3)
[2025-06-24T13:28:37.617+0530][145953.111s][info][gc,heap        ] GC(129) Old regions: 12->11
[2025-06-24T13:28:37.617+0530][145953.111s][info][gc,heap        ] GC(129) Humongous regions: 0->0
[2025-06-24T13:28:37.617+0530][145953.111s][info][gc,metaspace   ] GC(129) Metaspace: 93286K(94336K)->93286K(94336K) NonClass: 82286K(82944K)->82286K(82944K) Class: 11000K(11392K)->11000K(11392K)
[2025-06-24T13:28:37.617+0530][145953.111s][info][gc             ] GC(129) Pause Young (Mixed) (G1 Evacuation Pause) 133M->41M(160M) 2.178ms
[2025-06-24T13:28:37.617+0530][145953.111s][info][gc,cpu         ] GC(129) User=0.00s Sys=0.00s Real=0.00s
[2025-06-24T13:48:08.347+0530][147123.841s][info][gc,start       ] GC(130) Pause Young (Concurrent Start) (G1 Evacuation Pause)
[2025-06-24T13:48:08.347+0530][147123.841s][info][gc,task        ] GC(130) Using 13 workers of 13 for evacuation
[2025-06-24T13:48:08.349+0530][147123.843s][info][gc,phases      ] GC(130)   Pre Evacuate Collection Set: 0.5ms
[2025-06-24T13:48:08.349+0530][147123.843s][info][gc,phases      ] GC(130)   Merge Heap Roots: 0.2ms
[2025-06-24T13:48:08.349+0530][147123.843s][info][gc,phases      ] GC(130)   Evacuate Collection Set: 0.8ms
[2025-06-24T13:48:08.349+0530][147123.843s][info][gc,phases      ] GC(130)   Post Evacuate Collection Set: 0.3ms
[2025-06-24T13:48:08.349+0530][147123.843s][info][gc,phases      ] GC(130)   Other: 0.1ms
[2025-06-24T13:48:08.349+0530][147123.843s][info][gc,heap        ] GC(130) Eden regions: 23->0(23)
[2025-06-24T13:48:08.349+0530][147123.843s][info][gc,heap        ] GC(130) Survivor regions: 1->1(3)
[2025-06-24T13:48:08.349+0530][147123.843s][info][gc,heap        ] GC(130) Old regions: 11->11
[2025-06-24T13:48:08.349+0530][147123.843s][info][gc,heap        ] GC(130) Humongous regions: 0->0
[2025-06-24T13:48:08.349+0530][147123.843s][info][gc,metaspace   ] GC(130) Metaspace: 93286K(94336K)->93286K(94336K) NonClass: 82286K(82944K)->82286K(82944K) Class: 11000K(11392K)->11000K(11392K)
[2025-06-24T13:48:08.349+0530][147123.843s][info][gc             ] GC(130) Pause Young (Concurrent Start) (G1 Evacuation Pause) 133M->41M(160M) 2.293ms
[2025-06-24T13:48:08.349+0530][147123.843s][info][gc,cpu         ] GC(130) User=0.00s Sys=0.00s Real=0.00s
[2025-06-24T13:48:08.349+0530][147123.843s][info][gc             ] GC(131) Concurrent Mark Cycle
[2025-06-24T13:48:08.349+0530][147123.843s][info][gc,marking     ] GC(131) Concurrent Scan Root Regions
[2025-06-24T13:48:08.350+0530][147123.845s][info][gc,marking     ] GC(131) Concurrent Scan Root Regions 1.209ms
[2025-06-24T13:48:08.350+0530][147123.845s][info][gc,marking     ] GC(131) Concurrent Mark
[2025-06-24T13:48:08.350+0530][147123.845s][info][gc,marking     ] GC(131) Concurrent Mark From Roots
[2025-06-24T13:48:08.350+0530][147123.845s][info][gc,task        ] GC(131) Using 3 workers of 3 for marking
[2025-06-24T13:48:08.368+0530][147123.863s][info][gc,marking     ] GC(131) Concurrent Mark From Roots 17.944ms
[2025-06-24T13:48:08.368+0530][147123.863s][info][gc,marking     ] GC(131) Concurrent Preclean
[2025-06-24T13:48:08.369+0530][147123.863s][info][gc,marking     ] GC(131) Concurrent Preclean 0.288ms
[2025-06-24T13:48:08.369+0530][147123.863s][info][gc,start       ] GC(131) Pause Remark
[2025-06-24T13:48:08.370+0530][147123.864s][info][gc             ] GC(131) Pause Remark 42M->42M(160M) 1.457ms
[2025-06-24T13:48:08.370+0530][147123.864s][info][gc,cpu         ] GC(131) User=0.00s Sys=0.00s Real=0.00s
[2025-06-24T13:48:08.370+0530][147123.865s][info][gc,marking     ] GC(131) Concurrent Mark 19.899ms
[2025-06-24T13:48:08.370+0530][147123.865s][info][gc,marking     ] GC(131) Concurrent Rebuild Remembered Sets and Scrub Regions
[2025-06-24T13:48:08.375+0530][147123.869s][info][gc,marking     ] GC(131) Concurrent Rebuild Remembered Sets and Scrub Regions 4.562ms
[2025-06-24T13:48:08.375+0530][147123.869s][info][gc,start       ] GC(131) Pause Cleanup
[2025-06-24T13:48:08.375+0530][147123.869s][info][gc             ] GC(131) Pause Cleanup 42M->42M(160M) 0.084ms
[2025-06-24T13:48:08.375+0530][147123.869s][info][gc,cpu         ] GC(131) User=0.00s Sys=0.00s Real=0.00s
[2025-06-24T13:48:08.375+0530][147123.869s][info][gc,marking     ] GC(131) Concurrent Clear Claimed Marks
[2025-06-24T13:48:08.376+0530][147123.869s][info][gc,marking     ] GC(131) Concurrent Clear Claimed Marks 0.057ms
[2025-06-24T13:48:08.376+0530][147123.869s][info][gc,marking     ] GC(131) Concurrent Cleanup for Next Mark
[2025-06-24T13:48:08.376+0530][147123.870s][info][gc,marking     ] GC(131) Concurrent Cleanup for Next Mark 0.351ms
[2025-06-24T13:48:08.376+0530][147123.870s][info][gc             ] GC(131) Concurrent Mark Cycle 26.475ms
[2025-06-24T14:07:39.740+0530][148295.233s][info][gc,start       ] GC(132) Pause Young (Prepare Mixed) (G1 Evacuation Pause)
[2025-06-24T14:07:39.740+0530][148295.234s][info][gc,task        ] GC(132) Using 13 workers of 13 for evacuation
[2025-06-24T14:07:39.741+0530][148295.235s][info][gc,phases      ] GC(132)   Pre Evacuate Collection Set: 0.3ms
[2025-06-24T14:07:39.741+0530][148295.235s][info][gc,phases      ] GC(132)   Merge Heap Roots: 0.1ms
[2025-06-24T14:07:39.741+0530][148295.235s][info][gc,phases      ] GC(132)   Evacuate Collection Set: 0.5ms
[2025-06-24T14:07:39.741+0530][148295.235s][info][gc,phases      ] GC(132)   Post Evacuate Collection Set: 0.4ms
[2025-06-24T14:07:39.741+0530][148295.235s][info][gc,phases      ] GC(132)   Other: 0.1ms
[2025-06-24T14:07:39.741+0530][148295.235s][info][gc,heap        ] GC(132) Eden regions: 23->0(23)
[2025-06-24T14:07:39.741+0530][148295.235s][info][gc,heap        ] GC(132) Survivor regions: 1->1(3)
[2025-06-24T14:07:39.741+0530][148295.235s][info][gc,heap        ] GC(132) Old regions: 11->11
[2025-06-24T14:07:39.742+0530][148295.235s][info][gc,heap        ] GC(132) Humongous regions: 0->0
[2025-06-24T14:07:39.742+0530][148295.235s][info][gc,metaspace   ] GC(132) Metaspace: 93287K(94336K)->93287K(94336K) NonClass: 82286K(82944K)->82286K(82944K) Class: 11000K(11392K)->11000K(11392K)
[2025-06-24T14:07:39.742+0530][148295.235s][info][gc             ] GC(132) Pause Young (Prepare Mixed) (G1 Evacuation Pause) 133M->41M(160M) 1.667ms
[2025-06-24T14:07:39.742+0530][148295.235s][info][gc,cpu         ] GC(132) User=0.00s Sys=0.00s Real=0.00s
[2025-06-24T14:27:11.971+0530][149467.465s][info][gc,start       ] GC(133) Pause Young (Mixed) (G1 Evacuation Pause)
[2025-06-24T14:27:11.971+0530][149467.466s][info][gc,task        ] GC(133) Using 13 workers of 13 for evacuation
[2025-06-24T14:27:11.974+0530][149467.467s][info][gc,phases      ] GC(133)   Pre Evacuate Collection Set: 0.3ms
[2025-06-24T14:27:11.974+0530][149467.467s][info][gc,phases      ] GC(133)   Merge Heap Roots: 0.1ms
[2025-06-24T14:27:11.974+0530][149467.467s][info][gc,phases      ] GC(133)   Evacuate Collection Set: 0.9ms
[2025-06-24T14:27:11.974+0530][149467.467s][info][gc,phases      ] GC(133)   Post Evacuate Collection Set: 0.4ms
[2025-06-24T14:27:11.974+0530][149467.467s][info][gc,phases      ] GC(133)   Other: 0.1ms
[2025-06-24T14:27:11.974+0530][149467.467s][info][gc,heap        ] GC(133) Eden regions: 23->0(23)
[2025-06-24T14:27:11.974+0530][149467.467s][info][gc,heap        ] GC(133) Survivor regions: 1->1(3)
[2025-06-24T14:27:11.974+0530][149467.467s][info][gc,heap        ] GC(133) Old regions: 11->11
[2025-06-24T14:27:11.974+0530][149467.468s][info][gc,heap        ] GC(133) Humongous regions: 0->0
[2025-06-24T14:27:11.974+0530][149467.468s][info][gc,metaspace   ] GC(133) Metaspace: 93287K(94336K)->93287K(94336K) NonClass: 82287K(82944K)->82287K(82944K) Class: 11000K(11392K)->11000K(11392K)
[2025-06-24T14:27:11.974+0530][149467.468s][info][gc             ] GC(133) Pause Young (Mixed) (G1 Evacuation Pause) 133M->41M(160M) 2.100ms
[2025-06-24T14:27:11.974+0530][149467.468s][info][gc,cpu         ] GC(133) User=0.00s Sys=0.00s Real=0.00s
[2025-06-24T14:46:42.848+0530][150638.342s][info][gc,start       ] GC(134) Pause Young (Concurrent Start) (G1 Evacuation Pause)
[2025-06-24T14:46:42.848+0530][150638.342s][info][gc,task        ] GC(134) Using 13 workers of 13 for evacuation
[2025-06-24T14:46:42.850+0530][150638.344s][info][gc,phases      ] GC(134)   Pre Evacuate Collection Set: 0.3ms
[2025-06-24T14:46:42.850+0530][150638.344s][info][gc,phases      ] GC(134)   Merge Heap Roots: 0.1ms
[2025-06-24T14:46:42.850+0530][150638.344s][info][gc,phases      ] GC(134)   Evacuate Collection Set: 0.9ms
[2025-06-24T14:46:42.850+0530][150638.344s][info][gc,phases      ] GC(134)   Post Evacuate Collection Set: 0.3ms
[2025-06-24T14:46:42.850+0530][150638.344s][info][gc,phases      ] GC(134)   Other: 0.1ms
[2025-06-24T14:46:42.850+0530][150638.344s][info][gc,heap        ] GC(134) Eden regions: 23->0(23)
[2025-06-24T14:46:42.850+0530][150638.344s][info][gc,heap        ] GC(134) Survivor regions: 1->1(3)
[2025-06-24T14:46:42.850+0530][150638.344s][info][gc,heap        ] GC(134) Old regions: 11->11
[2025-06-24T14:46:42.850+0530][150638.344s][info][gc,heap        ] GC(134) Humongous regions: 0->0
[2025-06-24T14:46:42.850+0530][150638.344s][info][gc,metaspace   ] GC(134) Metaspace: 93287K(94336K)->93287K(94336K) NonClass: 82287K(82944K)->82287K(82944K) Class: 11000K(11392K)->11000K(11392K)
[2025-06-24T14:46:42.850+0530][150638.344s][info][gc             ] GC(134) Pause Young (Concurrent Start) (G1 Evacuation Pause) 133M->41M(160M) 1.972ms
[2025-06-24T14:46:42.850+0530][150638.344s][info][gc,cpu         ] GC(134) User=0.00s Sys=0.00s Real=0.00s
[2025-06-24T14:46:42.850+0530][150638.344s][info][gc             ] GC(135) Concurrent Mark Cycle
[2025-06-24T14:46:42.850+0530][150638.344s][info][gc,marking     ] GC(135) Concurrent Scan Root Regions
[2025-06-24T14:46:42.852+0530][150638.345s][info][gc,marking     ] GC(135) Concurrent Scan Root Regions 1.199ms
[2025-06-24T14:46:42.852+0530][150638.345s][info][gc,marking     ] GC(135) Concurrent Mark
[2025-06-24T14:46:42.852+0530][150638.345s][info][gc,marking     ] GC(135) Concurrent Mark From Roots
[2025-06-24T14:46:42.852+0530][150638.345s][info][gc,task        ] GC(135) Using 3 workers of 3 for marking
[2025-06-24T14:46:42.872+0530][150638.366s][info][gc,marking     ] GC(135) Concurrent Mark From Roots 20.454ms
[2025-06-24T14:46:42.872+0530][150638.366s][info][gc,marking     ] GC(135) Concurrent Preclean
[2025-06-24T14:46:42.872+0530][150638.366s][info][gc,marking     ] GC(135) Concurrent Preclean 0.310ms
[2025-06-24T14:46:42.872+0530][150638.366s][info][gc,start       ] GC(135) Pause Remark
[2025-06-24T14:46:42.873+0530][150638.367s][info][gc             ] GC(135) Pause Remark 41M->41M(160M) 1.307ms
[2025-06-24T14:46:42.873+0530][150638.367s][info][gc,cpu         ] GC(135) User=0.00s Sys=0.00s Real=0.00s
[2025-06-24T14:46:42.873+0530][150638.367s][info][gc,marking     ] GC(135) Concurrent Mark 22.289ms
[2025-06-24T14:46:42.873+0530][150638.367s][info][gc,marking     ] GC(135) Concurrent Rebuild Remembered Sets and Scrub Regions
[2025-06-24T14:46:42.878+0530][150638.372s][info][gc,marking     ] GC(135) Concurrent Rebuild Remembered Sets and Scrub Regions 4.532ms
[2025-06-24T14:46:42.878+0530][150638.372s][info][gc,start       ] GC(135) Pause Cleanup
[2025-06-24T14:46:42.879+0530][150638.372s][info][gc             ] GC(135) Pause Cleanup 41M->41M(160M) 0.104ms
[2025-06-24T14:46:42.879+0530][150638.372s][info][gc,cpu         ] GC(135) User=0.00s Sys=0.00s Real=0.00s
[2025-06-24T14:46:42.879+0530][150638.372s][info][gc,marking     ] GC(135) Concurrent Clear Claimed Marks
[2025-06-24T14:46:42.879+0530][150638.372s][info][gc,marking     ] GC(135) Concurrent Clear Claimed Marks 0.082ms
[2025-06-24T14:46:42.879+0530][150638.372s][info][gc,marking     ] GC(135) Concurrent Cleanup for Next Mark
[2025-06-24T14:46:42.879+0530][150638.373s][info][gc,marking     ] GC(135) Concurrent Cleanup for Next Mark 0.362ms
[2025-06-24T14:46:42.879+0530][150638.373s][info][gc             ] GC(135) Concurrent Mark Cycle 28.873ms
[2025-06-24T15:06:12.429+0530][151807.923s][info][gc,start       ] GC(136) Pause Young (Prepare Mixed) (G1 Evacuation Pause)
[2025-06-24T15:06:12.429+0530][151807.923s][info][gc,task        ] GC(136) Using 13 workers of 13 for evacuation
[2025-06-24T15:06:12.430+0530][151807.924s][info][gc,phases      ] GC(136)   Pre Evacuate Collection Set: 0.2ms
[2025-06-24T15:06:12.430+0530][151807.924s][info][gc,phases      ] GC(136)   Merge Heap Roots: 0.2ms
[2025-06-24T15:06:12.430+0530][151807.924s][info][gc,phases      ] GC(136)   Evacuate Collection Set: 0.4ms
[2025-06-24T15:06:12.430+0530][151807.924s][info][gc,phases      ] GC(136)   Post Evacuate Collection Set: 0.3ms
[2025-06-24T15:06:12.430+0530][151807.924s][info][gc,phases      ] GC(136)   Other: 0.1ms
[2025-06-24T15:06:12.430+0530][151807.924s][info][gc,heap        ] GC(136) Eden regions: 23->0(23)
[2025-06-24T15:06:12.430+0530][151807.924s][info][gc,heap        ] GC(136) Survivor regions: 1->1(3)
[2025-06-24T15:06:12.430+0530][151807.925s][info][gc,heap        ] GC(136) Old regions: 11->11
[2025-06-24T15:06:12.430+0530][151807.925s][info][gc,heap        ] GC(136) Humongous regions: 0->0
[2025-06-24T15:06:12.430+0530][151807.925s][info][gc,metaspace   ] GC(136) Metaspace: 93299K(94336K)->93299K(94336K) NonClass: 82298K(82944K)->82298K(82944K) Class: 11000K(11392K)->11000K(11392K)
[2025-06-24T15:06:12.430+0530][151807.925s][info][gc             ] GC(136) Pause Young (Prepare Mixed) (G1 Evacuation Pause) 133M->41M(160M) 1.569ms
[2025-06-24T15:06:12.430+0530][151807.925s][info][gc,cpu         ] GC(136) User=0.00s Sys=0.00s Real=0.00s
[2025-06-24T15:25:43.675+0530][152979.169s][info][gc,start       ] GC(137) Pause Young (Mixed) (G1 Evacuation Pause)
[2025-06-24T15:25:43.675+0530][152979.169s][info][gc,task        ] GC(137) Using 13 workers of 13 for evacuation
[2025-06-24T15:25:43.676+0530][152979.171s][info][gc,phases      ] GC(137)   Pre Evacuate Collection Set: 0.2ms
[2025-06-24T15:25:43.676+0530][152979.171s][info][gc,phases      ] GC(137)   Merge Heap Roots: 0.1ms
[2025-06-24T15:25:43.676+0530][152979.171s][info][gc,phases      ] GC(137)   Evacuate Collection Set: 0.9ms
[2025-06-24T15:25:43.676+0530][152979.171s][info][gc,phases      ] GC(137)   Post Evacuate Collection Set: 0.3ms
[2025-06-24T15:25:43.676+0530][152979.171s][info][gc,phases      ] GC(137)   Other: 0.1ms
[2025-06-24T15:25:43.676+0530][152979.171s][info][gc,heap        ] GC(137) Eden regions: 23->0(23)
[2025-06-24T15:25:43.676+0530][152979.171s][info][gc,heap        ] GC(137) Survivor regions: 1->1(3)
[2025-06-24T15:25:43.676+0530][152979.171s][info][gc,heap        ] GC(137) Old regions: 11->11
[2025-06-24T15:25:43.676+0530][152979.171s][info][gc,heap        ] GC(137) Humongous regions: 0->0
[2025-06-24T15:25:43.676+0530][152979.171s][info][gc,metaspace   ] GC(137) Metaspace: 93304K(94336K)->93304K(94336K) NonClass: 82304K(82944K)->82304K(82944K) Class: 11000K(11392K)->11000K(11392K)
[2025-06-24T15:25:43.677+0530][152979.171s][info][gc             ] GC(137) Pause Young (Mixed) (G1 Evacuation Pause) 133M->41M(160M) 1.882ms
[2025-06-24T15:25:43.677+0530][152979.171s][info][gc,cpu         ] GC(137) User=0.00s Sys=0.00s Real=0.00s
[2025-06-24T15:45:14.929+0530][154150.423s][info][gc,start       ] GC(138) Pause Young (Concurrent Start) (G1 Evacuation Pause)
[2025-06-24T15:45:14.929+0530][154150.423s][info][gc,task        ] GC(138) Using 13 workers of 13 for evacuation
[2025-06-24T15:45:14.931+0530][154150.425s][info][gc,phases      ] GC(138)   Pre Evacuate Collection Set: 0.8ms
[2025-06-24T15:45:14.931+0530][154150.425s][info][gc,phases      ] GC(138)   Merge Heap Roots: 0.2ms
[2025-06-24T15:45:14.931+0530][154150.425s][info][gc,phases      ] GC(138)   Evacuate Collection Set: 0.9ms
[2025-06-24T15:45:14.931+0530][154150.425s][info][gc,phases      ] GC(138)   Post Evacuate Collection Set: 0.4ms
[2025-06-24T15:45:14.931+0530][154150.425s][info][gc,phases      ] GC(138)   Other: 0.2ms
[2025-06-24T15:45:14.931+0530][154150.425s][info][gc,heap        ] GC(138) Eden regions: 23->0(23)
[2025-06-24T15:45:14.931+0530][154150.426s][info][gc,heap        ] GC(138) Survivor regions: 1->1(3)
[2025-06-24T15:45:14.931+0530][154150.426s][info][gc,heap        ] GC(138) Old regions: 11->11
[2025-06-24T15:45:14.931+0530][154150.426s][info][gc,heap        ] GC(138) Humongous regions: 0->0
[2025-06-24T15:45:14.931+0530][154150.426s][info][gc,metaspace   ] GC(138) Metaspace: 93306K(94336K)->93306K(94336K) NonClass: 82305K(82944K)->82305K(82944K) Class: 11000K(11392K)->11000K(11392K)
[2025-06-24T15:45:14.931+0530][154150.426s][info][gc             ] GC(138) Pause Young (Concurrent Start) (G1 Evacuation Pause) 133M->41M(160M) 2.790ms
[2025-06-24T15:45:14.931+0530][154150.426s][info][gc,cpu         ] GC(138) User=0.00s Sys=0.00s Real=0.00s
[2025-06-24T15:45:14.931+0530][154150.426s][info][gc             ] GC(139) Concurrent Mark Cycle
[2025-06-24T15:45:14.931+0530][154150.426s][info][gc,marking     ] GC(139) Concurrent Scan Root Regions
[2025-06-24T15:45:14.933+0530][154150.427s][info][gc,marking     ] GC(139) Concurrent Scan Root Regions 0.881ms
[2025-06-24T15:45:14.933+0530][154150.427s][info][gc,marking     ] GC(139) Concurrent Mark
[2025-06-24T15:45:14.933+0530][154150.427s][info][gc,marking     ] GC(139) Concurrent Mark From Roots
[2025-06-24T15:45:14.933+0530][154150.427s][info][gc,task        ] GC(139) Using 3 workers of 3 for marking
[2025-06-24T15:45:14.953+0530][154150.448s][info][gc,marking     ] GC(139) Concurrent Mark From Roots 21.118ms
[2025-06-24T15:45:14.953+0530][154150.448s][info][gc,marking     ] GC(139) Concurrent Preclean
[2025-06-24T15:45:14.954+0530][154150.448s][info][gc,marking     ] GC(139) Concurrent Preclean 0.344ms
[2025-06-24T15:45:14.954+0530][154150.448s][info][gc,start       ] GC(139) Pause Remark
[2025-06-24T15:45:14.956+0530][154150.450s][info][gc             ] GC(139) Pause Remark 41M->41M(160M) 1.505ms
[2025-06-24T15:45:14.956+0530][154150.450s][info][gc,cpu         ] GC(139) User=0.00s Sys=0.00s Real=0.00s
[2025-06-24T15:45:14.956+0530][154150.450s][info][gc,marking     ] GC(139) Concurrent Mark 23.179ms
[2025-06-24T15:45:14.956+0530][154150.450s][info][gc,marking     ] GC(139) Concurrent Rebuild Remembered Sets and Scrub Regions
[2025-06-24T15:45:14.962+0530][154150.456s][info][gc,marking     ] GC(139) Concurrent Rebuild Remembered Sets and Scrub Regions 5.880ms
[2025-06-24T15:45:14.962+0530][154150.456s][info][gc,start       ] GC(139) Pause Cleanup
[2025-06-24T15:45:14.962+0530][154150.456s][info][gc             ] GC(139) Pause Cleanup 41M->41M(160M) 0.157ms
[2025-06-24T15:45:14.962+0530][154150.456s][info][gc,cpu         ] GC(139) User=0.00s Sys=0.00s Real=0.00s
[2025-06-24T15:45:14.962+0530][154150.456s][info][gc,marking     ] GC(139) Concurrent Clear Claimed Marks
[2025-06-24T15:45:14.962+0530][154150.456s][info][gc,marking     ] GC(139) Concurrent Clear Claimed Marks 0.073ms
[2025-06-24T15:45:14.962+0530][154150.456s][info][gc,marking     ] GC(139) Concurrent Cleanup for Next Mark
[2025-06-24T15:45:14.963+0530][154150.457s][info][gc,marking     ] GC(139) Concurrent Cleanup for Next Mark 0.355ms
[2025-06-24T15:45:14.963+0530][154150.457s][info][gc             ] GC(139) Concurrent Mark Cycle 30.875ms
[2025-06-24T16:04:45.386+0530][155320.880s][info][gc,start       ] GC(140) Pause Young (Prepare Mixed) (G1 Evacuation Pause)
[2025-06-24T16:04:45.386+0530][155320.880s][info][gc,task        ] GC(140) Using 13 workers of 13 for evacuation
[2025-06-24T16:04:45.388+0530][155320.881s][info][gc,phases      ] GC(140)   Pre Evacuate Collection Set: 0.2ms
[2025-06-24T16:04:45.388+0530][155320.881s][info][gc,phases      ] GC(140)   Merge Heap Roots: 0.1ms
[2025-06-24T16:04:45.388+0530][155320.881s][info][gc,phases      ] GC(140)   Evacuate Collection Set: 0.3ms
[2025-06-24T16:04:45.388+0530][155320.881s][info][gc,phases      ] GC(140)   Post Evacuate Collection Set: 0.4ms
[2025-06-24T16:04:45.388+0530][155320.881s][info][gc,phases      ] GC(140)   Other: 0.1ms
[2025-06-24T16:04:45.388+0530][155320.881s][info][gc,heap        ] GC(140) Eden regions: 23->0(23)
[2025-06-24T16:04:45.388+0530][155320.881s][info][gc,heap        ] GC(140) Survivor regions: 1->1(3)
[2025-06-24T16:04:45.388+0530][155320.881s][info][gc,heap        ] GC(140) Old regions: 11->12
[2025-06-24T16:04:45.388+0530][155320.882s][info][gc,heap        ] GC(140) Humongous regions: 0->0
[2025-06-24T16:04:45.388+0530][155320.882s][info][gc,metaspace   ] GC(140) Metaspace: 93306K(94336K)->93306K(94336K) NonClass: 82305K(82944K)->82305K(82944K) Class: 11000K(11392K)->11000K(11392K)
[2025-06-24T16:04:45.388+0530][155320.882s][info][gc             ] GC(140) Pause Young (Prepare Mixed) (G1 Evacuation Pause) 133M->41M(160M) 1.551ms
[2025-06-24T16:04:45.388+0530][155320.882s][info][gc,cpu         ] GC(140) User=0.00s Sys=0.00s Real=0.00s
[2025-06-24T16:24:17.108+0530][156492.602s][info][gc,start       ] GC(141) Pause Young (Mixed) (G1 Evacuation Pause)
[2025-06-24T16:24:17.108+0530][156492.602s][info][gc,task        ] GC(141) Using 13 workers of 13 for evacuation
[2025-06-24T16:24:17.110+0530][156492.604s][info][gc,phases      ] GC(141)   Pre Evacuate Collection Set: 0.3ms
[2025-06-24T16:24:17.110+0530][156492.604s][info][gc,phases      ] GC(141)   Merge Heap Roots: 0.1ms
[2025-06-24T16:24:17.110+0530][156492.604s][info][gc,phases      ] GC(141)   Evacuate Collection Set: 0.8ms
[2025-06-24T16:24:17.110+0530][156492.604s][info][gc,phases      ] GC(141)   Post Evacuate Collection Set: 0.3ms
[2025-06-24T16:24:17.110+0530][156492.604s][info][gc,phases      ] GC(141)   Other: 0.1ms
[2025-06-24T16:24:17.110+0530][156492.604s][info][gc,heap        ] GC(141) Eden regions: 23->0(23)
[2025-06-24T16:24:17.110+0530][156492.604s][info][gc,heap        ] GC(141) Survivor regions: 1->1(3)
[2025-06-24T16:24:17.110+0530][156492.604s][info][gc,heap        ] GC(141) Old regions: 12->11
[2025-06-24T16:24:17.110+0530][156492.604s][info][gc,heap        ] GC(141) Humongous regions: 0->0
[2025-06-24T16:24:17.110+0530][156492.604s][info][gc,metaspace   ] GC(141) Metaspace: 93311K(94336K)->93311K(94336K) NonClass: 82310K(82944K)->82310K(82944K) Class: 11000K(11392K)->11000K(11392K)
[2025-06-24T16:24:17.110+0530][156492.604s][info][gc             ] GC(141) Pause Young (Mixed) (G1 Evacuation Pause) 133M->41M(160M) 2.037ms
[2025-06-24T16:24:17.110+0530][156492.604s][info][gc,cpu         ] GC(141) User=0.00s Sys=0.00s Real=0.00s
[2025-06-24T16:43:48.737+0530][157664.231s][info][gc,start       ] GC(142) Pause Young (Concurrent Start) (G1 Evacuation Pause)
[2025-06-24T16:43:48.737+0530][157664.231s][info][gc,task        ] GC(142) Using 13 workers of 13 for evacuation
[2025-06-24T16:43:48.739+0530][157664.233s][info][gc,phases      ] GC(142)   Pre Evacuate Collection Set: 0.4ms
[2025-06-24T16:43:48.739+0530][157664.233s][info][gc,phases      ] GC(142)   Merge Heap Roots: 0.1ms
[2025-06-24T16:43:48.739+0530][157664.233s][info][gc,phases      ] GC(142)   Evacuate Collection Set: 1.0ms
[2025-06-24T16:43:48.739+0530][157664.233s][info][gc,phases      ] GC(142)   Post Evacuate Collection Set: 0.4ms
[2025-06-24T16:43:48.739+0530][157664.233s][info][gc,phases      ] GC(142)   Other: 0.1ms
[2025-06-24T16:43:48.739+0530][157664.233s][info][gc,heap        ] GC(142) Eden regions: 23->0(23)
[2025-06-24T16:43:48.739+0530][157664.233s][info][gc,heap        ] GC(142) Survivor regions: 1->1(3)
[2025-06-24T16:43:48.739+0530][157664.233s][info][gc,heap        ] GC(142) Old regions: 11->11
[2025-06-24T16:43:48.739+0530][157664.233s][info][gc,heap        ] GC(142) Humongous regions: 0->0
[2025-06-24T16:43:48.739+0530][157664.233s][info][gc,metaspace   ] GC(142) Metaspace: 93318K(94336K)->93318K(94336K) NonClass: 82317K(82944K)->82317K(82944K) Class: 11000K(11392K)->11000K(11392K)
[2025-06-24T16:43:48.739+0530][157664.233s][info][gc             ] GC(142) Pause Young (Concurrent Start) (G1 Evacuation Pause) 133M->41M(160M) 2.291ms
[2025-06-24T16:43:48.739+0530][157664.233s][info][gc,cpu         ] GC(142) User=0.00s Sys=0.00s Real=0.00s
[2025-06-24T16:43:48.739+0530][157664.233s][info][gc             ] GC(143) Concurrent Mark Cycle
[2025-06-24T16:43:48.739+0530][157664.233s][info][gc,marking     ] GC(143) Concurrent Scan Root Regions
[2025-06-24T16:43:48.741+0530][157664.235s][info][gc,marking     ] GC(143) Concurrent Scan Root Regions 1.480ms
[2025-06-24T16:43:48.741+0530][157664.235s][info][gc,marking     ] GC(143) Concurrent Mark
[2025-06-24T16:43:48.741+0530][157664.235s][info][gc,marking     ] GC(143) Concurrent Mark From Roots
[2025-06-24T16:43:48.741+0530][157664.235s][info][gc,task        ] GC(143) Using 3 workers of 3 for marking
[2025-06-24T16:43:48.762+0530][157664.255s][info][gc,marking     ] GC(143) Concurrent Mark From Roots 20.631ms
[2025-06-24T16:43:48.762+0530][157664.255s][info][gc,marking     ] GC(143) Concurrent Preclean
[2025-06-24T16:43:48.762+0530][157664.256s][info][gc,marking     ] GC(143) Concurrent Preclean 0.311ms
[2025-06-24T16:43:48.762+0530][157664.256s][info][gc,start       ] GC(143) Pause Remark
[2025-06-24T16:43:48.764+0530][157664.257s][info][gc             ] GC(143) Pause Remark 41M->41M(160M) 1.262ms
[2025-06-24T16:43:48.764+0530][157664.257s][info][gc,cpu         ] GC(143) User=0.00s Sys=0.00s Real=0.00s
[2025-06-24T16:43:48.764+0530][157664.257s][info][gc,marking     ] GC(143) Concurrent Mark 22.411ms
[2025-06-24T16:43:48.764+0530][157664.257s][info][gc,marking     ] GC(143) Concurrent Rebuild Remembered Sets and Scrub Regions
[2025-06-24T16:43:48.768+0530][157664.262s][info][gc,marking     ] GC(143) Concurrent Rebuild Remembered Sets and Scrub Regions 4.939ms
[2025-06-24T16:43:48.769+0530][157664.262s][info][gc,start       ] GC(143) Pause Cleanup
[2025-06-24T16:43:48.769+0530][157664.262s][info][gc             ] GC(143) Pause Cleanup 41M->41M(160M) 0.091ms
[2025-06-24T16:43:48.769+0530][157664.262s][info][gc,cpu         ] GC(143) User=0.00s Sys=0.00s Real=0.00s
[2025-06-24T16:43:48.769+0530][157664.262s][info][gc,marking     ] GC(143) Concurrent Clear Claimed Marks
[2025-06-24T16:43:48.769+0530][157664.262s][info][gc,marking     ] GC(143) Concurrent Clear Claimed Marks 0.076ms
[2025-06-24T16:43:48.769+0530][157664.262s][info][gc,marking     ] GC(143) Concurrent Cleanup for Next Mark
[2025-06-24T16:43:48.769+0530][157664.263s][info][gc,marking     ] GC(143) Concurrent Cleanup for Next Mark 0.392ms
[2025-06-24T16:43:48.769+0530][157664.263s][info][gc             ] GC(143) Concurrent Mark Cycle 29.712ms
[2025-06-24T17:03:19.711+0530][158835.204s][info][gc,start       ] GC(144) Pause Young (Prepare Mixed) (G1 Evacuation Pause)
[2025-06-24T17:03:19.711+0530][158835.204s][info][gc,task        ] GC(144) Using 13 workers of 13 for evacuation
[2025-06-24T17:03:19.711+0530][158835.205s][info][gc,phases      ] GC(144)   Pre Evacuate Collection Set: 0.2ms
[2025-06-24T17:03:19.711+0530][158835.205s][info][gc,phases      ] GC(144)   Merge Heap Roots: 0.1ms
[2025-06-24T17:03:19.712+0530][158835.206s][info][gc,phases      ] GC(144)   Evacuate Collection Set: 0.4ms
[2025-06-24T17:03:19.712+0530][158835.206s][info][gc,phases      ] GC(144)   Post Evacuate Collection Set: 0.3ms
[2025-06-24T17:03:19.712+0530][158835.206s][info][gc,phases      ] GC(144)   Other: 0.1ms
[2025-06-24T17:03:19.712+0530][158835.206s][info][gc,heap        ] GC(144) Eden regions: 23->0(23)
[2025-06-24T17:03:19.712+0530][158835.206s][info][gc,heap        ] GC(144) Survivor regions: 1->1(3)
[2025-06-24T17:03:19.712+0530][158835.206s][info][gc,heap        ] GC(144) Old regions: 11->11
[2025-06-24T17:03:19.712+0530][158835.206s][info][gc,heap        ] GC(144) Humongous regions: 0->0
[2025-06-24T17:03:19.712+0530][158835.206s][info][gc,metaspace   ] GC(144) Metaspace: 93318K(94336K)->93318K(94336K) NonClass: 82317K(82944K)->82317K(82944K) Class: 11000K(11392K)->11000K(11392K)
[2025-06-24T17:03:19.712+0530][158835.206s][info][gc             ] GC(144) Pause Young (Prepare Mixed) (G1 Evacuation Pause) 133M->41M(160M) 1.431ms
[2025-06-24T17:03:19.712+0530][158835.206s][info][gc,cpu         ] GC(144) User=0.00s Sys=0.00s Real=0.00s
[2025-06-24T17:22:49.807+0530][160005.301s][info][gc,start       ] GC(145) Pause Young (Mixed) (G1 Evacuation Pause)
[2025-06-24T17:22:49.807+0530][160005.301s][info][gc,task        ] GC(145) Using 13 workers of 13 for evacuation
[2025-06-24T17:22:49.809+0530][160005.303s][info][gc,phases      ] GC(145)   Pre Evacuate Collection Set: 0.2ms
[2025-06-24T17:22:49.809+0530][160005.303s][info][gc,phases      ] GC(145)   Merge Heap Roots: 0.1ms
[2025-06-24T17:22:49.809+0530][160005.303s][info][gc,phases      ] GC(145)   Evacuate Collection Set: 1.1ms
[2025-06-24T17:22:49.809+0530][160005.303s][info][gc,phases      ] GC(145)   Post Evacuate Collection Set: 0.3ms
[2025-06-24T17:22:49.809+0530][160005.303s][info][gc,phases      ] GC(145)   Other: 0.1ms
[2025-06-24T17:22:49.809+0530][160005.303s][info][gc,heap        ] GC(145) Eden regions: 23->0(23)
[2025-06-24T17:22:49.809+0530][160005.303s][info][gc,heap        ] GC(145) Survivor regions: 1->1(3)
[2025-06-24T17:22:49.809+0530][160005.303s][info][gc,heap        ] GC(145) Old regions: 11->11
[2025-06-24T17:22:49.809+0530][160005.303s][info][gc,heap        ] GC(145) Humongous regions: 0->0
[2025-06-24T17:22:49.809+0530][160005.303s][info][gc,metaspace   ] GC(145) Metaspace: 93318K(94336K)->93318K(94336K) NonClass: 82317K(82944K)->82317K(82944K) Class: 11000K(11392K)->11000K(11392K)
[2025-06-24T17:22:49.809+0530][160005.303s][info][gc             ] GC(145) Pause Young (Mixed) (G1 Evacuation Pause) 133M->41M(160M) 2.201ms
[2025-06-24T17:22:49.809+0530][160005.303s][info][gc,cpu         ] GC(145) User=0.00s Sys=0.00s Real=0.00s
[2025-06-24T17:42:20.696+0530][161176.191s][info][gc,start       ] GC(146) Pause Young (Concurrent Start) (G1 Evacuation Pause)
[2025-06-24T17:42:20.696+0530][161176.191s][info][gc,task        ] GC(146) Using 13 workers of 13 for evacuation
[2025-06-24T17:42:20.699+0530][161176.192s][info][gc,phases      ] GC(146)   Pre Evacuate Collection Set: 0.6ms
[2025-06-24T17:42:20.699+0530][161176.192s][info][gc,phases      ] GC(146)   Merge Heap Roots: 0.1ms
[2025-06-24T17:42:20.699+0530][161176.192s][info][gc,phases      ] GC(146)   Evacuate Collection Set: 0.7ms
[2025-06-24T17:42:20.699+0530][161176.192s][info][gc,phases      ] GC(146)   Post Evacuate Collection Set: 0.3ms
[2025-06-24T17:42:20.699+0530][161176.192s][info][gc,phases      ] GC(146)   Other: 0.1ms
[2025-06-24T17:42:20.699+0530][161176.193s][info][gc,heap        ] GC(146) Eden regions: 23->0(23)
[2025-06-24T17:42:20.699+0530][161176.193s][info][gc,heap        ] GC(146) Survivor regions: 1->1(3)
[2025-06-24T17:42:20.699+0530][161176.193s][info][gc,heap        ] GC(146) Old regions: 11->11
[2025-06-24T17:42:20.699+0530][161176.193s][info][gc,heap        ] GC(146) Humongous regions: 0->0
[2025-06-24T17:42:20.699+0530][161176.193s][info][gc,metaspace   ] GC(146) Metaspace: 93318K(94336K)->93318K(94336K) NonClass: 82317K(82944K)->82317K(82944K) Class: 11000K(11392K)->11000K(11392K)
[2025-06-24T17:42:20.699+0530][161176.193s][info][gc             ] GC(146) Pause Young (Concurrent Start) (G1 Evacuation Pause) 133M->41M(160M) 2.076ms
[2025-06-24T17:42:20.699+0530][161176.193s][info][gc,cpu         ] GC(146) User=0.00s Sys=0.00s Real=0.00s
[2025-06-24T17:42:20.699+0530][161176.193s][info][gc             ] GC(147) Concurrent Mark Cycle
[2025-06-24T17:42:20.699+0530][161176.193s][info][gc,marking     ] GC(147) Concurrent Scan Root Regions
[2025-06-24T17:42:20.700+0530][161176.194s][info][gc,marking     ] GC(147) Concurrent Scan Root Regions 1.306ms
[2025-06-24T17:42:20.700+0530][161176.194s][info][gc,marking     ] GC(147) Concurrent Mark
[2025-06-24T17:42:20.700+0530][161176.194s][info][gc,marking     ] GC(147) Concurrent Mark From Roots
[2025-06-24T17:42:20.700+0530][161176.194s][info][gc,task        ] GC(147) Using 3 workers of 3 for marking
[2025-06-24T17:42:20.721+0530][161176.215s][info][gc,marking     ] GC(147) Concurrent Mark From Roots 20.718ms
[2025-06-24T17:42:20.721+0530][161176.215s][info][gc,marking     ] GC(147) Concurrent Preclean
[2025-06-24T17:42:20.721+0530][161176.215s][info][gc,marking     ] GC(147) Concurrent Preclean 0.239ms
[2025-06-24T17:42:20.721+0530][161176.215s][info][gc,start       ] GC(147) Pause Remark
[2025-06-24T17:42:20.723+0530][161176.217s][info][gc             ] GC(147) Pause Remark 41M->41M(160M) 1.750ms
[2025-06-24T17:42:20.723+0530][161176.217s][info][gc,cpu         ] GC(147) User=0.00s Sys=0.00s Real=0.00s
[2025-06-24T17:42:20.723+0530][161176.217s][info][gc,marking     ] GC(147) Concurrent Mark 22.914ms
[2025-06-24T17:42:20.723+0530][161176.217s][info][gc,marking     ] GC(147) Concurrent Rebuild Remembered Sets and Scrub Regions
[2025-06-24T17:42:20.728+0530][161176.222s][info][gc,marking     ] GC(147) Concurrent Rebuild Remembered Sets and Scrub Regions 4.881ms
[2025-06-24T17:42:20.728+0530][161176.222s][info][gc,start       ] GC(147) Pause Cleanup
[2025-06-24T17:42:20.728+0530][161176.222s][info][gc             ] GC(147) Pause Cleanup 41M->41M(160M) 0.100ms
[2025-06-24T17:42:20.728+0530][161176.222s][info][gc,cpu         ] GC(147) User=0.00s Sys=0.00s Real=0.00s
[2025-06-24T17:42:20.728+0530][161176.222s][info][gc,marking     ] GC(147) Concurrent Clear Claimed Marks
[2025-06-24T17:42:20.728+0530][161176.222s][info][gc,marking     ] GC(147) Concurrent Clear Claimed Marks 0.065ms
[2025-06-24T17:42:20.728+0530][161176.222s][info][gc,marking     ] GC(147) Concurrent Cleanup for Next Mark
[2025-06-24T17:42:20.728+0530][161176.223s][info][gc,marking     ] GC(147) Concurrent Cleanup for Next Mark 0.342ms
[2025-06-24T17:42:20.728+0530][161176.223s][info][gc             ] GC(147) Concurrent Mark Cycle 29.910ms
[2025-06-24T18:01:51.075+0530][162345.478s][info][gc,start       ] GC(148) Pause Young (Prepare Mixed) (G1 Evacuation Pause)
[2025-06-24T18:01:51.075+0530][162345.478s][info][gc,task        ] GC(148) Using 13 workers of 13 for evacuation
[2025-06-24T18:01:51.076+0530][162345.480s][info][gc,phases      ] GC(148)   Pre Evacuate Collection Set: 0.2ms
[2025-06-24T18:01:51.076+0530][162345.480s][info][gc,phases      ] GC(148)   Merge Heap Roots: 0.1ms
[2025-06-24T18:01:51.076+0530][162345.480s][info][gc,phases      ] GC(148)   Evacuate Collection Set: 0.6ms
[2025-06-24T18:01:51.076+0530][162345.480s][info][gc,phases      ] GC(148)   Post Evacuate Collection Set: 0.4ms
[2025-06-24T18:01:51.076+0530][162345.480s][info][gc,phases      ] GC(148)   Other: 0.1ms
[2025-06-24T18:01:51.076+0530][162345.480s][info][gc,heap        ] GC(148) Eden regions: 23->0(23)
[2025-06-24T18:01:51.076+0530][162345.480s][info][gc,heap        ] GC(148) Survivor regions: 1->1(3)
[2025-06-24T18:01:51.076+0530][162345.480s][info][gc,heap        ] GC(148) Old regions: 11->11
[2025-06-24T18:01:51.076+0530][162345.480s][info][gc,heap        ] GC(148) Humongous regions: 0->0
[2025-06-24T18:01:51.076+0530][162345.480s][info][gc,metaspace   ] GC(148) Metaspace: 93318K(94336K)->93318K(94336K) NonClass: 82317K(82944K)->82317K(82944K) Class: 11000K(11392K)->11000K(11392K)
[2025-06-24T18:01:51.076+0530][162345.480s][info][gc             ] GC(148) Pause Young (Prepare Mixed) (G1 Evacuation Pause) 133M->41M(160M) 1.998ms
[2025-06-24T18:01:51.076+0530][162345.480s][info][gc,cpu         ] GC(148) User=0.00s Sys=0.00s Real=0.00s
[2025-06-24T18:21:21.160+0530][163515.563s][info][gc,start       ] GC(149) Pause Young (Mixed) (G1 Evacuation Pause)
[2025-06-24T18:21:21.160+0530][163515.563s][info][gc,task        ] GC(149) Using 13 workers of 13 for evacuation
[2025-06-24T18:21:21.161+0530][163515.565s][info][gc,phases      ] GC(149)   Pre Evacuate Collection Set: 0.2ms
[2025-06-24T18:21:21.161+0530][163515.565s][info][gc,phases      ] GC(149)   Merge Heap Roots: 0.1ms
[2025-06-24T18:21:21.161+0530][163515.565s][info][gc,phases      ] GC(149)   Evacuate Collection Set: 0.8ms
[2025-06-24T18:21:21.161+0530][163515.565s][info][gc,phases      ] GC(149)   Post Evacuate Collection Set: 0.3ms
[2025-06-24T18:21:21.161+0530][163515.565s][info][gc,phases      ] GC(149)   Other: 0.1ms
[2025-06-24T18:21:21.161+0530][163515.565s][info][gc,heap        ] GC(149) Eden regions: 23->0(23)
[2025-06-24T18:21:21.161+0530][163515.565s][info][gc,heap        ] GC(149) Survivor regions: 1->1(3)
[2025-06-24T18:21:21.161+0530][163515.565s][info][gc,heap        ] GC(149) Old regions: 11->11
[2025-06-24T18:21:21.161+0530][163515.565s][info][gc,heap        ] GC(149) Humongous regions: 0->0
[2025-06-24T18:21:21.161+0530][163515.565s][info][gc,metaspace   ] GC(149) Metaspace: 93318K(94336K)->93318K(94336K) NonClass: 82317K(82944K)->82317K(82944K) Class: 11000K(11392K)->11000K(11392K)
[2025-06-24T18:21:21.161+0530][163515.565s][info][gc             ] GC(149) Pause Young (Mixed) (G1 Evacuation Pause) 133M->41M(160M) 1.661ms
[2025-06-24T18:21:21.161+0530][163515.565s][info][gc,cpu         ] GC(149) User=0.00s Sys=0.00s Real=0.00s
[2025-06-24T18:40:51.242+0530][164685.646s][info][gc,start       ] GC(150) Pause Young (Concurrent Start) (G1 Evacuation Pause)
[2025-06-24T18:40:51.242+0530][164685.646s][info][gc,task        ] GC(150) Using 13 workers of 13 for evacuation
[2025-06-24T18:40:51.245+0530][164685.648s][info][gc,phases      ] GC(150)   Pre Evacuate Collection Set: 0.6ms
[2025-06-24T18:40:51.245+0530][164685.648s][info][gc,phases      ] GC(150)   Merge Heap Roots: 0.1ms
[2025-06-24T18:40:51.245+0530][164685.648s][info][gc,phases      ] GC(150)   Evacuate Collection Set: 0.8ms
[2025-06-24T18:40:51.245+0530][164685.648s][info][gc,phases      ] GC(150)   Post Evacuate Collection Set: 0.4ms
[2025-06-24T18:40:51.245+0530][164685.648s][info][gc,phases      ] GC(150)   Other: 0.2ms
[2025-06-24T18:40:51.245+0530][164685.648s][info][gc,heap        ] GC(150) Eden regions: 23->0(23)
[2025-06-24T18:40:51.245+0530][164685.648s][info][gc,heap        ] GC(150) Survivor regions: 1->1(3)
[2025-06-24T18:40:51.245+0530][164685.648s][info][gc,heap        ] GC(150) Old regions: 11->11
[2025-06-24T18:40:51.245+0530][164685.648s][info][gc,heap        ] GC(150) Humongous regions: 0->0
[2025-06-24T18:40:51.245+0530][164685.648s][info][gc,metaspace   ] GC(150) Metaspace: 93318K(94336K)->93318K(94336K) NonClass: 82317K(82944K)->82317K(82944K) Class: 11000K(11392K)->11000K(11392K)
[2025-06-24T18:40:51.245+0530][164685.648s][info][gc             ] GC(150) Pause Young (Concurrent Start) (G1 Evacuation Pause) 133M->41M(160M) 2.591ms
[2025-06-24T18:40:51.245+0530][164685.648s][info][gc,cpu         ] GC(150) User=0.00s Sys=0.00s Real=0.00s
[2025-06-24T18:40:51.245+0530][164685.648s][info][gc             ] GC(151) Concurrent Mark Cycle
[2025-06-24T18:40:51.245+0530][164685.648s][info][gc,marking     ] GC(151) Concurrent Scan Root Regions
[2025-06-24T18:40:51.245+0530][164685.649s][info][gc,marking     ] GC(151) Concurrent Scan Root Regions 1.002ms
[2025-06-24T18:40:51.245+0530][164685.649s][info][gc,marking     ] GC(151) Concurrent Mark
[2025-06-24T18:40:51.245+0530][164685.649s][info][gc,marking     ] GC(151) Concurrent Mark From Roots
[2025-06-24T18:40:51.245+0530][164685.649s][info][gc,task        ] GC(151) Using 3 workers of 3 for marking
[2025-06-24T18:40:51.267+0530][164685.670s][info][gc,marking     ] GC(151) Concurrent Mark From Roots 20.544ms
[2025-06-24T18:40:51.267+0530][164685.670s][info][gc,marking     ] GC(151) Concurrent Preclean
[2025-06-24T18:40:51.267+0530][164685.670s][info][gc,marking     ] GC(151) Concurrent Preclean 0.296ms
[2025-06-24T18:40:51.267+0530][164685.670s][info][gc,start       ] GC(151) Pause Remark
[2025-06-24T18:40:51.269+0530][164685.672s][info][gc             ] GC(151) Pause Remark 41M->41M(160M) 1.399ms
[2025-06-24T18:40:51.269+0530][164685.672s][info][gc,cpu         ] GC(151) User=0.00s Sys=0.00s Real=0.00s
[2025-06-24T18:40:51.269+0530][164685.672s][info][gc,marking     ] GC(151) Concurrent Mark 22.455ms
[2025-06-24T18:40:51.269+0530][164685.672s][info][gc,marking     ] GC(151) Concurrent Rebuild Remembered Sets and Scrub Regions
[2025-06-24T18:40:51.274+0530][164685.677s][info][gc,marking     ] GC(151) Concurrent Rebuild Remembered Sets and Scrub Regions 5.049ms
[2025-06-24T18:40:51.274+0530][164685.677s][info][gc,start       ] GC(151) Pause Cleanup
[2025-06-24T18:40:51.274+0530][164685.677s][info][gc             ] GC(151) Pause Cleanup 41M->41M(160M) 0.126ms
[2025-06-24T18:40:51.274+0530][164685.677s][info][gc,cpu         ] GC(151) User=0.00s Sys=0.00s Real=0.00s
[2025-06-24T18:40:51.274+0530][164685.677s][info][gc,marking     ] GC(151) Concurrent Clear Claimed Marks
[2025-06-24T18:40:51.274+0530][164685.677s][info][gc,marking     ] GC(151) Concurrent Clear Claimed Marks 0.075ms
[2025-06-24T18:40:51.274+0530][164685.677s][info][gc,marking     ] GC(151) Concurrent Cleanup for Next Mark
[2025-06-24T18:40:51.275+0530][164685.678s][info][gc,marking     ] GC(151) Concurrent Cleanup for Next Mark 0.356ms
[2025-06-24T18:40:51.275+0530][164685.678s][info][gc             ] GC(151) Concurrent Mark Cycle 29.385ms
[2025-06-24T19:00:21.326+0530][165855.730s][info][gc,start       ] GC(152) Pause Young (Prepare Mixed) (G1 Evacuation Pause)
[2025-06-24T19:00:21.326+0530][165855.730s][info][gc,task        ] GC(152) Using 13 workers of 13 for evacuation
[2025-06-24T19:00:21.327+0530][165855.731s][info][gc,phases      ] GC(152)   Pre Evacuate Collection Set: 0.3ms
[2025-06-24T19:00:21.327+0530][165855.731s][info][gc,phases      ] GC(152)   Merge Heap Roots: 0.1ms
[2025-06-24T19:00:21.327+0530][165855.731s][info][gc,phases      ] GC(152)   Evacuate Collection Set: 0.4ms
[2025-06-24T19:00:21.327+0530][165855.731s][info][gc,phases      ] GC(152)   Post Evacuate Collection Set: 0.3ms
[2025-06-24T19:00:21.327+0530][165855.731s][info][gc,phases      ] GC(152)   Other: 0.2ms
[2025-06-24T19:00:21.327+0530][165855.731s][info][gc,heap        ] GC(152) Eden regions: 23->0(23)
[2025-06-24T19:00:21.327+0530][165855.731s][info][gc,heap        ] GC(152) Survivor regions: 1->1(3)
[2025-06-24T19:00:21.327+0530][165855.731s][info][gc,heap        ] GC(152) Old regions: 11->11
[2025-06-24T19:00:21.327+0530][165855.731s][info][gc,heap        ] GC(152) Humongous regions: 0->0
[2025-06-24T19:00:21.327+0530][165855.731s][info][gc,metaspace   ] GC(152) Metaspace: 93318K(94336K)->93318K(94336K) NonClass: 82317K(82944K)->82317K(82944K) Class: 11000K(11392K)->11000K(11392K)
[2025-06-24T19:00:21.327+0530][165855.731s][info][gc             ] GC(152) Pause Young (Prepare Mixed) (G1 Evacuation Pause) 133M->41M(160M) 1.622ms
[2025-06-24T19:00:21.327+0530][165855.731s][info][gc,cpu         ] GC(152) User=0.00s Sys=0.00s Real=0.00s
[2025-06-24T19:19:56.213+0530][167030.616s][info][gc,start       ] GC(153) Pause Young (Mixed) (G1 Evacuation Pause)
[2025-06-24T19:19:56.213+0530][167030.616s][info][gc,task        ] GC(153) Using 13 workers of 13 for evacuation
[2025-06-24T19:19:56.214+0530][167030.618s][info][gc,phases      ] GC(153)   Pre Evacuate Collection Set: 0.2ms
[2025-06-24T19:19:56.214+0530][167030.618s][info][gc,phases      ] GC(153)   Merge Heap Roots: 0.1ms
[2025-06-24T19:19:56.214+0530][167030.618s][info][gc,phases      ] GC(153)   Evacuate Collection Set: 0.8ms
[2025-06-24T19:19:56.214+0530][167030.618s][info][gc,phases      ] GC(153)   Post Evacuate Collection Set: 0.4ms
[2025-06-24T19:19:56.214+0530][167030.618s][info][gc,phases      ] GC(153)   Other: 0.1ms
[2025-06-24T19:19:56.214+0530][167030.618s][info][gc,heap        ] GC(153) Eden regions: 23->0(23)
[2025-06-24T19:19:56.214+0530][167030.618s][info][gc,heap        ] GC(153) Survivor regions: 1->1(3)
[2025-06-24T19:19:56.214+0530][167030.618s][info][gc,heap        ] GC(153) Old regions: 11->11
[2025-06-24T19:19:56.214+0530][167030.618s][info][gc,heap        ] GC(153) Humongous regions: 0->0
[2025-06-24T19:19:56.214+0530][167030.618s][info][gc,metaspace   ] GC(153) Metaspace: 93318K(94336K)->93318K(94336K) NonClass: 82317K(82944K)->82317K(82944K) Class: 11000K(11392K)->11000K(11392K)
[2025-06-24T19:19:56.215+0530][167030.618s][info][gc             ] GC(153) Pause Young (Mixed) (G1 Evacuation Pause) 133M->41M(160M) 1.987ms
[2025-06-24T19:19:56.215+0530][167030.618s][info][gc,cpu         ] GC(153) User=0.00s Sys=0.00s Real=0.00s
[2025-06-24T19:39:26.347+0530][168200.750s][info][gc,start       ] GC(154) Pause Young (Concurrent Start) (G1 Evacuation Pause)
[2025-06-24T19:39:26.347+0530][168200.750s][info][gc,task        ] GC(154) Using 13 workers of 13 for evacuation
[2025-06-24T19:39:26.353+0530][168200.757s][info][gc,phases      ] GC(154)   Pre Evacuate Collection Set: 0.5ms
[2025-06-24T19:39:26.353+0530][168200.757s][info][gc,phases      ] GC(154)   Merge Heap Roots: 0.1ms
[2025-06-24T19:39:26.353+0530][168200.757s][info][gc,phases      ] GC(154)   Evacuate Collection Set: 5.5ms
[2025-06-24T19:39:26.353+0530][168200.757s][info][gc,phases      ] GC(154)   Post Evacuate Collection Set: 0.3ms
[2025-06-24T19:39:26.353+0530][168200.757s][info][gc,phases      ] GC(154)   Other: 0.2ms
[2025-06-24T19:39:26.353+0530][168200.757s][info][gc,heap        ] GC(154) Eden regions: 23->0(23)
[2025-06-24T19:39:26.353+0530][168200.757s][info][gc,heap        ] GC(154) Survivor regions: 1->1(3)
[2025-06-24T19:39:26.353+0530][168200.757s][info][gc,heap        ] GC(154) Old regions: 11->11
[2025-06-24T19:39:26.353+0530][168200.757s][info][gc,heap        ] GC(154) Humongous regions: 0->0
[2025-06-24T19:39:26.353+0530][168200.757s][info][gc,metaspace   ] GC(154) Metaspace: 93318K(94336K)->93318K(94336K) NonClass: 82317K(82944K)->82317K(82944K) Class: 11000K(11392K)->11000K(11392K)
[2025-06-24T19:39:26.353+0530][168200.757s][info][gc             ] GC(154) Pause Young (Concurrent Start) (G1 Evacuation Pause) 133M->41M(160M) 6.865ms
[2025-06-24T19:39:26.353+0530][168200.757s][info][gc,cpu         ] GC(154) User=0.00s Sys=0.00s Real=0.01s
[2025-06-24T19:39:26.353+0530][168200.757s][info][gc             ] GC(155) Concurrent Mark Cycle
[2025-06-24T19:39:26.353+0530][168200.757s][info][gc,marking     ] GC(155) Concurrent Scan Root Regions
[2025-06-24T19:39:26.361+0530][168200.764s][info][gc,marking     ] GC(155) Concurrent Scan Root Regions 7.207ms
[2025-06-24T19:39:26.361+0530][168200.764s][info][gc,marking     ] GC(155) Concurrent Mark
[2025-06-24T19:39:26.361+0530][168200.764s][info][gc,marking     ] GC(155) Concurrent Mark From Roots
[2025-06-24T19:39:26.361+0530][168200.764s][info][gc,task        ] GC(155) Using 3 workers of 3 for marking
[2025-06-24T19:39:26.386+0530][168200.789s][info][gc,marking     ] GC(155) Concurrent Mark From Roots 25.197ms
[2025-06-24T19:39:26.386+0530][168200.790s][info][gc,marking     ] GC(155) Concurrent Preclean
[2025-06-24T19:39:26.386+0530][168200.790s][info][gc,marking     ] GC(155) Concurrent Preclean 0.307ms
[2025-06-24T19:39:26.387+0530][168200.790s][info][gc,start       ] GC(155) Pause Remark
[2025-06-24T19:39:26.388+0530][168200.792s][info][gc             ] GC(155) Pause Remark 41M->41M(160M) 1.679ms
[2025-06-24T19:39:26.388+0530][168200.792s][info][gc,cpu         ] GC(155) User=0.00s Sys=0.00s Real=0.00s
[2025-06-24T19:39:26.388+0530][168200.792s][info][gc,marking     ] GC(155) Concurrent Mark 27.397ms
[2025-06-24T19:39:26.388+0530][168200.792s][info][gc,marking     ] GC(155) Concurrent Rebuild Remembered Sets and Scrub Regions
[2025-06-24T19:39:26.393+0530][168200.797s][info][gc,marking     ] GC(155) Concurrent Rebuild Remembered Sets and Scrub Regions 5.258ms
[2025-06-24T19:39:26.393+0530][168200.797s][info][gc,start       ] GC(155) Pause Cleanup
[2025-06-24T19:39:26.393+0530][168200.797s][info][gc             ] GC(155) Pause Cleanup 41M->41M(160M) 0.085ms
[2025-06-24T19:39:26.393+0530][168200.797s][info][gc,cpu         ] GC(155) User=0.00s Sys=0.00s Real=0.00s
[2025-06-24T19:39:26.393+0530][168200.797s][info][gc,marking     ] GC(155) Concurrent Clear Claimed Marks
[2025-06-24T19:39:26.393+0530][168200.797s][info][gc,marking     ] GC(155) Concurrent Clear Claimed Marks 0.058ms
[2025-06-24T19:39:26.393+0530][168200.797s][info][gc,marking     ] GC(155) Concurrent Cleanup for Next Mark
[2025-06-24T19:39:26.394+0530][168200.798s][info][gc,marking     ] GC(155) Concurrent Cleanup for Next Mark 0.430ms
[2025-06-24T19:39:26.394+0530][168200.798s][info][gc             ] GC(155) Concurrent Mark Cycle 40.729ms
[2025-06-24T19:58:58.355+0530][169372.758s][info][gc,start       ] GC(156) Pause Young (Prepare Mixed) (G1 Evacuation Pause)
[2025-06-24T19:58:58.355+0530][169372.758s][info][gc,task        ] GC(156) Using 13 workers of 13 for evacuation
[2025-06-24T19:58:58.356+0530][169372.759s][info][gc,phases      ] GC(156)   Pre Evacuate Collection Set: 0.3ms
[2025-06-24T19:58:58.356+0530][169372.759s][info][gc,phases      ] GC(156)   Merge Heap Roots: 0.1ms
[2025-06-24T19:58:58.356+0530][169372.759s][info][gc,phases      ] GC(156)   Evacuate Collection Set: 0.4ms
[2025-06-24T19:58:58.356+0530][169372.759s][info][gc,phases      ] GC(156)   Post Evacuate Collection Set: 0.4ms
[2025-06-24T19:58:58.356+0530][169372.759s][info][gc,phases      ] GC(156)   Other: 0.2ms
[2025-06-24T19:58:58.356+0530][169372.759s][info][gc,heap        ] GC(156) Eden regions: 23->0(23)
[2025-06-24T19:58:58.356+0530][169372.759s][info][gc,heap        ] GC(156) Survivor regions: 1->1(3)
[2025-06-24T19:58:58.356+0530][169372.759s][info][gc,heap        ] GC(156) Old regions: 11->12
[2025-06-24T19:58:58.356+0530][169372.759s][info][gc,heap        ] GC(156) Humongous regions: 0->0
[2025-06-24T19:58:58.356+0530][169372.759s][info][gc,metaspace   ] GC(156) Metaspace: 93318K(94336K)->93318K(94336K) NonClass: 82317K(82944K)->82317K(82944K) Class: 11000K(11392K)->11000K(11392K)
[2025-06-24T19:58:58.356+0530][169372.759s][info][gc             ] GC(156) Pause Young (Prepare Mixed) (G1 Evacuation Pause) 133M->41M(160M) 1.612ms
[2025-06-24T19:58:58.356+0530][169372.759s][info][gc,cpu         ] GC(156) User=0.02s Sys=0.00s Real=0.00s
[2025-06-24T20:18:29.343+0530][170543.746s][info][gc,start       ] GC(157) Pause Young (Mixed) (G1 Evacuation Pause)
[2025-06-24T20:18:29.343+0530][170543.747s][info][gc,task        ] GC(157) Using 13 workers of 13 for evacuation
[2025-06-24T20:18:29.344+0530][170543.748s][info][gc,phases      ] GC(157)   Pre Evacuate Collection Set: 0.4ms
[2025-06-24T20:18:29.344+0530][170543.748s][info][gc,phases      ] GC(157)   Merge Heap Roots: 0.1ms
[2025-06-24T20:18:29.344+0530][170543.748s][info][gc,phases      ] GC(157)   Evacuate Collection Set: 0.7ms
[2025-06-24T20:18:29.344+0530][170543.748s][info][gc,phases      ] GC(157)   Post Evacuate Collection Set: 0.3ms
[2025-06-24T20:18:29.344+0530][170543.748s][info][gc,phases      ] GC(157)   Other: 0.2ms
[2025-06-24T20:18:29.344+0530][170543.748s][info][gc,heap        ] GC(157) Eden regions: 23->0(23)
[2025-06-24T20:18:29.344+0530][170543.748s][info][gc,heap        ] GC(157) Survivor regions: 1->1(3)
[2025-06-24T20:18:29.344+0530][170543.748s][info][gc,heap        ] GC(157) Old regions: 12->11
[2025-06-24T20:18:29.344+0530][170543.748s][info][gc,heap        ] GC(157) Humongous regions: 0->0
[2025-06-24T20:18:29.344+0530][170543.748s][info][gc,metaspace   ] GC(157) Metaspace: 93319K(94336K)->93319K(94336K) NonClass: 82318K(82944K)->82318K(82944K) Class: 11000K(11392K)->11000K(11392K)
[2025-06-24T20:18:29.344+0530][170543.748s][info][gc             ] GC(157) Pause Young (Mixed) (G1 Evacuation Pause) 133M->41M(160M) 1.994ms
[2025-06-24T20:18:29.344+0530][170543.748s][info][gc,cpu         ] GC(157) User=0.00s Sys=0.00s Real=0.00s
[2025-06-24T20:38:00.355+0530][171714.759s][info][gc,start       ] GC(158) Pause Young (Concurrent Start) (G1 Evacuation Pause)
[2025-06-24T20:38:00.355+0530][171714.759s][info][gc,task        ] GC(158) Using 13 workers of 13 for evacuation
[2025-06-24T20:38:00.358+0530][171714.761s][info][gc,phases      ] GC(158)   Pre Evacuate Collection Set: 0.3ms
[2025-06-24T20:38:00.358+0530][171714.761s][info][gc,phases      ] GC(158)   Merge Heap Roots: 0.1ms
[2025-06-24T20:38:00.358+0530][171714.761s][info][gc,phases      ] GC(158)   Evacuate Collection Set: 1.0ms
[2025-06-24T20:38:00.358+0530][171714.761s][info][gc,phases      ] GC(158)   Post Evacuate Collection Set: 0.4ms
[2025-06-24T20:38:00.358+0530][171714.761s][info][gc,phases      ] GC(158)   Other: 0.1ms
[2025-06-24T20:38:00.358+0530][171714.761s][info][gc,heap        ] GC(158) Eden regions: 23->0(23)
[2025-06-24T20:38:00.358+0530][171714.761s][info][gc,heap        ] GC(158) Survivor regions: 1->1(3)
[2025-06-24T20:38:00.358+0530][171714.761s][info][gc,heap        ] GC(158) Old regions: 11->11
[2025-06-24T20:38:00.358+0530][171714.761s][info][gc,heap        ] GC(158) Humongous regions: 0->0
[2025-06-24T20:38:00.358+0530][171714.761s][info][gc,metaspace   ] GC(158) Metaspace: 93322K(94336K)->93322K(94336K) NonClass: 82321K(82944K)->82321K(82944K) Class: 11001K(11392K)->11001K(11392K)
[2025-06-24T20:38:00.358+0530][171714.761s][info][gc             ] GC(158) Pause Young (Concurrent Start) (G1 Evacuation Pause) 133M->41M(160M) 2.221ms
[2025-06-24T20:38:00.358+0530][171714.761s][info][gc,cpu         ] GC(158) User=0.00s Sys=0.00s Real=0.00s
[2025-06-24T20:38:00.358+0530][171714.761s][info][gc             ] GC(159) Concurrent Mark Cycle
[2025-06-24T20:38:00.358+0530][171714.761s][info][gc,marking     ] GC(159) Concurrent Scan Root Regions
[2025-06-24T20:38:00.359+0530][171714.762s][info][gc,marking     ] GC(159) Concurrent Scan Root Regions 1.307ms
[2025-06-24T20:38:00.359+0530][171714.762s][info][gc,marking     ] GC(159) Concurrent Mark
[2025-06-24T20:38:00.359+0530][171714.762s][info][gc,marking     ] GC(159) Concurrent Mark From Roots
[2025-06-24T20:38:00.359+0530][171714.762s][info][gc,task        ] GC(159) Using 3 workers of 3 for marking
[2025-06-24T20:38:00.379+0530][171714.782s][info][gc,marking     ] GC(159) Concurrent Mark From Roots 19.709ms
[2025-06-24T20:38:00.379+0530][171714.782s][info][gc,marking     ] GC(159) Concurrent Preclean
[2025-06-24T20:38:00.379+0530][171714.782s][info][gc,marking     ] GC(159) Concurrent Preclean 0.535ms
[2025-06-24T20:38:00.379+0530][171714.783s][info][gc,start       ] GC(159) Pause Remark
[2025-06-24T20:38:00.381+0530][171714.784s][info][gc             ] GC(159) Pause Remark 42M->42M(160M) 1.429ms
[2025-06-24T20:38:00.381+0530][171714.784s][info][gc,cpu         ] GC(159) User=0.00s Sys=0.00s Real=0.00s
[2025-06-24T20:38:00.381+0530][171714.784s][info][gc,marking     ] GC(159) Concurrent Mark 21.876ms
[2025-06-24T20:38:00.381+0530][171714.784s][info][gc,marking     ] GC(159) Concurrent Rebuild Remembered Sets and Scrub Regions
[2025-06-24T20:38:00.385+0530][171714.789s][info][gc,marking     ] GC(159) Concurrent Rebuild Remembered Sets and Scrub Regions 4.901ms
[2025-06-24T20:38:00.386+0530][171714.789s][info][gc,start       ] GC(159) Pause Cleanup
[2025-06-24T20:38:00.386+0530][171714.789s][info][gc             ] GC(159) Pause Cleanup 42M->42M(160M) 0.122ms
[2025-06-24T20:38:00.386+0530][171714.789s][info][gc,cpu         ] GC(159) User=0.00s Sys=0.00s Real=0.00s
[2025-06-24T20:38:00.386+0530][171714.789s][info][gc,marking     ] GC(159) Concurrent Clear Claimed Marks
[2025-06-24T20:38:00.386+0530][171714.789s][info][gc,marking     ] GC(159) Concurrent Clear Claimed Marks 0.072ms
[2025-06-24T20:38:00.386+0530][171714.789s][info][gc,marking     ] GC(159) Concurrent Cleanup for Next Mark
[2025-06-24T20:38:00.386+0530][171714.790s][info][gc,marking     ] GC(159) Concurrent Cleanup for Next Mark 0.320ms
[2025-06-24T20:38:00.386+0530][171714.790s][info][gc             ] GC(159) Concurrent Mark Cycle 28.905ms
[2025-06-24T20:57:31.575+0530][172885.979s][info][gc,start       ] GC(160) Pause Young (Prepare Mixed) (G1 Evacuation Pause)
[2025-06-24T20:57:31.575+0530][172885.979s][info][gc,task        ] GC(160) Using 13 workers of 13 for evacuation
[2025-06-24T20:57:31.577+0530][172885.980s][info][gc,phases      ] GC(160)   Pre Evacuate Collection Set: 0.3ms
[2025-06-24T20:57:31.577+0530][172885.980s][info][gc,phases      ] GC(160)   Merge Heap Roots: 0.1ms
[2025-06-24T20:57:31.577+0530][172885.980s][info][gc,phases      ] GC(160)   Evacuate Collection Set: 0.6ms
[2025-06-24T20:57:31.577+0530][172885.980s][info][gc,phases      ] GC(160)   Post Evacuate Collection Set: 0.3ms
[2025-06-24T20:57:31.577+0530][172885.980s][info][gc,phases      ] GC(160)   Other: 0.1ms
[2025-06-24T20:57:31.577+0530][172885.980s][info][gc,heap        ] GC(160) Eden regions: 23->0(23)
[2025-06-24T20:57:31.577+0530][172885.980s][info][gc,heap        ] GC(160) Survivor regions: 1->1(3)
[2025-06-24T20:57:31.577+0530][172885.980s][info][gc,heap        ] GC(160) Old regions: 11->11
[2025-06-24T20:57:31.577+0530][172885.981s][info][gc,heap        ] GC(160) Humongous regions: 0->0
[2025-06-24T20:57:31.577+0530][172885.981s][info][gc,metaspace   ] GC(160) Metaspace: 93322K(94336K)->93322K(94336K) NonClass: 82321K(82944K)->82321K(82944K) Class: 11001K(11392K)->11001K(11392K)
[2025-06-24T20:57:31.577+0530][172885.981s][info][gc             ] GC(160) Pause Young (Prepare Mixed) (G1 Evacuation Pause) 133M->41M(160M) 1.649ms
[2025-06-24T20:57:31.577+0530][172885.981s][info][gc,cpu         ] GC(160) User=0.00s Sys=0.00s Real=0.00s
[2025-06-24T21:17:01.918+0530][174056.321s][info][gc,start       ] GC(161) Pause Young (Mixed) (G1 Evacuation Pause)
[2025-06-24T21:17:01.918+0530][174056.321s][info][gc,task        ] GC(161) Using 13 workers of 13 for evacuation
[2025-06-24T21:17:01.920+0530][174056.323s][info][gc,phases      ] GC(161)   Pre Evacuate Collection Set: 0.2ms
[2025-06-24T21:17:01.920+0530][174056.323s][info][gc,phases      ] GC(161)   Merge Heap Roots: 0.1ms
[2025-06-24T21:17:01.920+0530][174056.323s][info][gc,phases      ] GC(161)   Evacuate Collection Set: 0.8ms
[2025-06-24T21:17:01.920+0530][174056.323s][info][gc,phases      ] GC(161)   Post Evacuate Collection Set: 0.3ms
[2025-06-24T21:17:01.920+0530][174056.323s][info][gc,phases      ] GC(161)   Other: 0.1ms
[2025-06-24T21:17:01.920+0530][174056.323s][info][gc,heap        ] GC(161) Eden regions: 23->0(23)
[2025-06-24T21:17:01.920+0530][174056.323s][info][gc,heap        ] GC(161) Survivor regions: 1->1(3)
[2025-06-24T21:17:01.920+0530][174056.323s][info][gc,heap        ] GC(161) Old regions: 11->11
[2025-06-24T21:17:01.920+0530][174056.323s][info][gc,heap        ] GC(161) Humongous regions: 0->0
[2025-06-24T21:17:01.920+0530][174056.323s][info][gc,metaspace   ] GC(161) Metaspace: 93322K(94336K)->93322K(94336K) NonClass: 82321K(82944K)->82321K(82944K) Class: 11001K(11392K)->11001K(11392K)
[2025-06-24T21:17:01.920+0530][174056.323s][info][gc             ] GC(161) Pause Young (Mixed) (G1 Evacuation Pause) 133M->41M(160M) 1.905ms
[2025-06-24T21:17:01.920+0530][174056.323s][info][gc,cpu         ] GC(161) User=0.00s Sys=0.00s Real=0.00s
[2025-06-24T21:36:32.000+0530][175226.403s][info][gc,start       ] GC(162) Pause Young (Concurrent Start) (G1 Evacuation Pause)
[2025-06-24T21:36:32.000+0530][175226.403s][info][gc,task        ] GC(162) Using 13 workers of 13 for evacuation
[2025-06-24T21:36:32.001+0530][175226.405s][info][gc,phases      ] GC(162)   Pre Evacuate Collection Set: 0.5ms
[2025-06-24T21:36:32.001+0530][175226.405s][info][gc,phases      ] GC(162)   Merge Heap Roots: 0.1ms
[2025-06-24T21:36:32.001+0530][175226.405s][info][gc,phases      ] GC(162)   Evacuate Collection Set: 0.8ms
[2025-06-24T21:36:32.002+0530][175226.405s][info][gc,phases      ] GC(162)   Post Evacuate Collection Set: 0.3ms
[2025-06-24T21:36:32.002+0530][175226.405s][info][gc,phases      ] GC(162)   Other: 0.1ms
[2025-06-24T21:36:32.002+0530][175226.405s][info][gc,heap        ] GC(162) Eden regions: 23->0(23)
[2025-06-24T21:36:32.002+0530][175226.405s][info][gc,heap        ] GC(162) Survivor regions: 1->1(3)
[2025-06-24T21:36:32.002+0530][175226.405s][info][gc,heap        ] GC(162) Old regions: 11->11
[2025-06-24T21:36:32.002+0530][175226.405s][info][gc,heap        ] GC(162) Humongous regions: 0->0
[2025-06-24T21:36:32.002+0530][175226.405s][info][gc,metaspace   ] GC(162) Metaspace: 93322K(94336K)->93322K(94336K) NonClass: 82321K(82944K)->82321K(82944K) Class: 11001K(11392K)->11001K(11392K)
[2025-06-24T21:36:32.002+0530][175226.405s][info][gc             ] GC(162) Pause Young (Concurrent Start) (G1 Evacuation Pause) 133M->41M(160M) 2.267ms
[2025-06-24T21:36:32.002+0530][175226.405s][info][gc,cpu         ] GC(162) User=0.00s Sys=0.00s Real=0.00s
[2025-06-24T21:36:32.002+0530][175226.405s][info][gc             ] GC(163) Concurrent Mark Cycle
[2025-06-24T21:36:32.002+0530][175226.405s][info][gc,marking     ] GC(163) Concurrent Scan Root Regions
[2025-06-24T21:36:32.003+0530][175226.406s][info][gc,marking     ] GC(163) Concurrent Scan Root Regions 0.942ms
[2025-06-24T21:36:32.003+0530][175226.406s][info][gc,marking     ] GC(163) Concurrent Mark
[2025-06-24T21:36:32.003+0530][175226.406s][info][gc,marking     ] GC(163) Concurrent Mark From Roots
[2025-06-24T21:36:32.003+0530][175226.406s][info][gc,task        ] GC(163) Using 3 workers of 3 for marking
[2025-06-24T21:36:32.022+0530][175226.425s][info][gc,marking     ] GC(163) Concurrent Mark From Roots 18.708ms
[2025-06-24T21:36:32.022+0530][175226.425s][info][gc,marking     ] GC(163) Concurrent Preclean
[2025-06-24T21:36:32.022+0530][175226.425s][info][gc,marking     ] GC(163) Concurrent Preclean 0.283ms
[2025-06-24T21:36:32.022+0530][175226.426s][info][gc,start       ] GC(163) Pause Remark
[2025-06-24T21:36:32.024+0530][175226.427s][info][gc             ] GC(163) Pause Remark 41M->41M(160M) 1.585ms
[2025-06-24T21:36:32.024+0530][175226.427s][info][gc,cpu         ] GC(163) User=0.00s Sys=0.00s Real=0.00s
[2025-06-24T21:36:32.024+0530][175226.427s][info][gc,marking     ] GC(163) Concurrent Mark 20.758ms
[2025-06-24T21:36:32.024+0530][175226.427s][info][gc,marking     ] GC(163) Concurrent Rebuild Remembered Sets and Scrub Regions
[2025-06-24T21:36:32.028+0530][175226.432s][info][gc,marking     ] GC(163) Concurrent Rebuild Remembered Sets and Scrub Regions 4.540ms
[2025-06-24T21:36:32.028+0530][175226.432s][info][gc,start       ] GC(163) Pause Cleanup
[2025-06-24T21:36:32.028+0530][175226.432s][info][gc             ] GC(163) Pause Cleanup 41M->41M(160M) 0.088ms
[2025-06-24T21:36:32.028+0530][175226.432s][info][gc,cpu         ] GC(163) User=0.00s Sys=0.00s Real=0.00s
[2025-06-24T21:36:32.028+0530][175226.432s][info][gc,marking     ] GC(163) Concurrent Clear Claimed Marks
[2025-06-24T21:36:32.028+0530][175226.432s][info][gc,marking     ] GC(163) Concurrent Clear Claimed Marks 0.058ms
[2025-06-24T21:36:32.028+0530][175226.432s][info][gc,marking     ] GC(163) Concurrent Cleanup for Next Mark
[2025-06-24T21:36:32.029+0530][175226.432s][info][gc,marking     ] GC(163) Concurrent Cleanup for Next Mark 0.331ms
[2025-06-24T21:36:32.029+0530][175226.432s][info][gc             ] GC(163) Concurrent Mark Cycle 27.031ms
[2025-06-24T21:56:02.083+0530][176396.486s][info][gc,start       ] GC(164) Pause Young (Prepare Mixed) (G1 Evacuation Pause)
[2025-06-24T21:56:02.083+0530][176396.486s][info][gc,task        ] GC(164) Using 13 workers of 13 for evacuation
[2025-06-24T21:56:02.084+0530][176396.487s][info][gc,phases      ] GC(164)   Pre Evacuate Collection Set: 0.2ms
[2025-06-24T21:56:02.084+0530][176396.487s][info][gc,phases      ] GC(164)   Merge Heap Roots: 0.1ms
[2025-06-24T21:56:02.084+0530][176396.487s][info][gc,phases      ] GC(164)   Evacuate Collection Set: 0.5ms
[2025-06-24T21:56:02.084+0530][176396.487s][info][gc,phases      ] GC(164)   Post Evacuate Collection Set: 0.3ms
[2025-06-24T21:56:02.084+0530][176396.487s][info][gc,phases      ] GC(164)   Other: 0.1ms
[2025-06-24T21:56:02.084+0530][176396.487s][info][gc,heap        ] GC(164) Eden regions: 23->0(23)
[2025-06-24T21:56:02.084+0530][176396.487s][info][gc,heap        ] GC(164) Survivor regions: 1->1(3)
[2025-06-24T21:56:02.084+0530][176396.488s][info][gc,heap        ] GC(164) Old regions: 11->11
[2025-06-24T21:56:02.084+0530][176396.488s][info][gc,heap        ] GC(164) Humongous regions: 0->0
[2025-06-24T21:56:02.084+0530][176396.488s][info][gc,metaspace   ] GC(164) Metaspace: 93322K(94336K)->93322K(94336K) NonClass: 82321K(82944K)->82321K(82944K) Class: 11001K(11392K)->11001K(11392K)
[2025-06-24T21:56:02.084+0530][176396.488s][info][gc             ] GC(164) Pause Young (Prepare Mixed) (G1 Evacuation Pause) 133M->41M(160M) 1.583ms
[2025-06-24T21:56:02.084+0530][176396.488s][info][gc,cpu         ] GC(164) User=0.00s Sys=0.00s Real=0.00s
[2025-06-24T22:15:33.346+0530][177567.749s][info][gc,start       ] GC(165) Pause Young (Mixed) (G1 Evacuation Pause)
[2025-06-24T22:15:33.346+0530][177567.750s][info][gc,task        ] GC(165) Using 13 workers of 13 for evacuation
[2025-06-24T22:15:33.348+0530][177567.752s][info][gc,phases      ] GC(165)   Pre Evacuate Collection Set: 0.3ms
[2025-06-24T22:15:33.348+0530][177567.752s][info][gc,phases      ] GC(165)   Merge Heap Roots: 0.2ms
[2025-06-24T22:15:33.348+0530][177567.752s][info][gc,phases      ] GC(165)   Evacuate Collection Set: 1.1ms
[2025-06-24T22:15:33.348+0530][177567.752s][info][gc,phases      ] GC(165)   Post Evacuate Collection Set: 0.3ms
[2025-06-24T22:15:33.348+0530][177567.752s][info][gc,phases      ] GC(165)   Other: 0.1ms
[2025-06-24T22:15:33.348+0530][177567.752s][info][gc,heap        ] GC(165) Eden regions: 23->0(23)
[2025-06-24T22:15:33.348+0530][177567.752s][info][gc,heap        ] GC(165) Survivor regions: 1->1(3)
[2025-06-24T22:15:33.348+0530][177567.752s][info][gc,heap        ] GC(165) Old regions: 11->11
[2025-06-24T22:15:33.348+0530][177567.752s][info][gc,heap        ] GC(165) Humongous regions: 0->0
[2025-06-24T22:15:33.348+0530][177567.752s][info][gc,metaspace   ] GC(165) Metaspace: 93322K(94336K)->93322K(94336K) NonClass: 82321K(82944K)->82321K(82944K) Class: 11001K(11392K)->11001K(11392K)
[2025-06-24T22:15:33.348+0530][177567.752s][info][gc             ] GC(165) Pause Young (Mixed) (G1 Evacuation Pause) 133M->41M(160M) 2.277ms
[2025-06-24T22:15:33.348+0530][177567.752s][info][gc,cpu         ] GC(165) User=0.00s Sys=0.00s Real=0.00s
[2025-06-24T22:35:06.954+0530][178741.357s][info][gc,start       ] GC(166) Pause Young (Concurrent Start) (G1 Evacuation Pause)
[2025-06-24T22:35:06.954+0530][178741.357s][info][gc,task        ] GC(166) Using 13 workers of 13 for evacuation
[2025-06-24T22:35:06.956+0530][178741.359s][info][gc,phases      ] GC(166)   Pre Evacuate Collection Set: 0.5ms
[2025-06-24T22:35:06.956+0530][178741.359s][info][gc,phases      ] GC(166)   Merge Heap Roots: 0.1ms
[2025-06-24T22:35:06.956+0530][178741.359s][info][gc,phases      ] GC(166)   Evacuate Collection Set: 0.8ms
[2025-06-24T22:35:06.956+0530][178741.359s][info][gc,phases      ] GC(166)   Post Evacuate Collection Set: 0.3ms
[2025-06-24T22:35:06.956+0530][178741.359s][info][gc,phases      ] GC(166)   Other: 0.1ms
[2025-06-24T22:35:06.956+0530][178741.359s][info][gc,heap        ] GC(166) Eden regions: 23->0(23)
[2025-06-24T22:35:06.956+0530][178741.359s][info][gc,heap        ] GC(166) Survivor regions: 1->1(3)
[2025-06-24T22:35:06.956+0530][178741.359s][info][gc,heap        ] GC(166) Old regions: 11->11
[2025-06-24T22:35:06.956+0530][178741.359s][info][gc,heap        ] GC(166) Humongous regions: 0->0
[2025-06-24T22:35:06.956+0530][178741.359s][info][gc,metaspace   ] GC(166) Metaspace: 93322K(94336K)->93322K(94336K) NonClass: 82321K(82944K)->82321K(82944K) Class: 11001K(11392K)->11001K(11392K)
[2025-06-24T22:35:06.956+0530][178741.359s][info][gc             ] GC(166) Pause Young (Concurrent Start) (G1 Evacuation Pause) 133M->41M(160M) 2.104ms
[2025-06-24T22:35:06.956+0530][178741.359s][info][gc,cpu         ] GC(166) User=0.00s Sys=0.00s Real=0.00s
[2025-06-24T22:35:06.956+0530][178741.359s][info][gc             ] GC(167) Concurrent Mark Cycle
[2025-06-24T22:35:06.956+0530][178741.360s][info][gc,marking     ] GC(167) Concurrent Scan Root Regions
[2025-06-24T22:35:06.958+0530][178741.361s][info][gc,marking     ] GC(167) Concurrent Scan Root Regions 1.308ms
[2025-06-24T22:35:06.958+0530][178741.361s][info][gc,marking     ] GC(167) Concurrent Mark
[2025-06-24T22:35:06.958+0530][178741.361s][info][gc,marking     ] GC(167) Concurrent Mark From Roots
[2025-06-24T22:35:06.958+0530][178741.361s][info][gc,task        ] GC(167) Using 3 workers of 3 for marking
[2025-06-24T22:35:06.978+0530][178741.381s][info][gc,marking     ] GC(167) Concurrent Mark From Roots 20.006ms
[2025-06-24T22:35:06.978+0530][178741.381s][info][gc,marking     ] GC(167) Concurrent Preclean
[2025-06-24T22:35:06.978+0530][178741.381s][info][gc,marking     ] GC(167) Concurrent Preclean 0.295ms
[2025-06-24T22:35:06.978+0530][178741.381s][info][gc,start       ] GC(167) Pause Remark
[2025-06-24T22:35:06.979+0530][178741.383s][info][gc             ] GC(167) Pause Remark 41M->41M(160M) 1.456ms
[2025-06-24T22:35:06.979+0530][178741.383s][info][gc,cpu         ] GC(167) User=0.00s Sys=0.00s Real=0.00s
[2025-06-24T22:35:06.979+0530][178741.383s][info][gc,marking     ] GC(167) Concurrent Mark 21.985ms
[2025-06-24T22:35:06.980+0530][178741.383s][info][gc,marking     ] GC(167) Concurrent Rebuild Remembered Sets and Scrub Regions
[2025-06-24T22:35:06.984+0530][178741.387s][info][gc,marking     ] GC(167) Concurrent Rebuild Remembered Sets and Scrub Regions 4.618ms
[2025-06-24T22:35:06.984+0530][178741.388s][info][gc,start       ] GC(167) Pause Cleanup
[2025-06-24T22:35:06.984+0530][178741.388s][info][gc             ] GC(167) Pause Cleanup 41M->41M(160M) 0.098ms
[2025-06-24T22:35:06.984+0530][178741.388s][info][gc,cpu         ] GC(167) User=0.00s Sys=0.00s Real=0.00s
[2025-06-24T22:35:06.984+0530][178741.388s][info][gc,marking     ] GC(167) Concurrent Clear Claimed Marks
[2025-06-24T22:35:06.984+0530][178741.388s][info][gc,marking     ] GC(167) Concurrent Clear Claimed Marks 0.057ms
[2025-06-24T22:35:06.984+0530][178741.388s][info][gc,marking     ] GC(167) Concurrent Cleanup for Next Mark
[2025-06-24T22:35:06.985+0530][178741.388s][info][gc,marking     ] GC(167) Concurrent Cleanup for Next Mark 0.339ms
[2025-06-24T22:35:06.985+0530][178741.388s][info][gc             ] GC(167) Concurrent Mark Cycle 28.711ms
[2025-06-24T22:54:38.498+0530][179912.901s][info][gc,start       ] GC(168) Pause Young (Prepare Mixed) (G1 Evacuation Pause)
[2025-06-24T22:54:38.498+0530][179912.901s][info][gc,task        ] GC(168) Using 13 workers of 13 for evacuation
[2025-06-24T22:54:38.499+0530][179912.903s][info][gc,phases      ] GC(168)   Pre Evacuate Collection Set: 0.3ms
[2025-06-24T22:54:38.499+0530][179912.903s][info][gc,phases      ] GC(168)   Merge Heap Roots: 0.2ms
[2025-06-24T22:54:38.499+0530][179912.903s][info][gc,phases      ] GC(168)   Evacuate Collection Set: 0.4ms
[2025-06-24T22:54:38.499+0530][179912.903s][info][gc,phases      ] GC(168)   Post Evacuate Collection Set: 0.3ms
[2025-06-24T22:54:38.500+0530][179912.903s][info][gc,phases      ] GC(168)   Other: 0.2ms
[2025-06-24T22:54:38.500+0530][179912.903s][info][gc,heap        ] GC(168) Eden regions: 23->0(23)
[2025-06-24T22:54:38.500+0530][179912.903s][info][gc,heap        ] GC(168) Survivor regions: 1->1(3)
[2025-06-24T22:54:38.500+0530][179912.903s][info][gc,heap        ] GC(168) Old regions: 11->12
[2025-06-24T22:54:38.500+0530][179912.903s][info][gc,heap        ] GC(168) Humongous regions: 0->0
[2025-06-24T22:54:38.500+0530][179912.903s][info][gc,metaspace   ] GC(168) Metaspace: 93322K(94336K)->93322K(94336K) NonClass: 82321K(82944K)->82321K(82944K) Class: 11001K(11392K)->11001K(11392K)
[2025-06-24T22:54:38.500+0530][179912.903s][info][gc             ] GC(168) Pause Young (Prepare Mixed) (G1 Evacuation Pause) 133M->41M(160M) 1.864ms
[2025-06-24T22:54:38.500+0530][179912.903s][info][gc,cpu         ] GC(168) User=0.00s Sys=0.00s Real=0.00s
[2025-06-24T23:14:04.344+0530][181078.748s][info][gc,start       ] GC(169) Pause Young (Mixed) (G1 Evacuation Pause)
[2025-06-24T23:14:04.344+0530][181078.748s][info][gc,task        ] GC(169) Using 13 workers of 13 for evacuation
[2025-06-24T23:14:04.348+0530][181078.751s][info][gc,phases      ] GC(169)   Pre Evacuate Collection Set: 0.5ms
[2025-06-24T23:14:04.348+0530][181078.751s][info][gc,phases      ] GC(169)   Merge Heap Roots: 0.1ms
[2025-06-24T23:14:04.348+0530][181078.751s][info][gc,phases      ] GC(169)   Evacuate Collection Set: 2.5ms
[2025-06-24T23:14:04.348+0530][181078.751s][info][gc,phases      ] GC(169)   Post Evacuate Collection Set: 0.4ms
[2025-06-24T23:14:04.348+0530][181078.751s][info][gc,phases      ] GC(169)   Other: 0.1ms
[2025-06-24T23:14:04.348+0530][181078.751s][info][gc,heap        ] GC(169) Eden regions: 23->0(23)
[2025-06-24T23:14:04.348+0530][181078.751s][info][gc,heap        ] GC(169) Survivor regions: 1->1(3)
[2025-06-24T23:14:04.348+0530][181078.751s][info][gc,heap        ] GC(169) Old regions: 12->11
[2025-06-24T23:14:04.348+0530][181078.752s][info][gc,heap        ] GC(169) Humongous regions: 0->0
[2025-06-24T23:14:04.348+0530][181078.752s][info][gc,metaspace   ] GC(169) Metaspace: 93322K(94336K)->93322K(94336K) NonClass: 82321K(82944K)->82321K(82944K) Class: 11001K(11392K)->11001K(11392K)
[2025-06-24T23:14:04.348+0530][181078.752s][info][gc             ] GC(169) Pause Young (Mixed) (G1 Evacuation Pause) 133M->41M(160M) 3.924ms
[2025-06-24T23:14:04.348+0530][181078.752s][info][gc,cpu         ] GC(169) User=0.00s Sys=0.00s Real=0.00s
[2025-06-24T23:33:37.189+0530][182251.592s][info][gc,start       ] GC(170) Pause Young (Concurrent Start) (G1 Evacuation Pause)
[2025-06-24T23:33:37.189+0530][182251.592s][info][gc,task        ] GC(170) Using 13 workers of 13 for evacuation
[2025-06-24T23:33:37.191+0530][182251.594s][info][gc,phases      ] GC(170)   Pre Evacuate Collection Set: 0.4ms
[2025-06-24T23:33:37.191+0530][182251.594s][info][gc,phases      ] GC(170)   Merge Heap Roots: 0.1ms
[2025-06-24T23:33:37.191+0530][182251.594s][info][gc,phases      ] GC(170)   Evacuate Collection Set: 1.0ms
[2025-06-24T23:33:37.191+0530][182251.594s][info][gc,phases      ] GC(170)   Post Evacuate Collection Set: 0.3ms
[2025-06-24T23:33:37.191+0530][182251.594s][info][gc,phases      ] GC(170)   Other: 0.2ms
[2025-06-24T23:33:37.191+0530][182251.594s][info][gc,heap        ] GC(170) Eden regions: 23->0(23)
[2025-06-24T23:33:37.191+0530][182251.594s][info][gc,heap        ] GC(170) Survivor regions: 1->1(3)
[2025-06-24T23:33:37.191+0530][182251.594s][info][gc,heap        ] GC(170) Old regions: 11->11
[2025-06-24T23:33:37.191+0530][182251.594s][info][gc,heap        ] GC(170) Humongous regions: 0->0
[2025-06-24T23:33:37.191+0530][182251.594s][info][gc,metaspace   ] GC(170) Metaspace: 93322K(94336K)->93322K(94336K) NonClass: 82321K(82944K)->82321K(82944K) Class: 11001K(11392K)->11001K(11392K)
[2025-06-24T23:33:37.191+0530][182251.594s][info][gc             ] GC(170) Pause Young (Concurrent Start) (G1 Evacuation Pause) 133M->41M(160M) 2.282ms
[2025-06-24T23:33:37.192+0530][182251.595s][info][gc,cpu         ] GC(170) User=0.00s Sys=0.00s Real=0.00s
[2025-06-24T23:33:37.192+0530][182251.595s][info][gc             ] GC(171) Concurrent Mark Cycle
[2025-06-24T23:33:37.192+0530][182251.595s][info][gc,marking     ] GC(171) Concurrent Scan Root Regions
[2025-06-24T23:33:37.193+0530][182251.597s][info][gc,marking     ] GC(171) Concurrent Scan Root Regions 2.046ms
[2025-06-24T23:33:37.193+0530][182251.597s][info][gc,marking     ] GC(171) Concurrent Mark
[2025-06-24T23:33:37.193+0530][182251.597s][info][gc,marking     ] GC(171) Concurrent Mark From Roots
[2025-06-24T23:33:37.193+0530][182251.597s][info][gc,task        ] GC(171) Using 3 workers of 3 for marking
[2025-06-24T23:33:37.211+0530][182251.614s][info][gc,marking     ] GC(171) Concurrent Mark From Roots 17.675ms
[2025-06-24T23:33:37.211+0530][182251.614s][info][gc,marking     ] GC(171) Concurrent Preclean
[2025-06-24T23:33:37.211+0530][182251.615s][info][gc,marking     ] GC(171) Concurrent Preclean 0.300ms
[2025-06-24T23:33:37.211+0530][182251.615s][info][gc,start       ] GC(171) Pause Remark
[2025-06-24T23:33:37.213+0530][182251.616s][info][gc             ] GC(171) Pause Remark 42M->42M(160M) 1.445ms
[2025-06-24T23:33:37.213+0530][182251.616s][info][gc,cpu         ] GC(171) User=0.00s Sys=0.00s Real=0.00s
[2025-06-24T23:33:37.213+0530][182251.616s][info][gc,marking     ] GC(171) Concurrent Mark 19.612ms
[2025-06-24T23:33:37.213+0530][182251.616s][info][gc,marking     ] GC(171) Concurrent Rebuild Remembered Sets and Scrub Regions
[2025-06-24T23:33:37.218+0530][182251.621s][info][gc,marking     ] GC(171) Concurrent Rebuild Remembered Sets and Scrub Regions 5.066ms
[2025-06-24T23:33:37.218+0530][182251.621s][info][gc,start       ] GC(171) Pause Cleanup
[2025-06-24T23:33:37.218+0530][182251.622s][info][gc             ] GC(171) Pause Cleanup 42M->42M(160M) 0.135ms
[2025-06-24T23:33:37.218+0530][182251.622s][info][gc,cpu         ] GC(171) User=0.00s Sys=0.00s Real=0.00s
[2025-06-24T23:33:37.218+0530][182251.622s][info][gc,marking     ] GC(171) Concurrent Clear Claimed Marks
[2025-06-24T23:33:37.218+0530][182251.622s][info][gc,marking     ] GC(171) Concurrent Clear Claimed Marks 0.062ms
[2025-06-24T23:33:37.218+0530][182251.622s][info][gc,marking     ] GC(171) Concurrent Cleanup for Next Mark
[2025-06-24T23:33:37.218+0530][182251.622s][info][gc,marking     ] GC(171) Concurrent Cleanup for Next Mark 0.292ms
[2025-06-24T23:33:37.218+0530][182251.622s][info][gc             ] GC(171) Concurrent Mark Cycle 27.504ms
[2025-06-24T23:53:09.328+0530][183423.731s][info][gc,start       ] GC(172) Pause Young (Prepare Mixed) (G1 Evacuation Pause)
[2025-06-24T23:53:09.328+0530][183423.731s][info][gc,task        ] GC(172) Using 13 workers of 13 for evacuation
[2025-06-24T23:53:09.329+0530][183423.732s][info][gc,phases      ] GC(172)   Pre Evacuate Collection Set: 0.2ms
[2025-06-24T23:53:09.329+0530][183423.732s][info][gc,phases      ] GC(172)   Merge Heap Roots: 0.1ms
[2025-06-24T23:53:09.329+0530][183423.732s][info][gc,phases      ] GC(172)   Evacuate Collection Set: 0.5ms
[2025-06-24T23:53:09.329+0530][183423.732s][info][gc,phases      ] GC(172)   Post Evacuate Collection Set: 0.4ms
[2025-06-24T23:53:09.329+0530][183423.732s][info][gc,phases      ] GC(172)   Other: 0.2ms
[2025-06-24T23:53:09.330+0530][183423.733s][info][gc,heap        ] GC(172) Eden regions: 23->0(23)
[2025-06-24T23:53:09.330+0530][183423.733s][info][gc,heap        ] GC(172) Survivor regions: 1->1(3)
[2025-06-24T23:53:09.330+0530][183423.733s][info][gc,heap        ] GC(172) Old regions: 11->11
[2025-06-24T23:53:09.330+0530][183423.733s][info][gc,heap        ] GC(172) Humongous regions: 0->0
[2025-06-24T23:53:09.330+0530][183423.733s][info][gc,metaspace   ] GC(172) Metaspace: 93322K(94336K)->93322K(94336K) NonClass: 82321K(82944K)->82321K(82944K) Class: 11001K(11392K)->11001K(11392K)
[2025-06-24T23:53:09.330+0530][183423.733s][info][gc             ] GC(172) Pause Young (Prepare Mixed) (G1 Evacuation Pause) 133M->41M(160M) 1.647ms
[2025-06-24T23:53:09.330+0530][183423.733s][info][gc,cpu         ] GC(172) User=0.00s Sys=0.00s Real=0.00s
[2025-06-25T00:12:41.802+0530][184596.205s][info][gc,start       ] GC(173) Pause Young (Mixed) (G1 Evacuation Pause)
[2025-06-25T00:12:41.802+0530][184596.205s][info][gc,task        ] GC(173) Using 13 workers of 13 for evacuation
[2025-06-25T00:12:41.814+0530][184596.217s][info][gc,phases      ] GC(173)   Pre Evacuate Collection Set: 0.3ms
[2025-06-25T00:12:41.814+0530][184596.217s][info][gc,phases      ] GC(173)   Merge Heap Roots: 0.1ms
[2025-06-25T00:12:41.814+0530][184596.217s][info][gc,phases      ] GC(173)   Evacuate Collection Set: 10.8ms
[2025-06-25T00:12:41.814+0530][184596.217s][info][gc,phases      ] GC(173)   Post Evacuate Collection Set: 0.4ms
[2025-06-25T00:12:41.814+0530][184596.217s][info][gc,phases      ] GC(173)   Other: 0.1ms
[2025-06-25T00:12:41.814+0530][184596.217s][info][gc,heap        ] GC(173) Eden regions: 23->0(23)
[2025-06-25T00:12:41.814+0530][184596.217s][info][gc,heap        ] GC(173) Survivor regions: 1->1(3)
[2025-06-25T00:12:41.814+0530][184596.217s][info][gc,heap        ] GC(173) Old regions: 11->11
[2025-06-25T00:12:41.814+0530][184596.217s][info][gc,heap        ] GC(173) Humongous regions: 0->0
[2025-06-25T00:12:41.814+0530][184596.217s][info][gc,metaspace   ] GC(173) Metaspace: 93322K(94336K)->93322K(94336K) NonClass: 82321K(82944K)->82321K(82944K) Class: 11001K(11392K)->11001K(11392K)
[2025-06-25T00:12:41.815+0530][184596.218s][info][gc             ] GC(173) Pause Young (Mixed) (G1 Evacuation Pause) 133M->41M(160M) 12.252ms
[2025-06-25T00:12:41.815+0530][184596.218s][info][gc,cpu         ] GC(173) User=0.00s Sys=0.00s Real=0.01s
[2025-06-25T00:32:13.063+0530][185767.467s][info][gc,start       ] GC(174) Pause Young (Concurrent Start) (G1 Evacuation Pause)
[2025-06-25T00:32:13.064+0530][185767.467s][info][gc,task        ] GC(174) Using 13 workers of 13 for evacuation
[2025-06-25T00:32:13.066+0530][185767.469s][info][gc,phases      ] GC(174)   Pre Evacuate Collection Set: 0.3ms
[2025-06-25T00:32:13.066+0530][185767.469s][info][gc,phases      ] GC(174)   Merge Heap Roots: 0.1ms
[2025-06-25T00:32:13.066+0530][185767.469s][info][gc,phases      ] GC(174)   Evacuate Collection Set: 0.8ms
[2025-06-25T00:32:13.066+0530][185767.469s][info][gc,phases      ] GC(174)   Post Evacuate Collection Set: 0.3ms
[2025-06-25T00:32:13.066+0530][185767.469s][info][gc,phases      ] GC(174)   Other: 0.1ms
[2025-06-25T00:32:13.066+0530][185767.469s][info][gc,heap        ] GC(174) Eden regions: 23->0(23)
[2025-06-25T00:32:13.066+0530][185767.469s][info][gc,heap        ] GC(174) Survivor regions: 1->1(3)
[2025-06-25T00:32:13.066+0530][185767.469s][info][gc,heap        ] GC(174) Old regions: 11->11
[2025-06-25T00:32:13.066+0530][185767.469s][info][gc,heap        ] GC(174) Humongous regions: 0->0
[2025-06-25T00:32:13.066+0530][185767.469s][info][gc,metaspace   ] GC(174) Metaspace: 93322K(94336K)->93322K(94336K) NonClass: 82321K(82944K)->82321K(82944K) Class: 11001K(11392K)->11001K(11392K)
[2025-06-25T00:32:13.066+0530][185767.469s][info][gc             ] GC(174) Pause Young (Concurrent Start) (G1 Evacuation Pause) 133M->41M(160M) 1.921ms
[2025-06-25T00:32:13.066+0530][185767.469s][info][gc,cpu         ] GC(174) User=0.00s Sys=0.00s Real=0.00s
[2025-06-25T00:32:13.066+0530][185767.469s][info][gc             ] GC(175) Concurrent Mark Cycle
[2025-06-25T00:32:13.066+0530][185767.469s][info][gc,marking     ] GC(175) Concurrent Scan Root Regions
[2025-06-25T00:32:13.067+0530][185767.470s][info][gc,marking     ] GC(175) Concurrent Scan Root Regions 1.000ms
[2025-06-25T00:32:13.067+0530][185767.470s][info][gc,marking     ] GC(175) Concurrent Mark
[2025-06-25T00:32:13.067+0530][185767.470s][info][gc,marking     ] GC(175) Concurrent Mark From Roots
[2025-06-25T00:32:13.067+0530][185767.470s][info][gc,task        ] GC(175) Using 3 workers of 3 for marking
[2025-06-25T00:32:13.087+0530][185767.490s][info][gc,marking     ] GC(175) Concurrent Mark From Roots 20.311ms
[2025-06-25T00:32:13.087+0530][185767.490s][info][gc,marking     ] GC(175) Concurrent Preclean
[2025-06-25T00:32:13.087+0530][185767.491s][info][gc,marking     ] GC(175) Concurrent Preclean 0.261ms
[2025-06-25T00:32:13.087+0530][185767.491s][info][gc,start       ] GC(175) Pause Remark
[2025-06-25T00:32:13.089+0530][185767.492s][info][gc             ] GC(175) Pause Remark 41M->41M(160M) 1.527ms
[2025-06-25T00:32:13.089+0530][185767.492s][info][gc,cpu         ] GC(175) User=0.00s Sys=0.00s Real=0.00s
[2025-06-25T00:32:13.089+0530][185767.492s][info][gc,marking     ] GC(175) Concurrent Mark 22.291ms
[2025-06-25T00:32:13.089+0530][185767.492s][info][gc,marking     ] GC(175) Concurrent Rebuild Remembered Sets and Scrub Regions
[2025-06-25T00:32:13.096+0530][185767.499s][info][gc,marking     ] GC(175) Concurrent Rebuild Remembered Sets and Scrub Regions 6.545ms
[2025-06-25T00:32:13.096+0530][185767.499s][info][gc,start       ] GC(175) Pause Cleanup
[2025-06-25T00:32:13.096+0530][185767.499s][info][gc             ] GC(175) Pause Cleanup 41M->41M(160M) 0.116ms
[2025-06-25T00:32:13.096+0530][185767.499s][info][gc,cpu         ] GC(175) User=0.00s Sys=0.00s Real=0.00s
[2025-06-25T00:32:13.096+0530][185767.499s][info][gc,marking     ] GC(175) Concurrent Clear Claimed Marks
[2025-06-25T00:32:13.096+0530][185767.499s][info][gc,marking     ] GC(175) Concurrent Clear Claimed Marks 0.075ms
[2025-06-25T00:32:13.096+0530][185767.499s][info][gc,marking     ] GC(175) Concurrent Cleanup for Next Mark
[2025-06-25T00:32:13.096+0530][185767.500s][info][gc,marking     ] GC(175) Concurrent Cleanup for Next Mark 0.368ms
[2025-06-25T00:32:13.096+0530][185767.500s][info][gc             ] GC(175) Concurrent Mark Cycle 30.676ms
[2025-06-25T00:51:44.142+0530][186938.546s][info][gc,start       ] GC(176) Pause Young (Prepare Mixed) (G1 Evacuation Pause)
[2025-06-25T00:51:44.142+0530][186938.546s][info][gc,task        ] GC(176) Using 13 workers of 13 for evacuation
[2025-06-25T00:51:44.143+0530][186938.547s][info][gc,phases      ] GC(176)   Pre Evacuate Collection Set: 0.3ms
[2025-06-25T00:51:44.143+0530][186938.547s][info][gc,phases      ] GC(176)   Merge Heap Roots: 0.1ms
[2025-06-25T00:51:44.143+0530][186938.547s][info][gc,phases      ] GC(176)   Evacuate Collection Set: 0.4ms
[2025-06-25T00:51:44.143+0530][186938.547s][info][gc,phases      ] GC(176)   Post Evacuate Collection Set: 0.3ms
[2025-06-25T00:51:44.143+0530][186938.547s][info][gc,phases      ] GC(176)   Other: 0.1ms
[2025-06-25T00:51:44.143+0530][186938.547s][info][gc,heap        ] GC(176) Eden regions: 23->0(23)
[2025-06-25T00:51:44.143+0530][186938.547s][info][gc,heap        ] GC(176) Survivor regions: 1->1(3)
[2025-06-25T00:51:44.143+0530][186938.547s][info][gc,heap        ] GC(176) Old regions: 11->12
[2025-06-25T00:51:44.143+0530][186938.547s][info][gc,heap        ] GC(176) Humongous regions: 0->0
[2025-06-25T00:51:44.143+0530][186938.547s][info][gc,metaspace   ] GC(176) Metaspace: 93322K(94336K)->93322K(94336K) NonClass: 82321K(82944K)->82321K(82944K) Class: 11001K(11392K)->11001K(11392K)
[2025-06-25T00:51:44.143+0530][186938.547s][info][gc             ] GC(176) Pause Young (Prepare Mixed) (G1 Evacuation Pause) 133M->41M(160M) 1.407ms
[2025-06-25T00:51:44.143+0530][186938.547s][info][gc,cpu         ] GC(176) User=0.00s Sys=0.00s Real=0.00s
[2025-06-25T10:40:14.065+0530][222252.753s][info][gc,start       ] GC(177) Pause Young (Mixed) (G1 Evacuation Pause)
[2025-06-25T10:40:14.065+0530][222252.754s][info][gc,task        ] GC(177) Using 13 workers of 13 for evacuation
[2025-06-25T10:40:14.080+0530][222252.768s][info][gc,phases      ] GC(177)   Pre Evacuate Collection Set: 11.4ms
[2025-06-25T10:40:14.080+0530][222252.768s][info][gc,phases      ] GC(177)   Merge Heap Roots: 0.1ms
[2025-06-25T10:40:14.080+0530][222252.768s][info][gc,phases      ] GC(177)   Evacuate Collection Set: 2.6ms
[2025-06-25T10:40:14.080+0530][222252.768s][info][gc,phases      ] GC(177)   Post Evacuate Collection Set: 0.4ms
[2025-06-25T10:40:14.080+0530][222252.768s][info][gc,phases      ] GC(177)   Other: 0.1ms
[2025-06-25T10:40:14.080+0530][222252.768s][info][gc,heap        ] GC(177) Eden regions: 23->0(23)
[2025-06-25T10:40:14.080+0530][222252.768s][info][gc,heap        ] GC(177) Survivor regions: 1->1(3)
[2025-06-25T10:40:14.080+0530][222252.768s][info][gc,heap        ] GC(177) Old regions: 12->11
[2025-06-25T10:40:14.080+0530][222252.768s][info][gc,heap        ] GC(177) Humongous regions: 0->0
[2025-06-25T10:40:14.080+0530][222252.768s][info][gc,metaspace   ] GC(177) Metaspace: 93322K(94336K)->93322K(94336K) NonClass: 82321K(82944K)->82321K(82944K) Class: 11001K(11392K)->11001K(11392K)
[2025-06-25T10:40:14.080+0530][222252.768s][info][gc             ] GC(177) Pause Young (Mixed) (G1 Evacuation Pause) 133M->41M(160M) 14.950ms
[2025-06-25T10:40:14.080+0530][222252.768s][info][gc,cpu         ] GC(177) User=0.00s Sys=0.00s Real=0.01s
[2025-06-25T10:59:45.643+0530][223424.332s][info][gc,start       ] GC(178) Pause Young (Concurrent Start) (G1 Evacuation Pause)
[2025-06-25T10:59:45.643+0530][223424.332s][info][gc,task        ] GC(178) Using 13 workers of 13 for evacuation
[2025-06-25T10:59:45.646+0530][223424.335s][info][gc,phases      ] GC(178)   Pre Evacuate Collection Set: 0.4ms
[2025-06-25T10:59:45.646+0530][223424.335s][info][gc,phases      ] GC(178)   Merge Heap Roots: 0.1ms
[2025-06-25T10:59:45.646+0530][223424.335s][info][gc,phases      ] GC(178)   Evacuate Collection Set: 1.1ms
[2025-06-25T10:59:45.646+0530][223424.335s][info][gc,phases      ] GC(178)   Post Evacuate Collection Set: 0.3ms
[2025-06-25T10:59:45.646+0530][223424.335s][info][gc,phases      ] GC(178)   Other: 0.8ms
[2025-06-25T10:59:45.646+0530][223424.335s][info][gc,heap        ] GC(178) Eden regions: 23->0(23)
[2025-06-25T10:59:45.646+0530][223424.335s][info][gc,heap        ] GC(178) Survivor regions: 1->1(3)
[2025-06-25T10:59:45.646+0530][223424.335s][info][gc,heap        ] GC(178) Old regions: 11->11
[2025-06-25T10:59:45.646+0530][223424.335s][info][gc,heap        ] GC(178) Humongous regions: 0->0
[2025-06-25T10:59:45.646+0530][223424.335s][info][gc,metaspace   ] GC(178) Metaspace: 93322K(94336K)->93322K(94336K) NonClass: 82321K(82944K)->82321K(82944K) Class: 11001K(11392K)->11001K(11392K)
[2025-06-25T10:59:45.646+0530][223424.335s][info][gc             ] GC(178) Pause Young (Concurrent Start) (G1 Evacuation Pause) 133M->41M(160M) 3.078ms
[2025-06-25T10:59:45.646+0530][223424.335s][info][gc,cpu         ] GC(178) User=0.00s Sys=0.00s Real=0.00s
[2025-06-25T10:59:45.646+0530][223424.335s][info][gc             ] GC(179) Concurrent Mark Cycle
[2025-06-25T10:59:45.646+0530][223424.335s][info][gc,marking     ] GC(179) Concurrent Scan Root Regions
[2025-06-25T10:59:45.649+0530][223424.337s][info][gc,marking     ] GC(179) Concurrent Scan Root Regions 2.249ms
[2025-06-25T10:59:45.649+0530][223424.337s][info][gc,marking     ] GC(179) Concurrent Mark
[2025-06-25T10:59:45.649+0530][223424.337s][info][gc,marking     ] GC(179) Concurrent Mark From Roots
[2025-06-25T10:59:45.649+0530][223424.337s][info][gc,task        ] GC(179) Using 3 workers of 3 for marking
[2025-06-25T10:59:45.672+0530][223424.361s][info][gc,marking     ] GC(179) Concurrent Mark From Roots 23.082ms
[2025-06-25T10:59:45.672+0530][223424.361s][info][gc,marking     ] GC(179) Concurrent Preclean
[2025-06-25T10:59:45.672+0530][223424.361s][info][gc,marking     ] GC(179) Concurrent Preclean 0.302ms
[2025-06-25T10:59:45.673+0530][223424.361s][info][gc,start       ] GC(179) Pause Remark
[2025-06-25T10:59:45.675+0530][223424.363s][info][gc             ] GC(179) Pause Remark 41M->41M(160M) 1.988ms
[2025-06-25T10:59:45.675+0530][223424.363s][info][gc,cpu         ] GC(179) User=0.00s Sys=0.00s Real=0.00s
[2025-06-25T10:59:45.675+0530][223424.363s][info][gc,marking     ] GC(179) Concurrent Mark 25.575ms
[2025-06-25T10:59:45.675+0530][223424.363s][info][gc,marking     ] GC(179) Concurrent Rebuild Remembered Sets and Scrub Regions
[2025-06-25T10:59:45.679+0530][223424.368s][info][gc,marking     ] GC(179) Concurrent Rebuild Remembered Sets and Scrub Regions 5.290ms
[2025-06-25T10:59:45.679+0530][223424.368s][info][gc,start       ] GC(179) Pause Cleanup
[2025-06-25T10:59:45.680+0530][223424.369s][info][gc             ] GC(179) Pause Cleanup 41M->41M(160M) 0.128ms
[2025-06-25T10:59:45.680+0530][223424.369s][info][gc,cpu         ] GC(179) User=0.00s Sys=0.00s Real=0.00s
[2025-06-25T10:59:45.680+0530][223424.369s][info][gc,marking     ] GC(179) Concurrent Clear Claimed Marks
[2025-06-25T10:59:45.680+0530][223424.369s][info][gc,marking     ] GC(179) Concurrent Clear Claimed Marks 0.072ms
[2025-06-25T10:59:45.680+0530][223424.369s][info][gc,marking     ] GC(179) Concurrent Cleanup for Next Mark
[2025-06-25T10:59:45.680+0530][223424.369s][info][gc,marking     ] GC(179) Concurrent Cleanup for Next Mark 0.340ms
[2025-06-25T10:59:45.680+0530][223424.369s][info][gc             ] GC(179) Concurrent Mark Cycle 33.956ms
[2025-06-25T11:19:15.042+0530][224593.730s][info][gc,start       ] GC(180) Pause Young (Prepare Mixed) (G1 Evacuation Pause)
[2025-06-25T11:19:15.042+0530][224593.730s][info][gc,task        ] GC(180) Using 13 workers of 13 for evacuation
[2025-06-25T11:19:15.053+0530][224593.742s][info][gc,phases      ] GC(180)   Pre Evacuate Collection Set: 0.3ms
[2025-06-25T11:19:15.053+0530][224593.742s][info][gc,phases      ] GC(180)   Merge Heap Roots: 0.1ms
[2025-06-25T11:19:15.053+0530][224593.742s][info][gc,phases      ] GC(180)   Evacuate Collection Set: 10.7ms
[2025-06-25T11:19:15.053+0530][224593.742s][info][gc,phases      ] GC(180)   Post Evacuate Collection Set: 0.3ms
[2025-06-25T11:19:15.053+0530][224593.742s][info][gc,phases      ] GC(180)   Other: 0.1ms
[2025-06-25T11:19:15.053+0530][224593.742s][info][gc,heap        ] GC(180) Eden regions: 23->0(23)
[2025-06-25T11:19:15.053+0530][224593.742s][info][gc,heap        ] GC(180) Survivor regions: 1->1(3)
[2025-06-25T11:19:15.053+0530][224593.742s][info][gc,heap        ] GC(180) Old regions: 11->11
[2025-06-25T11:19:15.053+0530][224593.742s][info][gc,heap        ] GC(180) Humongous regions: 0->0
[2025-06-25T11:19:15.053+0530][224593.742s][info][gc,metaspace   ] GC(180) Metaspace: 93325K(94336K)->93325K(94336K) NonClass: 82323K(82944K)->82323K(82944K) Class: 11001K(11392K)->11001K(11392K)
[2025-06-25T11:19:15.053+0530][224593.742s][info][gc             ] GC(180) Pause Young (Prepare Mixed) (G1 Evacuation Pause) 133M->41M(160M) 11.800ms
[2025-06-25T11:19:15.053+0530][224593.742s][info][gc,cpu         ] GC(180) User=0.02s Sys=0.00s Real=0.01s
[2025-06-25T11:38:45.826+0530][225764.515s][info][gc,start       ] GC(181) Pause Young (Mixed) (G1 Evacuation Pause)
[2025-06-25T11:38:45.826+0530][225764.515s][info][gc,task        ] GC(181) Using 13 workers of 13 for evacuation
[2025-06-25T11:38:45.838+0530][225764.527s][info][gc,phases      ] GC(181)   Pre Evacuate Collection Set: 0.4ms
[2025-06-25T11:38:45.838+0530][225764.527s][info][gc,phases      ] GC(181)   Merge Heap Roots: 0.1ms
[2025-06-25T11:38:45.838+0530][225764.527s][info][gc,phases      ] GC(181)   Evacuate Collection Set: 11.4ms
[2025-06-25T11:38:45.838+0530][225764.527s][info][gc,phases      ] GC(181)   Post Evacuate Collection Set: 0.3ms
[2025-06-25T11:38:45.838+0530][225764.527s][info][gc,phases      ] GC(181)   Other: 0.2ms
[2025-06-25T11:38:45.838+0530][225764.527s][info][gc,heap        ] GC(181) Eden regions: 23->0(23)
[2025-06-25T11:38:45.838+0530][225764.527s][info][gc,heap        ] GC(181) Survivor regions: 1->1(3)
[2025-06-25T11:38:45.838+0530][225764.527s][info][gc,heap        ] GC(181) Old regions: 11->11
[2025-06-25T11:38:45.838+0530][225764.527s][info][gc,heap        ] GC(181) Humongous regions: 0->0
[2025-06-25T11:38:45.838+0530][225764.527s][info][gc,metaspace   ] GC(181) Metaspace: 93325K(94336K)->93325K(94336K) NonClass: 82323K(82944K)->82323K(82944K) Class: 11001K(11392K)->11001K(11392K)
[2025-06-25T11:38:45.838+0530][225764.527s][info][gc             ] GC(181) Pause Young (Mixed) (G1 Evacuation Pause) 133M->41M(160M) 12.704ms
[2025-06-25T11:38:45.838+0530][225764.527s][info][gc,cpu         ] GC(181) User=0.00s Sys=0.00s Real=0.01s
[2025-06-25T11:58:16.261+0530][226934.949s][info][gc,start       ] GC(182) Pause Young (Concurrent Start) (G1 Evacuation Pause)
[2025-06-25T11:58:16.261+0530][226934.950s][info][gc,task        ] GC(182) Using 13 workers of 13 for evacuation
[2025-06-25T11:58:16.269+0530][226934.957s][info][gc,phases      ] GC(182)   Pre Evacuate Collection Set: 0.7ms
[2025-06-25T11:58:16.269+0530][226934.957s][info][gc,phases      ] GC(182)   Merge Heap Roots: 0.1ms
[2025-06-25T11:58:16.269+0530][226934.957s][info][gc,phases      ] GC(182)   Evacuate Collection Set: 6.3ms
[2025-06-25T11:58:16.269+0530][226934.957s][info][gc,phases      ] GC(182)   Post Evacuate Collection Set: 0.4ms
[2025-06-25T11:58:16.269+0530][226934.957s][info][gc,phases      ] GC(182)   Other: 0.2ms
[2025-06-25T11:58:16.269+0530][226934.957s][info][gc,heap        ] GC(182) Eden regions: 23->0(23)
[2025-06-25T11:58:16.269+0530][226934.958s][info][gc,heap        ] GC(182) Survivor regions: 1->1(3)
[2025-06-25T11:58:16.269+0530][226934.958s][info][gc,heap        ] GC(182) Old regions: 11->11
[2025-06-25T11:58:16.269+0530][226934.958s][info][gc,heap        ] GC(182) Humongous regions: 0->0
[2025-06-25T11:58:16.269+0530][226934.958s][info][gc,metaspace   ] GC(182) Metaspace: 93325K(94336K)->93325K(94336K) NonClass: 82323K(82944K)->82323K(82944K) Class: 11001K(11392K)->11001K(11392K)
[2025-06-25T11:58:16.269+0530][226934.958s][info][gc             ] GC(182) Pause Young (Concurrent Start) (G1 Evacuation Pause) 133M->41M(160M) 8.075ms
[2025-06-25T11:58:16.269+0530][226934.958s][info][gc,cpu         ] GC(182) User=0.02s Sys=0.02s Real=0.01s
[2025-06-25T11:58:16.269+0530][226934.958s][info][gc             ] GC(183) Concurrent Mark Cycle
[2025-06-25T11:58:16.269+0530][226934.958s][info][gc,marking     ] GC(183) Concurrent Scan Root Regions
[2025-06-25T11:58:16.280+0530][226934.968s][info][gc,marking     ] GC(183) Concurrent Scan Root Regions 10.621ms
[2025-06-25T11:58:16.280+0530][226934.968s][info][gc,marking     ] GC(183) Concurrent Mark
[2025-06-25T11:58:16.280+0530][226934.968s][info][gc,marking     ] GC(183) Concurrent Mark From Roots
[2025-06-25T11:58:16.280+0530][226934.968s][info][gc,task        ] GC(183) Using 3 workers of 3 for marking
[2025-06-25T11:58:16.314+0530][226935.003s][info][gc,marking     ] GC(183) Concurrent Mark From Roots 34.522ms
[2025-06-25T11:58:16.314+0530][226935.003s][info][gc,marking     ] GC(183) Concurrent Preclean
[2025-06-25T11:58:16.314+0530][226935.003s][info][gc,marking     ] GC(183) Concurrent Preclean 0.303ms
[2025-06-25T11:58:16.314+0530][226935.003s][info][gc,start       ] GC(183) Pause Remark
[2025-06-25T11:58:16.331+0530][226935.020s][info][gc             ] GC(183) Pause Remark 42M->42M(160M) 16.184ms
[2025-06-25T11:58:16.331+0530][226935.020s][info][gc,cpu         ] GC(183) User=0.00s Sys=0.00s Real=0.02s
[2025-06-25T11:58:16.331+0530][226935.020s][info][gc,marking     ] GC(183) Concurrent Mark 51.221ms
[2025-06-25T11:58:16.331+0530][226935.020s][info][gc,marking     ] GC(183) Concurrent Rebuild Remembered Sets and Scrub Regions
[2025-06-25T11:58:16.338+0530][226935.026s][info][gc,marking     ] GC(183) Concurrent Rebuild Remembered Sets and Scrub Regions 6.434ms
[2025-06-25T11:58:16.338+0530][226935.026s][info][gc,start       ] GC(183) Pause Cleanup
[2025-06-25T11:58:16.338+0530][226935.026s][info][gc             ] GC(183) Pause Cleanup 42M->42M(160M) 0.180ms
[2025-06-25T11:58:16.338+0530][226935.026s][info][gc,cpu         ] GC(183) User=0.00s Sys=0.00s Real=0.00s
[2025-06-25T11:58:16.338+0530][226935.026s][info][gc,marking     ] GC(183) Concurrent Clear Claimed Marks
[2025-06-25T11:58:16.338+0530][226935.027s][info][gc,marking     ] GC(183) Concurrent Clear Claimed Marks 0.072ms
[2025-06-25T11:58:16.338+0530][226935.027s][info][gc,marking     ] GC(183) Concurrent Cleanup for Next Mark
[2025-06-25T11:58:16.339+0530][226935.027s][info][gc,marking     ] GC(183) Concurrent Cleanup for Next Mark 0.440ms
[2025-06-25T11:58:16.339+0530][226935.027s][info][gc             ] GC(183) Concurrent Mark Cycle 69.351ms
[2025-06-25T12:17:46.343+0530][228105.032s][info][gc,start       ] GC(184) Pause Young (Prepare Mixed) (G1 Evacuation Pause)
[2025-06-25T12:17:46.343+0530][228105.032s][info][gc,task        ] GC(184) Using 13 workers of 13 for evacuation
[2025-06-25T12:17:46.344+0530][228105.033s][info][gc,phases      ] GC(184)   Pre Evacuate Collection Set: 0.2ms
[2025-06-25T12:17:46.344+0530][228105.033s][info][gc,phases      ] GC(184)   Merge Heap Roots: 0.1ms
[2025-06-25T12:17:46.344+0530][228105.033s][info][gc,phases      ] GC(184)   Evacuate Collection Set: 0.4ms
[2025-06-25T12:17:46.344+0530][228105.033s][info][gc,phases      ] GC(184)   Post Evacuate Collection Set: 0.3ms
[2025-06-25T12:17:46.344+0530][228105.033s][info][gc,phases      ] GC(184)   Other: 0.1ms
[2025-06-25T12:17:46.344+0530][228105.033s][info][gc,heap        ] GC(184) Eden regions: 23->0(23)
[2025-06-25T12:17:46.344+0530][228105.033s][info][gc,heap        ] GC(184) Survivor regions: 1->1(3)
[2025-06-25T12:17:46.344+0530][228105.033s][info][gc,heap        ] GC(184) Old regions: 11->11
[2025-06-25T12:17:46.344+0530][228105.033s][info][gc,heap        ] GC(184) Humongous regions: 0->0
[2025-06-25T12:17:46.344+0530][228105.033s][info][gc,metaspace   ] GC(184) Metaspace: 93325K(94336K)->93325K(94336K) NonClass: 82323K(82944K)->82323K(82944K) Class: 11001K(11392K)->11001K(11392K)
[2025-06-25T12:17:46.344+0530][228105.033s][info][gc             ] GC(184) Pause Young (Prepare Mixed) (G1 Evacuation Pause) 133M->41M(160M) 1.553ms
[2025-06-25T12:17:46.345+0530][228105.033s][info][gc,cpu         ] GC(184) User=0.00s Sys=0.00s Real=0.00s
[2025-06-25T12:37:16.429+0530][229275.117s][info][gc,start       ] GC(185) Pause Young (Mixed) (G1 Evacuation Pause)
[2025-06-25T12:37:16.429+0530][229275.117s][info][gc,task        ] GC(185) Using 13 workers of 13 for evacuation
[2025-06-25T12:37:16.431+0530][229275.119s][info][gc,phases      ] GC(185)   Pre Evacuate Collection Set: 0.2ms
[2025-06-25T12:37:16.431+0530][229275.119s][info][gc,phases      ] GC(185)   Merge Heap Roots: 0.1ms
[2025-06-25T12:37:16.431+0530][229275.119s][info][gc,phases      ] GC(185)   Evacuate Collection Set: 1.1ms
[2025-06-25T12:37:16.431+0530][229275.119s][info][gc,phases      ] GC(185)   Post Evacuate Collection Set: 0.4ms
[2025-06-25T12:37:16.431+0530][229275.119s][info][gc,phases      ] GC(185)   Other: 0.2ms
[2025-06-25T12:37:16.431+0530][229275.119s][info][gc,heap        ] GC(185) Eden regions: 23->0(23)
[2025-06-25T12:37:16.431+0530][229275.119s][info][gc,heap        ] GC(185) Survivor regions: 1->1(3)
[2025-06-25T12:37:16.431+0530][229275.119s][info][gc,heap        ] GC(185) Old regions: 11->11
[2025-06-25T12:37:16.431+0530][229275.119s][info][gc,heap        ] GC(185) Humongous regions: 0->0
[2025-06-25T12:37:16.431+0530][229275.119s][info][gc,metaspace   ] GC(185) Metaspace: 93325K(94336K)->93325K(94336K) NonClass: 82323K(82944K)->82323K(82944K) Class: 11001K(11392K)->11001K(11392K)
[2025-06-25T12:37:16.431+0530][229275.120s][info][gc             ] GC(185) Pause Young (Mixed) (G1 Evacuation Pause) 133M->41M(160M) 2.290ms
[2025-06-25T12:37:16.431+0530][229275.120s][info][gc,cpu         ] GC(185) User=0.00s Sys=0.00s Real=0.00s
[2025-06-25T12:56:46.514+0530][230445.203s][info][gc,start       ] GC(186) Pause Young (Concurrent Start) (G1 Evacuation Pause)
[2025-06-25T12:56:46.514+0530][230445.203s][info][gc,task        ] GC(186) Using 13 workers of 13 for evacuation
[2025-06-25T12:56:46.523+0530][230445.212s][info][gc,phases      ] GC(186)   Pre Evacuate Collection Set: 0.6ms
[2025-06-25T12:56:46.523+0530][230445.212s][info][gc,phases      ] GC(186)   Merge Heap Roots: 0.1ms
[2025-06-25T12:56:46.523+0530][230445.212s][info][gc,phases      ] GC(186)   Evacuate Collection Set: 7.8ms
[2025-06-25T12:56:46.523+0530][230445.212s][info][gc,phases      ] GC(186)   Post Evacuate Collection Set: 0.3ms
[2025-06-25T12:56:46.523+0530][230445.212s][info][gc,phases      ] GC(186)   Other: 0.2ms
[2025-06-25T12:56:46.523+0530][230445.212s][info][gc,heap        ] GC(186) Eden regions: 23->0(23)
[2025-06-25T12:56:46.523+0530][230445.212s][info][gc,heap        ] GC(186) Survivor regions: 1->1(3)
[2025-06-25T12:56:46.523+0530][230445.212s][info][gc,heap        ] GC(186) Old regions: 11->11
[2025-06-25T12:56:46.523+0530][230445.212s][info][gc,heap        ] GC(186) Humongous regions: 0->0
[2025-06-25T12:56:46.523+0530][230445.212s][info][gc,metaspace   ] GC(186) Metaspace: 93325K(94336K)->93325K(94336K) NonClass: 82323K(82944K)->82323K(82944K) Class: 11001K(11392K)->11001K(11392K)
[2025-06-25T12:56:46.523+0530][230445.212s][info][gc             ] GC(186) Pause Young (Concurrent Start) (G1 Evacuation Pause) 133M->41M(160M) 9.442ms
[2025-06-25T12:56:46.523+0530][230445.212s][info][gc,cpu         ] GC(186) User=0.00s Sys=0.00s Real=0.01s
[2025-06-25T12:56:46.523+0530][230445.212s][info][gc             ] GC(187) Concurrent Mark Cycle
[2025-06-25T12:56:46.524+0530][230445.212s][info][gc,marking     ] GC(187) Concurrent Scan Root Regions
[2025-06-25T12:56:46.536+0530][230445.224s][info][gc,marking     ] GC(187) Concurrent Scan Root Regions 11.621ms
[2025-06-25T12:56:46.536+0530][230445.224s][info][gc,marking     ] GC(187) Concurrent Mark
[2025-06-25T12:56:46.536+0530][230445.224s][info][gc,marking     ] GC(187) Concurrent Mark From Roots
[2025-06-25T12:56:46.536+0530][230445.224s][info][gc,task        ] GC(187) Using 3 workers of 3 for marking
[2025-06-25T12:56:46.570+0530][230445.259s][info][gc,marking     ] GC(187) Concurrent Mark From Roots 34.890ms
[2025-06-25T12:56:46.570+0530][230445.259s][info][gc,marking     ] GC(187) Concurrent Preclean
[2025-06-25T12:56:46.570+0530][230445.259s][info][gc,marking     ] GC(187) Concurrent Preclean 0.270ms
[2025-06-25T12:56:46.570+0530][230445.259s][info][gc,start       ] GC(187) Pause Remark
[2025-06-25T12:56:46.579+0530][230445.268s][info][gc             ] GC(187) Pause Remark 41M->41M(160M) 8.472ms
[2025-06-25T12:56:46.579+0530][230445.268s][info][gc,cpu         ] GC(187) User=0.00s Sys=0.00s Real=0.01s
[2025-06-25T12:56:46.579+0530][230445.268s][info][gc,marking     ] GC(187) Concurrent Mark 43.860ms
[2025-06-25T12:56:46.579+0530][230445.268s][info][gc,marking     ] GC(187) Concurrent Rebuild Remembered Sets and Scrub Regions
[2025-06-25T12:56:46.586+0530][230445.276s][info][gc,marking     ] GC(187) Concurrent Rebuild Remembered Sets and Scrub Regions 7.511ms
[2025-06-25T12:56:46.586+0530][230445.276s][info][gc,start       ] GC(187) Pause Cleanup
[2025-06-25T12:56:46.586+0530][230445.276s][info][gc             ] GC(187) Pause Cleanup 41M->41M(160M) 0.163ms
[2025-06-25T12:56:46.586+0530][230445.276s][info][gc,cpu         ] GC(187) User=0.00s Sys=0.00s Real=0.00s
[2025-06-25T12:56:46.586+0530][230445.276s][info][gc,marking     ] GC(187) Concurrent Clear Claimed Marks
[2025-06-25T12:56:46.586+0530][230445.276s][info][gc,marking     ] GC(187) Concurrent Clear Claimed Marks 0.079ms
[2025-06-25T12:56:46.586+0530][230445.276s][info][gc,marking     ] GC(187) Concurrent Cleanup for Next Mark
[2025-06-25T12:56:46.588+0530][230445.276s][info][gc,marking     ] GC(187) Concurrent Cleanup for Next Mark 0.414ms
[2025-06-25T12:56:46.588+0530][230445.276s][info][gc             ] GC(187) Concurrent Mark Cycle 63.991ms
[2025-06-25T13:16:16.597+0530][231615.285s][info][gc,start       ] GC(188) Pause Young (Prepare Mixed) (G1 Evacuation Pause)
[2025-06-25T13:16:16.597+0530][231615.286s][info][gc,task        ] GC(188) Using 13 workers of 13 for evacuation
[2025-06-25T13:16:16.598+0530][231615.287s][info][gc,phases      ] GC(188)   Pre Evacuate Collection Set: 0.3ms
[2025-06-25T13:16:16.598+0530][231615.287s][info][gc,phases      ] GC(188)   Merge Heap Roots: 0.1ms
[2025-06-25T13:16:16.598+0530][231615.287s][info][gc,phases      ] GC(188)   Evacuate Collection Set: 0.4ms
[2025-06-25T13:16:16.598+0530][231615.287s][info][gc,phases      ] GC(188)   Post Evacuate Collection Set: 0.3ms
[2025-06-25T13:16:16.598+0530][231615.287s][info][gc,phases      ] GC(188)   Other: 0.1ms
[2025-06-25T13:16:16.598+0530][231615.287s][info][gc,heap        ] GC(188) Eden regions: 23->0(23)
[2025-06-25T13:16:16.598+0530][231615.287s][info][gc,heap        ] GC(188) Survivor regions: 1->1(3)
[2025-06-25T13:16:16.598+0530][231615.287s][info][gc,heap        ] GC(188) Old regions: 11->11
[2025-06-25T13:16:16.598+0530][231615.287s][info][gc,heap        ] GC(188) Humongous regions: 0->0
[2025-06-25T13:16:16.598+0530][231615.287s][info][gc,metaspace   ] GC(188) Metaspace: 93325K(94336K)->93325K(94336K) NonClass: 82323K(82944K)->82323K(82944K) Class: 11001K(11392K)->11001K(11392K)
[2025-06-25T13:16:16.598+0530][231615.287s][info][gc             ] GC(188) Pause Young (Prepare Mixed) (G1 Evacuation Pause) 133M->41M(160M) 1.436ms
[2025-06-25T13:16:16.598+0530][231615.287s][info][gc,cpu         ] GC(188) User=0.00s Sys=0.00s Real=0.00s
[2025-06-25T13:35:47.070+0530][232785.758s][info][gc,start       ] GC(189) Pause Young (Mixed) (G1 Evacuation Pause)
[2025-06-25T13:35:47.070+0530][232785.759s][info][gc,task        ] GC(189) Using 13 workers of 13 for evacuation
[2025-06-25T13:35:47.074+0530][232785.763s][info][gc,phases      ] GC(189)   Pre Evacuate Collection Set: 0.5ms
[2025-06-25T13:35:47.074+0530][232785.763s][info][gc,phases      ] GC(189)   Merge Heap Roots: 0.2ms
[2025-06-25T13:35:47.074+0530][232785.763s][info][gc,phases      ] GC(189)   Evacuate Collection Set: 2.7ms
[2025-06-25T13:35:47.074+0530][232785.763s][info][gc,phases      ] GC(189)   Post Evacuate Collection Set: 0.5ms
[2025-06-25T13:35:47.074+0530][232785.763s][info][gc,phases      ] GC(189)   Other: 0.2ms
[2025-06-25T13:35:47.074+0530][232785.763s][info][gc,heap        ] GC(189) Eden regions: 23->0(23)
[2025-06-25T13:35:47.074+0530][232785.763s][info][gc,heap        ] GC(189) Survivor regions: 1->1(3)
[2025-06-25T13:35:47.074+0530][232785.763s][info][gc,heap        ] GC(189) Old regions: 11->11
[2025-06-25T13:35:47.074+0530][232785.763s][info][gc,heap        ] GC(189) Humongous regions: 0->0
[2025-06-25T13:35:47.074+0530][232785.763s][info][gc,metaspace   ] GC(189) Metaspace: 93325K(94336K)->93325K(94336K) NonClass: 82323K(82944K)->82323K(82944K) Class: 11001K(11392K)->11001K(11392K)
[2025-06-25T13:35:47.074+0530][232785.763s][info][gc             ] GC(189) Pause Young (Mixed) (G1 Evacuation Pause) 133M->41M(160M) 4.583ms
[2025-06-25T13:35:47.074+0530][232785.763s][info][gc,cpu         ] GC(189) User=0.00s Sys=0.00s Real=0.00s
[2025-06-25T13:55:14.682+0530][233953.370s][info][gc,start       ] GC(190) Pause Young (Concurrent Start) (G1 Evacuation Pause)
[2025-06-25T13:55:14.682+0530][233953.371s][info][gc,task        ] GC(190) Using 13 workers of 13 for evacuation
[2025-06-25T13:55:14.694+0530][233953.384s][info][gc,phases      ] GC(190)   Pre Evacuate Collection Set: 0.8ms
[2025-06-25T13:55:14.696+0530][233953.384s][info][gc,phases      ] GC(190)   Merge Heap Roots: 0.1ms
[2025-06-25T13:55:14.696+0530][233953.384s][info][gc,phases      ] GC(190)   Evacuate Collection Set: 11.8ms
[2025-06-25T13:55:14.696+0530][233953.384s][info][gc,phases      ] GC(190)   Post Evacuate Collection Set: 0.4ms
[2025-06-25T13:55:14.696+0530][233953.384s][info][gc,phases      ] GC(190)   Other: 0.2ms
[2025-06-25T13:55:14.696+0530][233953.384s][info][gc,heap        ] GC(190) Eden regions: 23->0(23)
[2025-06-25T13:55:14.696+0530][233953.384s][info][gc,heap        ] GC(190) Survivor regions: 1->1(3)
[2025-06-25T13:55:14.696+0530][233953.384s][info][gc,heap        ] GC(190) Old regions: 11->11
[2025-06-25T13:55:14.696+0530][233953.384s][info][gc,heap        ] GC(190) Humongous regions: 0->0
[2025-06-25T13:55:14.696+0530][233953.384s][info][gc,metaspace   ] GC(190) Metaspace: 93325K(94336K)->93325K(94336K) NonClass: 82323K(82944K)->82323K(82944K) Class: 11001K(11392K)->11001K(11392K)
[2025-06-25T13:55:14.696+0530][233953.384s][info][gc             ] GC(190) Pause Young (Concurrent Start) (G1 Evacuation Pause) 133M->41M(160M) 13.880ms
[2025-06-25T13:55:14.696+0530][233953.384s][info][gc,cpu         ] GC(190) User=0.02s Sys=0.02s Real=0.01s
[2025-06-25T13:55:14.696+0530][233953.384s][info][gc             ] GC(191) Concurrent Mark Cycle
[2025-06-25T13:55:14.696+0530][233953.384s][info][gc,marking     ] GC(191) Concurrent Scan Root Regions
[2025-06-25T13:55:14.706+0530][233953.394s][info][gc,marking     ] GC(191) Concurrent Scan Root Regions 9.947ms
[2025-06-25T13:55:14.706+0530][233953.394s][info][gc,marking     ] GC(191) Concurrent Mark
[2025-06-25T13:55:14.706+0530][233953.394s][info][gc,marking     ] GC(191) Concurrent Mark From Roots
[2025-06-25T13:55:14.706+0530][233953.394s][info][gc,task        ] GC(191) Using 3 workers of 3 for marking
[2025-06-25T13:55:14.741+0530][233953.430s][info][gc,marking     ] GC(191) Concurrent Mark From Roots 35.366ms
[2025-06-25T13:55:14.741+0530][233953.430s][info][gc,marking     ] GC(191) Concurrent Preclean
[2025-06-25T13:55:14.741+0530][233953.430s][info][gc,marking     ] GC(191) Concurrent Preclean 0.289ms
[2025-06-25T13:55:14.741+0530][233953.430s][info][gc,start       ] GC(191) Pause Remark
[2025-06-25T13:55:14.749+0530][233953.437s][info][gc             ] GC(191) Pause Remark 41M->41M(160M) 6.665ms
[2025-06-25T13:55:14.749+0530][233953.437s][info][gc,cpu         ] GC(191) User=0.00s Sys=0.03s Real=0.01s
[2025-06-25T13:55:14.749+0530][233953.437s][info][gc,marking     ] GC(191) Concurrent Mark 42.547ms
[2025-06-25T13:55:14.749+0530][233953.437s][info][gc,marking     ] GC(191) Concurrent Rebuild Remembered Sets and Scrub Regions
[2025-06-25T13:55:14.754+0530][233953.442s][info][gc,marking     ] GC(191) Concurrent Rebuild Remembered Sets and Scrub Regions 5.265ms
[2025-06-25T13:55:14.754+0530][233953.442s][info][gc,start       ] GC(191) Pause Cleanup
[2025-06-25T13:55:14.754+0530][233953.442s][info][gc             ] GC(191) Pause Cleanup 41M->41M(160M) 0.116ms
[2025-06-25T13:55:14.754+0530][233953.442s][info][gc,cpu         ] GC(191) User=0.00s Sys=0.00s Real=0.00s
[2025-06-25T13:55:14.754+0530][233953.442s][info][gc,marking     ] GC(191) Concurrent Clear Claimed Marks
[2025-06-25T13:55:14.754+0530][233953.443s][info][gc,marking     ] GC(191) Concurrent Clear Claimed Marks 0.069ms
[2025-06-25T13:55:14.754+0530][233953.443s][info][gc,marking     ] GC(191) Concurrent Cleanup for Next Mark
[2025-06-25T13:55:14.755+0530][233953.443s][info][gc,marking     ] GC(191) Concurrent Cleanup for Next Mark 0.533ms
[2025-06-25T13:55:14.755+0530][233953.443s][info][gc             ] GC(191) Concurrent Mark Cycle 58.818ms
[2025-06-25T14:14:44.066+0530][235122.755s][info][gc,start       ] GC(192) Pause Young (Prepare Mixed) (G1 Evacuation Pause)
[2025-06-25T14:14:44.066+0530][235122.755s][info][gc,task        ] GC(192) Using 13 workers of 13 for evacuation
[2025-06-25T14:14:44.077+0530][235122.765s][info][gc,phases      ] GC(192)   Pre Evacuate Collection Set: 0.6ms
[2025-06-25T14:14:44.077+0530][235122.765s][info][gc,phases      ] GC(192)   Merge Heap Roots: 0.1ms
[2025-06-25T14:14:44.077+0530][235122.765s][info][gc,phases      ] GC(192)   Evacuate Collection Set: 0.3ms
[2025-06-25T14:14:44.077+0530][235122.765s][info][gc,phases      ] GC(192)   Post Evacuate Collection Set: 9.4ms
[2025-06-25T14:14:44.077+0530][235122.765s][info][gc,phases      ] GC(192)   Other: 0.2ms
[2025-06-25T14:14:44.077+0530][235122.765s][info][gc,heap        ] GC(192) Eden regions: 23->0(27)
[2025-06-25T14:14:44.077+0530][235122.765s][info][gc,heap        ] GC(192) Survivor regions: 1->1(3)
[2025-06-25T14:14:44.077+0530][235122.766s][info][gc,heap        ] GC(192) Old regions: 11->11
[2025-06-25T14:14:44.077+0530][235122.766s][info][gc,heap        ] GC(192) Humongous regions: 0->0
[2025-06-25T14:14:44.077+0530][235122.766s][info][gc,metaspace   ] GC(192) Metaspace: 93327K(94336K)->93327K(94336K) NonClass: 82325K(82944K)->82325K(82944K) Class: 11001K(11392K)->11001K(11392K)
[2025-06-25T14:14:44.077+0530][235122.766s][info][gc             ] GC(192) Pause Young (Prepare Mixed) (G1 Evacuation Pause) 133M->41M(192M) 11.075ms
[2025-06-25T14:14:44.077+0530][235122.766s][info][gc,cpu         ] GC(192) User=0.00s Sys=0.00s Real=0.01s
[2025-06-25T14:37:39.066+0530][236497.755s][info][gc,start       ] GC(193) Pause Young (Mixed) (G1 Evacuation Pause)
[2025-06-25T14:37:39.066+0530][236497.755s][info][gc,task        ] GC(193) Using 13 workers of 13 for evacuation
[2025-06-25T14:37:39.083+0530][236497.772s][info][gc,phases      ] GC(193)   Pre Evacuate Collection Set: 0.4ms
[2025-06-25T14:37:39.083+0530][236497.772s][info][gc,phases      ] GC(193)   Merge Heap Roots: 0.3ms
[2025-06-25T14:37:39.083+0530][236497.772s][info][gc,phases      ] GC(193)   Evacuate Collection Set: 2.9ms
[2025-06-25T14:37:39.083+0530][236497.772s][info][gc,phases      ] GC(193)   Post Evacuate Collection Set: 0.6ms
[2025-06-25T14:37:39.083+0530][236497.772s][info][gc,phases      ] GC(193)   Other: 12.4ms
[2025-06-25T14:37:39.083+0530][236497.772s][info][gc,heap        ] GC(193) Eden regions: 27->0(27)
[2025-06-25T14:37:39.083+0530][236497.772s][info][gc,heap        ] GC(193) Survivor regions: 1->1(4)
[2025-06-25T14:37:39.083+0530][236497.772s][info][gc,heap        ] GC(193) Old regions: 11->11
[2025-06-25T14:37:39.083+0530][236497.772s][info][gc,heap        ] GC(193) Humongous regions: 0->0
[2025-06-25T14:37:39.083+0530][236497.772s][info][gc,metaspace   ] GC(193) Metaspace: 93331K(94336K)->93331K(94336K) NonClass: 82330K(82944K)->82330K(82944K) Class: 11001K(11392K)->11001K(11392K)
[2025-06-25T14:37:39.083+0530][236497.772s][info][gc             ] GC(193) Pause Young (Mixed) (G1 Evacuation Pause) 149M->41M(192M) 16.956ms
[2025-06-25T14:37:39.083+0530][236497.772s][info][gc,cpu         ] GC(193) User=0.00s Sys=0.00s Real=0.02s
[2025-06-25T15:00:16.734+0530][237855.422s][info][gc,start       ] GC(194) Pause Young (Concurrent Start) (G1 Evacuation Pause)
[2025-06-25T15:00:16.734+0530][237855.422s][info][gc,task        ] GC(194) Using 13 workers of 13 for evacuation
[2025-06-25T15:00:16.742+0530][237855.430s][info][gc,phases      ] GC(194)   Pre Evacuate Collection Set: 0.8ms
[2025-06-25T15:00:16.742+0530][237855.431s][info][gc,phases      ] GC(194)   Merge Heap Roots: 0.1ms
[2025-06-25T15:00:16.742+0530][237855.431s][info][gc,phases      ] GC(194)   Evacuate Collection Set: 6.8ms
[2025-06-25T15:00:16.742+0530][237855.431s][info][gc,phases      ] GC(194)   Post Evacuate Collection Set: 0.4ms
[2025-06-25T15:00:16.742+0530][237855.431s][info][gc,phases      ] GC(194)   Other: 0.2ms
[2025-06-25T15:00:16.742+0530][237855.431s][info][gc,heap        ] GC(194) Eden regions: 27->0(27)
[2025-06-25T15:00:16.742+0530][237855.431s][info][gc,heap        ] GC(194) Survivor regions: 1->1(4)
[2025-06-25T15:00:16.742+0530][237855.431s][info][gc,heap        ] GC(194) Old regions: 11->11
[2025-06-25T15:00:16.742+0530][237855.431s][info][gc,heap        ] GC(194) Humongous regions: 0->0
[2025-06-25T15:00:16.742+0530][237855.431s][info][gc,metaspace   ] GC(194) Metaspace: 93331K(94336K)->93331K(94336K) NonClass: 82330K(82944K)->82330K(82944K) Class: 11001K(11392K)->11001K(11392K)
[2025-06-25T15:00:16.742+0530][237855.431s][info][gc             ] GC(194) Pause Young (Concurrent Start) (G1 Evacuation Pause) 149M->41M(192M) 8.560ms
[2025-06-25T15:00:16.742+0530][237855.431s][info][gc,cpu         ] GC(194) User=0.00s Sys=0.00s Real=0.01s
[2025-06-25T15:00:16.742+0530][237855.431s][info][gc             ] GC(195) Concurrent Mark Cycle
[2025-06-25T15:00:16.742+0530][237855.431s][info][gc,marking     ] GC(195) Concurrent Scan Root Regions
[2025-06-25T15:00:16.753+0530][237855.442s][info][gc,marking     ] GC(195) Concurrent Scan Root Regions 10.840ms
[2025-06-25T15:00:16.753+0530][237855.442s][info][gc,marking     ] GC(195) Concurrent Mark
[2025-06-25T15:00:16.753+0530][237855.442s][info][gc,marking     ] GC(195) Concurrent Mark From Roots
[2025-06-25T15:00:16.753+0530][237855.442s][info][gc,task        ] GC(195) Using 3 workers of 3 for marking
[2025-06-25T15:00:16.786+0530][237855.474s][info][gc,marking     ] GC(195) Concurrent Mark From Roots 32.318ms
[2025-06-25T15:00:16.786+0530][237855.474s][info][gc,marking     ] GC(195) Concurrent Preclean
[2025-06-25T15:00:16.786+0530][237855.474s][info][gc,marking     ] GC(195) Concurrent Preclean 0.328ms
[2025-06-25T15:00:16.786+0530][237855.475s][info][gc,start       ] GC(195) Pause Remark
[2025-06-25T15:00:16.803+0530][237855.492s][info][gc             ] GC(195) Pause Remark 43M->43M(160M) 16.949ms
[2025-06-25T15:00:16.803+0530][237855.492s][info][gc,cpu         ] GC(195) User=0.00s Sys=0.00s Real=0.02s
[2025-06-25T15:00:16.803+0530][237855.492s][info][gc,marking     ] GC(195) Concurrent Mark 49.882ms
[2025-06-25T15:00:16.803+0530][237855.492s][info][gc,marking     ] GC(195) Concurrent Rebuild Remembered Sets and Scrub Regions
[2025-06-25T15:00:16.809+0530][237855.498s][info][gc,marking     ] GC(195) Concurrent Rebuild Remembered Sets and Scrub Regions 6.004ms
[2025-06-25T15:00:16.809+0530][237855.498s][info][gc,start       ] GC(195) Pause Cleanup
[2025-06-25T15:00:16.810+0530][237855.498s][info][gc             ] GC(195) Pause Cleanup 43M->43M(160M) 0.539ms
[2025-06-25T15:00:16.810+0530][237855.498s][info][gc,cpu         ] GC(195) User=0.00s Sys=0.00s Real=0.00s
[2025-06-25T15:00:16.810+0530][237855.498s][info][gc,marking     ] GC(195) Concurrent Clear Claimed Marks
[2025-06-25T15:00:16.810+0530][237855.499s][info][gc,marking     ] GC(195) Concurrent Clear Claimed Marks 0.074ms
[2025-06-25T15:00:16.810+0530][237855.499s][info][gc,marking     ] GC(195) Concurrent Cleanup for Next Mark
[2025-06-25T15:00:16.810+0530][237855.499s][info][gc,marking     ] GC(195) Concurrent Cleanup for Next Mark 0.344ms
[2025-06-25T15:00:16.810+0530][237855.499s][info][gc             ] GC(195) Concurrent Mark Cycle 68.044ms
[2025-06-25T15:19:28.393+0530][239007.081s][info][gc,start       ] GC(196) Pause Young (Prepare Mixed) (G1 Evacuation Pause)
[2025-06-25T15:19:28.393+0530][239007.082s][info][gc,task        ] GC(196) Using 13 workers of 13 for evacuation
[2025-06-25T15:19:28.395+0530][239007.084s][info][gc,phases      ] GC(196)   Pre Evacuate Collection Set: 0.4ms
[2025-06-25T15:19:28.395+0530][239007.084s][info][gc,phases      ] GC(196)   Merge Heap Roots: 0.1ms
[2025-06-25T15:19:28.395+0530][239007.084s][info][gc,phases      ] GC(196)   Evacuate Collection Set: 1.0ms
[2025-06-25T15:19:28.395+0530][239007.084s][info][gc,phases      ] GC(196)   Post Evacuate Collection Set: 0.5ms
[2025-06-25T15:19:28.395+0530][239007.084s][info][gc,phases      ] GC(196)   Other: 0.2ms
[2025-06-25T15:19:28.395+0530][239007.084s][info][gc,heap        ] GC(196) Eden regions: 23->0(23)
[2025-06-25T15:19:28.395+0530][239007.084s][info][gc,heap        ] GC(196) Survivor regions: 1->1(3)
[2025-06-25T15:19:28.395+0530][239007.084s][info][gc,heap        ] GC(196) Old regions: 11->11
[2025-06-25T15:19:28.395+0530][239007.084s][info][gc,heap        ] GC(196) Humongous regions: 0->0
[2025-06-25T15:19:28.395+0530][239007.084s][info][gc,metaspace   ] GC(196) Metaspace: 93331K(94336K)->93331K(94336K) NonClass: 82330K(82944K)->82330K(82944K) Class: 11001K(11392K)->11001K(11392K)
[2025-06-25T15:19:28.395+0530][239007.084s][info][gc             ] GC(196) Pause Young (Prepare Mixed) (G1 Evacuation Pause) 133M->41M(160M) 2.507ms
[2025-06-25T15:19:28.395+0530][239007.084s][info][gc,cpu         ] GC(196) User=0.00s Sys=0.00s Real=0.00s
[2025-06-25T15:38:57.231+0530][240175.919s][info][gc,start       ] GC(197) Pause Young (Mixed) (G1 Evacuation Pause)
[2025-06-25T15:38:57.231+0530][240175.919s][info][gc,task        ] GC(197) Using 13 workers of 13 for evacuation
[2025-06-25T15:38:57.234+0530][240175.923s][info][gc,phases      ] GC(197)   Pre Evacuate Collection Set: 0.3ms
[2025-06-25T15:38:57.234+0530][240175.923s][info][gc,phases      ] GC(197)   Merge Heap Roots: 0.2ms
[2025-06-25T15:38:57.234+0530][240175.923s][info][gc,phases      ] GC(197)   Evacuate Collection Set: 2.5ms
[2025-06-25T15:38:57.234+0530][240175.923s][info][gc,phases      ] GC(197)   Post Evacuate Collection Set: 0.3ms
[2025-06-25T15:38:57.234+0530][240175.923s][info][gc,phases      ] GC(197)   Other: 0.1ms
[2025-06-25T15:38:57.234+0530][240175.923s][info][gc,heap        ] GC(197) Eden regions: 23->0(23)
[2025-06-25T15:38:57.234+0530][240175.923s][info][gc,heap        ] GC(197) Survivor regions: 1->1(3)
[2025-06-25T15:38:57.234+0530][240175.923s][info][gc,heap        ] GC(197) Old regions: 11->11
[2025-06-25T15:38:57.234+0530][240175.923s][info][gc,heap        ] GC(197) Humongous regions: 0->0
[2025-06-25T15:38:57.234+0530][240175.923s][info][gc,metaspace   ] GC(197) Metaspace: 93331K(94336K)->93331K(94336K) NonClass: 82330K(82944K)->82330K(82944K) Class: 11001K(11392K)->11001K(11392K)
[2025-06-25T15:38:57.234+0530][240175.923s][info][gc             ] GC(197) Pause Young (Mixed) (G1 Evacuation Pause) 133M->41M(160M) 3.670ms
[2025-06-25T15:38:57.234+0530][240175.923s][info][gc,cpu         ] GC(197) User=0.00s Sys=0.00s Real=0.00s
[2025-06-25T15:58:28.517+0530][241347.206s][info][gc,start       ] GC(198) Pause Young (Concurrent Start) (G1 Evacuation Pause)
[2025-06-25T15:58:28.518+0530][241347.206s][info][gc,task        ] GC(198) Using 13 workers of 13 for evacuation
[2025-06-25T15:58:28.531+0530][241347.219s][info][gc,phases      ] GC(198)   Pre Evacuate Collection Set: 11.4ms
[2025-06-25T15:58:28.531+0530][241347.219s][info][gc,phases      ] GC(198)   Merge Heap Roots: 0.1ms
[2025-06-25T15:58:28.531+0530][241347.219s][info][gc,phases      ] GC(198)   Evacuate Collection Set: 1.2ms
[2025-06-25T15:58:28.531+0530][241347.219s][info][gc,phases      ] GC(198)   Post Evacuate Collection Set: 0.2ms
[2025-06-25T15:58:28.531+0530][241347.219s][info][gc,phases      ] GC(198)   Other: 0.2ms
[2025-06-25T15:58:28.531+0530][241347.219s][info][gc,heap        ] GC(198) Eden regions: 23->0(23)
[2025-06-25T15:58:28.531+0530][241347.219s][info][gc,heap        ] GC(198) Survivor regions: 1->1(3)
[2025-06-25T15:58:28.531+0530][241347.219s][info][gc,heap        ] GC(198) Old regions: 11->11
[2025-06-25T15:58:28.531+0530][241347.219s][info][gc,heap        ] GC(198) Humongous regions: 0->0
[2025-06-25T15:58:28.531+0530][241347.219s][info][gc,metaspace   ] GC(198) Metaspace: 93331K(94336K)->93331K(94336K) NonClass: 82330K(82944K)->82330K(82944K) Class: 11001K(11392K)->11001K(11392K)
[2025-06-25T15:58:28.531+0530][241347.220s][info][gc             ] GC(198) Pause Young (Concurrent Start) (G1 Evacuation Pause) 133M->41M(160M) 13.325ms
[2025-06-25T15:58:28.531+0530][241347.220s][info][gc,cpu         ] GC(198) User=0.00s Sys=0.00s Real=0.01s
[2025-06-25T15:58:28.531+0530][241347.220s][info][gc             ] GC(199) Concurrent Mark Cycle
[2025-06-25T15:58:28.531+0530][241347.220s][info][gc,marking     ] GC(199) Concurrent Scan Root Regions
[2025-06-25T15:58:28.533+0530][241347.222s][info][gc,marking     ] GC(199) Concurrent Scan Root Regions 2.131ms
[2025-06-25T15:58:28.533+0530][241347.222s][info][gc,marking     ] GC(199) Concurrent Mark
[2025-06-25T15:58:28.533+0530][241347.222s][info][gc,marking     ] GC(199) Concurrent Mark From Roots
[2025-06-25T15:58:28.533+0530][241347.222s][info][gc,task        ] GC(199) Using 3 workers of 3 for marking
[2025-06-25T15:58:28.553+0530][241347.242s][info][gc,marking     ] GC(199) Concurrent Mark From Roots 19.923ms
[2025-06-25T15:58:28.553+0530][241347.242s][info][gc,marking     ] GC(199) Concurrent Preclean
[2025-06-25T15:58:28.553+0530][241347.242s][info][gc,marking     ] GC(199) Concurrent Preclean 0.348ms
[2025-06-25T15:58:28.554+0530][241347.242s][info][gc,start       ] GC(199) Pause Remark
[2025-06-25T15:58:28.555+0530][241347.244s][info][gc             ] GC(199) Pause Remark 42M->42M(160M) 1.615ms
[2025-06-25T15:58:28.555+0530][241347.244s][info][gc,cpu         ] GC(199) User=0.00s Sys=0.00s Real=0.00s
[2025-06-25T15:58:28.555+0530][241347.244s][info][gc,marking     ] GC(199) Concurrent Mark 22.120ms
[2025-06-25T15:58:28.555+0530][241347.244s][info][gc,marking     ] GC(199) Concurrent Rebuild Remembered Sets and Scrub Regions
[2025-06-25T15:58:28.562+0530][241347.251s][info][gc,marking     ] GC(199) Concurrent Rebuild Remembered Sets and Scrub Regions 6.763ms
[2025-06-25T15:58:28.562+0530][241347.251s][info][gc,start       ] GC(199) Pause Cleanup
[2025-06-25T15:58:28.562+0530][241347.251s][info][gc             ] GC(199) Pause Cleanup 42M->42M(160M) 0.152ms
[2025-06-25T15:58:28.562+0530][241347.251s][info][gc,cpu         ] GC(199) User=0.00s Sys=0.00s Real=0.00s
[2025-06-25T15:58:28.562+0530][241347.251s][info][gc,marking     ] GC(199) Concurrent Clear Claimed Marks
[2025-06-25T15:58:28.562+0530][241347.251s][info][gc,marking     ] GC(199) Concurrent Clear Claimed Marks 0.088ms
[2025-06-25T15:58:28.562+0530][241347.251s][info][gc,marking     ] GC(199) Concurrent Cleanup for Next Mark
[2025-06-25T15:58:28.562+0530][241347.252s][info][gc,marking     ] GC(199) Concurrent Cleanup for Next Mark 0.342ms
[2025-06-25T15:58:28.562+0530][241347.252s][info][gc             ] GC(199) Concurrent Mark Cycle 31.937ms
[2025-06-25T16:17:57.409+0530][242516.098s][info][gc,start       ] GC(200) Pause Young (Prepare Mixed) (G1 Evacuation Pause)
[2025-06-25T16:17:57.409+0530][242516.098s][info][gc,task        ] GC(200) Using 13 workers of 13 for evacuation
[2025-06-25T16:17:57.411+0530][242516.099s][info][gc,phases      ] GC(200)   Pre Evacuate Collection Set: 0.4ms
[2025-06-25T16:17:57.411+0530][242516.099s][info][gc,phases      ] GC(200)   Merge Heap Roots: 0.1ms
[2025-06-25T16:17:57.411+0530][242516.099s][info][gc,phases      ] GC(200)   Evacuate Collection Set: 0.5ms
[2025-06-25T16:17:57.411+0530][242516.099s][info][gc,phases      ] GC(200)   Post Evacuate Collection Set: 0.4ms
[2025-06-25T16:17:57.411+0530][242516.100s][info][gc,phases      ] GC(200)   Other: 0.1ms
[2025-06-25T16:17:57.411+0530][242516.100s][info][gc,heap        ] GC(200) Eden regions: 23->0(23)
[2025-06-25T16:17:57.411+0530][242516.100s][info][gc,heap        ] GC(200) Survivor regions: 1->1(3)
[2025-06-25T16:17:57.411+0530][242516.100s][info][gc,heap        ] GC(200) Old regions: 11->12
[2025-06-25T16:17:57.411+0530][242516.100s][info][gc,heap        ] GC(200) Humongous regions: 0->0
[2025-06-25T16:17:57.411+0530][242516.100s][info][gc,metaspace   ] GC(200) Metaspace: 93331K(94336K)->93331K(94336K) NonClass: 82330K(82944K)->82330K(82944K) Class: 11001K(11392K)->11001K(11392K)
[2025-06-25T16:17:57.422+0530][242516.111s][info][gc             ] GC(200) Pause Young (Prepare Mixed) (G1 Evacuation Pause) 133M->41M(160M) 13.050ms
[2025-06-25T16:17:57.422+0530][242516.111s][info][gc,cpu         ] GC(200) User=0.00s Sys=0.00s Real=0.01s
[2025-06-25T16:37:25.616+0530][243684.305s][info][gc,start       ] GC(201) Pause Young (Mixed) (G1 Evacuation Pause)
[2025-06-25T16:37:25.628+0530][243684.316s][info][gc,task        ] GC(201) Using 13 workers of 13 for evacuation
[2025-06-25T16:37:25.635+0530][243684.324s][info][gc,phases      ] GC(201)   Pre Evacuate Collection Set: 0.9ms
[2025-06-25T16:37:25.635+0530][243684.324s][info][gc,phases      ] GC(201)   Merge Heap Roots: 0.1ms
[2025-06-25T16:37:25.635+0530][243684.324s][info][gc,phases      ] GC(201)   Evacuate Collection Set: 4.9ms
[2025-06-25T16:37:25.635+0530][243684.324s][info][gc,phases      ] GC(201)   Post Evacuate Collection Set: 0.7ms
[2025-06-25T16:37:25.635+0530][243684.324s][info][gc,phases      ] GC(201)   Other: 0.7ms
[2025-06-25T16:37:25.635+0530][243684.324s][info][gc,heap        ] GC(201) Eden regions: 23->0(23)
[2025-06-25T16:37:25.635+0530][243684.324s][info][gc,heap        ] GC(201) Survivor regions: 1->1(3)
[2025-06-25T16:37:25.635+0530][243684.324s][info][gc,heap        ] GC(201) Old regions: 12->11
[2025-06-25T16:37:25.635+0530][243684.324s][info][gc,heap        ] GC(201) Humongous regions: 0->0
[2025-06-25T16:37:25.635+0530][243684.324s][info][gc,metaspace   ] GC(201) Metaspace: 93331K(94336K)->93331K(94336K) NonClass: 82330K(82944K)->82330K(82944K) Class: 11001K(11392K)->11001K(11392K)
[2025-06-25T16:37:25.636+0530][243684.324s][info][gc             ] GC(201) Pause Young (Mixed) (G1 Evacuation Pause) 133M->41M(160M) 18.945ms
[2025-06-25T16:37:25.636+0530][243684.324s][info][gc,cpu         ] GC(201) User=0.00s Sys=0.00s Real=0.02s
[2025-06-25T16:56:56.280+0530][244854.968s][info][gc,start       ] GC(202) Pause Young (Concurrent Start) (G1 Evacuation Pause)
[2025-06-25T16:56:56.280+0530][244854.969s][info][gc,task        ] GC(202) Using 13 workers of 13 for evacuation
[2025-06-25T16:56:56.293+0530][244854.981s][info][gc,phases      ] GC(202)   Pre Evacuate Collection Set: 0.4ms
[2025-06-25T16:56:56.293+0530][244854.981s][info][gc,phases      ] GC(202)   Merge Heap Roots: 0.1ms
[2025-06-25T16:56:56.293+0530][244854.981s][info][gc,phases      ] GC(202)   Evacuate Collection Set: 11.8ms
[2025-06-25T16:56:56.293+0530][244854.981s][info][gc,phases      ] GC(202)   Post Evacuate Collection Set: 0.3ms
[2025-06-25T16:56:56.293+0530][244854.981s][info][gc,phases      ] GC(202)   Other: 0.1ms
[2025-06-25T16:56:56.293+0530][244854.981s][info][gc,heap        ] GC(202) Eden regions: 23->0(23)
[2025-06-25T16:56:56.293+0530][244854.981s][info][gc,heap        ] GC(202) Survivor regions: 1->1(3)
[2025-06-25T16:56:56.293+0530][244854.981s][info][gc,heap        ] GC(202) Old regions: 11->11
[2025-06-25T16:56:56.293+0530][244854.981s][info][gc,heap        ] GC(202) Humongous regions: 0->0
[2025-06-25T16:56:56.293+0530][244854.981s][info][gc,metaspace   ] GC(202) Metaspace: 93331K(94336K)->93331K(94336K) NonClass: 82330K(82944K)->82330K(82944K) Class: 11001K(11392K)->11001K(11392K)
[2025-06-25T16:56:56.293+0530][244854.981s][info][gc             ] GC(202) Pause Young (Concurrent Start) (G1 Evacuation Pause) 133M->41M(160M) 12.896ms
[2025-06-25T16:56:56.293+0530][244854.981s][info][gc,cpu         ] GC(202) User=0.02s Sys=0.00s Real=0.01s
[2025-06-25T16:56:56.293+0530][244854.981s][info][gc             ] GC(203) Concurrent Mark Cycle
[2025-06-25T16:56:56.293+0530][244854.981s][info][gc,marking     ] GC(203) Concurrent Scan Root Regions
[2025-06-25T16:56:56.303+0530][244854.992s][info][gc,marking     ] GC(203) Concurrent Scan Root Regions 10.559ms
[2025-06-25T16:56:56.303+0530][244854.992s][info][gc,marking     ] GC(203) Concurrent Mark
[2025-06-25T16:56:56.303+0530][244854.992s][info][gc,marking     ] GC(203) Concurrent Mark From Roots
[2025-06-25T16:56:56.303+0530][244854.992s][info][gc,task        ] GC(203) Using 3 workers of 3 for marking
[2025-06-25T16:56:56.333+0530][244855.022s][info][gc,marking     ] GC(203) Concurrent Mark From Roots 30.279ms
[2025-06-25T16:56:56.333+0530][244855.022s][info][gc,marking     ] GC(203) Concurrent Preclean
[2025-06-25T16:56:56.333+0530][244855.023s][info][gc,marking     ] GC(203) Concurrent Preclean 0.226ms
[2025-06-25T16:56:56.333+0530][244855.023s][info][gc,start       ] GC(203) Pause Remark
[2025-06-25T16:56:56.340+0530][244855.029s][info][gc             ] GC(203) Pause Remark 42M->42M(160M) 6.317ms
[2025-06-25T16:56:56.340+0530][244855.029s][info][gc,cpu         ] GC(203) User=0.00s Sys=0.00s Real=0.01s
[2025-06-25T16:56:56.340+0530][244855.029s][info][gc,marking     ] GC(203) Concurrent Mark 37.031ms
[2025-06-25T16:56:56.340+0530][244855.029s][info][gc,marking     ] GC(203) Concurrent Rebuild Remembered Sets and Scrub Regions
[2025-06-25T16:56:56.346+0530][244855.034s][info][gc,marking     ] GC(203) Concurrent Rebuild Remembered Sets and Scrub Regions 5.254ms
[2025-06-25T16:56:56.346+0530][244855.034s][info][gc,start       ] GC(203) Pause Cleanup
[2025-06-25T16:56:56.346+0530][244855.035s][info][gc             ] GC(203) Pause Cleanup 42M->42M(160M) 0.136ms
[2025-06-25T16:56:56.346+0530][244855.035s][info][gc,cpu         ] GC(203) User=0.00s Sys=0.00s Real=0.00s
[2025-06-25T16:56:56.346+0530][244855.035s][info][gc,marking     ] GC(203) Concurrent Clear Claimed Marks
[2025-06-25T16:56:56.346+0530][244855.035s][info][gc,marking     ] GC(203) Concurrent Clear Claimed Marks 0.072ms
[2025-06-25T16:56:56.346+0530][244855.035s][info][gc,marking     ] GC(203) Concurrent Cleanup for Next Mark
[2025-06-25T16:56:56.347+0530][244855.035s][info][gc,marking     ] GC(203) Concurrent Cleanup for Next Mark 0.357ms
[2025-06-25T16:56:56.347+0530][244855.035s][info][gc             ] GC(203) Concurrent Mark Cycle 53.720ms
[2025-06-25T17:16:23.903+0530][246022.591s][info][gc,start       ] GC(204) Pause Young (Prepare Mixed) (G1 Evacuation Pause)
[2025-06-25T17:16:23.906+0530][246022.594s][info][gc,task        ] GC(204) Using 13 workers of 13 for evacuation
[2025-06-25T17:16:23.907+0530][246022.596s][info][gc,phases      ] GC(204)   Pre Evacuate Collection Set: 0.2ms
[2025-06-25T17:16:23.907+0530][246022.596s][info][gc,phases      ] GC(204)   Merge Heap Roots: 0.1ms
[2025-06-25T17:16:23.907+0530][246022.596s][info][gc,phases      ] GC(204)   Evacuate Collection Set: 1.2ms
[2025-06-25T17:16:23.907+0530][246022.596s][info][gc,phases      ] GC(204)   Post Evacuate Collection Set: 0.3ms
[2025-06-25T17:16:23.907+0530][246022.596s][info][gc,phases      ] GC(204)   Other: 0.1ms
[2025-06-25T17:16:23.907+0530][246022.596s][info][gc,heap        ] GC(204) Eden regions: 23->0(23)
[2025-06-25T17:16:23.907+0530][246022.596s][info][gc,heap        ] GC(204) Survivor regions: 1->1(3)
[2025-06-25T17:16:23.907+0530][246022.596s][info][gc,heap        ] GC(204) Old regions: 11->11
[2025-06-25T17:16:23.907+0530][246022.596s][info][gc,heap        ] GC(204) Humongous regions: 0->0
[2025-06-25T17:16:23.907+0530][246022.596s][info][gc,metaspace   ] GC(204) Metaspace: 93331K(94336K)->93331K(94336K) NonClass: 82330K(82944K)->82330K(82944K) Class: 11001K(11392K)->11001K(11392K)
[2025-06-25T17:16:23.907+0530][246022.596s][info][gc             ] GC(204) Pause Young (Prepare Mixed) (G1 Evacuation Pause) 133M->41M(160M) 4.545ms
[2025-06-25T17:16:23.907+0530][246022.596s][info][gc,cpu         ] GC(204) User=0.00s Sys=0.00s Real=0.00s
[2025-06-25T17:35:52.071+0530][247190.760s][info][gc,start       ] GC(205) Pause Young (Mixed) (G1 Evacuation Pause)
[2025-06-25T17:35:52.071+0530][247190.760s][info][gc,task        ] GC(205) Using 13 workers of 13 for evacuation
[2025-06-25T17:35:52.085+0530][247190.774s][info][gc,phases      ] GC(205)   Pre Evacuate Collection Set: 0.3ms
[2025-06-25T17:35:52.085+0530][247190.774s][info][gc,phases      ] GC(205)   Merge Heap Roots: 0.2ms
[2025-06-25T17:35:52.085+0530][247190.774s][info][gc,phases      ] GC(205)   Evacuate Collection Set: 12.5ms
[2025-06-25T17:35:52.085+0530][247190.774s][info][gc,phases      ] GC(205)   Post Evacuate Collection Set: 1.0ms
[2025-06-25T17:35:52.085+0530][247190.774s][info][gc,phases      ] GC(205)   Other: 0.1ms
[2025-06-25T17:35:52.085+0530][247190.774s][info][gc,heap        ] GC(205) Eden regions: 23->0(23)
[2025-06-25T17:35:52.085+0530][247190.774s][info][gc,heap        ] GC(205) Survivor regions: 1->1(3)
[2025-06-25T17:35:52.085+0530][247190.774s][info][gc,heap        ] GC(205) Old regions: 11->11
[2025-06-25T17:35:52.085+0530][247190.774s][info][gc,heap        ] GC(205) Humongous regions: 0->0
[2025-06-25T17:35:52.085+0530][247190.774s][info][gc,metaspace   ] GC(205) Metaspace: 93331K(94336K)->93331K(94336K) NonClass: 82330K(82944K)->82330K(82944K) Class: 11001K(11392K)->11001K(11392K)
[2025-06-25T17:35:52.085+0530][247190.774s][info][gc             ] GC(205) Pause Young (Mixed) (G1 Evacuation Pause) 133M->41M(160M) 14.271ms
[2025-06-25T17:35:52.085+0530][247190.774s][info][gc,cpu         ] GC(205) User=0.00s Sys=0.00s Real=0.01s
[2025-06-25T17:55:20.263+0530][248358.952s][info][gc,start       ] GC(206) Pause Young (Concurrent Start) (G1 Evacuation Pause)
[2025-06-25T17:55:20.264+0530][248358.953s][info][gc,task        ] GC(206) Using 13 workers of 13 for evacuation
[2025-06-25T17:55:20.267+0530][248358.956s][info][gc,phases      ] GC(206)   Pre Evacuate Collection Set: 0.2ms
[2025-06-25T17:55:20.267+0530][248358.956s][info][gc,phases      ] GC(206)   Merge Heap Roots: 0.1ms
[2025-06-25T17:55:20.267+0530][248358.956s][info][gc,phases      ] GC(206)   Evacuate Collection Set: 2.7ms
[2025-06-25T17:55:20.267+0530][248358.956s][info][gc,phases      ] GC(206)   Post Evacuate Collection Set: 0.3ms
[2025-06-25T17:55:20.267+0530][248358.956s][info][gc,phases      ] GC(206)   Other: 0.1ms
[2025-06-25T17:55:20.267+0530][248358.956s][info][gc,heap        ] GC(206) Eden regions: 23->0(23)
[2025-06-25T17:55:20.267+0530][248358.956s][info][gc,heap        ] GC(206) Survivor regions: 1->1(3)
[2025-06-25T17:55:20.267+0530][248358.956s][info][gc,heap        ] GC(206) Old regions: 11->11
[2025-06-25T17:55:20.267+0530][248358.956s][info][gc,heap        ] GC(206) Humongous regions: 0->0
[2025-06-25T17:55:20.267+0530][248358.956s][info][gc,metaspace   ] GC(206) Metaspace: 93334K(94336K)->93334K(94336K) NonClass: 82333K(82944K)->82333K(82944K) Class: 11001K(11392K)->11001K(11392K)
[2025-06-25T17:55:20.267+0530][248358.956s][info][gc             ] GC(206) Pause Young (Concurrent Start) (G1 Evacuation Pause) 133M->41M(160M) 4.256ms
[2025-06-25T17:55:20.267+0530][248358.956s][info][gc,cpu         ] GC(206) User=0.00s Sys=0.00s Real=0.00s
[2025-06-25T17:55:20.267+0530][248358.957s][info][gc             ] GC(207) Concurrent Mark Cycle
[2025-06-25T17:55:20.267+0530][248358.957s][info][gc,marking     ] GC(207) Concurrent Scan Root Regions
[2025-06-25T17:55:20.269+0530][248358.958s][info][gc,marking     ] GC(207) Concurrent Scan Root Regions 1.011ms
[2025-06-25T17:55:20.269+0530][248358.958s][info][gc,marking     ] GC(207) Concurrent Mark
[2025-06-25T17:55:20.269+0530][248358.958s][info][gc,marking     ] GC(207) Concurrent Mark From Roots
[2025-06-25T17:55:20.269+0530][248358.958s][info][gc,task        ] GC(207) Using 3 workers of 3 for marking
[2025-06-25T17:55:20.286+0530][248358.974s][info][gc,marking     ] GC(207) Concurrent Mark From Roots 16.748ms
[2025-06-25T17:55:20.286+0530][248358.974s][info][gc,marking     ] GC(207) Concurrent Preclean
[2025-06-25T17:55:20.286+0530][248358.975s][info][gc,marking     ] GC(207) Concurrent Preclean 0.287ms
[2025-06-25T17:55:20.286+0530][248358.975s][info][gc,start       ] GC(207) Pause Remark
[2025-06-25T17:55:20.287+0530][248358.976s][info][gc             ] GC(207) Pause Remark 41M->41M(160M) 1.272ms
[2025-06-25T17:55:20.287+0530][248358.976s][info][gc,cpu         ] GC(207) User=0.00s Sys=0.00s Real=0.00s
[2025-06-25T17:55:20.287+0530][248358.976s][info][gc,marking     ] GC(207) Concurrent Mark 18.510ms
[2025-06-25T17:55:20.287+0530][248358.976s][info][gc,marking     ] GC(207) Concurrent Rebuild Remembered Sets and Scrub Regions
[2025-06-25T17:55:20.292+0530][248358.981s][info][gc,marking     ] GC(207) Concurrent Rebuild Remembered Sets and Scrub Regions 4.596ms
[2025-06-25T17:55:20.292+0530][248358.981s][info][gc,start       ] GC(207) Pause Cleanup
[2025-06-25T17:55:20.292+0530][248358.981s][info][gc             ] GC(207) Pause Cleanup 41M->41M(160M) 0.089ms
[2025-06-25T17:55:20.292+0530][248358.981s][info][gc,cpu         ] GC(207) User=0.00s Sys=0.00s Real=0.00s
[2025-06-25T17:55:20.292+0530][248358.981s][info][gc,marking     ] GC(207) Concurrent Clear Claimed Marks
[2025-06-25T17:55:20.292+0530][248358.981s][info][gc,marking     ] GC(207) Concurrent Clear Claimed Marks 0.074ms
[2025-06-25T17:55:20.292+0530][248358.981s][info][gc,marking     ] GC(207) Concurrent Cleanup for Next Mark
[2025-06-25T17:55:20.292+0530][248358.981s][info][gc,marking     ] GC(207) Concurrent Cleanup for Next Mark 0.297ms
[2025-06-25T17:55:20.292+0530][248358.981s][info][gc             ] GC(207) Concurrent Mark Cycle 24.868ms
[2025-06-25T18:14:46.620+0530][249525.309s][info][gc,start       ] GC(208) Pause Young (Prepare Mixed) (G1 Evacuation Pause)
[2025-06-25T18:14:46.620+0530][249525.309s][info][gc,task        ] GC(208) Using 13 workers of 13 for evacuation
[2025-06-25T18:14:46.632+0530][249525.320s][info][gc,phases      ] GC(208)   Pre Evacuate Collection Set: 0.1ms
[2025-06-25T18:14:46.632+0530][249525.320s][info][gc,phases      ] GC(208)   Merge Heap Roots: 0.1ms
[2025-06-25T18:14:46.632+0530][249525.320s][info][gc,phases      ] GC(208)   Evacuate Collection Set: 10.7ms
[2025-06-25T18:14:46.632+0530][249525.320s][info][gc,phases      ] GC(208)   Post Evacuate Collection Set: 0.6ms
[2025-06-25T18:14:46.632+0530][249525.320s][info][gc,phases      ] GC(208)   Other: 0.1ms
[2025-06-25T18:14:46.632+0530][249525.320s][info][gc,heap        ] GC(208) Eden regions: 23->0(27)
[2025-06-25T18:14:46.632+0530][249525.320s][info][gc,heap        ] GC(208) Survivor regions: 1->1(3)
[2025-06-25T18:14:46.632+0530][249525.321s][info][gc,heap        ] GC(208) Old regions: 11->11
[2025-06-25T18:14:46.632+0530][249525.321s][info][gc,heap        ] GC(208) Humongous regions: 0->0
[2025-06-25T18:14:46.632+0530][249525.321s][info][gc,metaspace   ] GC(208) Metaspace: 93334K(94336K)->93334K(94336K) NonClass: 82333K(82944K)->82333K(82944K) Class: 11001K(11392K)->11001K(11392K)
[2025-06-25T18:14:46.632+0530][249525.321s][info][gc             ] GC(208) Pause Young (Prepare Mixed) (G1 Evacuation Pause) 133M->41M(192M) 11.839ms
[2025-06-25T18:14:46.632+0530][249525.321s][info][gc,cpu         ] GC(208) User=0.03s Sys=0.00s Real=0.01s
[2025-06-25T18:37:38.019+0530][250896.708s][info][gc,start       ] GC(209) Pause Young (Mixed) (G1 Evacuation Pause)
[2025-06-25T18:37:38.019+0530][250896.708s][info][gc,task        ] GC(209) Using 13 workers of 13 for evacuation
[2025-06-25T18:37:38.021+0530][250896.709s][info][gc,phases      ] GC(209)   Pre Evacuate Collection Set: 0.2ms
[2025-06-25T18:37:38.021+0530][250896.709s][info][gc,phases      ] GC(209)   Merge Heap Roots: 0.1ms
[2025-06-25T18:37:38.021+0530][250896.709s][info][gc,phases      ] GC(209)   Evacuate Collection Set: 0.8ms
[2025-06-25T18:37:38.021+0530][250896.709s][info][gc,phases      ] GC(209)   Post Evacuate Collection Set: 0.3ms
[2025-06-25T18:37:38.021+0530][250896.709s][info][gc,phases      ] GC(209)   Other: 0.1ms
[2025-06-25T18:37:38.021+0530][250896.709s][info][gc,heap        ] GC(209) Eden regions: 27->0(27)
[2025-06-25T18:37:38.021+0530][250896.709s][info][gc,heap        ] GC(209) Survivor regions: 1->1(4)
[2025-06-25T18:37:38.021+0530][250896.709s][info][gc,heap        ] GC(209) Old regions: 11->11
[2025-06-25T18:37:38.021+0530][250896.710s][info][gc,heap        ] GC(209) Humongous regions: 0->0
[2025-06-25T18:37:38.021+0530][250896.710s][info][gc,metaspace   ] GC(209) Metaspace: 93334K(94336K)->93334K(94336K) NonClass: 82333K(82944K)->82333K(82944K) Class: 11001K(11392K)->11001K(11392K)
[2025-06-25T18:37:38.021+0530][250896.710s][info][gc             ] GC(209) Pause Young (Mixed) (G1 Evacuation Pause) 149M->41M(192M) 1.826ms
[2025-06-25T18:37:38.021+0530][250896.710s][info][gc,cpu         ] GC(209) User=0.00s Sys=0.00s Real=0.00s
[2025-06-25T19:00:18.890+0530][252257.579s][info][gc,start       ] GC(210) Pause Young (Concurrent Start) (G1 Evacuation Pause)
[2025-06-25T19:00:18.890+0530][252257.579s][info][gc,task        ] GC(210) Using 13 workers of 13 for evacuation
[2025-06-25T19:00:18.892+0530][252257.581s][info][gc,phases      ] GC(210)   Pre Evacuate Collection Set: 0.3ms
[2025-06-25T19:00:18.892+0530][252257.581s][info][gc,phases      ] GC(210)   Merge Heap Roots: 0.1ms
[2025-06-25T19:00:18.892+0530][252257.581s][info][gc,phases      ] GC(210)   Evacuate Collection Set: 1.0ms
[2025-06-25T19:00:18.892+0530][252257.581s][info][gc,phases      ] GC(210)   Post Evacuate Collection Set: 0.7ms
[2025-06-25T19:00:18.892+0530][252257.581s][info][gc,phases      ] GC(210)   Other: 0.1ms
[2025-06-25T19:00:18.892+0530][252257.581s][info][gc,heap        ] GC(210) Eden regions: 27->0(27)
[2025-06-25T19:00:18.892+0530][252257.581s][info][gc,heap        ] GC(210) Survivor regions: 1->1(4)
[2025-06-25T19:00:18.892+0530][252257.581s][info][gc,heap        ] GC(210) Old regions: 11->11
[2025-06-25T19:00:18.892+0530][252257.581s][info][gc,heap        ] GC(210) Humongous regions: 0->0
[2025-06-25T19:00:18.892+0530][252257.581s][info][gc,metaspace   ] GC(210) Metaspace: 93335K(94336K)->93335K(94336K) NonClass: 82333K(82944K)->82333K(82944K) Class: 11001K(11392K)->11001K(11392K)
[2025-06-25T19:00:18.892+0530][252257.581s][info][gc             ] GC(210) Pause Young (Concurrent Start) (G1 Evacuation Pause) 149M->41M(192M) 2.720ms
[2025-06-25T19:00:18.892+0530][252257.581s][info][gc,cpu         ] GC(210) User=0.00s Sys=0.00s Real=0.00s
[2025-06-25T19:00:18.892+0530][252257.581s][info][gc             ] GC(211) Concurrent Mark Cycle
[2025-06-25T19:00:18.892+0530][252257.581s][info][gc,marking     ] GC(211) Concurrent Scan Root Regions
[2025-06-25T19:00:18.894+0530][252257.583s][info][gc,marking     ] GC(211) Concurrent Scan Root Regions 1.336ms
[2025-06-25T19:00:18.894+0530][252257.583s][info][gc,marking     ] GC(211) Concurrent Mark
[2025-06-25T19:00:18.894+0530][252257.583s][info][gc,marking     ] GC(211) Concurrent Mark From Roots
[2025-06-25T19:00:18.894+0530][252257.583s][info][gc,task        ] GC(211) Using 3 workers of 3 for marking
[2025-06-25T19:00:18.913+0530][252257.601s][info][gc,marking     ] GC(211) Concurrent Mark From Roots 18.156ms
[2025-06-25T19:00:18.913+0530][252257.601s][info][gc,marking     ] GC(211) Concurrent Preclean
[2025-06-25T19:00:18.913+0530][252257.601s][info][gc,marking     ] GC(211) Concurrent Preclean 0.535ms
[2025-06-25T19:00:18.913+0530][252257.602s][info][gc,start       ] GC(211) Pause Remark
[2025-06-25T19:00:18.915+0530][252257.604s][info][gc             ] GC(211) Pause Remark 41M->41M(160M) 2.487ms
[2025-06-25T19:00:18.915+0530][252257.604s][info][gc,cpu         ] GC(211) User=0.00s Sys=0.00s Real=0.00s
[2025-06-25T19:00:18.915+0530][252257.604s][info][gc,marking     ] GC(211) Concurrent Mark 21.401ms
[2025-06-25T19:00:18.915+0530][252257.604s][info][gc,marking     ] GC(211) Concurrent Rebuild Remembered Sets and Scrub Regions
[2025-06-25T19:00:18.921+0530][252257.611s][info][gc,marking     ] GC(211) Concurrent Rebuild Remembered Sets and Scrub Regions 6.584ms
[2025-06-25T19:00:18.921+0530][252257.611s][info][gc,start       ] GC(211) Pause Cleanup
[2025-06-25T19:00:18.923+0530][252257.611s][info][gc             ] GC(211) Pause Cleanup 41M->41M(160M) 0.124ms
[2025-06-25T19:00:18.923+0530][252257.611s][info][gc,cpu         ] GC(211) User=0.00s Sys=0.00s Real=0.00s
[2025-06-25T19:00:18.923+0530][252257.611s][info][gc,marking     ] GC(211) Concurrent Clear Claimed Marks
[2025-06-25T19:00:18.923+0530][252257.611s][info][gc,marking     ] GC(211) Concurrent Clear Claimed Marks 0.108ms
[2025-06-25T19:00:18.923+0530][252257.611s][info][gc,marking     ] GC(211) Concurrent Cleanup for Next Mark
[2025-06-25T19:00:18.923+0530][252257.612s][info][gc,marking     ] GC(211) Concurrent Cleanup for Next Mark 0.411ms
[2025-06-25T19:00:18.923+0530][252257.612s][info][gc             ] GC(211) Concurrent Mark Cycle 30.409ms
[2025-06-25T19:19:35.234+0530][253413.923s][info][gc,start       ] GC(212) Pause Young (Prepare Mixed) (G1 Evacuation Pause)
[2025-06-25T19:19:35.234+0530][253413.923s][info][gc,task        ] GC(212) Using 13 workers of 13 for evacuation
[2025-06-25T19:19:35.240+0530][253413.929s][info][gc,phases      ] GC(212)   Pre Evacuate Collection Set: 0.4ms
[2025-06-25T19:19:35.240+0530][253413.929s][info][gc,phases      ] GC(212)   Merge Heap Roots: 0.1ms
[2025-06-25T19:19:35.240+0530][253413.929s][info][gc,phases      ] GC(212)   Evacuate Collection Set: 4.6ms
[2025-06-25T19:19:35.240+0530][253413.929s][info][gc,phases      ] GC(212)   Post Evacuate Collection Set: 0.8ms
[2025-06-25T19:19:35.240+0530][253413.929s][info][gc,phases      ] GC(212)   Other: 0.1ms
[2025-06-25T19:19:35.240+0530][253413.929s][info][gc,heap        ] GC(212) Eden regions: 23->0(23)
[2025-06-25T19:19:35.240+0530][253413.929s][info][gc,heap        ] GC(212) Survivor regions: 1->1(3)
[2025-06-25T19:19:35.240+0530][253413.929s][info][gc,heap        ] GC(212) Old regions: 11->11
[2025-06-25T19:19:35.240+0530][253413.929s][info][gc,heap        ] GC(212) Humongous regions: 0->0
[2025-06-25T19:19:35.240+0530][253413.929s][info][gc,metaspace   ] GC(212) Metaspace: 93335K(94336K)->93335K(94336K) NonClass: 82333K(82944K)->82333K(82944K) Class: 11001K(11392K)->11001K(11392K)
[2025-06-25T19:19:35.240+0530][253413.929s][info][gc             ] GC(212) Pause Young (Prepare Mixed) (G1 Evacuation Pause) 133M->41M(160M) 6.399ms
[2025-06-25T19:19:35.240+0530][253413.929s][info][gc,cpu         ] GC(212) User=0.00s Sys=0.00s Real=0.01s
[2025-06-25T19:39:08.152+0530][254586.840s][info][gc,start       ] GC(213) Pause Young (Mixed) (G1 Evacuation Pause)
[2025-06-25T19:39:08.152+0530][254586.840s][info][gc,task        ] GC(213) Using 13 workers of 13 for evacuation
[2025-06-25T19:39:08.153+0530][254586.841s][info][gc,phases      ] GC(213)   Pre Evacuate Collection Set: 0.2ms
[2025-06-25T19:39:08.153+0530][254586.841s][info][gc,phases      ] GC(213)   Merge Heap Roots: 0.1ms
[2025-06-25T19:39:08.153+0530][254586.842s][info][gc,phases      ] GC(213)   Evacuate Collection Set: 0.7ms
[2025-06-25T19:39:08.153+0530][254586.842s][info][gc,phases      ] GC(213)   Post Evacuate Collection Set: 0.4ms
[2025-06-25T19:39:08.153+0530][254586.842s][info][gc,phases      ] GC(213)   Other: 0.1ms
[2025-06-25T19:39:08.153+0530][254586.842s][info][gc,heap        ] GC(213) Eden regions: 23->0(23)
[2025-06-25T19:39:08.153+0530][254586.842s][info][gc,heap        ] GC(213) Survivor regions: 1->1(3)
[2025-06-25T19:39:08.153+0530][254586.842s][info][gc,heap        ] GC(213) Old regions: 11->11
[2025-06-25T19:39:08.153+0530][254586.842s][info][gc,heap        ] GC(213) Humongous regions: 0->0
[2025-06-25T19:39:08.153+0530][254586.842s][info][gc,metaspace   ] GC(213) Metaspace: 93335K(94336K)->93335K(94336K) NonClass: 82333K(82944K)->82333K(82944K) Class: 11001K(11392K)->11001K(11392K)
[2025-06-25T19:39:08.153+0530][254586.842s][info][gc             ] GC(213) Pause Young (Mixed) (G1 Evacuation Pause) 133M->41M(160M) 1.750ms
[2025-06-25T19:39:08.153+0530][254586.842s][info][gc,cpu         ] GC(213) User=0.00s Sys=0.00s Real=0.00s
[2025-06-25T19:58:38.912+0530][255757.601s][info][gc,start       ] GC(214) Pause Young (Concurrent Start) (G1 Evacuation Pause)
[2025-06-25T19:58:38.912+0530][255757.601s][info][gc,task        ] GC(214) Using 13 workers of 13 for evacuation
[2025-06-25T19:58:38.913+0530][255757.602s][info][gc,phases      ] GC(214)   Pre Evacuate Collection Set: 0.3ms
[2025-06-25T19:58:38.913+0530][255757.602s][info][gc,phases      ] GC(214)   Merge Heap Roots: 0.1ms
[2025-06-25T19:58:38.913+0530][255757.603s][info][gc,phases      ] GC(214)   Evacuate Collection Set: 0.7ms
[2025-06-25T19:58:38.913+0530][255757.603s][info][gc,phases      ] GC(214)   Post Evacuate Collection Set: 0.2ms
[2025-06-25T19:58:38.913+0530][255757.603s][info][gc,phases      ] GC(214)   Other: 0.1ms
[2025-06-25T19:58:38.913+0530][255757.603s][info][gc,heap        ] GC(214) Eden regions: 23->0(23)
[2025-06-25T19:58:38.913+0530][255757.603s][info][gc,heap        ] GC(214) Survivor regions: 1->1(3)
[2025-06-25T19:58:38.913+0530][255757.603s][info][gc,heap        ] GC(214) Old regions: 11->11
[2025-06-25T19:58:38.913+0530][255757.603s][info][gc,heap        ] GC(214) Humongous regions: 0->0
[2025-06-25T19:58:38.913+0530][255757.603s][info][gc,metaspace   ] GC(214) Metaspace: 93335K(94336K)->93335K(94336K) NonClass: 82333K(82944K)->82333K(82944K) Class: 11001K(11392K)->11001K(11392K)
[2025-06-25T19:58:38.913+0530][255757.603s][info][gc             ] GC(214) Pause Young (Concurrent Start) (G1 Evacuation Pause) 133M->41M(160M) 1.797ms
[2025-06-25T19:58:38.913+0530][255757.603s][info][gc,cpu         ] GC(214) User=0.00s Sys=0.00s Real=0.00s
[2025-06-25T19:58:38.913+0530][255757.603s][info][gc             ] GC(215) Concurrent Mark Cycle
[2025-06-25T19:58:38.913+0530][255757.603s][info][gc,marking     ] GC(215) Concurrent Scan Root Regions
[2025-06-25T19:58:38.915+0530][255757.604s][info][gc,marking     ] GC(215) Concurrent Scan Root Regions 1.294ms
[2025-06-25T19:58:38.916+0530][255757.604s][info][gc,marking     ] GC(215) Concurrent Mark
[2025-06-25T19:58:38.916+0530][255757.604s][info][gc,marking     ] GC(215) Concurrent Mark From Roots
[2025-06-25T19:58:38.916+0530][255757.604s][info][gc,task        ] GC(215) Using 3 workers of 3 for marking
[2025-06-25T19:58:38.934+0530][255757.622s][info][gc,marking     ] GC(215) Concurrent Mark From Roots 17.671ms
[2025-06-25T19:58:38.934+0530][255757.622s][info][gc,marking     ] GC(215) Concurrent Preclean
[2025-06-25T19:58:38.934+0530][255757.622s][info][gc,marking     ] GC(215) Concurrent Preclean 0.336ms
[2025-06-25T19:58:38.934+0530][255757.622s][info][gc,start       ] GC(215) Pause Remark
[2025-06-25T19:58:38.946+0530][255757.635s][info][gc             ] GC(215) Pause Remark 41M->41M(160M) 12.708ms
[2025-06-25T19:58:38.946+0530][255757.635s][info][gc,cpu         ] GC(215) User=0.00s Sys=0.00s Real=0.01s
[2025-06-25T19:58:38.946+0530][255757.635s][info][gc,marking     ] GC(215) Concurrent Mark 30.963ms
[2025-06-25T19:58:38.946+0530][255757.635s][info][gc,marking     ] GC(215) Concurrent Rebuild Remembered Sets and Scrub Regions
[2025-06-25T19:58:38.952+0530][255757.641s][info][gc,marking     ] GC(215) Concurrent Rebuild Remembered Sets and Scrub Regions 6.252ms
[2025-06-25T19:58:38.952+0530][255757.641s][info][gc,start       ] GC(215) Pause Cleanup
[2025-06-25T19:58:38.953+0530][255757.642s][info][gc             ] GC(215) Pause Cleanup 41M->41M(160M) 0.114ms
[2025-06-25T19:58:38.953+0530][255757.642s][info][gc,cpu         ] GC(215) User=0.00s Sys=0.00s Real=0.00s
[2025-06-25T19:58:38.953+0530][255757.642s][info][gc,marking     ] GC(215) Concurrent Clear Claimed Marks
[2025-06-25T19:58:38.953+0530][255757.642s][info][gc,marking     ] GC(215) Concurrent Clear Claimed Marks 0.075ms
[2025-06-25T19:58:38.953+0530][255757.642s][info][gc,marking     ] GC(215) Concurrent Cleanup for Next Mark
[2025-06-25T19:58:38.953+0530][255757.642s][info][gc,marking     ] GC(215) Concurrent Cleanup for Next Mark 0.333ms
[2025-06-25T19:58:38.953+0530][255757.642s][info][gc             ] GC(215) Concurrent Mark Cycle 39.352ms
[2025-06-25T20:18:08.503+0530][256927.191s][info][gc,start       ] GC(216) Pause Young (Prepare Mixed) (G1 Evacuation Pause)
[2025-06-25T20:18:08.503+0530][256927.192s][info][gc,task        ] GC(216) Using 13 workers of 13 for evacuation
[2025-06-25T20:18:08.514+0530][256927.203s][info][gc,phases      ] GC(216)   Pre Evacuate Collection Set: 0.3ms
[2025-06-25T20:18:08.514+0530][256927.203s][info][gc,phases      ] GC(216)   Merge Heap Roots: 0.2ms
[2025-06-25T20:18:08.514+0530][256927.203s][info][gc,phases      ] GC(216)   Evacuate Collection Set: 0.4ms
[2025-06-25T20:18:08.514+0530][256927.204s][info][gc,phases      ] GC(216)   Post Evacuate Collection Set: 10.9ms
[2025-06-25T20:18:08.514+0530][256927.204s][info][gc,phases      ] GC(216)   Other: 0.1ms
[2025-06-25T20:18:08.514+0530][256927.204s][info][gc,heap        ] GC(216) Eden regions: 23->0(23)
[2025-06-25T20:18:08.514+0530][256927.204s][info][gc,heap        ] GC(216) Survivor regions: 1->1(3)
[2025-06-25T20:18:08.514+0530][256927.204s][info][gc,heap        ] GC(216) Old regions: 11->11
[2025-06-25T20:18:08.514+0530][256927.204s][info][gc,heap        ] GC(216) Humongous regions: 0->0
[2025-06-25T20:18:08.514+0530][256927.204s][info][gc,metaspace   ] GC(216) Metaspace: 93335K(94336K)->93335K(94336K) NonClass: 82333K(82944K)->82333K(82944K) Class: 11001K(11392K)->11001K(11392K)
[2025-06-25T20:18:08.515+0530][256927.205s][info][gc             ] GC(216) Pause Young (Prepare Mixed) (G1 Evacuation Pause) 133M->41M(160M) 13.085ms
[2025-06-25T20:18:08.515+0530][256927.205s][info][gc,cpu         ] GC(216) User=0.00s Sys=0.00s Real=0.01s
[2025-06-25T20:37:38.593+0530][258097.281s][info][gc,start       ] GC(217) Pause Young (Mixed) (G1 Evacuation Pause)
[2025-06-25T20:37:38.593+0530][258097.282s][info][gc,task        ] GC(217) Using 13 workers of 13 for evacuation
[2025-06-25T20:37:38.595+0530][258097.283s][info][gc,phases      ] GC(217)   Pre Evacuate Collection Set: 0.3ms
[2025-06-25T20:37:38.595+0530][258097.283s][info][gc,phases      ] GC(217)   Merge Heap Roots: 0.1ms
[2025-06-25T20:37:38.595+0530][258097.283s][info][gc,phases      ] GC(217)   Evacuate Collection Set: 0.8ms
[2025-06-25T20:37:38.595+0530][258097.283s][info][gc,phases      ] GC(217)   Post Evacuate Collection Set: 0.3ms
[2025-06-25T20:37:38.595+0530][258097.283s][info][gc,phases      ] GC(217)   Other: 0.1ms
[2025-06-25T20:37:38.595+0530][258097.283s][info][gc,heap        ] GC(217) Eden regions: 23->0(23)
[2025-06-25T20:37:38.595+0530][258097.283s][info][gc,heap        ] GC(217) Survivor regions: 1->1(3)
[2025-06-25T20:37:38.595+0530][258097.283s][info][gc,heap        ] GC(217) Old regions: 11->11
[2025-06-25T20:37:38.595+0530][258097.283s][info][gc,heap        ] GC(217) Humongous regions: 0->0
[2025-06-25T20:37:38.595+0530][258097.283s][info][gc,metaspace   ] GC(217) Metaspace: 93335K(94336K)->93335K(94336K) NonClass: 82333K(82944K)->82333K(82944K) Class: 11001K(11392K)->11001K(11392K)
[2025-06-25T20:37:38.606+0530][258097.295s][info][gc             ] GC(217) Pause Young (Mixed) (G1 Evacuation Pause) 133M->41M(160M) 1.945ms
[2025-06-25T20:37:38.606+0530][258097.295s][info][gc,cpu         ] GC(217) User=0.00s Sys=0.00s Real=0.01s
[2025-06-25T20:57:09.207+0530][259267.896s][info][gc,start       ] GC(218) Pause Young (Concurrent Start) (G1 Evacuation Pause)
[2025-06-25T20:57:09.207+0530][259267.896s][info][gc,task        ] GC(218) Using 13 workers of 13 for evacuation
[2025-06-25T20:57:09.209+0530][259267.898s][info][gc,phases      ] GC(218)   Pre Evacuate Collection Set: 0.4ms
[2025-06-25T20:57:09.209+0530][259267.898s][info][gc,phases      ] GC(218)   Merge Heap Roots: 0.1ms
[2025-06-25T20:57:09.209+0530][259267.898s][info][gc,phases      ] GC(218)   Evacuate Collection Set: 1.0ms
[2025-06-25T20:57:09.209+0530][259267.898s][info][gc,phases      ] GC(218)   Post Evacuate Collection Set: 0.3ms
[2025-06-25T20:57:09.209+0530][259267.898s][info][gc,phases      ] GC(218)   Other: 0.1ms
[2025-06-25T20:57:09.209+0530][259267.898s][info][gc,heap        ] GC(218) Eden regions: 23->0(23)
[2025-06-25T20:57:09.210+0530][259267.898s][info][gc,heap        ] GC(218) Survivor regions: 1->1(3)
[2025-06-25T20:57:09.210+0530][259267.898s][info][gc,heap        ] GC(218) Old regions: 11->11
[2025-06-25T20:57:09.210+0530][259267.898s][info][gc,heap        ] GC(218) Humongous regions: 0->0
[2025-06-25T20:57:09.210+0530][259267.898s][info][gc,metaspace   ] GC(218) Metaspace: 93335K(94336K)->93335K(94336K) NonClass: 82333K(82944K)->82333K(82944K) Class: 11001K(11392K)->11001K(11392K)
[2025-06-25T20:57:09.210+0530][259267.898s][info][gc             ] GC(218) Pause Young (Concurrent Start) (G1 Evacuation Pause) 133M->41M(160M) 2.243ms
[2025-06-25T20:57:09.210+0530][259267.898s][info][gc,cpu         ] GC(218) User=0.00s Sys=0.00s Real=0.00s
[2025-06-25T20:57:09.210+0530][259267.898s][info][gc             ] GC(219) Concurrent Mark Cycle
[2025-06-25T20:57:09.210+0530][259267.898s][info][gc,marking     ] GC(219) Concurrent Scan Root Regions
[2025-06-25T20:57:09.210+0530][259267.899s][info][gc,marking     ] GC(219) Concurrent Scan Root Regions 0.946ms
[2025-06-25T20:57:09.210+0530][259267.899s][info][gc,marking     ] GC(219) Concurrent Mark
[2025-06-25T20:57:09.210+0530][259267.899s][info][gc,marking     ] GC(219) Concurrent Mark From Roots
[2025-06-25T20:57:09.210+0530][259267.899s][info][gc,task        ] GC(219) Using 3 workers of 3 for marking
[2025-06-25T20:57:09.229+0530][259267.918s][info][gc,marking     ] GC(219) Concurrent Mark From Roots 18.875ms
[2025-06-25T20:57:09.229+0530][259267.918s][info][gc,marking     ] GC(219) Concurrent Preclean
[2025-06-25T20:57:09.229+0530][259267.918s][info][gc,marking     ] GC(219) Concurrent Preclean 0.414ms
[2025-06-25T20:57:09.229+0530][259267.918s][info][gc,start       ] GC(219) Pause Remark
[2025-06-25T20:57:09.233+0530][259267.921s][info][gc             ] GC(219) Pause Remark 41M->41M(160M) 2.429ms
[2025-06-25T20:57:09.233+0530][259267.921s][info][gc,cpu         ] GC(219) User=0.00s Sys=0.00s Real=0.00s
[2025-06-25T20:57:09.233+0530][259267.921s][info][gc,marking     ] GC(219) Concurrent Mark 21.940ms
[2025-06-25T20:57:09.233+0530][259267.921s][info][gc,marking     ] GC(219) Concurrent Rebuild Remembered Sets and Scrub Regions
[2025-06-25T20:57:09.237+0530][259267.926s][info][gc,marking     ] GC(219) Concurrent Rebuild Remembered Sets and Scrub Regions 4.943ms
[2025-06-25T20:57:09.237+0530][259267.926s][info][gc,start       ] GC(219) Pause Cleanup
[2025-06-25T20:57:09.237+0530][259267.926s][info][gc             ] GC(219) Pause Cleanup 41M->41M(160M) 0.149ms
[2025-06-25T20:57:09.237+0530][259267.926s][info][gc,cpu         ] GC(219) User=0.00s Sys=0.00s Real=0.00s
[2025-06-25T20:57:09.237+0530][259267.926s][info][gc,marking     ] GC(219) Concurrent Clear Claimed Marks
[2025-06-25T20:57:09.237+0530][259267.926s][info][gc,marking     ] GC(219) Concurrent Clear Claimed Marks 0.067ms
[2025-06-25T20:57:09.237+0530][259267.926s][info][gc,marking     ] GC(219) Concurrent Cleanup for Next Mark
[2025-06-25T20:57:09.238+0530][259267.927s][info][gc,marking     ] GC(219) Concurrent Cleanup for Next Mark 0.311ms
[2025-06-25T20:57:09.238+0530][259267.927s][info][gc             ] GC(219) Concurrent Mark Cycle 28.664ms
[2025-06-25T21:16:39.054+0530][260437.742s][info][gc,start       ] GC(220) Pause Young (Prepare Mixed) (G1 Evacuation Pause)
[2025-06-25T21:16:39.054+0530][260437.742s][info][gc,task        ] GC(220) Using 13 workers of 13 for evacuation
[2025-06-25T21:16:39.054+0530][260437.744s][info][gc,phases      ] GC(220)   Pre Evacuate Collection Set: 0.2ms
[2025-06-25T21:16:39.054+0530][260437.744s][info][gc,phases      ] GC(220)   Merge Heap Roots: 0.2ms
[2025-06-25T21:16:39.054+0530][260437.744s][info][gc,phases      ] GC(220)   Evacuate Collection Set: 0.5ms
[2025-06-25T21:16:39.054+0530][260437.744s][info][gc,phases      ] GC(220)   Post Evacuate Collection Set: 0.3ms
[2025-06-25T21:16:39.054+0530][260437.744s][info][gc,phases      ] GC(220)   Other: 0.1ms
[2025-06-25T21:16:39.054+0530][260437.744s][info][gc,heap        ] GC(220) Eden regions: 23->0(23)
[2025-06-25T21:16:39.054+0530][260437.744s][info][gc,heap        ] GC(220) Survivor regions: 1->1(3)
[2025-06-25T21:16:39.054+0530][260437.744s][info][gc,heap        ] GC(220) Old regions: 11->11
[2025-06-25T21:16:39.054+0530][260437.744s][info][gc,heap        ] GC(220) Humongous regions: 0->0
[2025-06-25T21:16:39.054+0530][260437.744s][info][gc,metaspace   ] GC(220) Metaspace: 93335K(94336K)->93335K(94336K) NonClass: 82333K(82944K)->82333K(82944K) Class: 11001K(11392K)->11001K(11392K)
[2025-06-25T21:16:39.054+0530][260437.744s][info][gc             ] GC(220) Pause Young (Prepare Mixed) (G1 Evacuation Pause) 133M->41M(160M) 1.510ms
[2025-06-25T21:16:39.056+0530][260437.744s][info][gc,cpu         ] GC(220) User=0.00s Sys=0.00s Real=0.00s
[2025-06-25T21:36:08.838+0530][261607.526s][info][gc,start       ] GC(221) Pause Young (Mixed) (G1 Evacuation Pause)
[2025-06-25T21:36:08.838+0530][261607.526s][info][gc,task        ] GC(221) Using 13 workers of 13 for evacuation
[2025-06-25T21:36:08.839+0530][261607.528s][info][gc,phases      ] GC(221)   Pre Evacuate Collection Set: 0.3ms
[2025-06-25T21:36:08.839+0530][261607.528s][info][gc,phases      ] GC(221)   Merge Heap Roots: 0.1ms
[2025-06-25T21:36:08.839+0530][261607.528s][info][gc,phases      ] GC(221)   Evacuate Collection Set: 1.0ms
[2025-06-25T21:36:08.839+0530][261607.528s][info][gc,phases      ] GC(221)   Post Evacuate Collection Set: 0.4ms
[2025-06-25T21:36:08.839+0530][261607.528s][info][gc,phases      ] GC(221)   Other: 0.1ms
[2025-06-25T21:36:08.839+0530][261607.528s][info][gc,heap        ] GC(221) Eden regions: 23->0(23)
[2025-06-25T21:36:08.839+0530][261607.528s][info][gc,heap        ] GC(221) Survivor regions: 1->1(3)
[2025-06-25T21:36:08.839+0530][261607.528s][info][gc,heap        ] GC(221) Old regions: 11->11
[2025-06-25T21:36:08.839+0530][261607.528s][info][gc,heap        ] GC(221) Humongous regions: 0->0
[2025-06-25T21:36:08.839+0530][261607.528s][info][gc,metaspace   ] GC(221) Metaspace: 93335K(94336K)->93335K(94336K) NonClass: 82333K(82944K)->82333K(82944K) Class: 11001K(11392K)->11001K(11392K)
[2025-06-25T21:36:08.840+0530][261607.529s][info][gc             ] GC(221) Pause Young (Mixed) (G1 Evacuation Pause) 133M->41M(160M) 2.543ms
[2025-06-25T21:36:08.840+0530][261607.529s][info][gc,cpu         ] GC(221) User=0.00s Sys=0.00s Real=0.00s
[2025-06-25T21:55:42.359+0530][262781.048s][info][gc,start       ] GC(222) Pause Young (Concurrent Start) (G1 Evacuation Pause)
[2025-06-25T21:55:42.359+0530][262781.048s][info][gc,task        ] GC(222) Using 13 workers of 13 for evacuation
[2025-06-25T21:55:42.360+0530][262781.050s][info][gc,phases      ] GC(222)   Pre Evacuate Collection Set: 0.3ms
[2025-06-25T21:55:42.360+0530][262781.050s][info][gc,phases      ] GC(222)   Merge Heap Roots: 0.1ms
[2025-06-25T21:55:42.360+0530][262781.050s][info][gc,phases      ] GC(222)   Evacuate Collection Set: 0.6ms
[2025-06-25T21:55:42.360+0530][262781.050s][info][gc,phases      ] GC(222)   Post Evacuate Collection Set: 0.2ms
[2025-06-25T21:55:42.360+0530][262781.050s][info][gc,phases      ] GC(222)   Other: 0.1ms
[2025-06-25T21:55:42.362+0530][262781.050s][info][gc,heap        ] GC(222) Eden regions: 23->0(23)
[2025-06-25T21:55:42.362+0530][262781.050s][info][gc,heap        ] GC(222) Survivor regions: 1->1(3)
[2025-06-25T21:55:42.362+0530][262781.050s][info][gc,heap        ] GC(222) Old regions: 11->11
[2025-06-25T21:55:42.362+0530][262781.050s][info][gc,heap        ] GC(222) Humongous regions: 0->0
[2025-06-25T21:55:42.362+0530][262781.050s][info][gc,metaspace   ] GC(222) Metaspace: 93335K(94336K)->93335K(94336K) NonClass: 82333K(82944K)->82333K(82944K) Class: 11001K(11392K)->11001K(11392K)
[2025-06-25T21:55:42.362+0530][262781.050s][info][gc             ] GC(222) Pause Young (Concurrent Start) (G1 Evacuation Pause) 133M->41M(160M) 1.674ms
[2025-06-25T21:55:42.362+0530][262781.050s][info][gc,cpu         ] GC(222) User=0.00s Sys=0.00s Real=0.00s
[2025-06-25T21:55:42.362+0530][262781.050s][info][gc             ] GC(223) Concurrent Mark Cycle
[2025-06-25T21:55:42.362+0530][262781.050s][info][gc,marking     ] GC(223) Concurrent Scan Root Regions
[2025-06-25T21:55:42.363+0530][262781.051s][info][gc,marking     ] GC(223) Concurrent Scan Root Regions 1.227ms
[2025-06-25T21:55:42.363+0530][262781.051s][info][gc,marking     ] GC(223) Concurrent Mark
[2025-06-25T21:55:42.363+0530][262781.051s][info][gc,marking     ] GC(223) Concurrent Mark From Roots
[2025-06-25T21:55:42.363+0530][262781.051s][info][gc,task        ] GC(223) Using 3 workers of 3 for marking
[2025-06-25T21:55:42.383+0530][262781.072s][info][gc,marking     ] GC(223) Concurrent Mark From Roots 20.460ms
[2025-06-25T21:55:42.383+0530][262781.072s][info][gc,marking     ] GC(223) Concurrent Preclean
[2025-06-25T21:55:42.384+0530][262781.072s][info][gc,marking     ] GC(223) Concurrent Preclean 0.418ms
[2025-06-25T21:55:42.384+0530][262781.072s][info][gc,start       ] GC(223) Pause Remark
[2025-06-25T21:55:42.386+0530][262781.075s][info][gc             ] GC(223) Pause Remark 42M->42M(160M) 2.177ms
[2025-06-25T21:55:42.386+0530][262781.075s][info][gc,cpu         ] GC(223) User=0.00s Sys=0.00s Real=0.00s
[2025-06-25T21:55:42.386+0530][262781.075s][info][gc,marking     ] GC(223) Concurrent Mark 23.384ms
[2025-06-25T21:55:42.386+0530][262781.075s][info][gc,marking     ] GC(223) Concurrent Rebuild Remembered Sets and Scrub Regions
[2025-06-25T21:55:42.392+0530][262781.081s][info][gc,marking     ] GC(223) Concurrent Rebuild Remembered Sets and Scrub Regions 6.036ms
[2025-06-25T21:55:42.392+0530][262781.081s][info][gc,start       ] GC(223) Pause Cleanup
[2025-06-25T21:55:42.393+0530][262781.081s][info][gc             ] GC(223) Pause Cleanup 42M->42M(160M) 0.130ms
[2025-06-25T21:55:42.393+0530][262781.081s][info][gc,cpu         ] GC(223) User=0.00s Sys=0.00s Real=0.00s
[2025-06-25T21:55:42.393+0530][262781.081s][info][gc,marking     ] GC(223) Concurrent Clear Claimed Marks
[2025-06-25T21:55:42.393+0530][262781.081s][info][gc,marking     ] GC(223) Concurrent Clear Claimed Marks 0.063ms
[2025-06-25T21:55:42.393+0530][262781.081s][info][gc,marking     ] GC(223) Concurrent Cleanup for Next Mark
[2025-06-25T21:55:42.393+0530][262781.081s][info][gc,marking     ] GC(223) Concurrent Cleanup for Next Mark 0.353ms
[2025-06-25T21:55:42.393+0530][262781.081s][info][gc             ] GC(223) Concurrent Mark Cycle 31.480ms
[2025-06-25T22:15:08.637+0530][263947.325s][info][gc,start       ] GC(224) Pause Young (Prepare Mixed) (G1 Evacuation Pause)
[2025-06-25T22:15:08.637+0530][263947.326s][info][gc,task        ] GC(224) Using 13 workers of 13 for evacuation
[2025-06-25T22:15:08.638+0530][263947.327s][info][gc,phases      ] GC(224)   Pre Evacuate Collection Set: 0.5ms
[2025-06-25T22:15:08.638+0530][263947.327s][info][gc,phases      ] GC(224)   Merge Heap Roots: 0.1ms
[2025-06-25T22:15:08.638+0530][263947.327s][info][gc,phases      ] GC(224)   Evacuate Collection Set: 0.3ms
[2025-06-25T22:15:08.638+0530][263947.327s][info][gc,phases      ] GC(224)   Post Evacuate Collection Set: 0.2ms
[2025-06-25T22:15:08.638+0530][263947.327s][info][gc,phases      ] GC(224)   Other: 0.1ms
[2025-06-25T22:15:08.638+0530][263947.327s][info][gc,heap        ] GC(224) Eden regions: 23->0(23)
[2025-06-25T22:15:08.638+0530][263947.327s][info][gc,heap        ] GC(224) Survivor regions: 1->1(3)
[2025-06-25T22:15:08.638+0530][263947.327s][info][gc,heap        ] GC(224) Old regions: 11->12
[2025-06-25T22:15:08.638+0530][263947.327s][info][gc,heap        ] GC(224) Humongous regions: 0->0
[2025-06-25T22:15:08.638+0530][263947.327s][info][gc,metaspace   ] GC(224) Metaspace: 93335K(94336K)->93335K(94336K) NonClass: 82333K(82944K)->82333K(82944K) Class: 11001K(11392K)->11001K(11392K)
[2025-06-25T22:15:08.638+0530][263947.327s][info][gc             ] GC(224) Pause Young (Prepare Mixed) (G1 Evacuation Pause) 133M->41M(160M) 1.404ms
[2025-06-25T22:15:08.638+0530][263947.327s][info][gc,cpu         ] GC(224) User=0.00s Sys=0.00s Real=0.00s
[2025-06-25T22:34:38.291+0530][265116.980s][info][gc,start       ] GC(225) Pause Young (Mixed) (G1 Evacuation Pause)
[2025-06-25T22:34:38.291+0530][265116.980s][info][gc,task        ] GC(225) Using 13 workers of 13 for evacuation
[2025-06-25T22:34:38.292+0530][265116.981s][info][gc,phases      ] GC(225)   Pre Evacuate Collection Set: 0.3ms
[2025-06-25T22:34:38.292+0530][265116.981s][info][gc,phases      ] GC(225)   Merge Heap Roots: 0.1ms
[2025-06-25T22:34:38.292+0530][265116.981s][info][gc,phases      ] GC(225)   Evacuate Collection Set: 0.8ms
[2025-06-25T22:34:38.292+0530][265116.981s][info][gc,phases      ] GC(225)   Post Evacuate Collection Set: 0.4ms
[2025-06-25T22:34:38.292+0530][265116.982s][info][gc,phases      ] GC(225)   Other: 0.1ms
[2025-06-25T22:34:38.292+0530][265116.982s][info][gc,heap        ] GC(225) Eden regions: 23->0(23)
[2025-06-25T22:34:38.292+0530][265116.982s][info][gc,heap        ] GC(225) Survivor regions: 1->1(3)
[2025-06-25T22:34:38.292+0530][265116.982s][info][gc,heap        ] GC(225) Old regions: 12->11
[2025-06-25T22:34:38.292+0530][265116.982s][info][gc,heap        ] GC(225) Humongous regions: 0->0
[2025-06-25T22:34:38.292+0530][265116.982s][info][gc,metaspace   ] GC(225) Metaspace: 93335K(94336K)->93335K(94336K) NonClass: 82333K(82944K)->82333K(82944K) Class: 11001K(11392K)->11001K(11392K)
[2025-06-25T22:34:38.292+0530][265116.982s][info][gc             ] GC(225) Pause Young (Mixed) (G1 Evacuation Pause) 133M->41M(160M) 2.124ms
[2025-06-25T22:34:38.292+0530][265116.982s][info][gc,cpu         ] GC(225) User=0.00s Sys=0.00s Real=0.00s
[2025-06-25T22:54:08.917+0530][266287.605s][info][gc,start       ] GC(226) Pause Young (Concurrent Start) (G1 Evacuation Pause)
[2025-06-25T22:54:08.917+0530][266287.605s][info][gc,task        ] GC(226) Using 13 workers of 13 for evacuation
[2025-06-25T22:54:08.923+0530][266287.612s][info][gc,phases      ] GC(226)   Pre Evacuate Collection Set: 0.3ms
[2025-06-25T22:54:08.923+0530][266287.612s][info][gc,phases      ] GC(226)   Merge Heap Roots: 0.1ms
[2025-06-25T22:54:08.923+0530][266287.612s][info][gc,phases      ] GC(226)   Evacuate Collection Set: 5.7ms
[2025-06-25T22:54:08.923+0530][266287.612s][info][gc,phases      ] GC(226)   Post Evacuate Collection Set: 0.3ms
[2025-06-25T22:54:08.923+0530][266287.612s][info][gc,phases      ] GC(226)   Other: 0.2ms
[2025-06-25T22:54:08.923+0530][266287.612s][info][gc,heap        ] GC(226) Eden regions: 23->0(23)
[2025-06-25T22:54:08.923+0530][266287.612s][info][gc,heap        ] GC(226) Survivor regions: 1->1(3)
[2025-06-25T22:54:08.923+0530][266287.612s][info][gc,heap        ] GC(226) Old regions: 11->11
[2025-06-25T22:54:08.923+0530][266287.612s][info][gc,heap        ] GC(226) Humongous regions: 0->0
[2025-06-25T22:54:08.923+0530][266287.612s][info][gc,metaspace   ] GC(226) Metaspace: 93335K(94336K)->93335K(94336K) NonClass: 82333K(82944K)->82333K(82944K) Class: 11001K(11392K)->11001K(11392K)
[2025-06-25T22:54:08.923+0530][266287.612s][info][gc             ] GC(226) Pause Young (Concurrent Start) (G1 Evacuation Pause) 133M->41M(160M) 6.787ms
[2025-06-25T22:54:08.923+0530][266287.612s][info][gc,cpu         ] GC(226) User=0.03s Sys=0.00s Real=0.01s
[2025-06-25T22:54:08.923+0530][266287.612s][info][gc             ] GC(227) Concurrent Mark Cycle
[2025-06-25T22:54:08.923+0530][266287.612s][info][gc,marking     ] GC(227) Concurrent Scan Root Regions
[2025-06-25T22:54:08.933+0530][266287.622s][info][gc,marking     ] GC(227) Concurrent Scan Root Regions 10.358ms
[2025-06-25T22:54:08.933+0530][266287.622s][info][gc,marking     ] GC(227) Concurrent Mark
[2025-06-25T22:54:08.933+0530][266287.622s][info][gc,marking     ] GC(227) Concurrent Mark From Roots
[2025-06-25T22:54:08.933+0530][266287.622s][info][gc,task        ] GC(227) Using 3 workers of 3 for marking
[2025-06-25T22:54:08.966+0530][266287.654s][info][gc,marking     ] GC(227) Concurrent Mark From Roots 31.495ms
[2025-06-25T22:54:08.966+0530][266287.654s][info][gc,marking     ] GC(227) Concurrent Preclean
[2025-06-25T22:54:08.966+0530][266287.654s][info][gc,marking     ] GC(227) Concurrent Preclean 0.351ms
[2025-06-25T22:54:08.966+0530][266287.654s][info][gc,start       ] GC(227) Pause Remark
[2025-06-25T22:54:08.980+0530][266287.668s][info][gc             ] GC(227) Pause Remark 42M->42M(160M) 13.947ms
[2025-06-25T22:54:08.980+0530][266287.668s][info][gc,cpu         ] GC(227) User=0.00s Sys=0.00s Real=0.01s
[2025-06-25T22:54:08.980+0530][266287.668s][info][gc,marking     ] GC(227) Concurrent Mark 46.027ms
[2025-06-25T22:54:08.980+0530][266287.669s][info][gc,marking     ] GC(227) Concurrent Rebuild Remembered Sets and Scrub Regions
[2025-06-25T22:54:08.987+0530][266287.676s][info][gc,marking     ] GC(227) Concurrent Rebuild Remembered Sets and Scrub Regions 7.172ms
[2025-06-25T22:54:08.987+0530][266287.676s][info][gc,start       ] GC(227) Pause Cleanup
[2025-06-25T22:54:08.987+0530][266287.676s][info][gc             ] GC(227) Pause Cleanup 42M->42M(160M) 0.161ms
[2025-06-25T22:54:08.987+0530][266287.676s][info][gc,cpu         ] GC(227) User=0.00s Sys=0.00s Real=0.00s
[2025-06-25T22:54:08.987+0530][266287.676s][info][gc,marking     ] GC(227) Concurrent Clear Claimed Marks
[2025-06-25T22:54:08.987+0530][266287.676s][info][gc,marking     ] GC(227) Concurrent Clear Claimed Marks 0.074ms
[2025-06-25T22:54:08.987+0530][266287.676s][info][gc,marking     ] GC(227) Concurrent Cleanup for Next Mark
[2025-06-25T22:54:08.987+0530][266287.677s][info][gc,marking     ] GC(227) Concurrent Cleanup for Next Mark 0.368ms
[2025-06-25T22:54:08.987+0530][266287.677s][info][gc             ] GC(227) Concurrent Mark Cycle 64.534ms
[2025-06-25T23:13:39.270+0530][267457.959s][info][gc,start       ] GC(228) Pause Young (Prepare Mixed) (G1 Evacuation Pause)
[2025-06-25T23:13:39.270+0530][267457.959s][info][gc,task        ] GC(228) Using 13 workers of 13 for evacuation
[2025-06-25T23:13:39.272+0530][267457.961s][info][gc,phases      ] GC(228)   Pre Evacuate Collection Set: 0.6ms
[2025-06-25T23:13:39.272+0530][267457.961s][info][gc,phases      ] GC(228)   Merge Heap Roots: 0.2ms
[2025-06-25T23:13:39.272+0530][267457.961s][info][gc,phases      ] GC(228)   Evacuate Collection Set: 0.4ms
[2025-06-25T23:13:39.272+0530][267457.961s][info][gc,phases      ] GC(228)   Post Evacuate Collection Set: 0.3ms
[2025-06-25T23:13:39.272+0530][267457.961s][info][gc,phases      ] GC(228)   Other: 0.2ms
[2025-06-25T23:13:39.272+0530][267457.961s][info][gc,heap        ] GC(228) Eden regions: 23->0(23)
[2025-06-25T23:13:39.272+0530][267457.961s][info][gc,heap        ] GC(228) Survivor regions: 1->1(3)
[2025-06-25T23:13:39.272+0530][267457.961s][info][gc,heap        ] GC(228) Old regions: 11->12
[2025-06-25T23:13:39.272+0530][267457.961s][info][gc,heap        ] GC(228) Humongous regions: 0->0
[2025-06-25T23:13:39.272+0530][267457.961s][info][gc,metaspace   ] GC(228) Metaspace: 93335K(94336K)->93335K(94336K) NonClass: 82333K(82944K)->82333K(82944K) Class: 11001K(11392K)->11001K(11392K)
[2025-06-25T23:13:39.272+0530][267457.961s][info][gc             ] GC(228) Pause Young (Prepare Mixed) (G1 Evacuation Pause) 133M->41M(160M) 1.969ms
[2025-06-25T23:13:39.272+0530][267457.961s][info][gc,cpu         ] GC(228) User=0.00s Sys=0.00s Real=0.00s
[2025-06-25T23:33:09.915+0530][268628.604s][info][gc,start       ] GC(229) Pause Young (Mixed) (G1 Evacuation Pause)
[2025-06-25T23:33:09.915+0530][268628.604s][info][gc,task        ] GC(229) Using 13 workers of 13 for evacuation
[2025-06-25T23:33:09.920+0530][268628.608s][info][gc,phases      ] GC(229)   Pre Evacuate Collection Set: 0.5ms
[2025-06-25T23:33:09.920+0530][268628.608s][info][gc,phases      ] GC(229)   Merge Heap Roots: 0.1ms
[2025-06-25T23:33:09.920+0530][268628.608s][info][gc,phases      ] GC(229)   Evacuate Collection Set: 1.9ms
[2025-06-25T23:33:09.920+0530][268628.608s][info][gc,phases      ] GC(229)   Post Evacuate Collection Set: 0.6ms
[2025-06-25T23:33:09.920+0530][268628.608s][info][gc,phases      ] GC(229)   Other: 0.9ms
[2025-06-25T23:33:09.920+0530][268628.608s][info][gc,heap        ] GC(229) Eden regions: 23->0(23)
[2025-06-25T23:33:09.920+0530][268628.608s][info][gc,heap        ] GC(229) Survivor regions: 1->1(3)
[2025-06-25T23:33:09.920+0530][268628.608s][info][gc,heap        ] GC(229) Old regions: 12->11
[2025-06-25T23:33:09.920+0530][268628.608s][info][gc,heap        ] GC(229) Humongous regions: 0->0
[2025-06-25T23:33:09.920+0530][268628.608s][info][gc,metaspace   ] GC(229) Metaspace: 93335K(94336K)->93335K(94336K) NonClass: 82333K(82944K)->82333K(82944K) Class: 11001K(11392K)->11001K(11392K)
[2025-06-25T23:33:09.920+0530][268628.608s][info][gc             ] GC(229) Pause Young (Mixed) (G1 Evacuation Pause) 133M->41M(160M) 4.369ms
[2025-06-25T23:33:09.920+0530][268628.608s][info][gc,cpu         ] GC(229) User=0.00s Sys=0.00s Real=0.01s
[2025-06-25T23:52:38.169+0530][269796.858s][info][gc,start       ] GC(230) Pause Young (Concurrent Start) (G1 Evacuation Pause)
[2025-06-25T23:52:38.169+0530][269796.858s][info][gc,task        ] GC(230) Using 13 workers of 13 for evacuation
[2025-06-25T23:52:38.172+0530][269796.861s][info][gc,phases      ] GC(230)   Pre Evacuate Collection Set: 0.4ms
[2025-06-25T23:52:38.172+0530][269796.861s][info][gc,phases      ] GC(230)   Merge Heap Roots: 0.0ms
[2025-06-25T23:52:38.172+0530][269796.861s][info][gc,phases      ] GC(230)   Evacuate Collection Set: 1.4ms
[2025-06-25T23:52:38.172+0530][269796.861s][info][gc,phases      ] GC(230)   Post Evacuate Collection Set: 0.2ms
[2025-06-25T23:52:38.172+0530][269796.861s][info][gc,phases      ] GC(230)   Other: 1.0ms
[2025-06-25T23:52:38.172+0530][269796.861s][info][gc,heap        ] GC(230) Eden regions: 23->0(23)
[2025-06-25T23:52:38.172+0530][269796.861s][info][gc,heap        ] GC(230) Survivor regions: 1->1(3)
[2025-06-25T23:52:38.172+0530][269796.861s][info][gc,heap        ] GC(230) Old regions: 11->11
[2025-06-25T23:52:38.172+0530][269796.861s][info][gc,heap        ] GC(230) Humongous regions: 0->0
[2025-06-25T23:52:38.172+0530][269796.861s][info][gc,metaspace   ] GC(230) Metaspace: 93335K(94336K)->93335K(94336K) NonClass: 82333K(82944K)->82333K(82944K) Class: 11001K(11392K)->11001K(11392K)
[2025-06-25T23:52:38.172+0530][269796.861s][info][gc             ] GC(230) Pause Young (Concurrent Start) (G1 Evacuation Pause) 133M->41M(160M) 3.554ms
[2025-06-25T23:52:38.172+0530][269796.861s][info][gc,cpu         ] GC(230) User=0.00s Sys=0.00s Real=0.00s
[2025-06-25T23:52:38.172+0530][269796.861s][info][gc             ] GC(231) Concurrent Mark Cycle
[2025-06-25T23:52:38.173+0530][269796.861s][info][gc,marking     ] GC(231) Concurrent Scan Root Regions
[2025-06-25T23:52:38.175+0530][269796.864s][info][gc,marking     ] GC(231) Concurrent Scan Root Regions 2.662ms
[2025-06-25T23:52:38.175+0530][269796.864s][info][gc,marking     ] GC(231) Concurrent Mark
[2025-06-25T23:52:38.175+0530][269796.864s][info][gc,marking     ] GC(231) Concurrent Mark From Roots
[2025-06-25T23:52:38.175+0530][269796.864s][info][gc,task        ] GC(231) Using 3 workers of 3 for marking
[2025-06-25T23:52:38.197+0530][269796.886s][info][gc,marking     ] GC(231) Concurrent Mark From Roots 21.540ms
[2025-06-25T23:52:38.197+0530][269796.886s][info][gc,marking     ] GC(231) Concurrent Preclean
[2025-06-25T23:52:38.197+0530][269796.886s][info][gc,marking     ] GC(231) Concurrent Preclean 0.353ms
[2025-06-25T23:52:38.197+0530][269796.886s][info][gc,start       ] GC(231) Pause Remark
[2025-06-25T23:52:38.205+0530][269796.893s][info][gc             ] GC(231) Pause Remark 41M->41M(160M) 7.060ms
[2025-06-25T23:52:38.205+0530][269796.893s][info][gc,cpu         ] GC(231) User=0.00s Sys=0.00s Real=0.01s
[2025-06-25T23:52:38.205+0530][269796.893s][info][gc,marking     ] GC(231) Concurrent Mark 29.214ms
[2025-06-25T23:52:38.205+0530][269796.893s][info][gc,marking     ] GC(231) Concurrent Rebuild Remembered Sets and Scrub Regions
[2025-06-25T23:52:38.211+0530][269796.899s][info][gc,marking     ] GC(231) Concurrent Rebuild Remembered Sets and Scrub Regions 5.960ms
[2025-06-25T23:52:38.211+0530][269796.900s][info][gc,start       ] GC(231) Pause Cleanup
[2025-06-25T23:52:38.211+0530][269796.900s][info][gc             ] GC(231) Pause Cleanup 41M->41M(160M) 0.429ms
[2025-06-25T23:52:38.211+0530][269796.900s][info][gc,cpu         ] GC(231) User=0.00s Sys=0.00s Real=0.00s
[2025-06-25T23:52:38.211+0530][269796.900s][info][gc,marking     ] GC(231) Concurrent Clear Claimed Marks
[2025-06-25T23:52:38.212+0530][269796.900s][info][gc,marking     ] GC(231) Concurrent Clear Claimed Marks 0.067ms
[2025-06-25T23:52:38.212+0530][269796.900s][info][gc,marking     ] GC(231) Concurrent Cleanup for Next Mark
[2025-06-25T23:52:38.212+0530][269796.900s][info][gc,marking     ] GC(231) Concurrent Cleanup for Next Mark 0.350ms
[2025-06-25T23:52:38.212+0530][269796.901s][info][gc             ] GC(231) Concurrent Mark Cycle 39.066ms
[2025-06-26T00:12:09.535+0530][270968.223s][info][gc,start       ] GC(232) Pause Young (Prepare Mixed) (G1 Evacuation Pause)
[2025-06-26T00:12:09.535+0530][270968.224s][info][gc,task        ] GC(232) Using 13 workers of 13 for evacuation
[2025-06-26T00:12:09.549+0530][270968.238s][info][gc,phases      ] GC(232)   Pre Evacuate Collection Set: 0.5ms
[2025-06-26T00:12:09.549+0530][270968.238s][info][gc,phases      ] GC(232)   Merge Heap Roots: 11.2ms
[2025-06-26T00:12:09.549+0530][270968.238s][info][gc,phases      ] GC(232)   Evacuate Collection Set: 0.9ms
[2025-06-26T00:12:09.549+0530][270968.238s][info][gc,phases      ] GC(232)   Post Evacuate Collection Set: 1.5ms
[2025-06-26T00:12:09.549+0530][270968.238s][info][gc,phases      ] GC(232)   Other: 0.1ms
[2025-06-26T00:12:09.549+0530][270968.238s][info][gc,heap        ] GC(232) Eden regions: 23->0(27)
[2025-06-26T00:12:09.549+0530][270968.238s][info][gc,heap        ] GC(232) Survivor regions: 1->1(3)
[2025-06-26T00:12:09.549+0530][270968.238s][info][gc,heap        ] GC(232) Old regions: 11->11
[2025-06-26T00:12:09.549+0530][270968.238s][info][gc,heap        ] GC(232) Humongous regions: 0->0
[2025-06-26T00:12:09.549+0530][270968.238s][info][gc,metaspace   ] GC(232) Metaspace: 93335K(94336K)->93335K(94336K) NonClass: 82333K(82944K)->82333K(82944K) Class: 11001K(11392K)->11001K(11392K)
[2025-06-26T00:12:09.550+0530][270968.239s][info][gc             ] GC(232) Pause Young (Prepare Mixed) (G1 Evacuation Pause) 133M->41M(192M) 14.803ms
[2025-06-26T00:12:09.550+0530][270968.239s][info][gc,cpu         ] GC(232) User=0.00s Sys=0.00s Real=0.01s
[2025-06-26T00:35:05.022+0530][272343.711s][info][gc,start       ] GC(233) Pause Young (Mixed) (G1 Evacuation Pause)
[2025-06-26T00:35:05.022+0530][272343.711s][info][gc,task        ] GC(233) Using 13 workers of 13 for evacuation
[2025-06-26T00:35:05.035+0530][272343.724s][info][gc,phases      ] GC(233)   Pre Evacuate Collection Set: 0.4ms
[2025-06-26T00:35:05.035+0530][272343.724s][info][gc,phases      ] GC(233)   Merge Heap Roots: 0.1ms
[2025-06-26T00:35:05.035+0530][272343.724s][info][gc,phases      ] GC(233)   Evacuate Collection Set: 12.1ms
[2025-06-26T00:35:05.035+0530][272343.724s][info][gc,phases      ] GC(233)   Post Evacuate Collection Set: 0.3ms
[2025-06-26T00:35:05.035+0530][272343.724s][info][gc,phases      ] GC(233)   Other: 0.1ms
[2025-06-26T00:35:05.035+0530][272343.724s][info][gc,heap        ] GC(233) Eden regions: 27->0(27)
[2025-06-26T00:35:05.035+0530][272343.724s][info][gc,heap        ] GC(233) Survivor regions: 1->1(4)
[2025-06-26T00:35:05.035+0530][272343.724s][info][gc,heap        ] GC(233) Old regions: 11->11
[2025-06-26T00:35:05.035+0530][272343.724s][info][gc,heap        ] GC(233) Humongous regions: 0->0
[2025-06-26T00:35:05.035+0530][272343.724s][info][gc,metaspace   ] GC(233) Metaspace: 93335K(94336K)->93335K(94336K) NonClass: 82333K(82944K)->82333K(82944K) Class: 11001K(11392K)->11001K(11392K)
[2025-06-26T00:35:05.035+0530][272343.724s][info][gc             ] GC(233) Pause Young (Mixed) (G1 Evacuation Pause) 149M->41M(192M) 13.458ms
[2025-06-26T00:35:05.035+0530][272343.724s][info][gc,cpu         ] GC(233) User=0.00s Sys=0.00s Real=0.01s
[2025-06-26T00:57:39.740+0530][273698.429s][info][gc,start       ] GC(234) Pause Young (Concurrent Start) (G1 Evacuation Pause)
[2025-06-26T00:57:39.740+0530][273698.429s][info][gc,task        ] GC(234) Using 13 workers of 13 for evacuation
[2025-06-26T00:57:39.748+0530][273698.436s][info][gc,phases      ] GC(234)   Pre Evacuate Collection Set: 0.6ms
[2025-06-26T00:57:39.748+0530][273698.436s][info][gc,phases      ] GC(234)   Merge Heap Roots: 0.1ms
[2025-06-26T00:57:39.748+0530][273698.436s][info][gc,phases      ] GC(234)   Evacuate Collection Set: 5.9ms
[2025-06-26T00:57:39.748+0530][273698.436s][info][gc,phases      ] GC(234)   Post Evacuate Collection Set: 0.7ms
[2025-06-26T00:57:39.748+0530][273698.436s][info][gc,phases      ] GC(234)   Other: 0.1ms
[2025-06-26T00:57:39.748+0530][273698.437s][info][gc,heap        ] GC(234) Eden regions: 27->0(27)
[2025-06-26T00:57:39.748+0530][273698.437s][info][gc,heap        ] GC(234) Survivor regions: 1->1(4)
[2025-06-26T00:57:39.748+0530][273698.437s][info][gc,heap        ] GC(234) Old regions: 11->11
[2025-06-26T00:57:39.748+0530][273698.437s][info][gc,heap        ] GC(234) Humongous regions: 0->0
[2025-06-26T00:57:39.748+0530][273698.437s][info][gc,metaspace   ] GC(234) Metaspace: 93335K(94336K)->93335K(94336K) NonClass: 82333K(82944K)->82333K(82944K) Class: 11001K(11392K)->11001K(11392K)
[2025-06-26T00:57:39.748+0530][273698.437s][info][gc             ] GC(234) Pause Young (Concurrent Start) (G1 Evacuation Pause) 149M->41M(192M) 7.667ms
[2025-06-26T00:57:39.748+0530][273698.437s][info][gc,cpu         ] GC(234) User=0.00s Sys=0.02s Real=0.01s
[2025-06-26T00:57:39.748+0530][273698.437s][info][gc             ] GC(235) Concurrent Mark Cycle
[2025-06-26T00:57:39.748+0530][273698.437s][info][gc,marking     ] GC(235) Concurrent Scan Root Regions
[2025-06-26T00:57:39.757+0530][273698.446s][info][gc,marking     ] GC(235) Concurrent Scan Root Regions 9.274ms
[2025-06-26T00:57:39.757+0530][273698.446s][info][gc,marking     ] GC(235) Concurrent Mark
[2025-06-26T00:57:39.757+0530][273698.446s][info][gc,marking     ] GC(235) Concurrent Mark From Roots
[2025-06-26T00:57:39.757+0530][273698.446s][info][gc,task        ] GC(235) Using 3 workers of 3 for marking
[2025-06-26T00:57:39.787+0530][273698.475s][info][gc,marking     ] GC(235) Concurrent Mark From Roots 29.016ms
[2025-06-26T00:57:39.787+0530][273698.475s][info][gc,marking     ] GC(235) Concurrent Preclean
[2025-06-26T00:57:39.787+0530][273698.475s][info][gc,marking     ] GC(235) Concurrent Preclean 0.302ms
[2025-06-26T00:57:39.787+0530][273698.475s][info][gc,start       ] GC(235) Pause Remark
[2025-06-26T00:57:39.793+0530][273698.481s][info][gc             ] GC(235) Pause Remark 43M->43M(160M) 5.848ms
[2025-06-26T00:57:39.793+0530][273698.481s][info][gc,cpu         ] GC(235) User=0.00s Sys=0.00s Real=0.01s
[2025-06-26T00:57:39.793+0530][273698.481s][info][gc,marking     ] GC(235) Concurrent Mark 35.392ms
[2025-06-26T00:57:39.793+0530][273698.481s][info][gc,marking     ] GC(235) Concurrent Rebuild Remembered Sets and Scrub Regions
[2025-06-26T00:57:39.799+0530][273698.487s][info][gc,marking     ] GC(235) Concurrent Rebuild Remembered Sets and Scrub Regions 5.703ms
[2025-06-26T00:57:39.799+0530][273698.487s][info][gc,start       ] GC(235) Pause Cleanup
[2025-06-26T00:57:39.800+0530][273698.488s][info][gc             ] GC(235) Pause Cleanup 43M->43M(160M) 0.546ms
[2025-06-26T00:57:39.800+0530][273698.488s][info][gc,cpu         ] GC(235) User=0.00s Sys=0.00s Real=0.00s
[2025-06-26T00:57:39.800+0530][273698.488s][info][gc,marking     ] GC(235) Concurrent Clear Claimed Marks
[2025-06-26T00:57:39.800+0530][273698.488s][info][gc,marking     ] GC(235) Concurrent Clear Claimed Marks 0.100ms
[2025-06-26T00:57:39.800+0530][273698.488s][info][gc,marking     ] GC(235) Concurrent Cleanup for Next Mark
[2025-06-26T00:57:39.800+0530][273698.489s][info][gc,marking     ] GC(235) Concurrent Cleanup for Next Mark 0.512ms
[2025-06-26T00:57:39.800+0530][273698.489s][info][gc             ] GC(235) Concurrent Mark Cycle 51.897ms
[2025-06-26T01:16:49.833+0530][274848.521s][info][gc,start       ] GC(236) Pause Young (Prepare Mixed) (G1 Evacuation Pause)
[2025-06-26T01:16:49.833+0530][274848.521s][info][gc,task        ] GC(236) Using 13 workers of 13 for evacuation
[2025-06-26T01:16:49.845+0530][274848.534s][info][gc,phases      ] GC(236)   Pre Evacuate Collection Set: 0.3ms
[2025-06-26T01:16:49.845+0530][274848.534s][info][gc,phases      ] GC(236)   Merge Heap Roots: 0.1ms
[2025-06-26T01:16:49.845+0530][274848.534s][info][gc,phases      ] GC(236)   Evacuate Collection Set: 0.5ms
[2025-06-26T01:16:49.845+0530][274848.534s][info][gc,phases      ] GC(236)   Post Evacuate Collection Set: 0.8ms
[2025-06-26T01:16:49.845+0530][274848.534s][info][gc,phases      ] GC(236)   Other: 11.0ms
[2025-06-26T01:16:49.845+0530][274848.534s][info][gc,heap        ] GC(236) Eden regions: 23->0(23)
[2025-06-26T01:16:49.845+0530][274848.534s][info][gc,heap        ] GC(236) Survivor regions: 1->1(3)
[2025-06-26T01:16:49.845+0530][274848.534s][info][gc,heap        ] GC(236) Old regions: 11->11
[2025-06-26T01:16:49.845+0530][274848.534s][info][gc,heap        ] GC(236) Humongous regions: 0->0
[2025-06-26T01:16:49.845+0530][274848.534s][info][gc,metaspace   ] GC(236) Metaspace: 93335K(94336K)->93335K(94336K) NonClass: 82333K(82944K)->82333K(82944K) Class: 11001K(11392K)->11001K(11392K)
[2025-06-26T01:16:49.846+0530][274848.535s][info][gc             ] GC(236) Pause Young (Prepare Mixed) (G1 Evacuation Pause) 133M->41M(160M) 13.304ms
[2025-06-26T01:16:49.846+0530][274848.535s][info][gc,cpu         ] GC(236) User=0.00s Sys=0.00s Real=0.01s
[2025-06-26T01:36:19.919+0530][276018.607s][info][gc,start       ] GC(237) Pause Young (Mixed) (G1 Evacuation Pause)
[2025-06-26T01:36:19.919+0530][276018.608s][info][gc,task        ] GC(237) Using 13 workers of 13 for evacuation
[2025-06-26T01:36:19.933+0530][276018.621s][info][gc,phases      ] GC(237)   Pre Evacuate Collection Set: 0.4ms
[2025-06-26T01:36:19.933+0530][276018.621s][info][gc,phases      ] GC(237)   Merge Heap Roots: 0.1ms
[2025-06-26T01:36:19.933+0530][276018.621s][info][gc,phases      ] GC(237)   Evacuate Collection Set: 12.5ms
[2025-06-26T01:36:19.933+0530][276018.621s][info][gc,phases      ] GC(237)   Post Evacuate Collection Set: 0.4ms
[2025-06-26T01:36:19.933+0530][276018.621s][info][gc,phases      ] GC(237)   Other: 0.2ms
[2025-06-26T01:36:19.933+0530][276018.621s][info][gc,heap        ] GC(237) Eden regions: 23->0(23)
[2025-06-26T01:36:19.933+0530][276018.621s][info][gc,heap        ] GC(237) Survivor regions: 1->1(3)
[2025-06-26T01:36:19.933+0530][276018.621s][info][gc,heap        ] GC(237) Old regions: 11->11
[2025-06-26T01:36:19.933+0530][276018.621s][info][gc,heap        ] GC(237) Humongous regions: 0->0
[2025-06-26T01:36:19.933+0530][276018.621s][info][gc,metaspace   ] GC(237) Metaspace: 93335K(94336K)->93335K(94336K) NonClass: 82333K(82944K)->82333K(82944K) Class: 11001K(11392K)->11001K(11392K)
[2025-06-26T01:36:19.933+0530][276018.621s][info][gc             ] GC(237) Pause Young (Mixed) (G1 Evacuation Pause) 133M->41M(160M) 13.970ms
[2025-06-26T01:36:19.933+0530][276018.622s][info][gc,cpu         ] GC(237) User=0.00s Sys=0.00s Real=0.01s
[2025-06-26T01:55:48.753+0530][277187.442s][info][gc,start       ] GC(238) Pause Young (Concurrent Start) (G1 Evacuation Pause)
[2025-06-26T01:55:48.753+0530][277187.442s][info][gc,task        ] GC(238) Using 13 workers of 13 for evacuation
[2025-06-26T01:55:48.767+0530][277187.456s][info][gc,phases      ] GC(238)   Pre Evacuate Collection Set: 0.4ms
[2025-06-26T01:55:48.767+0530][277187.456s][info][gc,phases      ] GC(238)   Merge Heap Roots: 0.1ms
[2025-06-26T01:55:48.767+0530][277187.456s][info][gc,phases      ] GC(238)   Evacuate Collection Set: 12.8ms
[2025-06-26T01:55:48.767+0530][277187.456s][info][gc,phases      ] GC(238)   Post Evacuate Collection Set: 0.4ms
[2025-06-26T01:55:48.767+0530][277187.456s][info][gc,phases      ] GC(238)   Other: 0.2ms
[2025-06-26T01:55:48.767+0530][277187.456s][info][gc,heap        ] GC(238) Eden regions: 23->0(23)
[2025-06-26T01:55:48.767+0530][277187.456s][info][gc,heap        ] GC(238) Survivor regions: 1->1(3)
[2025-06-26T01:55:48.767+0530][277187.456s][info][gc,heap        ] GC(238) Old regions: 11->11
[2025-06-26T01:55:48.767+0530][277187.456s][info][gc,heap        ] GC(238) Humongous regions: 0->0
[2025-06-26T01:55:48.767+0530][277187.456s][info][gc,metaspace   ] GC(238) Metaspace: 93335K(94336K)->93335K(94336K) NonClass: 82333K(82944K)->82333K(82944K) Class: 11001K(11392K)->11001K(11392K)
[2025-06-26T01:55:48.767+0530][277187.456s][info][gc             ] GC(238) Pause Young (Concurrent Start) (G1 Evacuation Pause) 133M->41M(160M) 14.406ms
[2025-06-26T01:55:48.767+0530][277187.456s][info][gc,cpu         ] GC(238) User=0.00s Sys=0.00s Real=0.01s
[2025-06-26T01:55:48.767+0530][277187.456s][info][gc             ] GC(239) Concurrent Mark Cycle
[2025-06-26T01:55:48.767+0530][277187.457s][info][gc,marking     ] GC(239) Concurrent Scan Root Regions
[2025-06-26T01:55:48.778+0530][277187.467s][info][gc,marking     ] GC(239) Concurrent Scan Root Regions 10.196ms
[2025-06-26T01:55:48.778+0530][277187.467s][info][gc,marking     ] GC(239) Concurrent Mark
[2025-06-26T01:55:48.778+0530][277187.467s][info][gc,marking     ] GC(239) Concurrent Mark From Roots
[2025-06-26T01:55:48.778+0530][277187.467s][info][gc,task        ] GC(239) Using 3 workers of 3 for marking
[2025-06-26T01:55:48.807+0530][277187.495s][info][gc,marking     ] GC(239) Concurrent Mark From Roots 28.097ms
[2025-06-26T01:55:48.807+0530][277187.495s][info][gc,marking     ] GC(239) Concurrent Preclean
[2025-06-26T01:55:48.807+0530][277187.495s][info][gc,marking     ] GC(239) Concurrent Preclean 0.331ms
[2025-06-26T01:55:48.807+0530][277187.495s][info][gc,start       ] GC(239) Pause Remark
[2025-06-26T01:55:48.813+0530][277187.502s][info][gc             ] GC(239) Pause Remark 41M->41M(160M) 6.566ms
[2025-06-26T01:55:48.813+0530][277187.502s][info][gc,cpu         ] GC(239) User=0.00s Sys=0.00s Real=0.01s
[2025-06-26T01:55:48.813+0530][277187.502s][info][gc,marking     ] GC(239) Concurrent Mark 35.188ms
[2025-06-26T01:55:48.813+0530][277187.502s][info][gc,marking     ] GC(239) Concurrent Rebuild Remembered Sets and Scrub Regions
[2025-06-26T01:55:48.818+0530][277187.507s][info][gc,marking     ] GC(239) Concurrent Rebuild Remembered Sets and Scrub Regions 5.366ms
[2025-06-26T01:55:48.819+0530][277187.507s][info][gc,start       ] GC(239) Pause Cleanup
[2025-06-26T01:55:48.819+0530][277187.508s][info][gc             ] GC(239) Pause Cleanup 41M->41M(160M) 0.148ms
[2025-06-26T01:55:48.819+0530][277187.508s][info][gc,cpu         ] GC(239) User=0.00s Sys=0.00s Real=0.00s
[2025-06-26T01:55:48.819+0530][277187.508s][info][gc,marking     ] GC(239) Concurrent Clear Claimed Marks
[2025-06-26T01:55:48.819+0530][277187.508s][info][gc,marking     ] GC(239) Concurrent Clear Claimed Marks 0.066ms
[2025-06-26T01:55:48.819+0530][277187.508s][info][gc,marking     ] GC(239) Concurrent Cleanup for Next Mark
[2025-06-26T01:55:48.819+0530][277187.508s][info][gc,marking     ] GC(239) Concurrent Cleanup for Next Mark 0.450ms
[2025-06-26T01:55:48.819+0530][277187.508s][info][gc             ] GC(239) Concurrent Mark Cycle 51.717ms
[2025-06-26T09:54:18.499+0530][305898.819s][info][gc,start       ] GC(240) Pause Young (Prepare Mixed) (G1 Evacuation Pause)
[2025-06-26T09:54:18.499+0530][305898.819s][info][gc,task        ] GC(240) Using 13 workers of 13 for evacuation
[2025-06-26T09:54:18.503+0530][305898.823s][info][gc,phases      ] GC(240)   Pre Evacuate Collection Set: 1.6ms
[2025-06-26T09:54:18.503+0530][305898.823s][info][gc,phases      ] GC(240)   Merge Heap Roots: 0.1ms
[2025-06-26T09:54:18.503+0530][305898.823s][info][gc,phases      ] GC(240)   Evacuate Collection Set: 0.4ms
[2025-06-26T09:54:18.503+0530][305898.823s][info][gc,phases      ] GC(240)   Post Evacuate Collection Set: 1.0ms
[2025-06-26T09:54:18.503+0530][305898.823s][info][gc,phases      ] GC(240)   Other: 0.7ms
[2025-06-26T09:54:18.503+0530][305898.823s][info][gc,heap        ] GC(240) Eden regions: 23->0(23)
[2025-06-26T09:54:18.503+0530][305898.823s][info][gc,heap        ] GC(240) Survivor regions: 1->1(3)
[2025-06-26T09:54:18.503+0530][305898.823s][info][gc,heap        ] GC(240) Old regions: 11->11
[2025-06-26T09:54:18.503+0530][305898.823s][info][gc,heap        ] GC(240) Humongous regions: 0->0
[2025-06-26T09:54:18.503+0530][305898.823s][info][gc,metaspace   ] GC(240) Metaspace: 93335K(94336K)->93335K(94336K) NonClass: 82333K(82944K)->82333K(82944K) Class: 11001K(11392K)->11001K(11392K)
[2025-06-26T09:54:18.504+0530][305898.824s][info][gc             ] GC(240) Pause Young (Prepare Mixed) (G1 Evacuation Pause) 133M->41M(160M) 4.709ms
[2025-06-26T09:54:18.504+0530][305898.824s][info][gc,cpu         ] GC(240) User=0.00s Sys=0.00s Real=0.00s
[2025-06-26T10:13:52.779+0530][307073.098s][info][gc,start       ] GC(241) Pause Young (Mixed) (G1 Evacuation Pause)
[2025-06-26T10:13:52.779+0530][307073.099s][info][gc,task        ] GC(241) Using 13 workers of 13 for evacuation
[2025-06-26T10:13:52.791+0530][307073.111s][info][gc,phases      ] GC(241)   Pre Evacuate Collection Set: 0.2ms
[2025-06-26T10:13:52.791+0530][307073.111s][info][gc,phases      ] GC(241)   Merge Heap Roots: 0.1ms
[2025-06-26T10:13:52.791+0530][307073.111s][info][gc,phases      ] GC(241)   Evacuate Collection Set: 11.3ms
[2025-06-26T10:13:52.791+0530][307073.111s][info][gc,phases      ] GC(241)   Post Evacuate Collection Set: 0.4ms
[2025-06-26T10:13:52.791+0530][307073.111s][info][gc,phases      ] GC(241)   Other: 0.2ms
[2025-06-26T10:13:52.791+0530][307073.111s][info][gc,heap        ] GC(241) Eden regions: 23->0(23)
[2025-06-26T10:13:52.791+0530][307073.111s][info][gc,heap        ] GC(241) Survivor regions: 1->1(3)
[2025-06-26T10:13:52.791+0530][307073.111s][info][gc,heap        ] GC(241) Old regions: 11->11
[2025-06-26T10:13:52.791+0530][307073.111s][info][gc,heap        ] GC(241) Humongous regions: 0->0
[2025-06-26T10:13:52.791+0530][307073.111s][info][gc,metaspace   ] GC(241) Metaspace: 93335K(94336K)->93335K(94336K) NonClass: 82333K(82944K)->82333K(82944K) Class: 11001K(11392K)->11001K(11392K)
[2025-06-26T10:13:52.791+0530][307073.112s][info][gc             ] GC(241) Pause Young (Mixed) (G1 Evacuation Pause) 133M->41M(160M) 13.147ms
[2025-06-26T10:13:52.791+0530][307073.112s][info][gc,cpu         ] GC(241) User=0.00s Sys=0.00s Real=0.01s
[2025-06-26T10:33:24.868+0530][308245.188s][info][gc,start       ] GC(242) Pause Young (Concurrent Start) (G1 Evacuation Pause)
[2025-06-26T10:33:24.868+0530][308245.188s][info][gc,task        ] GC(242) Using 13 workers of 13 for evacuation
[2025-06-26T10:33:24.880+0530][308245.200s][info][gc,phases      ] GC(242)   Pre Evacuate Collection Set: 0.5ms
[2025-06-26T10:33:24.880+0530][308245.200s][info][gc,phases      ] GC(242)   Merge Heap Roots: 0.1ms
[2025-06-26T10:33:24.880+0530][308245.201s][info][gc,phases      ] GC(242)   Evacuate Collection Set: 11.3ms
[2025-06-26T10:33:24.880+0530][308245.201s][info][gc,phases      ] GC(242)   Post Evacuate Collection Set: 0.5ms
[2025-06-26T10:33:24.880+0530][308245.201s][info][gc,phases      ] GC(242)   Other: 0.2ms
[2025-06-26T10:33:24.880+0530][308245.201s][info][gc,heap        ] GC(242) Eden regions: 23->0(23)
[2025-06-26T10:33:24.880+0530][308245.201s][info][gc,heap        ] GC(242) Survivor regions: 1->1(3)
[2025-06-26T10:33:24.880+0530][308245.201s][info][gc,heap        ] GC(242) Old regions: 11->11
[2025-06-26T10:33:24.880+0530][308245.201s][info][gc,heap        ] GC(242) Humongous regions: 0->0
[2025-06-26T10:33:24.880+0530][308245.201s][info][gc,metaspace   ] GC(242) Metaspace: 93337K(94336K)->93337K(94336K) NonClass: 82335K(82944K)->82335K(82944K) Class: 11001K(11392K)->11001K(11392K)
[2025-06-26T10:33:24.882+0530][308245.201s][info][gc             ] GC(242) Pause Young (Concurrent Start) (G1 Evacuation Pause) 133M->41M(160M) 13.534ms
[2025-06-26T10:33:24.882+0530][308245.201s][info][gc,cpu         ] GC(242) User=0.00s Sys=0.00s Real=0.01s
[2025-06-26T10:33:24.882+0530][308245.202s][info][gc             ] GC(243) Concurrent Mark Cycle
[2025-06-26T10:33:24.882+0530][308245.202s][info][gc,marking     ] GC(243) Concurrent Scan Root Regions
[2025-06-26T10:33:24.883+0530][308245.203s][info][gc,marking     ] GC(243) Concurrent Scan Root Regions 1.937ms
[2025-06-26T10:33:24.884+0530][308245.204s][info][gc,marking     ] GC(243) Concurrent Mark
[2025-06-26T10:33:24.884+0530][308245.204s][info][gc,marking     ] GC(243) Concurrent Mark From Roots
[2025-06-26T10:33:24.884+0530][308245.204s][info][gc,task        ] GC(243) Using 3 workers of 3 for marking
[2025-06-26T10:33:24.903+0530][308245.222s][info][gc,marking     ] GC(243) Concurrent Mark From Roots 18.779ms
[2025-06-26T10:33:24.903+0530][308245.222s][info][gc,marking     ] GC(243) Concurrent Preclean
[2025-06-26T10:33:24.903+0530][308245.223s][info][gc,marking     ] GC(243) Concurrent Preclean 0.303ms
[2025-06-26T10:33:24.903+0530][308245.223s][info][gc,start       ] GC(243) Pause Remark
[2025-06-26T10:33:24.907+0530][308245.227s][info][gc             ] GC(243) Pause Remark 42M->42M(160M) 3.833ms
[2025-06-26T10:33:24.907+0530][308245.227s][info][gc,cpu         ] GC(243) User=0.00s Sys=0.00s Real=0.00s
[2025-06-26T10:33:24.907+0530][308245.227s][info][gc,marking     ] GC(243) Concurrent Mark 23.134ms
[2025-06-26T10:33:24.907+0530][308245.227s][info][gc,marking     ] GC(243) Concurrent Rebuild Remembered Sets and Scrub Regions
[2025-06-26T10:33:24.914+0530][308245.233s][info][gc,marking     ] GC(243) Concurrent Rebuild Remembered Sets and Scrub Regions 6.402ms
[2025-06-26T10:33:24.930+0530][308245.249s][info][gc,start       ] GC(243) Pause Cleanup
[2025-06-26T10:33:24.930+0530][308245.250s][info][gc             ] GC(243) Pause Cleanup 42M->42M(160M) 0.229ms
[2025-06-26T10:33:24.930+0530][308245.250s][info][gc,cpu         ] GC(243) User=0.00s Sys=0.00s Real=0.00s
[2025-06-26T10:33:24.930+0530][308245.250s][info][gc,marking     ] GC(243) Concurrent Clear Claimed Marks
[2025-06-26T10:33:24.930+0530][308245.250s][info][gc,marking     ] GC(243) Concurrent Clear Claimed Marks 0.106ms
[2025-06-26T10:33:24.930+0530][308245.250s][info][gc,marking     ] GC(243) Concurrent Cleanup for Next Mark
[2025-06-26T10:33:24.930+0530][308245.250s][info][gc,marking     ] GC(243) Concurrent Cleanup for Next Mark 0.497ms
[2025-06-26T10:33:24.930+0530][308245.250s][info][gc             ] GC(243) Concurrent Mark Cycle 48.966ms
[2025-06-26T10:52:57.020+0530][309417.339s][info][gc,start       ] GC(244) Pause Young (Prepare Mixed) (G1 Evacuation Pause)
[2025-06-26T10:52:57.020+0530][309417.339s][info][gc,task        ] GC(244) Using 13 workers of 13 for evacuation
[2025-06-26T10:52:57.032+0530][309417.352s][info][gc,phases      ] GC(244)   Pre Evacuate Collection Set: 0.3ms
[2025-06-26T10:52:57.032+0530][309417.352s][info][gc,phases      ] GC(244)   Merge Heap Roots: 0.1ms
[2025-06-26T10:52:57.032+0530][309417.352s][info][gc,phases      ] GC(244)   Evacuate Collection Set: 0.4ms
[2025-06-26T10:52:57.032+0530][309417.352s][info][gc,phases      ] GC(244)   Post Evacuate Collection Set: 11.8ms
[2025-06-26T10:52:57.032+0530][309417.352s][info][gc,phases      ] GC(244)   Other: 0.2ms
[2025-06-26T10:52:57.032+0530][309417.352s][info][gc,heap        ] GC(244) Eden regions: 23->0(23)
[2025-06-26T10:52:57.032+0530][309417.352s][info][gc,heap        ] GC(244) Survivor regions: 1->1(3)
[2025-06-26T10:52:57.032+0530][309417.352s][info][gc,heap        ] GC(244) Old regions: 11->11
[2025-06-26T10:52:57.032+0530][309417.352s][info][gc,heap        ] GC(244) Humongous regions: 0->0
[2025-06-26T10:52:57.032+0530][309417.352s][info][gc,metaspace   ] GC(244) Metaspace: 93344K(94336K)->93344K(94336K) NonClass: 82343K(82944K)->82343K(82944K) Class: 11001K(11392K)->11001K(11392K)
[2025-06-26T10:52:57.032+0530][309417.352s][info][gc             ] GC(244) Pause Young (Prepare Mixed) (G1 Evacuation Pause) 133M->41M(160M) 13.223ms
[2025-06-26T10:52:57.032+0530][309417.353s][info][gc,cpu         ] GC(244) User=0.00s Sys=0.00s Real=0.01s
[2025-06-26T11:12:25.425+0530][310585.744s][info][gc,start       ] GC(245) Pause Young (Mixed) (G1 Evacuation Pause)
[2025-06-26T11:12:25.425+0530][310585.745s][info][gc,task        ] GC(245) Using 13 workers of 13 for evacuation
[2025-06-26T11:12:25.438+0530][310585.758s][info][gc,phases      ] GC(245)   Pre Evacuate Collection Set: 0.4ms
[2025-06-26T11:12:25.438+0530][310585.758s][info][gc,phases      ] GC(245)   Merge Heap Roots: 0.2ms
[2025-06-26T11:12:25.438+0530][310585.758s][info][gc,phases      ] GC(245)   Evacuate Collection Set: 10.9ms
[2025-06-26T11:12:25.438+0530][310585.758s][info][gc,phases      ] GC(245)   Post Evacuate Collection Set: 1.6ms
[2025-06-26T11:12:25.438+0530][310585.758s][info][gc,phases      ] GC(245)   Other: 0.2ms
[2025-06-26T11:12:25.438+0530][310585.758s][info][gc,heap        ] GC(245) Eden regions: 23->0(23)
[2025-06-26T11:12:25.438+0530][310585.758s][info][gc,heap        ] GC(245) Survivor regions: 1->1(3)
[2025-06-26T11:12:25.438+0530][310585.758s][info][gc,heap        ] GC(245) Old regions: 11->11
[2025-06-26T11:12:25.438+0530][310585.758s][info][gc,heap        ] GC(245) Humongous regions: 0->0
[2025-06-26T11:12:25.438+0530][310585.758s][info][gc,metaspace   ] GC(245) Metaspace: 93344K(94336K)->93344K(94336K) NonClass: 82343K(82944K)->82343K(82944K) Class: 11001K(11392K)->11001K(11392K)
[2025-06-26T11:12:25.438+0530][310585.758s][info][gc             ] GC(245) Pause Young (Mixed) (G1 Evacuation Pause) 133M->41M(160M) 13.622ms
[2025-06-26T11:12:25.438+0530][310585.758s][info][gc,cpu         ] GC(245) User=0.00s Sys=0.00s Real=0.01s
[2025-06-26T11:31:56.337+0530][311756.656s][info][gc,start       ] GC(246) Pause Young (Concurrent Start) (G1 Evacuation Pause)
[2025-06-26T11:31:56.337+0530][311756.656s][info][gc,task        ] GC(246) Using 13 workers of 13 for evacuation
[2025-06-26T11:31:56.339+0530][311756.658s][info][gc,phases      ] GC(246)   Pre Evacuate Collection Set: 0.3ms
[2025-06-26T11:31:56.339+0530][311756.659s][info][gc,phases      ] GC(246)   Merge Heap Roots: 0.1ms
[2025-06-26T11:31:56.339+0530][311756.659s][info][gc,phases      ] GC(246)   Evacuate Collection Set: 1.4ms
[2025-06-26T11:31:56.339+0530][311756.659s][info][gc,phases      ] GC(246)   Post Evacuate Collection Set: 0.3ms
[2025-06-26T11:31:56.339+0530][311756.659s][info][gc,phases      ] GC(246)   Other: 0.2ms
[2025-06-26T11:31:56.339+0530][311756.659s][info][gc,heap        ] GC(246) Eden regions: 23->0(23)
[2025-06-26T11:31:56.339+0530][311756.659s][info][gc,heap        ] GC(246) Survivor regions: 1->1(3)
[2025-06-26T11:31:56.339+0530][311756.659s][info][gc,heap        ] GC(246) Old regions: 11->11
[2025-06-26T11:31:56.339+0530][311756.659s][info][gc,heap        ] GC(246) Humongous regions: 0->0
[2025-06-26T11:31:56.339+0530][311756.659s][info][gc,metaspace   ] GC(246) Metaspace: 93344K(94336K)->93344K(94336K) NonClass: 82343K(82944K)->82343K(82944K) Class: 11001K(11392K)->11001K(11392K)
[2025-06-26T11:31:56.339+0530][311756.659s][info][gc             ] GC(246) Pause Young (Concurrent Start) (G1 Evacuation Pause) 133M->41M(160M) 2.460ms
[2025-06-26T11:31:56.339+0530][311756.659s][info][gc,cpu         ] GC(246) User=0.00s Sys=0.00s Real=0.00s
[2025-06-26T11:31:56.339+0530][311756.659s][info][gc             ] GC(247) Concurrent Mark Cycle
[2025-06-26T11:31:56.339+0530][311756.659s][info][gc,marking     ] GC(247) Concurrent Scan Root Regions
[2025-06-26T11:31:56.341+0530][311756.661s][info][gc,marking     ] GC(247) Concurrent Scan Root Regions 2.506ms
[2025-06-26T11:31:56.341+0530][311756.661s][info][gc,marking     ] GC(247) Concurrent Mark
[2025-06-26T11:31:56.341+0530][311756.661s][info][gc,marking     ] GC(247) Concurrent Mark From Roots
[2025-06-26T11:31:56.341+0530][311756.661s][info][gc,task        ] GC(247) Using 3 workers of 3 for marking
[2025-06-26T11:31:56.365+0530][311756.685s][info][gc,marking     ] GC(247) Concurrent Mark From Roots 24.079ms
[2025-06-26T11:31:56.365+0530][311756.685s][info][gc,marking     ] GC(247) Concurrent Preclean
[2025-06-26T11:31:56.366+0530][311756.686s][info][gc,marking     ] GC(247) Concurrent Preclean 0.328ms
[2025-06-26T11:31:56.366+0530][311756.686s][info][gc,start       ] GC(247) Pause Remark
[2025-06-26T11:31:56.368+0530][311756.688s][info][gc             ] GC(247) Pause Remark 42M->42M(160M) 2.100ms
[2025-06-26T11:31:56.369+0530][311756.688s][info][gc,cpu         ] GC(247) User=0.00s Sys=0.00s Real=0.00s
[2025-06-26T11:31:56.369+0530][311756.688s][info][gc,marking     ] GC(247) Concurrent Mark 26.715ms
[2025-06-26T11:31:56.369+0530][311756.688s][info][gc,marking     ] GC(247) Concurrent Rebuild Remembered Sets and Scrub Regions
[2025-06-26T11:31:56.375+0530][311756.695s][info][gc,marking     ] GC(247) Concurrent Rebuild Remembered Sets and Scrub Regions 6.856ms
[2025-06-26T11:31:56.375+0530][311756.695s][info][gc,start       ] GC(247) Pause Cleanup
[2025-06-26T11:31:56.375+0530][311756.695s][info][gc             ] GC(247) Pause Cleanup 42M->42M(160M) 0.112ms
[2025-06-26T11:31:56.375+0530][311756.695s][info][gc,cpu         ] GC(247) User=0.00s Sys=0.00s Real=0.00s
[2025-06-26T11:31:56.375+0530][311756.695s][info][gc,marking     ] GC(247) Concurrent Clear Claimed Marks
[2025-06-26T11:31:56.375+0530][311756.695s][info][gc,marking     ] GC(247) Concurrent Clear Claimed Marks 0.073ms
[2025-06-26T11:31:56.375+0530][311756.695s][info][gc,marking     ] GC(247) Concurrent Cleanup for Next Mark
[2025-06-26T11:31:56.376+0530][311756.696s][info][gc,marking     ] GC(247) Concurrent Cleanup for Next Mark 0.370ms
[2025-06-26T11:31:56.376+0530][311756.696s][info][gc             ] GC(247) Concurrent Mark Cycle 36.993ms
[2025-06-26T11:51:26.170+0530][312926.489s][info][gc,start       ] GC(248) Pause Young (Prepare Mixed) (G1 Evacuation Pause)
[2025-06-26T11:51:26.170+0530][312926.489s][info][gc,task        ] GC(248) Using 13 workers of 13 for evacuation
[2025-06-26T11:51:26.181+0530][312926.501s][info][gc,phases      ] GC(248)   Pre Evacuate Collection Set: 0.3ms
[2025-06-26T11:51:26.181+0530][312926.501s][info][gc,phases      ] GC(248)   Merge Heap Roots: 0.1ms
[2025-06-26T11:51:26.181+0530][312926.501s][info][gc,phases      ] GC(248)   Evacuate Collection Set: 10.8ms
[2025-06-26T11:51:26.181+0530][312926.501s][info][gc,phases      ] GC(248)   Post Evacuate Collection Set: 0.3ms
[2025-06-26T11:51:26.181+0530][312926.501s][info][gc,phases      ] GC(248)   Other: 0.1ms
[2025-06-26T11:51:26.181+0530][312926.501s][info][gc,heap        ] GC(248) Eden regions: 23->0(23)
[2025-06-26T11:51:26.181+0530][312926.501s][info][gc,heap        ] GC(248) Survivor regions: 1->1(3)
[2025-06-26T11:51:26.181+0530][312926.501s][info][gc,heap        ] GC(248) Old regions: 11->11
[2025-06-26T11:51:26.181+0530][312926.501s][info][gc,heap        ] GC(248) Humongous regions: 0->0
[2025-06-26T11:51:26.181+0530][312926.501s][info][gc,metaspace   ] GC(248) Metaspace: 93344K(94336K)->93344K(94336K) NonClass: 82343K(82944K)->82343K(82944K) Class: 11001K(11392K)->11001K(11392K)
[2025-06-26T11:51:26.181+0530][312926.501s][info][gc             ] GC(248) Pause Young (Prepare Mixed) (G1 Evacuation Pause) 133M->41M(160M) 11.937ms
[2025-06-26T11:51:26.181+0530][312926.501s][info][gc,cpu         ] GC(248) User=0.00s Sys=0.00s Real=0.01s
[2025-06-26T12:10:57.742+0530][314098.062s][info][gc,start       ] GC(249) Pause Young (Mixed) (G1 Evacuation Pause)
[2025-06-26T12:10:57.743+0530][314098.062s][info][gc,task        ] GC(249) Using 13 workers of 13 for evacuation
[2025-06-26T12:10:57.750+0530][314098.069s][info][gc,phases      ] GC(249)   Pre Evacuate Collection Set: 1.1ms
[2025-06-26T12:10:57.750+0530][314098.069s][info][gc,phases      ] GC(249)   Merge Heap Roots: 0.1ms
[2025-06-26T12:10:57.750+0530][314098.069s][info][gc,phases      ] GC(249)   Evacuate Collection Set: 4.4ms
[2025-06-26T12:10:57.750+0530][314098.069s][info][gc,phases      ] GC(249)   Post Evacuate Collection Set: 1.3ms
[2025-06-26T12:10:57.750+0530][314098.069s][info][gc,phases      ] GC(249)   Other: 0.2ms
[2025-06-26T12:10:57.750+0530][314098.069s][info][gc,heap        ] GC(249) Eden regions: 23->0(23)
[2025-06-26T12:10:57.750+0530][314098.070s][info][gc,heap        ] GC(249) Survivor regions: 1->1(3)
[2025-06-26T12:10:57.750+0530][314098.070s][info][gc,heap        ] GC(249) Old regions: 11->11
[2025-06-26T12:10:57.750+0530][314098.070s][info][gc,heap        ] GC(249) Humongous regions: 0->0
[2025-06-26T12:10:57.750+0530][314098.070s][info][gc,metaspace   ] GC(249) Metaspace: 93344K(94336K)->93344K(94336K) NonClass: 82343K(82944K)->82343K(82944K) Class: 11001K(11392K)->11001K(11392K)
[2025-06-26T12:10:57.750+0530][314098.070s][info][gc             ] GC(249) Pause Young (Mixed) (G1 Evacuation Pause) 133M->41M(160M) 7.627ms
[2025-06-26T12:10:57.750+0530][314098.070s][info][gc,cpu         ] GC(249) User=0.00s Sys=0.02s Real=0.01s
[2025-06-26T12:30:27.525+0530][315267.845s][info][gc,start       ] GC(250) Pause Young (Concurrent Start) (G1 Evacuation Pause)
[2025-06-26T12:30:27.525+0530][315267.845s][info][gc,task        ] GC(250) Using 13 workers of 13 for evacuation
[2025-06-26T12:30:27.554+0530][315267.874s][info][gc,phases      ] GC(250)   Pre Evacuate Collection Set: 1.3ms
[2025-06-26T12:30:27.554+0530][315267.874s][info][gc,phases      ] GC(250)   Merge Heap Roots: 0.1ms
[2025-06-26T12:30:27.554+0530][315267.874s][info][gc,phases      ] GC(250)   Evacuate Collection Set: 15.9ms
[2025-06-26T12:30:27.554+0530][315267.874s][info][gc,phases      ] GC(250)   Post Evacuate Collection Set: 0.6ms
[2025-06-26T12:30:27.554+0530][315267.874s][info][gc,phases      ] GC(250)   Other: 11.3ms
[2025-06-26T12:30:27.554+0530][315267.874s][info][gc,heap        ] GC(250) Eden regions: 23->0(23)
[2025-06-26T12:30:27.554+0530][315267.874s][info][gc,heap        ] GC(250) Survivor regions: 1->1(3)
[2025-06-26T12:30:27.554+0530][315267.874s][info][gc,heap        ] GC(250) Old regions: 11->11
[2025-06-26T12:30:27.554+0530][315267.874s][info][gc,heap        ] GC(250) Humongous regions: 0->0
[2025-06-26T12:30:27.554+0530][315267.874s][info][gc,metaspace   ] GC(250) Metaspace: 93344K(94336K)->93344K(94336K) NonClass: 82343K(82944K)->82343K(82944K) Class: 11001K(11392K)->11001K(11392K)
[2025-06-26T12:30:27.554+0530][315267.874s][info][gc             ] GC(250) Pause Young (Concurrent Start) (G1 Evacuation Pause) 133M->41M(160M) 29.523ms
[2025-06-26T12:30:27.554+0530][315267.874s][info][gc,cpu         ] GC(250) User=0.00s Sys=0.00s Real=0.03s
[2025-06-26T12:30:27.555+0530][315267.875s][info][gc             ] GC(251) Concurrent Mark Cycle
[2025-06-26T12:30:27.555+0530][315267.875s][info][gc,marking     ] GC(251) Concurrent Scan Root Regions
[2025-06-26T12:30:27.573+0530][315267.892s][info][gc,marking     ] GC(251) Concurrent Scan Root Regions 17.581ms
[2025-06-26T12:30:27.573+0530][315267.892s][info][gc,marking     ] GC(251) Concurrent Mark
[2025-06-26T12:30:27.573+0530][315267.892s][info][gc,marking     ] GC(251) Concurrent Mark From Roots
[2025-06-26T12:30:27.573+0530][315267.892s][info][gc,task        ] GC(251) Using 3 workers of 3 for marking
[2025-06-26T12:30:27.611+0530][315267.931s][info][gc,marking     ] GC(251) Concurrent Mark From Roots 39.261ms
[2025-06-26T12:30:27.611+0530][315267.932s][info][gc,marking     ] GC(251) Concurrent Preclean
[2025-06-26T12:30:27.612+0530][315267.932s][info][gc,marking     ] GC(251) Concurrent Preclean 0.326ms
[2025-06-26T12:30:27.612+0530][315267.932s][info][gc,start       ] GC(251) Pause Remark
[2025-06-26T12:30:27.622+0530][315267.942s][info][gc             ] GC(251) Pause Remark 41M->41M(160M) 10.001ms
[2025-06-26T12:30:27.622+0530][315267.942s][info][gc,cpu         ] GC(251) User=0.00s Sys=0.03s Real=0.01s
[2025-06-26T12:30:27.622+0530][315267.942s][info][gc,marking     ] GC(251) Concurrent Mark 49.819ms
[2025-06-26T12:30:27.622+0530][315267.942s][info][gc,marking     ] GC(251) Concurrent Rebuild Remembered Sets and Scrub Regions
[2025-06-26T12:30:27.629+0530][315267.949s][info][gc,marking     ] GC(251) Concurrent Rebuild Remembered Sets and Scrub Regions 6.833ms
[2025-06-26T12:30:27.629+0530][315267.949s][info][gc,start       ] GC(251) Pause Cleanup
[2025-06-26T12:30:27.629+0530][315267.950s][info][gc             ] GC(251) Pause Cleanup 41M->41M(160M) 0.631ms
[2025-06-26T12:30:27.629+0530][315267.950s][info][gc,cpu         ] GC(251) User=0.00s Sys=0.00s Real=0.00s
[2025-06-26T12:30:27.629+0530][315267.950s][info][gc,marking     ] GC(251) Concurrent Clear Claimed Marks
[2025-06-26T12:30:27.630+0530][315267.950s][info][gc,marking     ] GC(251) Concurrent Clear Claimed Marks 0.069ms
[2025-06-26T12:30:27.630+0530][315267.950s][info][gc,marking     ] GC(251) Concurrent Cleanup for Next Mark
[2025-06-26T12:30:27.630+0530][315267.950s][info][gc,marking     ] GC(251) Concurrent Cleanup for Next Mark 0.480ms
[2025-06-26T12:30:27.630+0530][315267.950s][info][gc             ] GC(251) Concurrent Mark Cycle 75.737ms
[2025-06-26T12:49:56.337+0530][316436.657s][info][gc,start       ] GC(252) Pause Young (Prepare Mixed) (G1 Evacuation Pause)
[2025-06-26T12:49:56.337+0530][316436.657s][info][gc,task        ] GC(252) Using 13 workers of 13 for evacuation
[2025-06-26T12:49:56.350+0530][316436.671s][info][gc,phases      ] GC(252)   Pre Evacuate Collection Set: 0.4ms
[2025-06-26T12:49:56.350+0530][316436.671s][info][gc,phases      ] GC(252)   Merge Heap Roots: 0.1ms
[2025-06-26T12:49:56.350+0530][316436.671s][info][gc,phases      ] GC(252)   Evacuate Collection Set: 1.4ms
[2025-06-26T12:49:56.350+0530][316436.671s][info][gc,phases      ] GC(252)   Post Evacuate Collection Set: 0.9ms
[2025-06-26T12:49:56.350+0530][316436.671s][info][gc,phases      ] GC(252)   Other: 10.5ms
[2025-06-26T12:49:56.350+0530][316436.671s][info][gc,heap        ] GC(252) Eden regions: 23->0(23)
[2025-06-26T12:49:56.350+0530][316436.671s][info][gc,heap        ] GC(252) Survivor regions: 1->1(3)
[2025-06-26T12:49:56.350+0530][316436.671s][info][gc,heap        ] GC(252) Old regions: 11->11
[2025-06-26T12:49:56.350+0530][316436.671s][info][gc,heap        ] GC(252) Humongous regions: 0->0
[2025-06-26T12:49:56.350+0530][316436.671s][info][gc,metaspace   ] GC(252) Metaspace: 93344K(94336K)->93344K(94336K) NonClass: 82343K(82944K)->82343K(82944K) Class: 11001K(11392K)->11001K(11392K)
[2025-06-26T12:49:56.350+0530][316436.671s][info][gc             ] GC(252) Pause Young (Prepare Mixed) (G1 Evacuation Pause) 133M->41M(160M) 13.808ms
[2025-06-26T12:49:56.352+0530][316436.671s][info][gc,cpu         ] GC(252) User=0.00s Sys=0.00s Real=0.02s
[2025-06-26T13:09:25.680+0530][317606.000s][info][gc,start       ] GC(253) Pause Young (Mixed) (G1 Evacuation Pause)
[2025-06-26T13:09:25.680+0530][317606.000s][info][gc,task        ] GC(253) Using 13 workers of 13 for evacuation
[2025-06-26T13:09:25.694+0530][317606.014s][info][gc,phases      ] GC(253)   Pre Evacuate Collection Set: 0.2ms
[2025-06-26T13:09:25.694+0530][317606.014s][info][gc,phases      ] GC(253)   Merge Heap Roots: 0.1ms
[2025-06-26T13:09:25.694+0530][317606.014s][info][gc,phases      ] GC(253)   Evacuate Collection Set: 12.6ms
[2025-06-26T13:09:25.694+0530][317606.014s][info][gc,phases      ] GC(253)   Post Evacuate Collection Set: 0.9ms
[2025-06-26T13:09:25.694+0530][317606.014s][info][gc,phases      ] GC(253)   Other: 0.1ms
[2025-06-26T13:09:25.694+0530][317606.014s][info][gc,heap        ] GC(253) Eden regions: 23->0(23)
[2025-06-26T13:09:25.694+0530][317606.014s][info][gc,heap        ] GC(253) Survivor regions: 1->1(3)
[2025-06-26T13:09:25.694+0530][317606.014s][info][gc,heap        ] GC(253) Old regions: 11->11
[2025-06-26T13:09:25.694+0530][317606.014s][info][gc,heap        ] GC(253) Humongous regions: 0->0
[2025-06-26T13:09:25.694+0530][317606.014s][info][gc,metaspace   ] GC(253) Metaspace: 93344K(94336K)->93344K(94336K) NonClass: 82343K(82944K)->82343K(82944K) Class: 11001K(11392K)->11001K(11392K)
[2025-06-26T13:09:25.694+0530][317606.014s][info][gc             ] GC(253) Pause Young (Mixed) (G1 Evacuation Pause) 133M->41M(160M) 14.319ms
[2025-06-26T13:09:25.694+0530][317606.014s][info][gc,cpu         ] GC(253) User=0.00s Sys=0.00s Real=0.01s
[2025-06-26T13:28:56.608+0530][318776.927s][info][gc,start       ] GC(254) Pause Young (Concurrent Start) (G1 Evacuation Pause)
[2025-06-26T13:28:56.608+0530][318776.928s][info][gc,task        ] GC(254) Using 13 workers of 13 for evacuation
[2025-06-26T13:28:56.621+0530][318776.941s][info][gc,phases      ] GC(254)   Pre Evacuate Collection Set: 0.2ms
[2025-06-26T13:28:56.621+0530][318776.941s][info][gc,phases      ] GC(254)   Merge Heap Roots: 0.1ms
[2025-06-26T13:28:56.621+0530][318776.941s][info][gc,phases      ] GC(254)   Evacuate Collection Set: 12.0ms
[2025-06-26T13:28:56.621+0530][318776.941s][info][gc,phases      ] GC(254)   Post Evacuate Collection Set: 0.9ms
[2025-06-26T13:28:56.621+0530][318776.941s][info][gc,phases      ] GC(254)   Other: 0.1ms
[2025-06-26T13:28:56.621+0530][318776.941s][info][gc,heap        ] GC(254) Eden regions: 23->0(23)
[2025-06-26T13:28:56.621+0530][318776.941s][info][gc,heap        ] GC(254) Survivor regions: 1->1(3)
[2025-06-26T13:28:56.621+0530][318776.941s][info][gc,heap        ] GC(254) Old regions: 11->11
[2025-06-26T13:28:56.621+0530][318776.941s][info][gc,heap        ] GC(254) Humongous regions: 0->0
[2025-06-26T13:28:56.621+0530][318776.941s][info][gc,metaspace   ] GC(254) Metaspace: 93344K(94336K)->93344K(94336K) NonClass: 82343K(82944K)->82343K(82944K) Class: 11001K(11392K)->11001K(11392K)
[2025-06-26T13:28:56.621+0530][318776.941s][info][gc             ] GC(254) Pause Young (Concurrent Start) (G1 Evacuation Pause) 133M->41M(160M) 13.944ms
[2025-06-26T13:28:56.621+0530][318776.941s][info][gc,cpu         ] GC(254) User=0.00s Sys=0.00s Real=0.01s
[2025-06-26T13:28:56.621+0530][318776.941s][info][gc             ] GC(255) Concurrent Mark Cycle
[2025-06-26T13:28:56.621+0530][318776.941s][info][gc,marking     ] GC(255) Concurrent Scan Root Regions
[2025-06-26T13:28:56.622+0530][318776.942s][info][gc,marking     ] GC(255) Concurrent Scan Root Regions 1.055ms
[2025-06-26T13:28:56.622+0530][318776.942s][info][gc,marking     ] GC(255) Concurrent Mark
[2025-06-26T13:28:56.622+0530][318776.942s][info][gc,marking     ] GC(255) Concurrent Mark From Roots
[2025-06-26T13:28:56.622+0530][318776.942s][info][gc,task        ] GC(255) Using 3 workers of 3 for marking
[2025-06-26T13:28:56.639+0530][318776.959s][info][gc,marking     ] GC(255) Concurrent Mark From Roots 16.748ms
[2025-06-26T13:28:56.639+0530][318776.959s][info][gc,marking     ] GC(255) Concurrent Preclean
[2025-06-26T13:28:56.639+0530][318776.960s][info][gc,marking     ] GC(255) Concurrent Preclean 0.323ms
[2025-06-26T13:28:56.640+0530][318776.960s][info][gc,start       ] GC(255) Pause Remark
[2025-06-26T13:28:56.642+0530][318776.962s][info][gc             ] GC(255) Pause Remark 42M->42M(160M) 2.210ms
[2025-06-26T13:28:56.642+0530][318776.962s][info][gc,cpu         ] GC(255) User=0.00s Sys=0.00s Real=0.00s
[2025-06-26T13:28:56.642+0530][318776.962s][info][gc,marking     ] GC(255) Concurrent Mark 19.461ms
[2025-06-26T13:28:56.642+0530][318776.962s][info][gc,marking     ] GC(255) Concurrent Rebuild Remembered Sets and Scrub Regions
[2025-06-26T13:28:56.647+0530][318776.966s][info][gc,marking     ] GC(255) Concurrent Rebuild Remembered Sets and Scrub Regions 4.532ms
[2025-06-26T13:28:56.647+0530][318776.967s][info][gc,start       ] GC(255) Pause Cleanup
[2025-06-26T13:28:56.647+0530][318776.967s][info][gc             ] GC(255) Pause Cleanup 43M->43M(160M) 0.179ms
[2025-06-26T13:28:56.647+0530][318776.967s][info][gc,cpu         ] GC(255) User=0.00s Sys=0.00s Real=0.00s
[2025-06-26T13:28:56.647+0530][318776.967s][info][gc,marking     ] GC(255) Concurrent Clear Claimed Marks
[2025-06-26T13:28:56.647+0530][318776.967s][info][gc,marking     ] GC(255) Concurrent Clear Claimed Marks 0.067ms
[2025-06-26T13:28:56.647+0530][318776.967s][info][gc,marking     ] GC(255) Concurrent Cleanup for Next Mark
[2025-06-26T13:28:56.647+0530][318776.967s][info][gc,marking     ] GC(255) Concurrent Cleanup for Next Mark 0.300ms
[2025-06-26T13:28:56.647+0530][318776.967s][info][gc             ] GC(255) Concurrent Mark Cycle 25.858ms
[2025-06-26T13:48:26.226+0530][319946.546s][info][gc,start       ] GC(256) Pause Young (Prepare Mixed) (G1 Evacuation Pause)
[2025-06-26T13:48:26.226+0530][319946.547s][info][gc,task        ] GC(256) Using 13 workers of 13 for evacuation
[2025-06-26T13:48:26.240+0530][319946.559s][info][gc,phases      ] GC(256)   Pre Evacuate Collection Set: 11.2ms
[2025-06-26T13:48:26.240+0530][319946.559s][info][gc,phases      ] GC(256)   Merge Heap Roots: 0.1ms
[2025-06-26T13:48:26.240+0530][319946.559s][info][gc,phases      ] GC(256)   Evacuate Collection Set: 0.7ms
[2025-06-26T13:48:26.240+0530][319946.559s][info][gc,phases      ] GC(256)   Post Evacuate Collection Set: 0.3ms
[2025-06-26T13:48:26.240+0530][319946.559s][info][gc,phases      ] GC(256)   Other: 0.2ms
[2025-06-26T13:48:26.240+0530][319946.559s][info][gc,heap        ] GC(256) Eden regions: 23->0(23)
[2025-06-26T13:48:26.240+0530][319946.559s][info][gc,heap        ] GC(256) Survivor regions: 1->1(3)
[2025-06-26T13:48:26.240+0530][319946.559s][info][gc,heap        ] GC(256) Old regions: 11->11
[2025-06-26T13:48:26.240+0530][319946.559s][info][gc,heap        ] GC(256) Humongous regions: 0->0
[2025-06-26T13:48:26.240+0530][319946.559s][info][gc,metaspace   ] GC(256) Metaspace: 93344K(94336K)->93344K(94336K) NonClass: 82343K(82944K)->82343K(82944K) Class: 11001K(11392K)->11001K(11392K)
[2025-06-26T13:48:26.240+0530][319946.559s][info][gc             ] GC(256) Pause Young (Prepare Mixed) (G1 Evacuation Pause) 133M->41M(160M) 12.898ms
[2025-06-26T13:48:26.240+0530][319946.559s][info][gc,cpu         ] GC(256) User=0.00s Sys=0.00s Real=0.01s
[2025-06-26T14:07:53.471+0530][321113.791s][info][gc,start       ] GC(257) Pause Young (Mixed) (G1 Evacuation Pause)
[2025-06-26T14:07:53.471+0530][321113.791s][info][gc,task        ] GC(257) Using 13 workers of 13 for evacuation
[2025-06-26T14:07:53.483+0530][321113.804s][info][gc,phases      ] GC(257)   Pre Evacuate Collection Set: 11.5ms
[2025-06-26T14:07:53.483+0530][321113.804s][info][gc,phases      ] GC(257)   Merge Heap Roots: 0.1ms
[2025-06-26T14:07:53.483+0530][321113.804s][info][gc,phases      ] GC(257)   Evacuate Collection Set: 1.3ms
[2025-06-26T14:07:53.483+0530][321113.804s][info][gc,phases      ] GC(257)   Post Evacuate Collection Set: 0.4ms
[2025-06-26T14:07:53.485+0530][321113.804s][info][gc,phases      ] GC(257)   Other: 0.1ms
[2025-06-26T14:07:53.485+0530][321113.804s][info][gc,heap        ] GC(257) Eden regions: 23->0(23)
[2025-06-26T14:07:53.485+0530][321113.804s][info][gc,heap        ] GC(257) Survivor regions: 1->1(3)
[2025-06-26T14:07:53.485+0530][321113.804s][info][gc,heap        ] GC(257) Old regions: 11->11
[2025-06-26T14:07:53.485+0530][321113.804s][info][gc,heap        ] GC(257) Humongous regions: 0->0
[2025-06-26T14:07:53.485+0530][321113.804s][info][gc,metaspace   ] GC(257) Metaspace: 93344K(94336K)->93344K(94336K) NonClass: 82343K(82944K)->82343K(82944K) Class: 11001K(11392K)->11001K(11392K)
[2025-06-26T14:07:53.485+0530][321113.804s][info][gc             ] GC(257) Pause Young (Mixed) (G1 Evacuation Pause) 133M->41M(160M) 13.694ms
[2025-06-26T14:07:53.485+0530][321113.804s][info][gc,cpu         ] GC(257) User=0.00s Sys=0.00s Real=0.01s
[2025-06-26T14:27:22.431+0530][322282.751s][info][gc,start       ] GC(258) Pause Young (Concurrent Start) (G1 Evacuation Pause)
[2025-06-26T14:27:22.431+0530][322282.751s][info][gc,task        ] GC(258) Using 13 workers of 13 for evacuation
[2025-06-26T14:27:22.445+0530][322282.765s][info][gc,phases      ] GC(258)   Pre Evacuate Collection Set: 0.7ms
[2025-06-26T14:27:22.445+0530][322282.765s][info][gc,phases      ] GC(258)   Merge Heap Roots: 0.1ms
[2025-06-26T14:27:22.445+0530][322282.765s][info][gc,phases      ] GC(258)   Evacuate Collection Set: 11.9ms
[2025-06-26T14:27:22.445+0530][322282.765s][info][gc,phases      ] GC(258)   Post Evacuate Collection Set: 0.4ms
[2025-06-26T14:27:22.445+0530][322282.765s][info][gc,phases      ] GC(258)   Other: 0.2ms
[2025-06-26T14:27:22.445+0530][322282.765s][info][gc,heap        ] GC(258) Eden regions: 23->0(23)
[2025-06-26T14:27:22.445+0530][322282.765s][info][gc,heap        ] GC(258) Survivor regions: 1->1(3)
[2025-06-26T14:27:22.445+0530][322282.765s][info][gc,heap        ] GC(258) Old regions: 11->11
[2025-06-26T14:27:22.445+0530][322282.765s][info][gc,heap        ] GC(258) Humongous regions: 0->0
[2025-06-26T14:27:22.445+0530][322282.765s][info][gc,metaspace   ] GC(258) Metaspace: 93344K(94336K)->93344K(94336K) NonClass: 82343K(82944K)->82343K(82944K) Class: 11001K(11392K)->11001K(11392K)
[2025-06-26T14:27:22.445+0530][322282.765s][info][gc             ] GC(258) Pause Young (Concurrent Start) (G1 Evacuation Pause) 133M->41M(160M) 13.800ms
[2025-06-26T14:27:22.445+0530][322282.765s][info][gc,cpu         ] GC(258) User=0.02s Sys=0.02s Real=0.01s
[2025-06-26T14:27:22.445+0530][322282.765s][info][gc             ] GC(259) Concurrent Mark Cycle
[2025-06-26T14:27:22.445+0530][322282.765s][info][gc,marking     ] GC(259) Concurrent Scan Root Regions
[2025-06-26T14:27:22.455+0530][322282.775s][info][gc,marking     ] GC(259) Concurrent Scan Root Regions 10.343ms
[2025-06-26T14:27:22.455+0530][322282.776s][info][gc,marking     ] GC(259) Concurrent Mark
[2025-06-26T14:27:22.455+0530][322282.776s][info][gc,marking     ] GC(259) Concurrent Mark From Roots
[2025-06-26T14:27:22.455+0530][322282.776s][info][gc,task        ] GC(259) Using 3 workers of 3 for marking
[2025-06-26T14:27:22.489+0530][322282.808s][info][gc,marking     ] GC(259) Concurrent Mark From Roots 32.755ms
[2025-06-26T14:27:22.489+0530][322282.808s][info][gc,marking     ] GC(259) Concurrent Preclean
[2025-06-26T14:27:22.489+0530][322282.809s][info][gc,marking     ] GC(259) Concurrent Preclean 0.282ms
[2025-06-26T14:27:22.489+0530][322282.809s][info][gc,start       ] GC(259) Pause Remark
[2025-06-26T14:27:22.497+0530][322282.817s][info][gc             ] GC(259) Pause Remark 41M->41M(160M) 7.800ms
[2025-06-26T14:27:22.497+0530][322282.817s][info][gc,cpu         ] GC(259) User=0.00s Sys=0.00s Real=0.01s
[2025-06-26T14:27:22.497+0530][322282.817s][info][gc,marking     ] GC(259) Concurrent Mark 41.087ms
[2025-06-26T14:27:22.497+0530][322282.817s][info][gc,marking     ] GC(259) Concurrent Rebuild Remembered Sets and Scrub Regions
[2025-06-26T14:27:22.503+0530][322282.823s][info][gc,marking     ] GC(259) Concurrent Rebuild Remembered Sets and Scrub Regions 6.510ms
[2025-06-26T14:27:22.503+0530][322282.823s][info][gc,start       ] GC(259) Pause Cleanup
[2025-06-26T14:27:22.504+0530][322282.823s][info][gc             ] GC(259) Pause Cleanup 41M->41M(160M) 0.206ms
[2025-06-26T14:27:22.504+0530][322282.823s][info][gc,cpu         ] GC(259) User=0.00s Sys=0.00s Real=0.00s
[2025-06-26T14:27:22.504+0530][322282.824s][info][gc,marking     ] GC(259) Concurrent Clear Claimed Marks
[2025-06-26T14:27:22.504+0530][322282.824s][info][gc,marking     ] GC(259) Concurrent Clear Claimed Marks 0.071ms
[2025-06-26T14:27:22.504+0530][322282.824s][info][gc,marking     ] GC(259) Concurrent Cleanup for Next Mark
[2025-06-26T14:27:22.504+0530][322282.824s][info][gc,marking     ] GC(259) Concurrent Cleanup for Next Mark 0.488ms
[2025-06-26T14:27:22.504+0530][322282.824s][info][gc             ] GC(259) Concurrent Mark Cycle 59.040ms
[2025-06-26T14:46:54.545+0530][323454.865s][info][gc,start       ] GC(260) Pause Young (Prepare Mixed) (G1 Evacuation Pause)
[2025-06-26T14:46:54.545+0530][323454.865s][info][gc,task        ] GC(260) Using 13 workers of 13 for evacuation
[2025-06-26T14:46:54.557+0530][323454.878s][info][gc,phases      ] GC(260)   Pre Evacuate Collection Set: 11.5ms
[2025-06-26T14:46:54.557+0530][323454.878s][info][gc,phases      ] GC(260)   Merge Heap Roots: 0.1ms
[2025-06-26T14:46:54.558+0530][323454.878s][info][gc,phases      ] GC(260)   Evacuate Collection Set: 0.8ms
[2025-06-26T14:46:54.558+0530][323454.878s][info][gc,phases      ] GC(260)   Post Evacuate Collection Set: 0.3ms
[2025-06-26T14:46:54.558+0530][323454.878s][info][gc,phases      ] GC(260)   Other: 0.1ms
[2025-06-26T14:46:54.558+0530][323454.878s][info][gc,heap        ] GC(260) Eden regions: 23->0(23)
[2025-06-26T14:46:54.558+0530][323454.878s][info][gc,heap        ] GC(260) Survivor regions: 1->1(3)
[2025-06-26T14:46:54.558+0530][323454.878s][info][gc,heap        ] GC(260) Old regions: 11->12
[2025-06-26T14:46:54.558+0530][323454.878s][info][gc,heap        ] GC(260) Humongous regions: 0->0
[2025-06-26T14:46:54.558+0530][323454.878s][info][gc,metaspace   ] GC(260) Metaspace: 93344K(94336K)->93344K(94336K) NonClass: 82343K(82944K)->82343K(82944K) Class: 11001K(11392K)->11001K(11392K)
[2025-06-26T14:46:54.558+0530][323454.878s][info][gc             ] GC(260) Pause Young (Prepare Mixed) (G1 Evacuation Pause) 133M->41M(160M) 13.125ms
[2025-06-26T14:46:54.558+0530][323454.878s][info][gc,cpu         ] GC(260) User=0.00s Sys=0.00s Real=0.01s
[2025-06-26T15:06:26.928+0530][324627.248s][info][gc,start       ] GC(261) Pause Young (Mixed) (G1 Evacuation Pause)
[2025-06-26T15:06:26.928+0530][324627.248s][info][gc,task        ] GC(261) Using 13 workers of 13 for evacuation
[2025-06-26T15:06:26.943+0530][324627.263s][info][gc,phases      ] GC(261)   Pre Evacuate Collection Set: 1.3ms
[2025-06-26T15:06:26.943+0530][324627.263s][info][gc,phases      ] GC(261)   Merge Heap Roots: 0.4ms
[2025-06-26T15:06:26.943+0530][324627.263s][info][gc,phases      ] GC(261)   Evacuate Collection Set: 1.1ms
[2025-06-26T15:06:26.943+0530][324627.263s][info][gc,phases      ] GC(261)   Post Evacuate Collection Set: 0.7ms
[2025-06-26T15:06:26.943+0530][324627.263s][info][gc,phases      ] GC(261)   Other: 11.5ms
[2025-06-26T15:06:26.943+0530][324627.263s][info][gc,heap        ] GC(261) Eden regions: 23->0(23)
[2025-06-26T15:06:26.943+0530][324627.263s][info][gc,heap        ] GC(261) Survivor regions: 1->1(3)
[2025-06-26T15:06:26.943+0530][324627.263s][info][gc,heap        ] GC(261) Old regions: 12->11
[2025-06-26T15:06:26.943+0530][324627.263s][info][gc,heap        ] GC(261) Humongous regions: 0->0
[2025-06-26T15:06:26.943+0530][324627.263s][info][gc,metaspace   ] GC(261) Metaspace: 93344K(94336K)->93344K(94336K) NonClass: 82343K(82944K)->82343K(82944K) Class: 11001K(11392K)->11001K(11392K)
[2025-06-26T15:06:26.943+0530][324627.263s][info][gc             ] GC(261) Pause Young (Mixed) (G1 Evacuation Pause) 133M->41M(160M) 15.417ms
[2025-06-26T15:06:26.943+0530][324627.263s][info][gc,cpu         ] GC(261) User=0.00s Sys=0.00s Real=0.02s
[2025-06-26T15:25:57.025+0530][325797.344s][info][gc,start       ] GC(262) Pause Young (Concurrent Start) (G1 Evacuation Pause)
[2025-06-26T15:25:57.025+0530][325797.344s][info][gc,task        ] GC(262) Using 13 workers of 13 for evacuation
[2025-06-26T15:25:57.037+0530][325797.357s][info][gc,phases      ] GC(262)   Pre Evacuate Collection Set: 0.7ms
[2025-06-26T15:25:57.037+0530][325797.357s][info][gc,phases      ] GC(262)   Merge Heap Roots: 0.1ms
[2025-06-26T15:25:57.037+0530][325797.357s][info][gc,phases      ] GC(262)   Evacuate Collection Set: 11.5ms
[2025-06-26T15:25:57.037+0530][325797.357s][info][gc,phases      ] GC(262)   Post Evacuate Collection Set: 0.4ms
[2025-06-26T15:25:57.037+0530][325797.357s][info][gc,phases      ] GC(262)   Other: 0.2ms
[2025-06-26T15:25:57.037+0530][325797.357s][info][gc,heap        ] GC(262) Eden regions: 23->0(23)
[2025-06-26T15:25:57.037+0530][325797.357s][info][gc,heap        ] GC(262) Survivor regions: 1->1(3)
[2025-06-26T15:25:57.037+0530][325797.357s][info][gc,heap        ] GC(262) Old regions: 11->11
[2025-06-26T15:25:57.037+0530][325797.357s][info][gc,heap        ] GC(262) Humongous regions: 0->0
[2025-06-26T15:25:57.037+0530][325797.357s][info][gc,metaspace   ] GC(262) Metaspace: 93344K(94336K)->93344K(94336K) NonClass: 82343K(82944K)->82343K(82944K) Class: 11001K(11392K)->11001K(11392K)
[2025-06-26T15:25:57.037+0530][325797.357s][info][gc             ] GC(262) Pause Young (Concurrent Start) (G1 Evacuation Pause) 133M->41M(160M) 13.217ms
[2025-06-26T15:25:57.038+0530][325797.357s][info][gc,cpu         ] GC(262) User=0.00s Sys=0.00s Real=0.01s
[2025-06-26T15:25:57.038+0530][325797.357s][info][gc             ] GC(263) Concurrent Mark Cycle
[2025-06-26T15:25:57.038+0530][325797.357s][info][gc,marking     ] GC(263) Concurrent Scan Root Regions
[2025-06-26T15:25:57.039+0530][325797.358s][info][gc,marking     ] GC(263) Concurrent Scan Root Regions 1.043ms
[2025-06-26T15:25:57.039+0530][325797.358s][info][gc,marking     ] GC(263) Concurrent Mark
[2025-06-26T15:25:57.039+0530][325797.358s][info][gc,marking     ] GC(263) Concurrent Mark From Roots
[2025-06-26T15:25:57.039+0530][325797.359s][info][gc,task        ] GC(263) Using 3 workers of 3 for marking
[2025-06-26T15:25:57.055+0530][325797.375s][info][gc,marking     ] GC(263) Concurrent Mark From Roots 16.811ms
[2025-06-26T15:25:57.055+0530][325797.375s][info][gc,marking     ] GC(263) Concurrent Preclean
[2025-06-26T15:25:57.055+0530][325797.376s][info][gc,marking     ] GC(263) Concurrent Preclean 0.332ms
[2025-06-26T15:25:57.055+0530][325797.376s][info][gc,start       ] GC(263) Pause Remark
[2025-06-26T15:25:57.057+0530][325797.377s][info][gc             ] GC(263) Pause Remark 41M->41M(160M) 1.362ms
[2025-06-26T15:25:57.057+0530][325797.377s][info][gc,cpu         ] GC(263) User=0.00s Sys=0.00s Real=0.00s
[2025-06-26T15:25:57.057+0530][325797.377s][info][gc,marking     ] GC(263) Concurrent Mark 18.706ms
[2025-06-26T15:25:57.057+0530][325797.377s][info][gc,marking     ] GC(263) Concurrent Rebuild Remembered Sets and Scrub Regions
[2025-06-26T15:25:57.063+0530][325797.382s][info][gc,marking     ] GC(263) Concurrent Rebuild Remembered Sets and Scrub Regions 4.766ms
[2025-06-26T15:25:57.063+0530][325797.382s][info][gc,start       ] GC(263) Pause Cleanup
[2025-06-26T15:25:57.063+0530][325797.382s][info][gc             ] GC(263) Pause Cleanup 41M->41M(160M) 0.099ms
[2025-06-26T15:25:57.063+0530][325797.382s][info][gc,cpu         ] GC(263) User=0.00s Sys=0.00s Real=0.00s
[2025-06-26T15:25:57.063+0530][325797.382s][info][gc,marking     ] GC(263) Concurrent Clear Claimed Marks
[2025-06-26T15:25:57.063+0530][325797.382s][info][gc,marking     ] GC(263) Concurrent Clear Claimed Marks 0.062ms
[2025-06-26T15:25:57.063+0530][325797.382s][info][gc,marking     ] GC(263) Concurrent Cleanup for Next Mark
[2025-06-26T15:25:57.063+0530][325797.383s][info][gc,marking     ] GC(263) Concurrent Cleanup for Next Mark 0.305ms
[2025-06-26T15:25:57.063+0530][325797.383s][info][gc             ] GC(263) Concurrent Mark Cycle 25.263ms
