[2025-06-14T23:55:34.253+0530][0.018s][info][gc,init] CardTable entry size: 512
[2025-06-14T23:55:34.253+0530][0.019s][info][gc     ] Using G1
[2025-06-14T23:55:34.255+0530][0.020s][info][gc,init] Version: 21.0.7+6-LTS (release)
[2025-06-14T23:55:34.255+0530][0.020s][info][gc,init] CPUs: 16 total, 16 available
[2025-06-14T23:55:34.255+0530][0.020s][info][gc,init] Memory: 20332M
[2025-06-14T23:55:34.255+0530][0.020s][info][gc,init] Large Page Support: Disabled
[2025-06-14T23:55:34.255+0530][0.020s][info][gc,init] NUMA Support: Disabled
[2025-06-14T23:55:34.255+0530][0.020s][info][gc,init] Compressed Oops: Enabled (Zero based)
[2025-06-14T23:55:34.255+0530][0.020s][info][gc,init] Heap Region Size: 4M
[2025-06-14T23:55:34.255+0530][0.020s][info][gc,init] Heap Min Capacity: 8M
[2025-06-14T23:55:34.255+0530][0.020s][info][gc,init] Heap Initial Capacity: 320M
[2025-06-14T23:55:34.255+0530][0.020s][info][gc,init] Heap Max Capacity: 5084M
[2025-06-14T23:55:34.255+0530][0.020s][info][gc,init] Pre-touch: Disabled
[2025-06-14T23:55:34.255+0530][0.020s][info][gc,init] Parallel Workers: 13
[2025-06-14T23:55:34.255+0530][0.020s][info][gc,init] Concurrent Workers: 3
[2025-06-14T23:55:34.255+0530][0.020s][info][gc,init] Concurrent Refinement Workers: 13
[2025-06-14T23:55:34.255+0530][0.020s][info][gc,init] Periodic GC: Disabled
[2025-06-14T23:55:34.270+0530][0.036s][info][gc,metaspace] CDS archive(s) not mapped
[2025-06-14T23:55:34.270+0530][0.036s][info][gc,metaspace] Compressed class space mapped at: 0x0000000800000000-0x0000000840000000, reserved size: 1073741824
[2025-06-14T23:55:34.270+0530][0.036s][info][gc,metaspace] Narrow klass base: 0x0000000800000000, Narrow klass shift: 0, Narrow klass range: 0x40000000
[2025-06-14T23:55:34.942+0530][0.707s][info][gc,start    ] GC(0) Pause Young (Normal) (G1 Evacuation Pause)
[2025-06-14T23:55:34.942+0530][0.707s][info][gc,task     ] GC(0) Using 7 workers of 13 for evacuation
[2025-06-14T23:55:34.946+0530][0.712s][info][gc,phases   ] GC(0)   Pre Evacuate Collection Set: 0.1ms
[2025-06-14T23:55:34.946+0530][0.712s][info][gc,phases   ] GC(0)   Merge Heap Roots: 0.1ms
[2025-06-14T23:55:34.946+0530][0.712s][info][gc,phases   ] GC(0)   Evacuate Collection Set: 3.2ms
[2025-06-14T23:55:34.946+0530][0.712s][info][gc,phases   ] GC(0)   Post Evacuate Collection Set: 0.7ms
[2025-06-14T23:55:34.946+0530][0.712s][info][gc,phases   ] GC(0)   Other: 0.3ms
[2025-06-14T23:55:34.946+0530][0.712s][info][gc,heap     ] GC(0) Eden regions: 5->0(6)
[2025-06-14T23:55:34.946+0530][0.712s][info][gc,heap     ] GC(0) Survivor regions: 0->1(1)
[2025-06-14T23:55:34.946+0530][0.712s][info][gc,heap     ] GC(0) Old regions: 0->1
[2025-06-14T23:55:34.946+0530][0.712s][info][gc,heap     ] GC(0) Humongous regions: 0->0
[2025-06-14T23:55:34.946+0530][0.712s][info][gc,metaspace] GC(0) Metaspace: 16215K(16448K)->16215K(16448K) NonClass: 14728K(14848K)->14728K(14848K) Class: 1487K(1600K)->1487K(1600K)
[2025-06-14T23:55:34.946+0530][0.712s][info][gc          ] GC(0) Pause Young (Normal) (G1 Evacuation Pause) 20M->5M(320M) 4.595ms
[2025-06-14T23:55:34.946+0530][0.712s][info][gc,cpu      ] GC(0) User=0.00s Sys=0.00s Real=0.00s
[2025-06-14T23:55:35.263+0530][1.028s][info][gc,start    ] GC(1) Pause Young (Normal) (G1 Evacuation Pause)
[2025-06-14T23:55:35.263+0530][1.028s][info][gc,task     ] GC(1) Using 7 workers of 13 for evacuation
[2025-06-14T23:55:35.266+0530][1.031s][info][gc,phases   ] GC(1)   Pre Evacuate Collection Set: 0.1ms
[2025-06-14T23:55:35.266+0530][1.031s][info][gc,phases   ] GC(1)   Merge Heap Roots: 0.0ms
[2025-06-14T23:55:35.266+0530][1.031s][info][gc,phases   ] GC(1)   Evacuate Collection Set: 1.9ms
[2025-06-14T23:55:35.266+0530][1.031s][info][gc,phases   ] GC(1)   Post Evacuate Collection Set: 0.4ms
[2025-06-14T23:55:35.266+0530][1.031s][info][gc,phases   ] GC(1)   Other: 0.1ms
[2025-06-14T23:55:35.266+0530][1.031s][info][gc,heap     ] GC(1) Eden regions: 6->0(19)
[2025-06-14T23:55:35.266+0530][1.031s][info][gc,heap     ] GC(1) Survivor regions: 1->1(1)
[2025-06-14T23:55:35.266+0530][1.031s][info][gc,heap     ] GC(1) Old regions: 1->2
[2025-06-14T23:55:35.266+0530][1.031s][info][gc,heap     ] GC(1) Humongous regions: 0->0
[2025-06-14T23:55:35.266+0530][1.031s][info][gc,metaspace] GC(1) Metaspace: 19400K(19712K)->19400K(19712K) NonClass: 17544K(17664K)->17544K(17664K) Class: 1855K(2048K)->1855K(2048K)
[2025-06-14T23:55:35.266+0530][1.031s][info][gc          ] GC(1) Pause Young (Normal) (G1 Evacuation Pause) 29M->6M(320M) 2.843ms
[2025-06-14T23:55:35.266+0530][1.031s][info][gc,cpu      ] GC(1) User=0.00s Sys=0.00s Real=0.00s
[2025-06-14T23:55:35.391+0530][1.157s][info][gc,start    ] GC(2) Pause Young (Concurrent Start) (Metadata GC Threshold)
[2025-06-14T23:55:35.392+0530][1.157s][info][gc,task     ] GC(2) Using 7 workers of 13 for evacuation
[2025-06-14T23:55:35.393+0530][1.159s][info][gc,phases   ] GC(2)   Pre Evacuate Collection Set: 0.6ms
[2025-06-14T23:55:35.393+0530][1.159s][info][gc,phases   ] GC(2)   Merge Heap Roots: 0.0ms
[2025-06-14T23:55:35.393+0530][1.159s][info][gc,phases   ] GC(2)   Evacuate Collection Set: 1.2ms
[2025-06-14T23:55:35.393+0530][1.159s][info][gc,phases   ] GC(2)   Post Evacuate Collection Set: 0.3ms
[2025-06-14T23:55:35.393+0530][1.159s][info][gc,phases   ] GC(2)   Other: 0.1ms
[2025-06-14T23:55:35.393+0530][1.159s][info][gc,heap     ] GC(2) Eden regions: 2->0(34)
[2025-06-14T23:55:35.393+0530][1.159s][info][gc,heap     ] GC(2) Survivor regions: 1->1(3)
[2025-06-14T23:55:35.393+0530][1.159s][info][gc,heap     ] GC(2) Old regions: 2->2
[2025-06-14T23:55:35.393+0530][1.159s][info][gc,heap     ] GC(2) Humongous regions: 0->0
[2025-06-14T23:55:35.393+0530][1.159s][info][gc,metaspace] GC(2) Metaspace: 21261K(21504K)->21261K(21504K) NonClass: 19178K(19328K)->19178K(19328K) Class: 2082K(2176K)->2082K(2176K)
[2025-06-14T23:55:35.393+0530][1.159s][info][gc          ] GC(2) Pause Young (Concurrent Start) (Metadata GC Threshold) 13M->7M(320M) 2.449ms
[2025-06-14T23:55:35.393+0530][1.159s][info][gc          ] GC(3) Concurrent Mark Cycle
[2025-06-14T23:55:35.393+0530][1.159s][info][gc,cpu      ] GC(2) User=0.02s Sys=0.00s Real=0.00s
[2025-06-14T23:55:35.393+0530][1.159s][info][gc,marking  ] GC(3) Concurrent Scan Root Regions
[2025-06-14T23:55:35.395+0530][1.161s][info][gc,marking  ] GC(3) Concurrent Scan Root Regions 1.664ms
[2025-06-14T23:55:35.395+0530][1.161s][info][gc,marking  ] GC(3) Concurrent Mark
[2025-06-14T23:55:35.395+0530][1.161s][info][gc,marking  ] GC(3) Concurrent Mark From Roots
[2025-06-14T23:55:35.395+0530][1.161s][info][gc,task     ] GC(3) Using 3 workers of 3 for marking
[2025-06-14T23:55:35.398+0530][1.164s][info][gc,marking  ] GC(3) Concurrent Mark From Roots 3.156ms
[2025-06-14T23:55:35.398+0530][1.164s][info][gc,marking  ] GC(3) Concurrent Preclean
[2025-06-14T23:55:35.398+0530][1.164s][info][gc,marking  ] GC(3) Concurrent Preclean 0.019ms
[2025-06-14T23:55:35.398+0530][1.164s][info][gc,start    ] GC(3) Pause Remark
[2025-06-14T23:55:35.399+0530][1.165s][info][gc          ] GC(3) Pause Remark 8M->8M(40M) 0.971ms
[2025-06-14T23:55:35.399+0530][1.165s][info][gc,cpu      ] GC(3) User=0.00s Sys=0.00s Real=0.00s
[2025-06-14T23:55:35.399+0530][1.165s][info][gc,marking  ] GC(3) Concurrent Mark 4.366ms
[2025-06-14T23:55:35.399+0530][1.165s][info][gc,marking  ] GC(3) Concurrent Rebuild Remembered Sets and Scrub Regions
[2025-06-14T23:55:35.400+0530][1.166s][info][gc,marking  ] GC(3) Concurrent Rebuild Remembered Sets and Scrub Regions 1.027ms
[2025-06-14T23:55:35.400+0530][1.166s][info][gc,start    ] GC(3) Pause Cleanup
[2025-06-14T23:55:35.401+0530][1.166s][info][gc          ] GC(3) Pause Cleanup 8M->8M(40M) 0.055ms
[2025-06-14T23:55:35.401+0530][1.166s][info][gc,cpu      ] GC(3) User=0.00s Sys=0.00s Real=0.00s
[2025-06-14T23:55:35.401+0530][1.166s][info][gc,marking  ] GC(3) Concurrent Clear Claimed Marks
[2025-06-14T23:55:35.401+0530][1.166s][info][gc,marking  ] GC(3) Concurrent Clear Claimed Marks 0.026ms
[2025-06-14T23:55:35.401+0530][1.166s][info][gc,marking  ] GC(3) Concurrent Cleanup for Next Mark
[2025-06-14T23:55:35.401+0530][1.167s][info][gc,marking  ] GC(3) Concurrent Cleanup for Next Mark 0.181ms
[2025-06-14T23:55:35.401+0530][1.167s][info][gc          ] GC(3) Concurrent Mark Cycle 7.612ms
[2025-06-14T23:55:35.766+0530][1.532s][info][gc,start    ] GC(4) Pause Young (Prepare Mixed) (G1 Evacuation Pause)
[2025-06-14T23:55:35.766+0530][1.532s][info][gc,task     ] GC(4) Using 8 workers of 13 for evacuation
[2025-06-14T23:55:35.769+0530][1.535s][info][gc,phases   ] GC(4)   Pre Evacuate Collection Set: 0.1ms
[2025-06-14T23:55:35.769+0530][1.535s][info][gc,phases   ] GC(4)   Merge Heap Roots: 0.0ms
[2025-06-14T23:55:35.769+0530][1.535s][info][gc,phases   ] GC(4)   Evacuate Collection Set: 2.0ms
[2025-06-14T23:55:35.769+0530][1.535s][info][gc,phases   ] GC(4)   Post Evacuate Collection Set: 0.5ms
[2025-06-14T23:55:35.769+0530][1.535s][info][gc,phases   ] GC(4)   Other: 0.1ms
[2025-06-14T23:55:35.769+0530][1.535s][info][gc,heap     ] GC(4) Eden regions: 7->0(5)
[2025-06-14T23:55:35.769+0530][1.535s][info][gc,heap     ] GC(4) Survivor regions: 1->1(5)
[2025-06-14T23:55:35.769+0530][1.535s][info][gc,heap     ] GC(4) Old regions: 2->2
[2025-06-14T23:55:35.769+0530][1.535s][info][gc,heap     ] GC(4) Humongous regions: 0->0
[2025-06-14T23:55:35.769+0530][1.535s][info][gc,metaspace] GC(4) Metaspace: 28128K(28480K)->28128K(28480K) NonClass: 25180K(25344K)->25180K(25344K) Class: 2948K(3136K)->2948K(3136K)
[2025-06-14T23:55:35.769+0530][1.535s][info][gc          ] GC(4) Pause Young (Prepare Mixed) (G1 Evacuation Pause) 35M->9M(44M) 3.023ms
[2025-06-14T23:55:35.769+0530][1.535s][info][gc,cpu      ] GC(4) User=0.00s Sys=0.00s Real=0.00s
[2025-06-14T23:55:36.006+0530][1.771s][info][gc,start    ] GC(5) Pause Young (Mixed) (G1 Evacuation Pause)
[2025-06-14T23:55:36.006+0530][1.771s][info][gc,task     ] GC(5) Using 8 workers of 13 for evacuation
[2025-06-14T23:55:36.008+0530][1.774s][info][gc,phases   ] GC(5)   Pre Evacuate Collection Set: 0.1ms
[2025-06-14T23:55:36.008+0530][1.774s][info][gc,phases   ] GC(5)   Merge Heap Roots: 0.0ms
[2025-06-14T23:55:36.008+0530][1.774s][info][gc,phases   ] GC(5)   Evacuate Collection Set: 2.4ms
[2025-06-14T23:55:36.008+0530][1.774s][info][gc,phases   ] GC(5)   Post Evacuate Collection Set: 0.4ms
[2025-06-14T23:55:36.008+0530][1.774s][info][gc,phases   ] GC(5)   Other: 0.1ms
[2025-06-14T23:55:36.008+0530][1.774s][info][gc,heap     ] GC(5) Eden regions: 5->0(5)
[2025-06-14T23:55:36.008+0530][1.774s][info][gc,heap     ] GC(5) Survivor regions: 1->1(1)
[2025-06-14T23:55:36.008+0530][1.774s][info][gc,heap     ] GC(5) Old regions: 2->2
[2025-06-14T23:55:36.008+0530][1.774s][info][gc,heap     ] GC(5) Humongous regions: 0->0
[2025-06-14T23:55:36.008+0530][1.774s][info][gc,metaspace] GC(5) Metaspace: 31640K(32000K)->31640K(32000K) NonClass: 28243K(28416K)->28243K(28416K) Class: 3397K(3584K)->3397K(3584K)
[2025-06-14T23:55:36.008+0530][1.774s][info][gc          ] GC(5) Pause Young (Mixed) (G1 Evacuation Pause) 29M->10M(44M) 3.244ms
[2025-06-14T23:55:36.008+0530][1.774s][info][gc,cpu      ] GC(5) User=0.00s Sys=0.00s Real=0.00s
[2025-06-14T23:55:36.438+0530][2.204s][info][gc,start    ] GC(6) Pause Young (Normal) (G1 Evacuation Pause)
[2025-06-14T23:55:36.438+0530][2.204s][info][gc,task     ] GC(6) Using 7 workers of 13 for evacuation
[2025-06-14T23:55:36.442+0530][2.207s][info][gc,phases   ] GC(6)   Pre Evacuate Collection Set: 0.1ms
[2025-06-14T23:55:36.442+0530][2.207s][info][gc,phases   ] GC(6)   Merge Heap Roots: 0.1ms
[2025-06-14T23:55:36.442+0530][2.207s][info][gc,phases   ] GC(6)   Evacuate Collection Set: 2.4ms
[2025-06-14T23:55:36.442+0530][2.207s][info][gc,phases   ] GC(6)   Post Evacuate Collection Set: 0.4ms
[2025-06-14T23:55:36.442+0530][2.207s][info][gc,phases   ] GC(6)   Other: 0.1ms
[2025-06-14T23:55:36.442+0530][2.207s][info][gc,heap     ] GC(6) Eden regions: 5->0(5)
[2025-06-14T23:55:36.442+0530][2.207s][info][gc,heap     ] GC(6) Survivor regions: 1->1(1)
[2025-06-14T23:55:36.442+0530][2.207s][info][gc,heap     ] GC(6) Old regions: 2->3
[2025-06-14T23:55:36.442+0530][2.207s][info][gc,heap     ] GC(6) Humongous regions: 0->0
[2025-06-14T23:55:36.442+0530][2.207s][info][gc,metaspace] GC(6) Metaspace: 33675K(34048K)->33675K(34048K) NonClass: 30088K(30272K)->30088K(30272K) Class: 3587K(3776K)->3587K(3776K)
[2025-06-14T23:55:36.442+0530][2.207s][info][gc          ] GC(6) Pause Young (Normal) (G1 Evacuation Pause) 30M->12M(44M) 3.293ms
[2025-06-14T23:55:36.442+0530][2.207s][info][gc,cpu      ] GC(6) User=0.00s Sys=0.00s Real=0.00s
[2025-06-14T23:55:36.910+0530][2.675s][info][gc,start    ] GC(7) Pause Young (Normal) (G1 Evacuation Pause)
[2025-06-14T23:55:36.910+0530][2.675s][info][gc,task     ] GC(7) Using 6 workers of 13 for evacuation
[2025-06-14T23:55:36.913+0530][2.678s][info][gc,phases   ] GC(7)   Pre Evacuate Collection Set: 0.1ms
[2025-06-14T23:55:36.913+0530][2.678s][info][gc,phases   ] GC(7)   Merge Heap Roots: 0.0ms
[2025-06-14T23:55:36.913+0530][2.678s][info][gc,phases   ] GC(7)   Evacuate Collection Set: 2.5ms
[2025-06-14T23:55:36.913+0530][2.678s][info][gc,phases   ] GC(7)   Post Evacuate Collection Set: 0.3ms
[2025-06-14T23:55:36.913+0530][2.678s][info][gc,phases   ] GC(7)   Other: 0.1ms
[2025-06-14T23:55:36.913+0530][2.678s][info][gc,heap     ] GC(7) Eden regions: 5->0(5)
[2025-06-14T23:55:36.913+0530][2.678s][info][gc,heap     ] GC(7) Survivor regions: 1->1(1)
[2025-06-14T23:55:36.913+0530][2.678s][info][gc,heap     ] GC(7) Old regions: 3->3
[2025-06-14T23:55:36.913+0530][2.678s][info][gc,heap     ] GC(7) Humongous regions: 0->0
[2025-06-14T23:55:36.913+0530][2.678s][info][gc,metaspace] GC(7) Metaspace: 35682K(36032K)->35682K(36032K) NonClass: 31830K(32000K)->31830K(32000K) Class: 3851K(4032K)->3851K(4032K)
[2025-06-14T23:55:36.913+0530][2.678s][info][gc          ] GC(7) Pause Young (Normal) (G1 Evacuation Pause) 32M->13M(44M) 3.145ms
[2025-06-14T23:55:36.913+0530][2.678s][info][gc,cpu      ] GC(7) User=0.02s Sys=0.00s Real=0.00s
[2025-06-14T23:55:36.931+0530][2.696s][info][gc,start    ] GC(8) Pause Young (Concurrent Start) (Metadata GC Threshold)
[2025-06-14T23:55:36.931+0530][2.696s][info][gc,task     ] GC(8) Using 6 workers of 13 for evacuation
[2025-06-14T23:55:36.932+0530][2.698s][info][gc,phases   ] GC(8)   Pre Evacuate Collection Set: 0.1ms
[2025-06-14T23:55:36.933+0530][2.698s][info][gc,phases   ] GC(8)   Merge Heap Roots: 0.0ms
[2025-06-14T23:55:36.933+0530][2.698s][info][gc,phases   ] GC(8)   Evacuate Collection Set: 1.3ms
[2025-06-14T23:55:36.933+0530][2.698s][info][gc,phases   ] GC(8)   Post Evacuate Collection Set: 0.2ms
[2025-06-14T23:55:36.933+0530][2.698s][info][gc,phases   ] GC(8)   Other: 0.1ms
[2025-06-14T23:55:36.933+0530][2.698s][info][gc,heap     ] GC(8) Eden regions: 1->0(5)
[2025-06-14T23:55:36.933+0530][2.698s][info][gc,heap     ] GC(8) Survivor regions: 1->1(1)
[2025-06-14T23:55:36.933+0530][2.698s][info][gc,heap     ] GC(8) Old regions: 3->3
[2025-06-14T23:55:36.933+0530][2.698s][info][gc,heap     ] GC(8) Humongous regions: 0->0
[2025-06-14T23:55:36.933+0530][2.698s][info][gc,metaspace] GC(8) Metaspace: 35732K(36096K)->35732K(36096K) NonClass: 31872K(32064K)->31872K(32064K) Class: 3860K(4032K)->3860K(4032K)
[2025-06-14T23:55:36.933+0530][2.698s][info][gc          ] GC(8) Pause Young (Concurrent Start) (Metadata GC Threshold) 14M->13M(44M) 1.922ms
[2025-06-14T23:55:36.933+0530][2.698s][info][gc          ] GC(9) Concurrent Mark Cycle
[2025-06-14T23:55:36.933+0530][2.698s][info][gc,cpu      ] GC(8) User=0.00s Sys=0.00s Real=0.00s
[2025-06-14T23:55:36.933+0530][2.698s][info][gc,marking  ] GC(9) Concurrent Scan Root Regions
[2025-06-14T23:55:36.934+0530][2.699s][info][gc,marking  ] GC(9) Concurrent Scan Root Regions 1.041ms
[2025-06-14T23:55:36.934+0530][2.699s][info][gc,marking  ] GC(9) Concurrent Mark
[2025-06-14T23:55:36.934+0530][2.699s][info][gc,marking  ] GC(9) Concurrent Mark From Roots
[2025-06-14T23:55:36.934+0530][2.699s][info][gc,task     ] GC(9) Using 3 workers of 3 for marking
[2025-06-14T23:55:36.940+0530][2.706s][info][gc,marking  ] GC(9) Concurrent Mark From Roots 6.056ms
[2025-06-14T23:55:36.940+0530][2.706s][info][gc,marking  ] GC(9) Concurrent Preclean
[2025-06-14T23:55:36.940+0530][2.706s][info][gc,marking  ] GC(9) Concurrent Preclean 0.082ms
[2025-06-14T23:55:36.941+0530][2.706s][info][gc,start    ] GC(9) Pause Remark
[2025-06-14T23:55:36.943+0530][2.708s][info][gc          ] GC(9) Pause Remark 13M->13M(44M) 2.417ms
[2025-06-14T23:55:36.943+0530][2.708s][info][gc,cpu      ] GC(9) User=0.00s Sys=0.00s Real=0.00s
[2025-06-14T23:55:36.943+0530][2.708s][info][gc,marking  ] GC(9) Concurrent Mark 8.782ms
[2025-06-14T23:55:36.943+0530][2.708s][info][gc,marking  ] GC(9) Concurrent Rebuild Remembered Sets and Scrub Regions
[2025-06-14T23:55:36.944+0530][2.709s][info][gc,marking  ] GC(9) Concurrent Rebuild Remembered Sets and Scrub Regions 1.000ms
[2025-06-14T23:55:36.944+0530][2.709s][info][gc,start    ] GC(9) Pause Cleanup
[2025-06-14T23:55:36.944+0530][2.709s][info][gc          ] GC(9) Pause Cleanup 13M->13M(44M) 0.044ms
[2025-06-14T23:55:36.944+0530][2.709s][info][gc,cpu      ] GC(9) User=0.00s Sys=0.00s Real=0.00s
[2025-06-14T23:55:36.944+0530][2.709s][info][gc,marking  ] GC(9) Concurrent Clear Claimed Marks
[2025-06-14T23:55:36.944+0530][2.710s][info][gc,marking  ] GC(9) Concurrent Clear Claimed Marks 0.059ms
[2025-06-14T23:55:36.944+0530][2.710s][info][gc,marking  ] GC(9) Concurrent Cleanup for Next Mark
[2025-06-14T23:55:36.944+0530][2.710s][info][gc,marking  ] GC(9) Concurrent Cleanup for Next Mark 0.129ms
[2025-06-14T23:55:36.944+0530][2.710s][info][gc          ] GC(9) Concurrent Mark Cycle 11.356ms
[2025-06-14T23:55:37.366+0530][3.132s][info][gc,start    ] GC(10) Pause Young (Normal) (G1 Evacuation Pause)
[2025-06-14T23:55:37.366+0530][3.132s][info][gc,task     ] GC(10) Using 6 workers of 13 for evacuation
[2025-06-14T23:55:37.368+0530][3.134s][info][gc,phases   ] GC(10)   Pre Evacuate Collection Set: 0.1ms
[2025-06-14T23:55:37.368+0530][3.134s][info][gc,phases   ] GC(10)   Merge Heap Roots: 0.1ms
[2025-06-14T23:55:37.368+0530][3.134s][info][gc,phases   ] GC(10)   Evacuate Collection Set: 1.2ms
[2025-06-14T23:55:37.368+0530][3.134s][info][gc,phases   ] GC(10)   Post Evacuate Collection Set: 0.2ms
[2025-06-14T23:55:37.368+0530][3.134s][info][gc,phases   ] GC(10)   Other: 0.1ms
[2025-06-14T23:55:37.368+0530][3.134s][info][gc,heap     ] GC(10) Eden regions: 5->0(5)
[2025-06-14T23:55:37.368+0530][3.134s][info][gc,heap     ] GC(10) Survivor regions: 1->1(1)
[2025-06-14T23:55:37.368+0530][3.134s][info][gc,heap     ] GC(10) Old regions: 3->3
[2025-06-14T23:55:37.368+0530][3.134s][info][gc,heap     ] GC(10) Humongous regions: 0->0
[2025-06-14T23:55:37.368+0530][3.134s][info][gc,metaspace] GC(10) Metaspace: 38857K(39296K)->38857K(39296K) NonClass: 34469K(34688K)->34469K(34688K) Class: 4388K(4608K)->4388K(4608K)
[2025-06-14T23:55:37.368+0530][3.134s][info][gc          ] GC(10) Pause Young (Normal) (G1 Evacuation Pause) 33M->15M(44M) 1.798ms
[2025-06-14T23:55:37.368+0530][3.134s][info][gc,cpu      ] GC(10) User=0.00s Sys=0.00s Real=0.00s
[2025-06-14T23:55:37.790+0530][3.555s][info][gc,start    ] GC(11) Pause Young (Normal) (G1 Evacuation Pause)
[2025-06-14T23:55:37.790+0530][3.555s][info][gc,task     ] GC(11) Using 6 workers of 13 for evacuation
[2025-06-14T23:55:37.793+0530][3.559s][info][gc,phases   ] GC(11)   Pre Evacuate Collection Set: 0.1ms
[2025-06-14T23:55:37.793+0530][3.559s][info][gc,phases   ] GC(11)   Merge Heap Roots: 0.1ms
[2025-06-14T23:55:37.793+0530][3.559s][info][gc,phases   ] GC(11)   Evacuate Collection Set: 3.0ms
[2025-06-14T23:55:37.793+0530][3.559s][info][gc,phases   ] GC(11)   Post Evacuate Collection Set: 0.4ms
[2025-06-14T23:55:37.793+0530][3.559s][info][gc,phases   ] GC(11)   Other: 0.1ms
[2025-06-14T23:55:37.793+0530][3.559s][info][gc,heap     ] GC(11) Eden regions: 5->0(4)
[2025-06-14T23:55:37.793+0530][3.559s][info][gc,heap     ] GC(11) Survivor regions: 1->1(1)
[2025-06-14T23:55:37.793+0530][3.559s][info][gc,heap     ] GC(11) Old regions: 3->4
[2025-06-14T23:55:37.793+0530][3.559s][info][gc,heap     ] GC(11) Humongous regions: 0->0
[2025-06-14T23:55:37.793+0530][3.559s][info][gc,metaspace] GC(11) Metaspace: 42726K(43264K)->42726K(43264K) NonClass: 37814K(38080K)->37814K(38080K) Class: 4912K(5184K)->4912K(5184K)
[2025-06-14T23:55:37.793+0530][3.559s][info][gc          ] GC(11) Pause Young (Normal) (G1 Evacuation Pause) 35M->17M(44M) 3.873ms
[2025-06-14T23:55:37.793+0530][3.559s][info][gc,cpu      ] GC(11) User=0.00s Sys=0.00s Real=0.00s
[2025-06-14T23:55:38.108+0530][3.874s][info][gc,start    ] GC(12) Pause Young (Normal) (G1 Evacuation Pause)
[2025-06-14T23:55:38.108+0530][3.874s][info][gc,task     ] GC(12) Using 12 workers of 13 for evacuation
[2025-06-14T23:55:38.111+0530][3.877s][info][gc,phases   ] GC(12)   Pre Evacuate Collection Set: 0.1ms
[2025-06-14T23:55:38.111+0530][3.877s][info][gc,phases   ] GC(12)   Merge Heap Roots: 0.1ms
[2025-06-14T23:55:38.111+0530][3.877s][info][gc,phases   ] GC(12)   Evacuate Collection Set: 2.1ms
[2025-06-14T23:55:38.111+0530][3.877s][info][gc,phases   ] GC(12)   Post Evacuate Collection Set: 0.5ms
[2025-06-14T23:55:38.111+0530][3.877s][info][gc,phases   ] GC(12)   Other: 0.1ms
[2025-06-14T23:55:38.111+0530][3.877s][info][gc,heap     ] GC(12) Eden regions: 4->0(3)
[2025-06-14T23:55:38.111+0530][3.877s][info][gc,heap     ] GC(12) Survivor regions: 1->1(1)
[2025-06-14T23:55:38.111+0530][3.877s][info][gc,heap     ] GC(12) Old regions: 4->5
[2025-06-14T23:55:38.111+0530][3.877s][info][gc,heap     ] GC(12) Humongous regions: 0->0
[2025-06-14T23:55:38.111+0530][3.877s][info][gc,metaspace] GC(12) Metaspace: 45358K(45888K)->45358K(45888K) NonClass: 40070K(40320K)->40070K(40320K) Class: 5288K(5568K)->5288K(5568K)
[2025-06-14T23:55:38.111+0530][3.877s][info][gc          ] GC(12) Pause Young (Normal) (G1 Evacuation Pause) 33M->18M(44M) 3.178ms
[2025-06-14T23:55:38.111+0530][3.877s][info][gc,cpu      ] GC(12) User=0.00s Sys=0.00s Real=0.00s
[2025-06-14T23:55:38.204+0530][3.971s][info][gc,start    ] GC(13) Pause Young (Concurrent Start) (G1 Evacuation Pause)
[2025-06-14T23:55:38.204+0530][3.971s][info][gc,task     ] GC(13) Using 12 workers of 13 for evacuation
[2025-06-14T23:55:38.206+0530][3.972s][info][gc,phases   ] GC(13)   Pre Evacuate Collection Set: 0.1ms
[2025-06-14T23:55:38.206+0530][3.972s][info][gc,phases   ] GC(13)   Merge Heap Roots: 0.0ms
[2025-06-14T23:55:38.206+0530][3.972s][info][gc,phases   ] GC(13)   Evacuate Collection Set: 1.0ms
[2025-06-14T23:55:38.206+0530][3.972s][info][gc,phases   ] GC(13)   Post Evacuate Collection Set: 0.3ms
[2025-06-14T23:55:38.206+0530][3.972s][info][gc,phases   ] GC(13)   Other: 0.1ms
[2025-06-14T23:55:38.206+0530][3.972s][info][gc,heap     ] GC(13) Eden regions: 3->0(3)
[2025-06-14T23:55:38.206+0530][3.972s][info][gc,heap     ] GC(13) Survivor regions: 1->1(1)
[2025-06-14T23:55:38.206+0530][3.972s][info][gc,heap     ] GC(13) Old regions: 5->5
[2025-06-14T23:55:38.206+0530][3.972s][info][gc,heap     ] GC(13) Humongous regions: 0->0
[2025-06-14T23:55:38.206+0530][3.972s][info][gc,metaspace] GC(13) Metaspace: 46345K(46848K)->46345K(46848K) NonClass: 40931K(41216K)->40931K(41216K) Class: 5413K(5632K)->5413K(5632K)
[2025-06-14T23:55:38.206+0530][3.972s][info][gc          ] GC(13) Pause Young (Concurrent Start) (G1 Evacuation Pause) 30M->19M(44M) 1.681ms
[2025-06-14T23:55:38.206+0530][3.972s][info][gc          ] GC(14) Concurrent Mark Cycle
[2025-06-14T23:55:38.206+0530][3.972s][info][gc,cpu      ] GC(13) User=0.00s Sys=0.00s Real=0.00s
[2025-06-14T23:55:38.206+0530][3.972s][info][gc,marking  ] GC(14) Concurrent Scan Root Regions
[2025-06-14T23:55:38.209+0530][3.975s][info][gc,marking  ] GC(14) Concurrent Scan Root Regions 2.484ms
[2025-06-14T23:55:38.209+0530][3.975s][info][gc,marking  ] GC(14) Concurrent Mark
[2025-06-14T23:55:38.209+0530][3.975s][info][gc,marking  ] GC(14) Concurrent Mark From Roots
[2025-06-14T23:55:38.209+0530][3.975s][info][gc,task     ] GC(14) Using 3 workers of 3 for marking
[2025-06-14T23:55:38.220+0530][3.986s][info][gc,marking  ] GC(14) Concurrent Mark From Roots 11.376ms
[2025-06-14T23:55:38.220+0530][3.986s][info][gc,marking  ] GC(14) Concurrent Preclean
[2025-06-14T23:55:38.220+0530][3.986s][info][gc,marking  ] GC(14) Concurrent Preclean 0.089ms
[2025-06-14T23:55:38.221+0530][3.987s][info][gc,start    ] GC(14) Pause Remark
[2025-06-14T23:55:38.224+0530][3.989s][info][gc          ] GC(14) Pause Remark 20M->20M(44M) 2.318ms
[2025-06-14T23:55:38.224+0530][3.989s][info][gc,cpu      ] GC(14) User=0.00s Sys=0.00s Real=0.00s
[2025-06-14T23:55:38.224+0530][3.989s][info][gc,marking  ] GC(14) Concurrent Mark 14.160ms
[2025-06-14T23:55:38.224+0530][3.989s][info][gc,marking  ] GC(14) Concurrent Rebuild Remembered Sets and Scrub Regions
[2025-06-14T23:55:38.229+0530][3.994s][info][gc,marking  ] GC(14) Concurrent Rebuild Remembered Sets and Scrub Regions 4.700ms
[2025-06-14T23:55:38.229+0530][3.994s][info][gc,start    ] GC(14) Pause Cleanup
[2025-06-14T23:55:38.229+0530][3.994s][info][gc          ] GC(14) Pause Cleanup 22M->22M(44M) 0.122ms
[2025-06-14T23:55:38.229+0530][3.994s][info][gc,cpu      ] GC(14) User=0.00s Sys=0.00s Real=0.00s
[2025-06-14T23:55:38.229+0530][3.994s][info][gc,marking  ] GC(14) Concurrent Clear Claimed Marks
[2025-06-14T23:55:38.229+0530][3.994s][info][gc,marking  ] GC(14) Concurrent Clear Claimed Marks 0.070ms
[2025-06-14T23:55:38.229+0530][3.994s][info][gc,marking  ] GC(14) Concurrent Cleanup for Next Mark
[2025-06-14T23:55:38.229+0530][3.994s][info][gc,marking  ] GC(14) Concurrent Cleanup for Next Mark 0.119ms
[2025-06-14T23:55:38.229+0530][3.994s][info][gc          ] GC(14) Concurrent Mark Cycle 22.034ms
[2025-06-14T23:55:38.431+0530][4.197s][info][gc,start    ] GC(15) Pause Young (Prepare Mixed) (G1 Evacuation Pause)
[2025-06-14T23:55:38.431+0530][4.197s][info][gc,task     ] GC(15) Using 12 workers of 13 for evacuation
[2025-06-14T23:55:38.434+0530][4.199s][info][gc,phases   ] GC(15)   Pre Evacuate Collection Set: 0.1ms
[2025-06-14T23:55:38.434+0530][4.199s][info][gc,phases   ] GC(15)   Merge Heap Roots: 0.1ms
[2025-06-14T23:55:38.434+0530][4.199s][info][gc,phases   ] GC(15)   Evacuate Collection Set: 1.8ms
[2025-06-14T23:55:38.434+0530][4.199s][info][gc,phases   ] GC(15)   Post Evacuate Collection Set: 0.4ms
[2025-06-14T23:55:38.434+0530][4.199s][info][gc,phases   ] GC(15)   Other: 0.1ms
[2025-06-14T23:55:38.434+0530][4.199s][info][gc,heap     ] GC(15) Eden regions: 3->0(3)
[2025-06-14T23:55:38.434+0530][4.199s][info][gc,heap     ] GC(15) Survivor regions: 1->1(1)
[2025-06-14T23:55:38.434+0530][4.199s][info][gc,heap     ] GC(15) Old regions: 5->5
[2025-06-14T23:55:38.434+0530][4.199s][info][gc,heap     ] GC(15) Humongous regions: 0->0
[2025-06-14T23:55:38.434+0530][4.199s][info][gc,metaspace] GC(15) Metaspace: 48616K(49152K)->48616K(49152K) NonClass: 42849K(43136K)->42849K(43136K) Class: 5766K(6016K)->5766K(6016K)
[2025-06-14T23:55:38.434+0530][4.199s][info][gc          ] GC(15) Pause Young (Prepare Mixed) (G1 Evacuation Pause) 31M->19M(44M) 2.849ms
[2025-06-14T23:55:38.434+0530][4.199s][info][gc,cpu      ] GC(15) User=0.00s Sys=0.00s Real=0.00s
[2025-06-14T23:55:38.842+0530][4.607s][info][gc,start    ] GC(16) Pause Young (Mixed) (G1 Evacuation Pause)
[2025-06-14T23:55:38.842+0530][4.608s][info][gc,task     ] GC(16) Using 12 workers of 13 for evacuation
[2025-06-14T23:55:38.847+0530][4.612s][info][gc,phases   ] GC(16)   Pre Evacuate Collection Set: 0.1ms
[2025-06-14T23:55:38.847+0530][4.612s][info][gc,phases   ] GC(16)   Merge Heap Roots: 0.1ms
[2025-06-14T23:55:38.847+0530][4.612s][info][gc,phases   ] GC(16)   Evacuate Collection Set: 3.3ms
[2025-06-14T23:55:38.847+0530][4.612s][info][gc,phases   ] GC(16)   Post Evacuate Collection Set: 0.9ms
[2025-06-14T23:55:38.847+0530][4.612s][info][gc,phases   ] GC(16)   Other: 0.1ms
[2025-06-14T23:55:38.847+0530][4.612s][info][gc,heap     ] GC(16) Eden regions: 3->0(26)
[2025-06-14T23:55:38.847+0530][4.612s][info][gc,heap     ] GC(16) Survivor regions: 1->1(1)
[2025-06-14T23:55:38.847+0530][4.612s][info][gc,heap     ] GC(16) Old regions: 5->5
[2025-06-14T23:55:38.847+0530][4.612s][info][gc,heap     ] GC(16) Humongous regions: 0->0
[2025-06-14T23:55:38.847+0530][4.612s][info][gc,metaspace] GC(16) Metaspace: 50994K(51520K)->50994K(51520K) NonClass: 44906K(45184K)->44906K(45184K) Class: 6087K(6336K)->6087K(6336K)
[2025-06-14T23:55:38.847+0530][4.612s][info][gc          ] GC(16) Pause Young (Mixed) (G1 Evacuation Pause) 31M->20M(184M) 4.842ms
[2025-06-14T23:55:38.847+0530][4.612s][info][gc,cpu      ] GC(16) User=0.00s Sys=0.00s Real=0.00s
[2025-06-15T00:01:53.964+0530][379.731s][info][gc,start    ] GC(17) Pause Young (Normal) (G1 Evacuation Pause)
[2025-06-15T00:01:53.964+0530][379.731s][info][gc,task     ] GC(17) Using 10 workers of 13 for evacuation
[2025-06-15T00:01:53.968+0530][379.736s][info][gc,phases   ] GC(17)   Pre Evacuate Collection Set: 0.2ms
[2025-06-15T00:01:53.969+0530][379.736s][info][gc,phases   ] GC(17)   Merge Heap Roots: 0.1ms
[2025-06-15T00:01:53.969+0530][379.736s][info][gc,phases   ] GC(17)   Evacuate Collection Set: 4.4ms
[2025-06-15T00:01:53.969+0530][379.736s][info][gc,phases   ] GC(17)   Post Evacuate Collection Set: 0.6ms
[2025-06-15T00:01:53.969+0530][379.736s][info][gc,phases   ] GC(17)   Other: 0.1ms
[2025-06-15T00:01:53.969+0530][379.736s][info][gc,heap     ] GC(17) Eden regions: 26->0(24)
[2025-06-15T00:01:53.969+0530][379.736s][info][gc,heap     ] GC(17) Survivor regions: 1->3(4)
[2025-06-15T00:01:53.969+0530][379.736s][info][gc,heap     ] GC(17) Old regions: 5->5
[2025-06-15T00:01:53.969+0530][379.736s][info][gc,heap     ] GC(17) Humongous regions: 0->0
[2025-06-15T00:01:53.969+0530][379.736s][info][gc,metaspace] GC(17) Metaspace: 65143K(65920K)->65143K(65920K) NonClass: 57181K(57600K)->57181K(57600K) Class: 7962K(8320K)->7962K(8320K)
[2025-06-15T00:01:53.969+0530][379.736s][info][gc          ] GC(17) Pause Young (Normal) (G1 Evacuation Pause) 124M->27M(184M) 5.558ms
[2025-06-15T00:01:53.969+0530][379.736s][info][gc,cpu      ] GC(17) User=0.00s Sys=0.00s Real=0.01s
[2025-06-15T00:05:29.862+0530][595.630s][info][gc,start    ] GC(18) Pause Full (System.gc())
[2025-06-15T00:05:29.862+0530][595.630s][info][gc,task     ] GC(18) Using 4 workers of 13 for full compaction
[2025-06-15T00:05:29.862+0530][595.631s][info][gc,phases,start] GC(18) Phase 1: Mark live objects
[2025-06-15T00:05:29.881+0530][595.650s][info][gc,phases      ] GC(18) Phase 1: Mark live objects 19.719ms
[2025-06-15T00:05:29.883+0530][595.650s][info][gc,phases,start] GC(18) Phase 2: Prepare compaction
[2025-06-15T00:05:29.884+0530][595.653s][info][gc,phases      ] GC(18) Phase 2: Prepare compaction 2.384ms
[2025-06-15T00:05:29.884+0530][595.653s][info][gc,phases,start] GC(18) Phase 3: Adjust pointers
[2025-06-15T00:05:29.894+0530][595.662s][info][gc,phases      ] GC(18) Phase 3: Adjust pointers 9.506ms
[2025-06-15T00:05:29.894+0530][595.662s][info][gc,phases,start] GC(18) Phase 4: Compact heap
[2025-06-15T00:05:29.899+0530][595.667s][info][gc,phases      ] GC(18) Phase 4: Compact heap 4.633ms
[2025-06-15T00:05:29.899+0530][595.667s][info][gc,phases,start] GC(18) Phase 5: Reset Metadata
[2025-06-15T00:05:29.899+0530][595.668s][info][gc,phases      ] GC(18) Phase 5: Reset Metadata 0.645ms
[2025-06-15T00:05:29.906+0530][595.675s][info][gc,heap        ] GC(18) Eden regions: 5->0(13)
[2025-06-15T00:05:29.906+0530][595.675s][info][gc,heap        ] GC(18) Survivor regions: 3->0(4)
[2025-06-15T00:05:29.906+0530][595.675s][info][gc,heap        ] GC(18) Old regions: 5->7
[2025-06-15T00:05:29.906+0530][595.675s][info][gc,heap        ] GC(18) Humongous regions: 0->0
[2025-06-15T00:05:29.906+0530][595.675s][info][gc,metaspace   ] GC(18) Metaspace: 65857K(66688K)->65832K(66688K) NonClass: 57797K(58240K)->57779K(58240K) Class: 8060K(8448K)->8053K(8448K)
[2025-06-15T00:05:29.906+0530][595.675s][info][gc             ] GC(18) Pause Full (System.gc()) 45M->23M(96M) 44.368ms
[2025-06-15T00:05:29.906+0530][595.675s][info][gc,cpu         ] GC(18) User=0.00s Sys=0.00s Real=0.04s
[2025-06-15T00:05:30.667+0530][596.435s][info][gc,start       ] GC(19) Pause Young (Normal) (G1 Evacuation Pause)
[2025-06-15T00:05:30.667+0530][596.435s][info][gc,task        ] GC(19) Using 12 workers of 13 for evacuation
[2025-06-15T00:05:30.669+0530][596.438s][info][gc,phases      ] GC(19)   Pre Evacuate Collection Set: 0.1ms
[2025-06-15T00:05:30.669+0530][596.438s][info][gc,phases      ] GC(19)   Merge Heap Roots: 0.0ms
[2025-06-15T00:05:30.669+0530][596.438s][info][gc,phases      ] GC(19)   Evacuate Collection Set: 1.8ms
[2025-06-15T00:05:30.669+0530][596.438s][info][gc,phases      ] GC(19)   Post Evacuate Collection Set: 0.3ms
[2025-06-15T00:05:30.669+0530][596.438s][info][gc,phases      ] GC(19)   Other: 0.1ms
[2025-06-15T00:05:30.669+0530][596.438s][info][gc,heap        ] GC(19) Eden regions: 13->0(11)
[2025-06-15T00:05:30.669+0530][596.438s][info][gc,heap        ] GC(19) Survivor regions: 0->2(2)
[2025-06-15T00:05:30.669+0530][596.438s][info][gc,heap        ] GC(19) Old regions: 7->7
[2025-06-15T00:05:30.669+0530][596.438s][info][gc,heap        ] GC(19) Humongous regions: 0->0
[2025-06-15T00:05:30.669+0530][596.438s][info][gc,metaspace   ] GC(19) Metaspace: 66394K(67200K)->66394K(67200K) NonClass: 58318K(58752K)->58318K(58752K) Class: 8075K(8448K)->8075K(8448K)
[2025-06-15T00:05:30.669+0530][596.438s][info][gc             ] GC(19) Pause Young (Normal) (G1 Evacuation Pause) 75M->28M(96M) 2.518ms
[2025-06-15T00:05:30.669+0530][596.438s][info][gc,cpu         ] GC(19) User=0.00s Sys=0.00s Real=0.00s
[2025-06-15T09:50:39.948+0530][35710.294s][info][gc,start       ] GC(20) Pause Young (Normal) (G1 Evacuation Pause)
[2025-06-15T09:50:39.949+0530][35710.294s][info][gc,task        ] GC(20) Using 10 workers of 13 for evacuation
[2025-06-15T09:50:39.950+0530][35710.296s][info][gc,phases      ] GC(20)   Pre Evacuate Collection Set: 0.3ms
[2025-06-15T09:50:39.951+0530][35710.296s][info][gc,phases      ] GC(20)   Merge Heap Roots: 0.1ms
[2025-06-15T09:50:39.951+0530][35710.297s][info][gc,phases      ] GC(20)   Evacuate Collection Set: 1.6ms
[2025-06-15T09:50:39.951+0530][35710.297s][info][gc,phases      ] GC(20)   Post Evacuate Collection Set: 0.3ms
[2025-06-15T09:50:39.951+0530][35710.297s][info][gc,phases      ] GC(20)   Other: 0.1ms
[2025-06-15T09:50:39.951+0530][35710.297s][info][gc,heap        ] GC(20) Eden regions: 11->0(12)
[2025-06-15T09:50:39.951+0530][35710.297s][info][gc,heap        ] GC(20) Survivor regions: 2->1(2)
[2025-06-15T09:50:39.951+0530][35710.297s][info][gc,heap        ] GC(20) Old regions: 7->8
[2025-06-15T09:50:39.951+0530][35710.297s][info][gc,heap        ] GC(20) Humongous regions: 0->0
[2025-06-15T09:50:39.951+0530][35710.297s][info][gc,metaspace   ] GC(20) Metaspace: 66740K(67520K)->66740K(67520K) NonClass: 58658K(59072K)->58658K(59072K) Class: 8082K(8448K)->8082K(8448K)
[2025-06-15T09:50:39.951+0530][35710.297s][info][gc             ] GC(20) Pause Young (Normal) (G1 Evacuation Pause) 72M->29M(96M) 2.695ms
[2025-06-15T09:50:39.951+0530][35710.297s][info][gc,cpu         ] GC(20) User=0.00s Sys=0.00s Real=0.00s
[2025-06-15T10:10:56.112+0530][36926.444s][info][gc,start       ] GC(21) Pause Young (Normal) (G1 Evacuation Pause)
[2025-06-15T10:10:56.112+0530][36926.444s][info][gc,task        ] GC(21) Using 9 workers of 13 for evacuation
[2025-06-15T10:10:56.114+0530][36926.446s][info][gc,phases      ] GC(21)   Pre Evacuate Collection Set: 0.1ms
[2025-06-15T10:10:56.114+0530][36926.446s][info][gc,phases      ] GC(21)   Merge Heap Roots: 0.1ms
[2025-06-15T10:10:56.114+0530][36926.446s][info][gc,phases      ] GC(21)   Evacuate Collection Set: 0.8ms
[2025-06-15T10:10:56.114+0530][36926.446s][info][gc,phases      ] GC(21)   Post Evacuate Collection Set: 0.5ms
[2025-06-15T10:10:56.114+0530][36926.446s][info][gc,phases      ] GC(21)   Other: 0.1ms
[2025-06-15T10:10:56.114+0530][36926.446s][info][gc,heap        ] GC(21) Eden regions: 12->0(12)
[2025-06-15T10:10:56.114+0530][36926.446s][info][gc,heap        ] GC(21) Survivor regions: 1->1(2)
[2025-06-15T10:10:56.114+0530][36926.446s][info][gc,heap        ] GC(21) Old regions: 8->8
[2025-06-15T10:10:56.114+0530][36926.446s][info][gc,heap        ] GC(21) Humongous regions: 0->0
[2025-06-15T10:10:56.114+0530][36926.446s][info][gc,metaspace   ] GC(21) Metaspace: 66881K(67776K)->66881K(67776K) NonClass: 58792K(59264K)->58792K(59264K) Class: 8088K(8512K)->8088K(8512K)
[2025-06-15T10:10:56.114+0530][36926.446s][info][gc             ] GC(21) Pause Young (Normal) (G1 Evacuation Pause) 77M->28M(96M) 1.936ms
[2025-06-15T10:10:56.114+0530][36926.446s][info][gc,cpu         ] GC(21) User=0.00s Sys=0.00s Real=0.00s
[2025-06-15T10:31:57.367+0530][38187.643s][info][gc,start       ] GC(22) Pause Young (Normal) (G1 Evacuation Pause)
[2025-06-15T10:31:57.367+0530][38187.643s][info][gc,task        ] GC(22) Using 8 workers of 13 for evacuation
[2025-06-15T10:31:57.368+0530][38187.645s][info][gc,phases      ] GC(22)   Pre Evacuate Collection Set: 0.3ms
[2025-06-15T10:31:57.368+0530][38187.645s][info][gc,phases      ] GC(22)   Merge Heap Roots: 0.1ms
[2025-06-15T10:31:57.368+0530][38187.645s][info][gc,phases      ] GC(22)   Evacuate Collection Set: 0.9ms
[2025-06-15T10:31:57.368+0530][38187.645s][info][gc,phases      ] GC(22)   Post Evacuate Collection Set: 0.3ms
[2025-06-15T10:31:57.369+0530][38187.645s][info][gc,phases      ] GC(22)   Other: 0.2ms
[2025-06-15T10:31:57.369+0530][38187.645s][info][gc,heap        ] GC(22) Eden regions: 12->0(12)
[2025-06-15T10:31:57.369+0530][38187.645s][info][gc,heap        ] GC(22) Survivor regions: 1->1(2)
[2025-06-15T10:31:57.369+0530][38187.645s][info][gc,heap        ] GC(22) Old regions: 8->8
[2025-06-15T10:31:57.369+0530][38187.645s][info][gc,heap        ] GC(22) Humongous regions: 0->0
[2025-06-15T10:31:57.369+0530][38187.645s][info][gc,metaspace   ] GC(22) Metaspace: 66927K(67776K)->66927K(67776K) NonClass: 58839K(59264K)->58839K(59264K) Class: 8088K(8512K)->8088K(8512K)
[2025-06-15T10:31:57.369+0530][38187.645s][info][gc             ] GC(22) Pause Young (Normal) (G1 Evacuation Pause) 76M->28M(96M) 2.108ms
[2025-06-15T10:31:57.369+0530][38187.645s][info][gc,cpu         ] GC(22) User=0.00s Sys=0.00s Real=0.00s
[2025-06-15T10:53:19.734+0530][39469.973s][info][gc,start       ] GC(23) Pause Young (Normal) (G1 Evacuation Pause)
[2025-06-15T10:53:19.734+0530][39469.973s][info][gc,task        ] GC(23) Using 8 workers of 13 for evacuation
[2025-06-15T10:53:19.735+0530][39469.974s][info][gc,phases      ] GC(23)   Pre Evacuate Collection Set: 0.3ms
[2025-06-15T10:53:19.735+0530][39469.975s][info][gc,phases      ] GC(23)   Merge Heap Roots: 0.1ms
[2025-06-15T10:53:19.735+0530][39469.975s][info][gc,phases      ] GC(23)   Evacuate Collection Set: 0.7ms
[2025-06-15T10:53:19.735+0530][39469.975s][info][gc,phases      ] GC(23)   Post Evacuate Collection Set: 0.3ms
[2025-06-15T10:53:19.735+0530][39469.975s][info][gc,phases      ] GC(23)   Other: 0.1ms
[2025-06-15T10:53:19.735+0530][39469.975s][info][gc,heap        ] GC(23) Eden regions: 12->0(12)
[2025-06-15T10:53:19.735+0530][39469.975s][info][gc,heap        ] GC(23) Survivor regions: 1->1(2)
[2025-06-15T10:53:19.735+0530][39469.975s][info][gc,heap        ] GC(23) Old regions: 8->8
[2025-06-15T10:53:19.735+0530][39469.975s][info][gc,heap        ] GC(23) Humongous regions: 0->0
[2025-06-15T10:53:19.735+0530][39469.975s][info][gc,metaspace   ] GC(23) Metaspace: 66936K(67840K)->66936K(67840K) NonClass: 58848K(59328K)->58848K(59328K) Class: 8088K(8512K)->8088K(8512K)
[2025-06-15T10:53:19.735+0530][39469.975s][info][gc             ] GC(23) Pause Young (Normal) (G1 Evacuation Pause) 76M->28M(96M) 2.015ms
[2025-06-15T10:53:19.735+0530][39469.975s][info][gc,cpu         ] GC(23) User=0.00s Sys=0.00s Real=0.00s
[2025-06-15T11:14:41.731+0530][40751.944s][info][gc,start       ] GC(24) Pause Young (Normal) (G1 Evacuation Pause)
[2025-06-15T11:14:41.731+0530][40751.944s][info][gc,task        ] GC(24) Using 8 workers of 13 for evacuation
[2025-06-15T11:14:41.731+0530][40751.946s][info][gc,phases      ] GC(24)   Pre Evacuate Collection Set: 0.2ms
[2025-06-15T11:14:41.733+0530][40751.946s][info][gc,phases      ] GC(24)   Merge Heap Roots: 0.2ms
[2025-06-15T11:14:41.733+0530][40751.946s][info][gc,phases      ] GC(24)   Evacuate Collection Set: 0.7ms
[2025-06-15T11:14:41.733+0530][40751.946s][info][gc,phases      ] GC(24)   Post Evacuate Collection Set: 0.3ms
[2025-06-15T11:14:41.733+0530][40751.946s][info][gc,phases      ] GC(24)   Other: 0.1ms
[2025-06-15T11:14:41.733+0530][40751.946s][info][gc,heap        ] GC(24) Eden regions: 12->0(12)
[2025-06-15T11:14:41.733+0530][40751.946s][info][gc,heap        ] GC(24) Survivor regions: 1->1(2)
[2025-06-15T11:14:41.733+0530][40751.946s][info][gc,heap        ] GC(24) Old regions: 8->8
[2025-06-15T11:14:41.733+0530][40751.946s][info][gc,heap        ] GC(24) Humongous regions: 0->0
[2025-06-15T11:14:41.733+0530][40751.946s][info][gc,metaspace   ] GC(24) Metaspace: 66942K(67840K)->66942K(67840K) NonClass: 58853K(59328K)->58853K(59328K) Class: 8089K(8512K)->8089K(8512K)
[2025-06-15T11:14:41.733+0530][40751.946s][info][gc             ] GC(24) Pause Young (Normal) (G1 Evacuation Pause) 76M->28M(96M) 1.931ms
[2025-06-15T11:14:41.733+0530][40751.946s][info][gc,cpu         ] GC(24) User=0.00s Sys=0.00s Real=0.00s
[2025-06-15T11:36:02.798+0530][42032.996s][info][gc,start       ] GC(25) Pause Young (Normal) (G1 Evacuation Pause)
[2025-06-15T11:36:02.798+0530][42032.996s][info][gc,task        ] GC(25) Using 8 workers of 13 for evacuation
[2025-06-15T11:36:02.800+0530][42032.997s][info][gc,phases      ] GC(25)   Pre Evacuate Collection Set: 0.2ms
[2025-06-15T11:36:02.800+0530][42032.997s][info][gc,phases      ] GC(25)   Merge Heap Roots: 0.1ms
[2025-06-15T11:36:02.800+0530][42032.998s][info][gc,phases      ] GC(25)   Evacuate Collection Set: 0.8ms
[2025-06-15T11:36:02.800+0530][42032.998s][info][gc,phases      ] GC(25)   Post Evacuate Collection Set: 0.3ms
[2025-06-15T11:36:02.800+0530][42032.998s][info][gc,phases      ] GC(25)   Other: 0.1ms
[2025-06-15T11:36:02.800+0530][42032.998s][info][gc,heap        ] GC(25) Eden regions: 12->0(12)
[2025-06-15T11:36:02.800+0530][42032.998s][info][gc,heap        ] GC(25) Survivor regions: 1->1(2)
[2025-06-15T11:36:02.800+0530][42032.998s][info][gc,heap        ] GC(25) Old regions: 8->8
[2025-06-15T11:36:02.800+0530][42032.998s][info][gc,heap        ] GC(25) Humongous regions: 0->0
[2025-06-15T11:36:02.800+0530][42032.998s][info][gc,metaspace   ] GC(25) Metaspace: 66959K(67840K)->66959K(67840K) NonClass: 58869K(59328K)->58869K(59328K) Class: 8089K(8512K)->8089K(8512K)
[2025-06-15T11:36:02.800+0530][42032.998s][info][gc             ] GC(25) Pause Young (Normal) (G1 Evacuation Pause) 76M->28M(96M) 1.749ms
[2025-06-15T11:36:02.800+0530][42032.998s][info][gc,cpu         ] GC(25) User=0.00s Sys=0.00s Real=0.00s
[2025-06-15T11:57:38.225+0530][43328.412s][info][gc,start       ] GC(26) Pause Young (Normal) (G1 Evacuation Pause)
[2025-06-15T11:57:38.225+0530][43328.413s][info][gc,task        ] GC(26) Using 8 workers of 13 for evacuation
[2025-06-15T11:57:38.227+0530][43328.414s][info][gc,phases      ] GC(26)   Pre Evacuate Collection Set: 0.2ms
[2025-06-15T11:57:38.227+0530][43328.414s][info][gc,phases      ] GC(26)   Merge Heap Roots: 0.1ms
[2025-06-15T11:57:38.227+0530][43328.414s][info][gc,phases      ] GC(26)   Evacuate Collection Set: 0.7ms
[2025-06-15T11:57:38.227+0530][43328.414s][info][gc,phases      ] GC(26)   Post Evacuate Collection Set: 0.3ms
[2025-06-15T11:57:38.227+0530][43328.414s][info][gc,phases      ] GC(26)   Other: 0.1ms
[2025-06-15T11:57:38.227+0530][43328.414s][info][gc,heap        ] GC(26) Eden regions: 12->0(12)
[2025-06-15T11:57:38.227+0530][43328.414s][info][gc,heap        ] GC(26) Survivor regions: 1->1(2)
[2025-06-15T11:57:38.227+0530][43328.414s][info][gc,heap        ] GC(26) Old regions: 8->8
[2025-06-15T11:57:38.227+0530][43328.414s][info][gc,heap        ] GC(26) Humongous regions: 0->0
[2025-06-15T11:57:38.227+0530][43328.414s][info][gc,metaspace   ] GC(26) Metaspace: 66967K(67840K)->66967K(67840K) NonClass: 58877K(59328K)->58877K(59328K) Class: 8089K(8512K)->8089K(8512K)
[2025-06-15T11:57:38.227+0530][43328.414s][info][gc             ] GC(26) Pause Young (Normal) (G1 Evacuation Pause) 76M->28M(96M) 1.808ms
[2025-06-15T11:57:38.227+0530][43328.414s][info][gc,cpu         ] GC(26) User=0.00s Sys=0.00s Real=0.00s
[2025-06-15T12:19:13.289+0530][44623.469s][info][gc,start       ] GC(27) Pause Young (Normal) (G1 Evacuation Pause)
[2025-06-15T12:19:13.289+0530][44623.469s][info][gc,task        ] GC(27) Using 8 workers of 13 for evacuation
[2025-06-15T12:19:13.290+0530][44623.471s][info][gc,phases      ] GC(27)   Pre Evacuate Collection Set: 0.2ms
[2025-06-15T12:19:13.290+0530][44623.471s][info][gc,phases      ] GC(27)   Merge Heap Roots: 0.1ms
[2025-06-15T12:19:13.290+0530][44623.471s][info][gc,phases      ] GC(27)   Evacuate Collection Set: 0.8ms
[2025-06-15T12:19:13.290+0530][44623.471s][info][gc,phases      ] GC(27)   Post Evacuate Collection Set: 0.3ms
[2025-06-15T12:19:13.290+0530][44623.471s][info][gc,phases      ] GC(27)   Other: 0.1ms
[2025-06-15T12:19:13.290+0530][44623.471s][info][gc,heap        ] GC(27) Eden regions: 12->0(12)
[2025-06-15T12:19:13.290+0530][44623.471s][info][gc,heap        ] GC(27) Survivor regions: 1->1(2)
[2025-06-15T12:19:13.290+0530][44623.471s][info][gc,heap        ] GC(27) Old regions: 8->8
[2025-06-15T12:19:13.290+0530][44623.471s][info][gc,heap        ] GC(27) Humongous regions: 0->0
[2025-06-15T12:19:13.290+0530][44623.471s][info][gc,metaspace   ] GC(27) Metaspace: 66976K(67904K)->66976K(67904K) NonClass: 58886K(59392K)->58886K(59392K) Class: 8089K(8512K)->8089K(8512K)
[2025-06-15T12:19:13.290+0530][44623.471s][info][gc             ] GC(27) Pause Young (Normal) (G1 Evacuation Pause) 76M->28M(96M) 1.753ms
[2025-06-15T12:19:13.290+0530][44623.471s][info][gc,cpu         ] GC(27) User=0.00s Sys=0.00s Real=0.00s
[2025-06-15T12:40:44.077+0530][45914.252s][info][gc,start       ] GC(28) Pause Young (Normal) (G1 Evacuation Pause)
[2025-06-15T12:40:44.077+0530][45914.252s][info][gc,task        ] GC(28) Using 8 workers of 13 for evacuation
[2025-06-15T12:40:44.078+0530][45914.254s][info][gc,phases      ] GC(28)   Pre Evacuate Collection Set: 0.2ms
[2025-06-15T12:40:44.078+0530][45914.254s][info][gc,phases      ] GC(28)   Merge Heap Roots: 0.1ms
[2025-06-15T12:40:44.078+0530][45914.254s][info][gc,phases      ] GC(28)   Evacuate Collection Set: 0.7ms
[2025-06-15T12:40:44.078+0530][45914.254s][info][gc,phases      ] GC(28)   Post Evacuate Collection Set: 0.3ms
[2025-06-15T12:40:44.078+0530][45914.254s][info][gc,phases      ] GC(28)   Other: 0.1ms
[2025-06-15T12:40:44.078+0530][45914.254s][info][gc,heap        ] GC(28) Eden regions: 12->0(12)
[2025-06-15T12:40:44.078+0530][45914.254s][info][gc,heap        ] GC(28) Survivor regions: 1->1(2)
[2025-06-15T12:40:44.078+0530][45914.254s][info][gc,heap        ] GC(28) Old regions: 8->8
[2025-06-15T12:40:44.078+0530][45914.254s][info][gc,heap        ] GC(28) Humongous regions: 0->0
[2025-06-15T12:40:44.078+0530][45914.254s][info][gc,metaspace   ] GC(28) Metaspace: 66976K(67904K)->66976K(67904K) NonClass: 58886K(59392K)->58886K(59392K) Class: 8089K(8512K)->8089K(8512K)
[2025-06-15T12:40:44.078+0530][45914.254s][info][gc             ] GC(28) Pause Young (Normal) (G1 Evacuation Pause) 76M->28M(96M) 1.546ms
[2025-06-15T12:40:44.079+0530][45914.254s][info][gc,cpu         ] GC(28) User=0.00s Sys=0.00s Real=0.00s
[2025-06-15T13:02:24.304+0530][47214.477s][info][gc,start       ] GC(29) Pause Young (Normal) (G1 Evacuation Pause)
[2025-06-15T13:02:24.304+0530][47214.477s][info][gc,task        ] GC(29) Using 8 workers of 13 for evacuation
[2025-06-15T13:02:24.306+0530][47214.479s][info][gc,phases      ] GC(29)   Pre Evacuate Collection Set: 0.3ms
[2025-06-15T13:02:24.306+0530][47214.479s][info][gc,phases      ] GC(29)   Merge Heap Roots: 0.2ms
[2025-06-15T13:02:24.306+0530][47214.479s][info][gc,phases      ] GC(29)   Evacuate Collection Set: 0.8ms
[2025-06-15T13:02:24.306+0530][47214.479s][info][gc,phases      ] GC(29)   Post Evacuate Collection Set: 0.3ms
[2025-06-15T13:02:24.306+0530][47214.479s][info][gc,phases      ] GC(29)   Other: 0.1ms
[2025-06-15T13:02:24.306+0530][47214.479s][info][gc,heap        ] GC(29) Eden regions: 12->0(12)
[2025-06-15T13:02:24.306+0530][47214.479s][info][gc,heap        ] GC(29) Survivor regions: 1->1(2)
[2025-06-15T13:02:24.306+0530][47214.479s][info][gc,heap        ] GC(29) Old regions: 8->8
[2025-06-15T13:02:24.306+0530][47214.479s][info][gc,heap        ] GC(29) Humongous regions: 0->0
[2025-06-15T13:02:24.306+0530][47214.479s][info][gc,metaspace   ] GC(29) Metaspace: 66984K(67904K)->66984K(67904K) NonClass: 58894K(59392K)->58894K(59392K) Class: 8089K(8512K)->8089K(8512K)
[2025-06-15T13:02:24.306+0530][47214.479s][info][gc             ] GC(29) Pause Young (Normal) (G1 Evacuation Pause) 76M->28M(96M) 2.037ms
[2025-06-15T13:02:24.306+0530][47214.479s][info][gc,cpu         ] GC(29) User=0.00s Sys=0.00s Real=0.00s
[2025-06-15T13:23:58.592+0530][48508.762s][info][gc,start       ] GC(30) Pause Young (Normal) (G1 Evacuation Pause)
[2025-06-15T13:23:58.592+0530][48508.762s][info][gc,task        ] GC(30) Using 8 workers of 13 for evacuation
[2025-06-15T13:23:58.594+0530][48508.764s][info][gc,phases      ] GC(30)   Pre Evacuate Collection Set: 0.2ms
[2025-06-15T13:23:58.594+0530][48508.764s][info][gc,phases      ] GC(30)   Merge Heap Roots: 0.2ms
[2025-06-15T13:23:58.594+0530][48508.764s][info][gc,phases      ] GC(30)   Evacuate Collection Set: 0.9ms
[2025-06-15T13:23:58.594+0530][48508.764s][info][gc,phases      ] GC(30)   Post Evacuate Collection Set: 0.3ms
[2025-06-15T13:23:58.594+0530][48508.764s][info][gc,phases      ] GC(30)   Other: 0.1ms
[2025-06-15T13:23:58.594+0530][48508.764s][info][gc,heap        ] GC(30) Eden regions: 12->0(12)
[2025-06-15T13:23:58.594+0530][48508.764s][info][gc,heap        ] GC(30) Survivor regions: 1->1(2)
[2025-06-15T13:23:58.594+0530][48508.764s][info][gc,heap        ] GC(30) Old regions: 8->8
[2025-06-15T13:23:58.594+0530][48508.764s][info][gc,heap        ] GC(30) Humongous regions: 0->0
[2025-06-15T13:23:58.594+0530][48508.764s][info][gc,metaspace   ] GC(30) Metaspace: 66993K(67904K)->66993K(67904K) NonClass: 58903K(59392K)->58903K(59392K) Class: 8090K(8512K)->8090K(8512K)
[2025-06-15T13:23:58.594+0530][48508.764s][info][gc             ] GC(30) Pause Young (Normal) (G1 Evacuation Pause) 76M->28M(96M) 2.053ms
[2025-06-15T13:23:58.594+0530][48508.764s][info][gc,cpu         ] GC(30) User=0.00s Sys=0.00s Real=0.00s
[2025-06-15T13:45:31.499+0530][49801.668s][info][gc,start       ] GC(31) Pause Young (Normal) (G1 Evacuation Pause)
[2025-06-15T13:45:31.499+0530][49801.668s][info][gc,task        ] GC(31) Using 8 workers of 13 for evacuation
[2025-06-15T13:45:31.501+0530][49801.670s][info][gc,phases      ] GC(31)   Pre Evacuate Collection Set: 0.3ms
[2025-06-15T13:45:31.501+0530][49801.670s][info][gc,phases      ] GC(31)   Merge Heap Roots: 0.1ms
[2025-06-15T13:45:31.501+0530][49801.670s][info][gc,phases      ] GC(31)   Evacuate Collection Set: 0.8ms
[2025-06-15T13:45:31.501+0530][49801.670s][info][gc,phases      ] GC(31)   Post Evacuate Collection Set: 0.4ms
[2025-06-15T13:45:31.501+0530][49801.670s][info][gc,phases      ] GC(31)   Other: 0.1ms
[2025-06-15T13:45:31.501+0530][49801.670s][info][gc,heap        ] GC(31) Eden regions: 12->0(12)
[2025-06-15T13:45:31.501+0530][49801.670s][info][gc,heap        ] GC(31) Survivor regions: 1->1(2)
[2025-06-15T13:45:31.501+0530][49801.670s][info][gc,heap        ] GC(31) Old regions: 8->8
[2025-06-15T13:45:31.501+0530][49801.670s][info][gc,heap        ] GC(31) Humongous regions: 0->0
[2025-06-15T13:45:31.501+0530][49801.670s][info][gc,metaspace   ] GC(31) Metaspace: 67025K(67904K)->67025K(67904K) NonClass: 58935K(59392K)->58935K(59392K) Class: 8090K(8512K)->8090K(8512K)
[2025-06-15T13:45:31.501+0530][49801.670s][info][gc             ] GC(31) Pause Young (Normal) (G1 Evacuation Pause) 76M->28M(96M) 1.972ms
[2025-06-15T13:45:31.501+0530][49801.670s][info][gc,cpu         ] GC(31) User=0.00s Sys=0.00s Real=0.00s
[2025-06-15T14:07:14.782+0530][51104.950s][info][gc,start       ] GC(32) Pause Young (Normal) (G1 Evacuation Pause)
[2025-06-15T14:07:14.782+0530][51104.950s][info][gc,task        ] GC(32) Using 8 workers of 13 for evacuation
[2025-06-15T14:07:14.784+0530][51104.952s][info][gc,phases      ] GC(32)   Pre Evacuate Collection Set: 0.2ms
[2025-06-15T14:07:14.784+0530][51104.952s][info][gc,phases      ] GC(32)   Merge Heap Roots: 0.1ms
[2025-06-15T14:07:14.784+0530][51104.952s][info][gc,phases      ] GC(32)   Evacuate Collection Set: 0.7ms
[2025-06-15T14:07:14.784+0530][51104.952s][info][gc,phases      ] GC(32)   Post Evacuate Collection Set: 0.3ms
[2025-06-15T14:07:14.784+0530][51104.952s][info][gc,phases      ] GC(32)   Other: 0.1ms
[2025-06-15T14:07:14.784+0530][51104.952s][info][gc,heap        ] GC(32) Eden regions: 12->0(12)
[2025-06-15T14:07:14.784+0530][51104.952s][info][gc,heap        ] GC(32) Survivor regions: 1->1(2)
[2025-06-15T14:07:14.784+0530][51104.952s][info][gc,heap        ] GC(32) Old regions: 8->8
[2025-06-15T14:07:14.784+0530][51104.952s][info][gc,heap        ] GC(32) Humongous regions: 0->0
[2025-06-15T14:07:14.784+0530][51104.952s][info][gc,metaspace   ] GC(32) Metaspace: 67032K(67904K)->67032K(67904K) NonClass: 58942K(59392K)->58942K(59392K) Class: 8090K(8512K)->8090K(8512K)
[2025-06-15T14:07:14.784+0530][51104.952s][info][gc             ] GC(32) Pause Young (Normal) (G1 Evacuation Pause) 76M->28M(96M) 1.799ms
[2025-06-15T14:07:14.784+0530][51104.952s][info][gc,cpu         ] GC(32) User=0.00s Sys=0.00s Real=0.00s
[2025-06-15T14:28:59.103+0530][52409.270s][info][gc,start       ] GC(33) Pause Young (Normal) (G1 Evacuation Pause)
[2025-06-15T14:28:59.103+0530][52409.270s][info][gc,task        ] GC(33) Using 8 workers of 13 for evacuation
[2025-06-15T14:28:59.104+0530][52409.272s][info][gc,phases      ] GC(33)   Pre Evacuate Collection Set: 0.2ms
[2025-06-15T14:28:59.104+0530][52409.272s][info][gc,phases      ] GC(33)   Merge Heap Roots: 0.2ms
[2025-06-15T14:28:59.104+0530][52409.272s][info][gc,phases      ] GC(33)   Evacuate Collection Set: 0.8ms
[2025-06-15T14:28:59.104+0530][52409.272s][info][gc,phases      ] GC(33)   Post Evacuate Collection Set: 0.4ms
[2025-06-15T14:28:59.104+0530][52409.272s][info][gc,phases      ] GC(33)   Other: 0.1ms
[2025-06-15T14:28:59.104+0530][52409.272s][info][gc,heap        ] GC(33) Eden regions: 12->0(12)
[2025-06-15T14:28:59.104+0530][52409.272s][info][gc,heap        ] GC(33) Survivor regions: 1->1(2)
[2025-06-15T14:28:59.104+0530][52409.272s][info][gc,heap        ] GC(33) Old regions: 8->8
[2025-06-15T14:28:59.104+0530][52409.272s][info][gc,heap        ] GC(33) Humongous regions: 0->0
[2025-06-15T14:28:59.104+0530][52409.272s][info][gc,metaspace   ] GC(33) Metaspace: 67036K(67904K)->67036K(67904K) NonClass: 58946K(59392K)->58946K(59392K) Class: 8090K(8512K)->8090K(8512K)
[2025-06-15T14:28:59.104+0530][52409.272s][info][gc             ] GC(33) Pause Young (Normal) (G1 Evacuation Pause) 76M->28M(96M) 1.877ms
[2025-06-15T14:28:59.104+0530][52409.272s][info][gc,cpu         ] GC(33) User=0.00s Sys=0.00s Real=0.00s
[2025-06-15T14:50:40.687+0530][53710.854s][info][gc,start       ] GC(34) Pause Young (Normal) (G1 Evacuation Pause)
[2025-06-15T14:50:40.687+0530][53710.855s][info][gc,task        ] GC(34) Using 8 workers of 13 for evacuation
[2025-06-15T14:50:40.688+0530][53710.856s][info][gc,phases      ] GC(34)   Pre Evacuate Collection Set: 0.2ms
[2025-06-15T14:50:40.688+0530][53710.856s][info][gc,phases      ] GC(34)   Merge Heap Roots: 0.1ms
[2025-06-15T14:50:40.688+0530][53710.856s][info][gc,phases      ] GC(34)   Evacuate Collection Set: 0.8ms
[2025-06-15T14:50:40.688+0530][53710.856s][info][gc,phases      ] GC(34)   Post Evacuate Collection Set: 0.3ms
[2025-06-15T14:50:40.688+0530][53710.856s][info][gc,phases      ] GC(34)   Other: 0.1ms
[2025-06-15T14:50:40.688+0530][53710.856s][info][gc,heap        ] GC(34) Eden regions: 12->0(12)
[2025-06-15T14:50:40.688+0530][53710.856s][info][gc,heap        ] GC(34) Survivor regions: 1->1(2)
[2025-06-15T14:50:40.688+0530][53710.856s][info][gc,heap        ] GC(34) Old regions: 8->8
[2025-06-15T14:50:40.688+0530][53710.856s][info][gc,heap        ] GC(34) Humongous regions: 0->0
[2025-06-15T14:50:40.688+0530][53710.856s][info][gc,metaspace   ] GC(34) Metaspace: 67037K(67904K)->67037K(67904K) NonClass: 58947K(59392K)->58947K(59392K) Class: 8090K(8512K)->8090K(8512K)
[2025-06-15T14:50:40.688+0530][53710.856s][info][gc             ] GC(34) Pause Young (Normal) (G1 Evacuation Pause) 76M->28M(96M) 1.778ms
[2025-06-15T14:50:40.688+0530][53710.856s][info][gc,cpu         ] GC(34) User=0.00s Sys=0.00s Real=0.00s
[2025-06-15T15:12:21.935+0530][55012.103s][info][gc,start       ] GC(35) Pause Young (Normal) (G1 Evacuation Pause)
[2025-06-15T15:12:21.935+0530][55012.103s][info][gc,task        ] GC(35) Using 8 workers of 13 for evacuation
[2025-06-15T15:12:21.938+0530][55012.106s][info][gc,phases      ] GC(35)   Pre Evacuate Collection Set: 0.2ms
[2025-06-15T15:12:21.938+0530][55012.106s][info][gc,phases      ] GC(35)   Merge Heap Roots: 0.1ms
[2025-06-15T15:12:21.938+0530][55012.106s][info][gc,phases      ] GC(35)   Evacuate Collection Set: 2.2ms
[2025-06-15T15:12:21.938+0530][55012.106s][info][gc,phases      ] GC(35)   Post Evacuate Collection Set: 0.3ms
[2025-06-15T15:12:21.938+0530][55012.106s][info][gc,phases      ] GC(35)   Other: 0.1ms
[2025-06-15T15:12:21.938+0530][55012.106s][info][gc,heap        ] GC(35) Eden regions: 12->0(11)
[2025-06-15T15:12:21.938+0530][55012.106s][info][gc,heap        ] GC(35) Survivor regions: 1->1(2)
[2025-06-15T15:12:21.938+0530][55012.106s][info][gc,heap        ] GC(35) Old regions: 8->9
[2025-06-15T15:12:21.938+0530][55012.106s][info][gc,heap        ] GC(35) Humongous regions: 0->0
[2025-06-15T15:12:21.938+0530][55012.106s][info][gc,metaspace   ] GC(35) Metaspace: 67044K(67904K)->67044K(67904K) NonClass: 58954K(59392K)->58954K(59392K) Class: 8090K(8512K)->8090K(8512K)
[2025-06-15T15:12:21.938+0530][55012.106s][info][gc             ] GC(35) Pause Young (Normal) (G1 Evacuation Pause) 76M->28M(96M) 3.195ms
[2025-06-15T15:12:21.938+0530][55012.106s][info][gc,cpu         ] GC(35) User=0.00s Sys=0.00s Real=0.00s
[2025-06-15T15:32:15.126+0530][56205.293s][info][gc,start       ] GC(36) Pause Young (Normal) (G1 Evacuation Pause)
[2025-06-15T15:32:15.126+0530][56205.293s][info][gc,task        ] GC(36) Using 8 workers of 13 for evacuation
[2025-06-15T15:32:15.126+0530][56205.294s][info][gc,phases      ] GC(36)   Pre Evacuate Collection Set: 0.3ms
[2025-06-15T15:32:15.126+0530][56205.294s][info][gc,phases      ] GC(36)   Merge Heap Roots: 0.1ms
[2025-06-15T15:32:15.126+0530][56205.294s][info][gc,phases      ] GC(36)   Evacuate Collection Set: 0.5ms
[2025-06-15T15:32:15.126+0530][56205.294s][info][gc,phases      ] GC(36)   Post Evacuate Collection Set: 0.3ms
[2025-06-15T15:32:15.126+0530][56205.294s][info][gc,phases      ] GC(36)   Other: 0.1ms
[2025-06-15T15:32:15.126+0530][56205.294s][info][gc,heap        ] GC(36) Eden regions: 11->0(11)
[2025-06-15T15:32:15.126+0530][56205.294s][info][gc,heap        ] GC(36) Survivor regions: 1->1(2)
[2025-06-15T15:32:15.126+0530][56205.294s][info][gc,heap        ] GC(36) Old regions: 9->9
[2025-06-15T15:32:15.126+0530][56205.294s][info][gc,heap        ] GC(36) Humongous regions: 0->0
[2025-06-15T15:32:15.126+0530][56205.294s][info][gc,metaspace   ] GC(36) Metaspace: 67044K(67904K)->67044K(67904K) NonClass: 58954K(59392K)->58954K(59392K) Class: 8090K(8512K)->8090K(8512K)
[2025-06-15T15:32:15.127+0530][56205.294s][info][gc             ] GC(36) Pause Young (Normal) (G1 Evacuation Pause) 72M->28M(96M) 1.531ms
[2025-06-15T15:32:15.127+0530][56205.294s][info][gc,cpu         ] GC(36) User=0.00s Sys=0.00s Real=0.00s
[2025-06-15T15:52:07.229+0530][57397.396s][info][gc,start       ] GC(37) Pause Young (Normal) (G1 Evacuation Pause)
[2025-06-15T15:52:07.229+0530][57397.397s][info][gc,task        ] GC(37) Using 8 workers of 13 for evacuation
[2025-06-15T15:52:07.230+0530][57397.398s][info][gc,phases      ] GC(37)   Pre Evacuate Collection Set: 0.2ms
[2025-06-15T15:52:07.231+0530][57397.398s][info][gc,phases      ] GC(37)   Merge Heap Roots: 0.1ms
[2025-06-15T15:52:07.231+0530][57397.398s][info][gc,phases      ] GC(37)   Evacuate Collection Set: 0.5ms
[2025-06-15T15:52:07.231+0530][57397.398s][info][gc,phases      ] GC(37)   Post Evacuate Collection Set: 0.3ms
[2025-06-15T15:52:07.231+0530][57397.398s][info][gc,phases      ] GC(37)   Other: 0.1ms
[2025-06-15T15:52:07.231+0530][57397.398s][info][gc,heap        ] GC(37) Eden regions: 11->0(11)
[2025-06-15T15:52:07.231+0530][57397.398s][info][gc,heap        ] GC(37) Survivor regions: 1->1(2)
[2025-06-15T15:52:07.231+0530][57397.398s][info][gc,heap        ] GC(37) Old regions: 9->9
[2025-06-15T15:52:07.231+0530][57397.398s][info][gc,heap        ] GC(37) Humongous regions: 0->0
[2025-06-15T15:52:07.231+0530][57397.398s][info][gc,metaspace   ] GC(37) Metaspace: 67050K(67968K)->67050K(67968K) NonClass: 58959K(59456K)->58959K(59456K) Class: 8090K(8512K)->8090K(8512K)
[2025-06-15T15:52:07.231+0530][57397.398s][info][gc             ] GC(37) Pause Young (Normal) (G1 Evacuation Pause) 72M->28M(96M) 1.555ms
[2025-06-15T15:52:07.231+0530][57397.398s][info][gc,cpu         ] GC(37) User=0.00s Sys=0.00s Real=0.00s
[2025-06-15T16:11:52.397+0530][58582.564s][info][gc,start       ] GC(38) Pause Young (Normal) (G1 Evacuation Pause)
[2025-06-15T16:11:52.397+0530][58582.564s][info][gc,task        ] GC(38) Using 8 workers of 13 for evacuation
[2025-06-15T16:11:52.399+0530][58582.565s][info][gc,phases      ] GC(38)   Pre Evacuate Collection Set: 0.2ms
[2025-06-15T16:11:52.399+0530][58582.565s][info][gc,phases      ] GC(38)   Merge Heap Roots: 0.1ms
[2025-06-15T16:11:52.399+0530][58582.565s][info][gc,phases      ] GC(38)   Evacuate Collection Set: 0.4ms
[2025-06-15T16:11:52.399+0530][58582.565s][info][gc,phases      ] GC(38)   Post Evacuate Collection Set: 0.3ms
[2025-06-15T16:11:52.399+0530][58582.565s][info][gc,phases      ] GC(38)   Other: 0.1ms
[2025-06-15T16:11:52.399+0530][58582.565s][info][gc,heap        ] GC(38) Eden regions: 11->0(11)
[2025-06-15T16:11:52.399+0530][58582.565s][info][gc,heap        ] GC(38) Survivor regions: 1->1(2)
[2025-06-15T16:11:52.399+0530][58582.565s][info][gc,heap        ] GC(38) Old regions: 9->9
[2025-06-15T16:11:52.399+0530][58582.565s][info][gc,heap        ] GC(38) Humongous regions: 0->0
[2025-06-15T16:11:52.399+0530][58582.565s][info][gc,metaspace   ] GC(38) Metaspace: 67050K(67968K)->67050K(67968K) NonClass: 58959K(59456K)->58959K(59456K) Class: 8090K(8512K)->8090K(8512K)
[2025-06-15T16:11:52.399+0530][58582.565s][info][gc             ] GC(38) Pause Young (Normal) (G1 Evacuation Pause) 72M->28M(96M) 1.312ms
[2025-06-15T16:11:52.399+0530][58582.565s][info][gc,cpu         ] GC(38) User=0.00s Sys=0.00s Real=0.00s
[2025-06-15T16:31:34.282+0530][59764.449s][info][gc,start       ] GC(39) Pause Young (Normal) (G1 Evacuation Pause)
[2025-06-15T16:31:34.282+0530][59764.449s][info][gc,task        ] GC(39) Using 8 workers of 13 for evacuation
[2025-06-15T16:31:34.283+0530][59764.450s][info][gc,phases      ] GC(39)   Pre Evacuate Collection Set: 0.3ms
[2025-06-15T16:31:34.283+0530][59764.450s][info][gc,phases      ] GC(39)   Merge Heap Roots: 0.1ms
[2025-06-15T16:31:34.283+0530][59764.450s][info][gc,phases      ] GC(39)   Evacuate Collection Set: 0.3ms
[2025-06-15T16:31:34.283+0530][59764.450s][info][gc,phases      ] GC(39)   Post Evacuate Collection Set: 0.4ms
[2025-06-15T16:31:34.283+0530][59764.450s][info][gc,phases      ] GC(39)   Other: 0.1ms
[2025-06-15T16:31:34.283+0530][59764.450s][info][gc,heap        ] GC(39) Eden regions: 11->0(11)
[2025-06-15T16:31:34.283+0530][59764.450s][info][gc,heap        ] GC(39) Survivor regions: 1->1(2)
[2025-06-15T16:31:34.283+0530][59764.450s][info][gc,heap        ] GC(39) Old regions: 9->9
[2025-06-15T16:31:34.283+0530][59764.450s][info][gc,heap        ] GC(39) Humongous regions: 0->0
[2025-06-15T16:31:34.283+0530][59764.450s][info][gc,metaspace   ] GC(39) Metaspace: 67050K(67968K)->67050K(67968K) NonClass: 58960K(59456K)->58960K(59456K) Class: 8090K(8512K)->8090K(8512K)
[2025-06-15T16:31:34.283+0530][59764.451s][info][gc             ] GC(39) Pause Young (Normal) (G1 Evacuation Pause) 72M->28M(96M) 1.516ms
[2025-06-15T16:31:34.283+0530][59764.451s][info][gc,cpu         ] GC(39) User=0.00s Sys=0.00s Real=0.00s
[2025-06-15T16:51:16.229+0530][60946.396s][info][gc,start       ] GC(40) Pause Young (Normal) (G1 Evacuation Pause)
[2025-06-15T16:51:16.229+0530][60946.396s][info][gc,task        ] GC(40) Using 8 workers of 13 for evacuation
[2025-06-15T16:51:16.230+0530][60946.397s][info][gc,phases      ] GC(40)   Pre Evacuate Collection Set: 0.2ms
[2025-06-15T16:51:16.230+0530][60946.397s][info][gc,phases      ] GC(40)   Merge Heap Roots: 0.1ms
[2025-06-15T16:51:16.230+0530][60946.397s][info][gc,phases      ] GC(40)   Evacuate Collection Set: 0.4ms
[2025-06-15T16:51:16.230+0530][60946.397s][info][gc,phases      ] GC(40)   Post Evacuate Collection Set: 0.3ms
[2025-06-15T16:51:16.230+0530][60946.397s][info][gc,phases      ] GC(40)   Other: 0.1ms
[2025-06-15T16:51:16.230+0530][60946.397s][info][gc,heap        ] GC(40) Eden regions: 11->0(11)
[2025-06-15T16:51:16.230+0530][60946.397s][info][gc,heap        ] GC(40) Survivor regions: 1->1(2)
[2025-06-15T16:51:16.230+0530][60946.397s][info][gc,heap        ] GC(40) Old regions: 9->9
[2025-06-15T16:51:16.230+0530][60946.397s][info][gc,heap        ] GC(40) Humongous regions: 0->0
[2025-06-15T16:51:16.230+0530][60946.397s][info][gc,metaspace   ] GC(40) Metaspace: 67050K(67968K)->67050K(67968K) NonClass: 58960K(59456K)->58960K(59456K) Class: 8090K(8512K)->8090K(8512K)
[2025-06-15T16:51:16.230+0530][60946.398s][info][gc             ] GC(40) Pause Young (Normal) (G1 Evacuation Pause) 72M->28M(96M) 1.449ms
[2025-06-15T16:51:16.230+0530][60946.398s][info][gc,cpu         ] GC(40) User=0.00s Sys=0.00s Real=0.00s
[2025-06-15T17:11:02.849+0530][62133.016s][info][gc,start       ] GC(41) Pause Young (Normal) (G1 Evacuation Pause)
[2025-06-15T17:11:02.849+0530][62133.016s][info][gc,task        ] GC(41) Using 8 workers of 13 for evacuation
[2025-06-15T17:11:02.850+0530][62133.017s][info][gc,phases      ] GC(41)   Pre Evacuate Collection Set: 0.2ms
[2025-06-15T17:11:02.850+0530][62133.017s][info][gc,phases      ] GC(41)   Merge Heap Roots: 0.1ms
[2025-06-15T17:11:02.850+0530][62133.017s][info][gc,phases      ] GC(41)   Evacuate Collection Set: 0.4ms
[2025-06-15T17:11:02.850+0530][62133.017s][info][gc,phases      ] GC(41)   Post Evacuate Collection Set: 0.3ms
[2025-06-15T17:11:02.850+0530][62133.017s][info][gc,phases      ] GC(41)   Other: 0.1ms
[2025-06-15T17:11:02.850+0530][62133.017s][info][gc,heap        ] GC(41) Eden regions: 11->0(11)
[2025-06-15T17:11:02.850+0530][62133.017s][info][gc,heap        ] GC(41) Survivor regions: 1->1(2)
[2025-06-15T17:11:02.850+0530][62133.017s][info][gc,heap        ] GC(41) Old regions: 9->9
[2025-06-15T17:11:02.850+0530][62133.017s][info][gc,heap        ] GC(41) Humongous regions: 0->0
[2025-06-15T17:11:02.850+0530][62133.017s][info][gc,metaspace   ] GC(41) Metaspace: 67050K(67968K)->67050K(67968K) NonClass: 58960K(59456K)->58960K(59456K) Class: 8090K(8512K)->8090K(8512K)
[2025-06-15T17:11:02.850+0530][62133.017s][info][gc             ] GC(41) Pause Young (Normal) (G1 Evacuation Pause) 72M->28M(96M) 1.351ms
[2025-06-15T17:11:02.850+0530][62133.017s][info][gc,cpu         ] GC(41) User=0.00s Sys=0.00s Real=0.00s
[2025-06-15T17:30:58.643+0530][63328.810s][info][gc,start       ] GC(42) Pause Young (Normal) (G1 Evacuation Pause)
[2025-06-15T17:30:58.643+0530][63328.810s][info][gc,task        ] GC(42) Using 8 workers of 13 for evacuation
[2025-06-15T17:30:58.644+0530][63328.811s][info][gc,phases      ] GC(42)   Pre Evacuate Collection Set: 0.2ms
[2025-06-15T17:30:58.644+0530][63328.811s][info][gc,phases      ] GC(42)   Merge Heap Roots: 0.1ms
[2025-06-15T17:30:58.644+0530][63328.811s][info][gc,phases      ] GC(42)   Evacuate Collection Set: 0.3ms
[2025-06-15T17:30:58.644+0530][63328.811s][info][gc,phases      ] GC(42)   Post Evacuate Collection Set: 0.4ms
[2025-06-15T17:30:58.644+0530][63328.811s][info][gc,phases      ] GC(42)   Other: 0.1ms
[2025-06-15T17:30:58.644+0530][63328.811s][info][gc,heap        ] GC(42) Eden regions: 11->0(11)
[2025-06-15T17:30:58.644+0530][63328.811s][info][gc,heap        ] GC(42) Survivor regions: 1->1(2)
[2025-06-15T17:30:58.644+0530][63328.811s][info][gc,heap        ] GC(42) Old regions: 9->9
[2025-06-15T17:30:58.644+0530][63328.811s][info][gc,heap        ] GC(42) Humongous regions: 0->0
[2025-06-15T17:30:58.644+0530][63328.811s][info][gc,metaspace   ] GC(42) Metaspace: 67050K(67968K)->67050K(67968K) NonClass: 58960K(59456K)->58960K(59456K) Class: 8090K(8512K)->8090K(8512K)
[2025-06-15T17:30:58.644+0530][63328.811s][info][gc             ] GC(42) Pause Young (Normal) (G1 Evacuation Pause) 72M->28M(96M) 1.279ms
[2025-06-15T17:30:58.644+0530][63328.811s][info][gc,cpu         ] GC(42) User=0.00s Sys=0.00s Real=0.00s
[2025-06-15T17:50:50.436+0530][64520.603s][info][gc,start       ] GC(43) Pause Young (Normal) (G1 Evacuation Pause)
[2025-06-15T17:50:50.436+0530][64520.603s][info][gc,task        ] GC(43) Using 8 workers of 13 for evacuation
[2025-06-15T17:50:50.437+0530][64520.604s][info][gc,phases      ] GC(43)   Pre Evacuate Collection Set: 0.3ms
[2025-06-15T17:50:50.437+0530][64520.604s][info][gc,phases      ] GC(43)   Merge Heap Roots: 0.1ms
[2025-06-15T17:50:50.437+0530][64520.604s][info][gc,phases      ] GC(43)   Evacuate Collection Set: 0.3ms
[2025-06-15T17:50:50.437+0530][64520.604s][info][gc,phases      ] GC(43)   Post Evacuate Collection Set: 0.3ms
[2025-06-15T17:50:50.437+0530][64520.604s][info][gc,phases      ] GC(43)   Other: 0.1ms
[2025-06-15T17:50:50.437+0530][64520.604s][info][gc,heap        ] GC(43) Eden regions: 11->0(11)
[2025-06-15T17:50:50.437+0530][64520.604s][info][gc,heap        ] GC(43) Survivor regions: 1->1(2)
[2025-06-15T17:50:50.437+0530][64520.604s][info][gc,heap        ] GC(43) Old regions: 9->9
[2025-06-15T17:50:50.437+0530][64520.604s][info][gc,heap        ] GC(43) Humongous regions: 0->0
[2025-06-15T17:50:50.437+0530][64520.604s][info][gc,metaspace   ] GC(43) Metaspace: 67053K(67968K)->67053K(67968K) NonClass: 58963K(59456K)->58963K(59456K) Class: 8090K(8512K)->8090K(8512K)
[2025-06-15T17:50:50.437+0530][64520.604s][info][gc             ] GC(43) Pause Young (Normal) (G1 Evacuation Pause) 72M->28M(96M) 1.368ms
[2025-06-15T17:50:50.437+0530][64520.604s][info][gc,cpu         ] GC(43) User=0.00s Sys=0.00s Real=0.00s
[2025-06-15T18:10:39.845+0530][65710.012s][info][gc,start       ] GC(44) Pause Young (Normal) (G1 Evacuation Pause)
[2025-06-15T18:10:39.845+0530][65710.012s][info][gc,task        ] GC(44) Using 8 workers of 13 for evacuation
[2025-06-15T18:10:39.846+0530][65710.013s][info][gc,phases      ] GC(44)   Pre Evacuate Collection Set: 0.2ms
[2025-06-15T18:10:39.846+0530][65710.013s][info][gc,phases      ] GC(44)   Merge Heap Roots: 0.1ms
[2025-06-15T18:10:39.846+0530][65710.013s][info][gc,phases      ] GC(44)   Evacuate Collection Set: 0.4ms
[2025-06-15T18:10:39.846+0530][65710.013s][info][gc,phases      ] GC(44)   Post Evacuate Collection Set: 0.4ms
[2025-06-15T18:10:39.846+0530][65710.013s][info][gc,phases      ] GC(44)   Other: 0.1ms
[2025-06-15T18:10:39.846+0530][65710.013s][info][gc,heap        ] GC(44) Eden regions: 11->0(11)
[2025-06-15T18:10:39.846+0530][65710.013s][info][gc,heap        ] GC(44) Survivor regions: 1->1(2)
[2025-06-15T18:10:39.846+0530][65710.013s][info][gc,heap        ] GC(44) Old regions: 9->9
[2025-06-15T18:10:39.846+0530][65710.013s][info][gc,heap        ] GC(44) Humongous regions: 0->0
[2025-06-15T18:10:39.846+0530][65710.013s][info][gc,metaspace   ] GC(44) Metaspace: 67063K(67968K)->67063K(67968K) NonClass: 58972K(59456K)->58972K(59456K) Class: 8090K(8512K)->8090K(8512K)
[2025-06-15T18:10:39.846+0530][65710.013s][info][gc             ] GC(44) Pause Young (Normal) (G1 Evacuation Pause) 72M->28M(96M) 1.564ms
[2025-06-15T18:10:39.846+0530][65710.013s][info][gc,cpu         ] GC(44) User=0.00s Sys=0.00s Real=0.00s
[2025-06-15T18:30:29.930+0530][66900.096s][info][gc,start       ] GC(45) Pause Young (Normal) (G1 Evacuation Pause)
[2025-06-15T18:30:29.930+0530][66900.096s][info][gc,task        ] GC(45) Using 8 workers of 13 for evacuation
[2025-06-15T18:30:29.931+0530][66900.098s][info][gc,phases      ] GC(45)   Pre Evacuate Collection Set: 0.2ms
[2025-06-15T18:30:29.931+0530][66900.098s][info][gc,phases      ] GC(45)   Merge Heap Roots: 0.1ms
[2025-06-15T18:30:29.931+0530][66900.098s][info][gc,phases      ] GC(45)   Evacuate Collection Set: 0.4ms
[2025-06-15T18:30:29.931+0530][66900.098s][info][gc,phases      ] GC(45)   Post Evacuate Collection Set: 0.3ms
[2025-06-15T18:30:29.931+0530][66900.098s][info][gc,phases      ] GC(45)   Other: 0.1ms
[2025-06-15T18:30:29.931+0530][66900.098s][info][gc,heap        ] GC(45) Eden regions: 11->0(11)
[2025-06-15T18:30:29.931+0530][66900.098s][info][gc,heap        ] GC(45) Survivor regions: 1->1(2)
[2025-06-15T18:30:29.931+0530][66900.098s][info][gc,heap        ] GC(45) Old regions: 9->9
[2025-06-15T18:30:29.931+0530][66900.098s][info][gc,heap        ] GC(45) Humongous regions: 0->0
[2025-06-15T18:30:29.931+0530][66900.098s][info][gc,metaspace   ] GC(45) Metaspace: 67063K(67968K)->67063K(67968K) NonClass: 58972K(59456K)->58972K(59456K) Class: 8091K(8512K)->8091K(8512K)
[2025-06-15T18:30:29.931+0530][66900.098s][info][gc             ] GC(45) Pause Young (Normal) (G1 Evacuation Pause) 72M->28M(96M) 1.342ms
[2025-06-15T18:30:29.931+0530][66900.098s][info][gc,cpu         ] GC(45) User=0.00s Sys=0.00s Real=0.00s
[2025-06-15T18:50:23.428+0530][68093.595s][info][gc,start       ] GC(46) Pause Young (Normal) (G1 Evacuation Pause)
[2025-06-15T18:50:23.428+0530][68093.595s][info][gc,task        ] GC(46) Using 8 workers of 13 for evacuation
[2025-06-15T18:50:23.429+0530][68093.596s][info][gc,phases      ] GC(46)   Pre Evacuate Collection Set: 0.2ms
[2025-06-15T18:50:23.429+0530][68093.596s][info][gc,phases      ] GC(46)   Merge Heap Roots: 0.1ms
[2025-06-15T18:50:23.429+0530][68093.596s][info][gc,phases      ] GC(46)   Evacuate Collection Set: 0.3ms
[2025-06-15T18:50:23.429+0530][68093.596s][info][gc,phases      ] GC(46)   Post Evacuate Collection Set: 0.3ms
[2025-06-15T18:50:23.429+0530][68093.596s][info][gc,phases      ] GC(46)   Other: 0.1ms
[2025-06-15T18:50:23.429+0530][68093.596s][info][gc,heap        ] GC(46) Eden regions: 11->0(11)
[2025-06-15T18:50:23.429+0530][68093.596s][info][gc,heap        ] GC(46) Survivor regions: 1->1(2)
[2025-06-15T18:50:23.429+0530][68093.596s][info][gc,heap        ] GC(46) Old regions: 9->9
[2025-06-15T18:50:23.429+0530][68093.596s][info][gc,heap        ] GC(46) Humongous regions: 0->0
[2025-06-15T18:50:23.429+0530][68093.596s][info][gc,metaspace   ] GC(46) Metaspace: 67065K(67968K)->67065K(67968K) NonClass: 58974K(59456K)->58974K(59456K) Class: 8091K(8512K)->8091K(8512K)
[2025-06-15T18:50:23.429+0530][68093.596s][info][gc             ] GC(46) Pause Young (Normal) (G1 Evacuation Pause) 72M->28M(96M) 1.411ms
[2025-06-15T18:50:23.429+0530][68093.596s][info][gc,cpu         ] GC(46) User=0.00s Sys=0.00s Real=0.00s
[2025-06-15T19:10:13.431+0530][69283.621s][info][gc,start       ] GC(47) Pause Young (Normal) (G1 Evacuation Pause)
[2025-06-15T19:10:13.431+0530][69283.621s][info][gc,task        ] GC(47) Using 8 workers of 13 for evacuation
[2025-06-15T19:10:13.432+0530][69283.622s][info][gc,phases      ] GC(47)   Pre Evacuate Collection Set: 0.2ms
[2025-06-15T19:10:13.432+0530][69283.622s][info][gc,phases      ] GC(47)   Merge Heap Roots: 0.1ms
[2025-06-15T19:10:13.432+0530][69283.622s][info][gc,phases      ] GC(47)   Evacuate Collection Set: 0.4ms
[2025-06-15T19:10:13.432+0530][69283.622s][info][gc,phases      ] GC(47)   Post Evacuate Collection Set: 0.3ms
[2025-06-15T19:10:13.432+0530][69283.622s][info][gc,phases      ] GC(47)   Other: 0.1ms
[2025-06-15T19:10:13.432+0530][69283.622s][info][gc,heap        ] GC(47) Eden regions: 11->0(11)
[2025-06-15T19:10:13.432+0530][69283.622s][info][gc,heap        ] GC(47) Survivor regions: 1->1(2)
[2025-06-15T19:10:13.432+0530][69283.622s][info][gc,heap        ] GC(47) Old regions: 9->9
[2025-06-15T19:10:13.432+0530][69283.622s][info][gc,heap        ] GC(47) Humongous regions: 0->0
[2025-06-15T19:10:13.432+0530][69283.622s][info][gc,metaspace   ] GC(47) Metaspace: 67073K(67968K)->67073K(67968K) NonClass: 58982K(59456K)->58982K(59456K) Class: 8091K(8512K)->8091K(8512K)
[2025-06-15T19:10:13.432+0530][69283.622s][info][gc             ] GC(47) Pause Young (Normal) (G1 Evacuation Pause) 72M->28M(96M) 1.418ms
[2025-06-15T19:10:13.432+0530][69283.622s][info][gc,cpu         ] GC(47) User=0.00s Sys=0.00s Real=0.00s
[2025-06-15T19:30:04.442+0530][70474.656s][info][gc,start       ] GC(48) Pause Young (Normal) (G1 Evacuation Pause)
[2025-06-15T19:30:04.442+0530][70474.656s][info][gc,task        ] GC(48) Using 8 workers of 13 for evacuation
[2025-06-15T19:30:04.443+0530][70474.657s][info][gc,phases      ] GC(48)   Pre Evacuate Collection Set: 0.3ms
[2025-06-15T19:30:04.443+0530][70474.657s][info][gc,phases      ] GC(48)   Merge Heap Roots: 0.2ms
[2025-06-15T19:30:04.443+0530][70474.657s][info][gc,phases      ] GC(48)   Evacuate Collection Set: 0.3ms
[2025-06-15T19:30:04.443+0530][70474.657s][info][gc,phases      ] GC(48)   Post Evacuate Collection Set: 0.3ms
[2025-06-15T19:30:04.443+0530][70474.657s][info][gc,phases      ] GC(48)   Other: 0.1ms
[2025-06-15T19:30:04.443+0530][70474.657s][info][gc,heap        ] GC(48) Eden regions: 11->0(11)
[2025-06-15T19:30:04.443+0530][70474.657s][info][gc,heap        ] GC(48) Survivor regions: 1->1(2)
[2025-06-15T19:30:04.443+0530][70474.657s][info][gc,heap        ] GC(48) Old regions: 9->9
[2025-06-15T19:30:04.443+0530][70474.657s][info][gc,heap        ] GC(48) Humongous regions: 0->0
[2025-06-15T19:30:04.443+0530][70474.657s][info][gc,metaspace   ] GC(48) Metaspace: 67073K(67968K)->67073K(67968K) NonClass: 58982K(59456K)->58982K(59456K) Class: 8091K(8512K)->8091K(8512K)
[2025-06-15T19:30:04.443+0530][70474.657s][info][gc             ] GC(48) Pause Young (Normal) (G1 Evacuation Pause) 72M->28M(96M) 1.525ms
[2025-06-15T19:30:04.443+0530][70474.657s][info][gc,cpu         ] GC(48) User=0.00s Sys=0.00s Real=0.00s
[2025-06-15T19:49:56.255+0530][71666.485s][info][gc,start       ] GC(49) Pause Young (Normal) (G1 Evacuation Pause)
[2025-06-15T19:49:56.255+0530][71666.485s][info][gc,task        ] GC(49) Using 8 workers of 13 for evacuation
[2025-06-15T19:49:56.257+0530][71666.486s][info][gc,phases      ] GC(49)   Pre Evacuate Collection Set: 0.2ms
[2025-06-15T19:49:56.257+0530][71666.486s][info][gc,phases      ] GC(49)   Merge Heap Roots: 0.1ms
[2025-06-15T19:49:56.257+0530][71666.486s][info][gc,phases      ] GC(49)   Evacuate Collection Set: 0.3ms
[2025-06-15T19:49:56.257+0530][71666.486s][info][gc,phases      ] GC(49)   Post Evacuate Collection Set: 0.3ms
[2025-06-15T19:49:56.257+0530][71666.486s][info][gc,phases      ] GC(49)   Other: 0.1ms
[2025-06-15T19:49:56.257+0530][71666.487s][info][gc,heap        ] GC(49) Eden regions: 11->0(11)
[2025-06-15T19:49:56.257+0530][71666.487s][info][gc,heap        ] GC(49) Survivor regions: 1->1(2)
[2025-06-15T19:49:56.257+0530][71666.487s][info][gc,heap        ] GC(49) Old regions: 9->9
[2025-06-15T19:49:56.257+0530][71666.487s][info][gc,heap        ] GC(49) Humongous regions: 0->0
[2025-06-15T19:49:56.257+0530][71666.487s][info][gc,metaspace   ] GC(49) Metaspace: 67073K(67968K)->67073K(67968K) NonClass: 58982K(59456K)->58982K(59456K) Class: 8091K(8512K)->8091K(8512K)
[2025-06-15T19:49:56.257+0530][71666.487s][info][gc             ] GC(49) Pause Young (Normal) (G1 Evacuation Pause) 72M->28M(96M) 1.462ms
[2025-06-15T19:49:56.257+0530][71666.487s][info][gc,cpu         ] GC(49) User=0.00s Sys=0.00s Real=0.00s
[2025-06-15T20:09:46.029+0530][72856.271s][info][gc,start       ] GC(50) Pause Young (Normal) (G1 Evacuation Pause)
[2025-06-15T20:09:46.029+0530][72856.271s][info][gc,task        ] GC(50) Using 8 workers of 13 for evacuation
[2025-06-15T20:09:46.030+0530][72856.272s][info][gc,phases      ] GC(50)   Pre Evacuate Collection Set: 0.2ms
[2025-06-15T20:09:46.030+0530][72856.272s][info][gc,phases      ] GC(50)   Merge Heap Roots: 0.2ms
[2025-06-15T20:09:46.030+0530][72856.272s][info][gc,phases      ] GC(50)   Evacuate Collection Set: 0.4ms
[2025-06-15T20:09:46.030+0530][72856.272s][info][gc,phases      ] GC(50)   Post Evacuate Collection Set: 0.4ms
[2025-06-15T20:09:46.030+0530][72856.272s][info][gc,phases      ] GC(50)   Other: 0.1ms
[2025-06-15T20:09:46.030+0530][72856.272s][info][gc,heap        ] GC(50) Eden regions: 11->0(11)
[2025-06-15T20:09:46.030+0530][72856.272s][info][gc,heap        ] GC(50) Survivor regions: 1->1(2)
[2025-06-15T20:09:46.030+0530][72856.272s][info][gc,heap        ] GC(50) Old regions: 9->9
[2025-06-15T20:09:46.030+0530][72856.272s][info][gc,heap        ] GC(50) Humongous regions: 0->0
[2025-06-15T20:09:46.030+0530][72856.272s][info][gc,metaspace   ] GC(50) Metaspace: 67073K(67968K)->67073K(67968K) NonClass: 58982K(59456K)->58982K(59456K) Class: 8091K(8512K)->8091K(8512K)
[2025-06-15T20:09:46.030+0530][72856.272s][info][gc             ] GC(50) Pause Young (Normal) (G1 Evacuation Pause) 72M->28M(96M) 1.664ms
[2025-06-15T20:09:46.030+0530][72856.272s][info][gc,cpu         ] GC(50) User=0.00s Sys=0.00s Real=0.00s
[2025-06-15T20:29:35.419+0530][74045.669s][info][gc,start       ] GC(51) Pause Young (Normal) (G1 Evacuation Pause)
[2025-06-15T20:29:35.419+0530][74045.669s][info][gc,task        ] GC(51) Using 8 workers of 13 for evacuation
[2025-06-15T20:29:35.420+0530][74045.670s][info][gc,phases      ] GC(51)   Pre Evacuate Collection Set: 0.3ms
[2025-06-15T20:29:35.420+0530][74045.670s][info][gc,phases      ] GC(51)   Merge Heap Roots: 0.1ms
[2025-06-15T20:29:35.420+0530][74045.670s][info][gc,phases      ] GC(51)   Evacuate Collection Set: 0.4ms
[2025-06-15T20:29:35.420+0530][74045.670s][info][gc,phases      ] GC(51)   Post Evacuate Collection Set: 0.3ms
[2025-06-15T20:29:35.420+0530][74045.670s][info][gc,phases      ] GC(51)   Other: 0.1ms
[2025-06-15T20:29:35.420+0530][74045.670s][info][gc,heap        ] GC(51) Eden regions: 11->0(11)
[2025-06-15T20:29:35.420+0530][74045.670s][info][gc,heap        ] GC(51) Survivor regions: 1->1(2)
[2025-06-15T20:29:35.420+0530][74045.670s][info][gc,heap        ] GC(51) Old regions: 9->9
[2025-06-15T20:29:35.420+0530][74045.670s][info][gc,heap        ] GC(51) Humongous regions: 0->0
[2025-06-15T20:29:35.420+0530][74045.670s][info][gc,metaspace   ] GC(51) Metaspace: 67073K(67968K)->67073K(67968K) NonClass: 58982K(59456K)->58982K(59456K) Class: 8091K(8512K)->8091K(8512K)
[2025-06-15T20:29:35.420+0530][74045.670s][info][gc             ] GC(51) Pause Young (Normal) (G1 Evacuation Pause) 72M->28M(96M) 1.374ms
[2025-06-15T20:29:35.420+0530][74045.670s][info][gc,cpu         ] GC(51) User=0.00s Sys=0.00s Real=0.00s
[2025-06-15T20:49:29.084+0530][75239.340s][info][gc,start       ] GC(52) Pause Young (Normal) (G1 Evacuation Pause)
[2025-06-15T20:49:29.084+0530][75239.340s][info][gc,task        ] GC(52) Using 8 workers of 13 for evacuation
[2025-06-15T20:49:29.086+0530][75239.341s][info][gc,phases      ] GC(52)   Pre Evacuate Collection Set: 0.2ms
[2025-06-15T20:49:29.086+0530][75239.341s][info][gc,phases      ] GC(52)   Merge Heap Roots: 0.1ms
[2025-06-15T20:49:29.086+0530][75239.341s][info][gc,phases      ] GC(52)   Evacuate Collection Set: 0.4ms
[2025-06-15T20:49:29.086+0530][75239.342s][info][gc,phases      ] GC(52)   Post Evacuate Collection Set: 0.3ms
[2025-06-15T20:49:29.086+0530][75239.342s][info][gc,phases      ] GC(52)   Other: 0.1ms
[2025-06-15T20:49:29.086+0530][75239.342s][info][gc,heap        ] GC(52) Eden regions: 11->0(11)
[2025-06-15T20:49:29.086+0530][75239.342s][info][gc,heap        ] GC(52) Survivor regions: 1->1(2)
[2025-06-15T20:49:29.086+0530][75239.342s][info][gc,heap        ] GC(52) Old regions: 9->9
[2025-06-15T20:49:29.086+0530][75239.342s][info][gc,heap        ] GC(52) Humongous regions: 0->0
[2025-06-15T20:49:29.086+0530][75239.342s][info][gc,metaspace   ] GC(52) Metaspace: 67073K(67968K)->67073K(67968K) NonClass: 58982K(59456K)->58982K(59456K) Class: 8091K(8512K)->8091K(8512K)
[2025-06-15T20:49:29.086+0530][75239.342s][info][gc             ] GC(52) Pause Young (Normal) (G1 Evacuation Pause) 72M->28M(96M) 1.500ms
[2025-06-15T20:49:29.086+0530][75239.342s][info][gc,cpu         ] GC(52) User=0.00s Sys=0.00s Real=0.00s
[2025-06-15T21:09:19.184+0530][76429.445s][info][gc,start       ] GC(53) Pause Young (Normal) (G1 Evacuation Pause)
[2025-06-15T21:09:19.184+0530][76429.445s][info][gc,task        ] GC(53) Using 8 workers of 13 for evacuation
[2025-06-15T21:09:19.186+0530][76429.446s][info][gc,phases      ] GC(53)   Pre Evacuate Collection Set: 0.2ms
[2025-06-15T21:09:19.186+0530][76429.446s][info][gc,phases      ] GC(53)   Merge Heap Roots: 0.2ms
[2025-06-15T21:09:19.186+0530][76429.446s][info][gc,phases      ] GC(53)   Evacuate Collection Set: 0.3ms
[2025-06-15T21:09:19.186+0530][76429.446s][info][gc,phases      ] GC(53)   Post Evacuate Collection Set: 0.3ms
[2025-06-15T21:09:19.186+0530][76429.446s][info][gc,phases      ] GC(53)   Other: 0.1ms
[2025-06-15T21:09:19.186+0530][76429.446s][info][gc,heap        ] GC(53) Eden regions: 11->0(11)
[2025-06-15T21:09:19.186+0530][76429.446s][info][gc,heap        ] GC(53) Survivor regions: 1->1(2)
[2025-06-15T21:09:19.186+0530][76429.446s][info][gc,heap        ] GC(53) Old regions: 9->9
[2025-06-15T21:09:19.186+0530][76429.446s][info][gc,heap        ] GC(53) Humongous regions: 0->0
[2025-06-15T21:09:19.186+0530][76429.446s][info][gc,metaspace   ] GC(53) Metaspace: 67073K(67968K)->67073K(67968K) NonClass: 58982K(59456K)->58982K(59456K) Class: 8091K(8512K)->8091K(8512K)
[2025-06-15T21:09:19.186+0530][76429.446s][info][gc             ] GC(53) Pause Young (Normal) (G1 Evacuation Pause) 72M->28M(96M) 1.306ms
[2025-06-15T21:09:19.186+0530][76429.446s][info][gc,cpu         ] GC(53) User=0.00s Sys=0.00s Real=0.00s
[2025-06-15T21:29:06.945+0530][77617.209s][info][gc,start       ] GC(54) Pause Young (Normal) (G1 Evacuation Pause)
[2025-06-15T21:29:06.945+0530][77617.209s][info][gc,task        ] GC(54) Using 8 workers of 13 for evacuation
[2025-06-15T21:29:06.946+0530][77617.210s][info][gc,phases      ] GC(54)   Pre Evacuate Collection Set: 0.2ms
[2025-06-15T21:29:06.946+0530][77617.211s][info][gc,phases      ] GC(54)   Merge Heap Roots: 0.2ms
[2025-06-15T21:29:06.946+0530][77617.211s][info][gc,phases      ] GC(54)   Evacuate Collection Set: 0.4ms
[2025-06-15T21:29:06.946+0530][77617.211s][info][gc,phases      ] GC(54)   Post Evacuate Collection Set: 0.3ms
[2025-06-15T21:29:06.946+0530][77617.211s][info][gc,phases      ] GC(54)   Other: 0.1ms
[2025-06-15T21:29:06.946+0530][77617.211s][info][gc,heap        ] GC(54) Eden regions: 11->0(11)
[2025-06-15T21:29:06.946+0530][77617.211s][info][gc,heap        ] GC(54) Survivor regions: 1->1(2)
[2025-06-15T21:29:06.946+0530][77617.211s][info][gc,heap        ] GC(54) Old regions: 9->9
[2025-06-15T21:29:06.946+0530][77617.211s][info][gc,heap        ] GC(54) Humongous regions: 0->0
[2025-06-15T21:29:06.946+0530][77617.211s][info][gc,metaspace   ] GC(54) Metaspace: 67073K(67968K)->67073K(67968K) NonClass: 58982K(59456K)->58982K(59456K) Class: 8091K(8512K)->8091K(8512K)
[2025-06-15T21:29:06.946+0530][77617.211s][info][gc             ] GC(54) Pause Young (Normal) (G1 Evacuation Pause) 72M->28M(96M) 1.419ms
[2025-06-15T21:29:06.946+0530][77617.211s][info][gc,cpu         ] GC(54) User=0.00s Sys=0.00s Real=0.00s
[2025-06-15T21:48:58.879+0530][78809.147s][info][gc,start       ] GC(55) Pause Young (Normal) (G1 Evacuation Pause)
[2025-06-15T21:48:58.879+0530][78809.147s][info][gc,task        ] GC(55) Using 8 workers of 13 for evacuation
[2025-06-15T21:48:58.881+0530][78809.149s][info][gc,phases      ] GC(55)   Pre Evacuate Collection Set: 0.3ms
[2025-06-15T21:48:58.881+0530][78809.149s][info][gc,phases      ] GC(55)   Merge Heap Roots: 0.1ms
[2025-06-15T21:48:58.881+0530][78809.149s][info][gc,phases      ] GC(55)   Evacuate Collection Set: 0.3ms
[2025-06-15T21:48:58.881+0530][78809.149s][info][gc,phases      ] GC(55)   Post Evacuate Collection Set: 0.2ms
[2025-06-15T21:48:58.881+0530][78809.149s][info][gc,phases      ] GC(55)   Other: 0.1ms
[2025-06-15T21:48:58.881+0530][78809.149s][info][gc,heap        ] GC(55) Eden regions: 11->0(11)
[2025-06-15T21:48:58.881+0530][78809.149s][info][gc,heap        ] GC(55) Survivor regions: 1->1(2)
[2025-06-15T21:48:58.881+0530][78809.149s][info][gc,heap        ] GC(55) Old regions: 9->9
[2025-06-15T21:48:58.881+0530][78809.149s][info][gc,heap        ] GC(55) Humongous regions: 0->0
[2025-06-15T21:48:58.881+0530][78809.149s][info][gc,metaspace   ] GC(55) Metaspace: 67073K(67968K)->67073K(67968K) NonClass: 58982K(59456K)->58982K(59456K) Class: 8091K(8512K)->8091K(8512K)
[2025-06-15T21:48:58.881+0530][78809.149s][info][gc             ] GC(55) Pause Young (Normal) (G1 Evacuation Pause) 72M->28M(96M) 1.513ms
[2025-06-15T21:48:58.881+0530][78809.149s][info][gc,cpu         ] GC(55) User=0.00s Sys=0.00s Real=0.00s
[2025-06-15T22:08:47.836+0530][79998.106s][info][gc,start       ] GC(56) Pause Young (Normal) (G1 Evacuation Pause)
[2025-06-15T22:08:47.836+0530][79998.106s][info][gc,task        ] GC(56) Using 8 workers of 13 for evacuation
[2025-06-15T22:08:47.837+0530][79998.107s][info][gc,phases      ] GC(56)   Pre Evacuate Collection Set: 0.2ms
[2025-06-15T22:08:47.837+0530][79998.107s][info][gc,phases      ] GC(56)   Merge Heap Roots: 0.1ms
[2025-06-15T22:08:47.837+0530][79998.107s][info][gc,phases      ] GC(56)   Evacuate Collection Set: 0.4ms
[2025-06-15T22:08:47.837+0530][79998.107s][info][gc,phases      ] GC(56)   Post Evacuate Collection Set: 0.2ms
[2025-06-15T22:08:47.837+0530][79998.107s][info][gc,phases      ] GC(56)   Other: 0.1ms
[2025-06-15T22:08:47.837+0530][79998.107s][info][gc,heap        ] GC(56) Eden regions: 11->0(11)
[2025-06-15T22:08:47.837+0530][79998.107s][info][gc,heap        ] GC(56) Survivor regions: 1->1(2)
[2025-06-15T22:08:47.837+0530][79998.107s][info][gc,heap        ] GC(56) Old regions: 9->9
[2025-06-15T22:08:47.837+0530][79998.107s][info][gc,heap        ] GC(56) Humongous regions: 0->0
[2025-06-15T22:08:47.837+0530][79998.107s][info][gc,metaspace   ] GC(56) Metaspace: 67073K(67968K)->67073K(67968K) NonClass: 58982K(59456K)->58982K(59456K) Class: 8091K(8512K)->8091K(8512K)
[2025-06-15T22:08:47.837+0530][79998.107s][info][gc             ] GC(56) Pause Young (Normal) (G1 Evacuation Pause) 72M->28M(96M) 1.283ms
[2025-06-15T22:08:47.837+0530][79998.107s][info][gc,cpu         ] GC(56) User=0.00s Sys=0.00s Real=0.00s
[2025-06-15T22:28:37.814+0530][81188.086s][info][gc,start       ] GC(57) Pause Young (Normal) (G1 Evacuation Pause)
[2025-06-15T22:28:37.814+0530][81188.086s][info][gc,task        ] GC(57) Using 8 workers of 13 for evacuation
[2025-06-15T22:28:37.815+0530][81188.087s][info][gc,phases      ] GC(57)   Pre Evacuate Collection Set: 0.2ms
[2025-06-15T22:28:37.815+0530][81188.087s][info][gc,phases      ] GC(57)   Merge Heap Roots: 0.1ms
[2025-06-15T22:28:37.815+0530][81188.087s][info][gc,phases      ] GC(57)   Evacuate Collection Set: 0.4ms
[2025-06-15T22:28:37.815+0530][81188.087s][info][gc,phases      ] GC(57)   Post Evacuate Collection Set: 0.3ms
[2025-06-15T22:28:37.815+0530][81188.087s][info][gc,phases      ] GC(57)   Other: 0.1ms
[2025-06-15T22:28:37.815+0530][81188.087s][info][gc,heap        ] GC(57) Eden regions: 11->0(11)
[2025-06-15T22:28:37.815+0530][81188.087s][info][gc,heap        ] GC(57) Survivor regions: 1->1(2)
[2025-06-15T22:28:37.815+0530][81188.087s][info][gc,heap        ] GC(57) Old regions: 9->9
[2025-06-15T22:28:37.815+0530][81188.087s][info][gc,heap        ] GC(57) Humongous regions: 0->0
[2025-06-15T22:28:37.815+0530][81188.087s][info][gc,metaspace   ] GC(57) Metaspace: 67073K(67968K)->67073K(67968K) NonClass: 58982K(59456K)->58982K(59456K) Class: 8091K(8512K)->8091K(8512K)
[2025-06-15T22:28:37.815+0530][81188.087s][info][gc             ] GC(57) Pause Young (Normal) (G1 Evacuation Pause) 72M->28M(96M) 1.394ms
[2025-06-15T22:28:37.815+0530][81188.087s][info][gc,cpu         ] GC(57) User=0.00s Sys=0.00s Real=0.00s
[2025-06-15T22:48:27.399+0530][82377.674s][info][gc,start       ] GC(58) Pause Young (Normal) (G1 Evacuation Pause)
[2025-06-15T22:48:27.399+0530][82377.674s][info][gc,task        ] GC(58) Using 8 workers of 13 for evacuation
[2025-06-15T22:48:27.401+0530][82377.675s][info][gc,phases      ] GC(58)   Pre Evacuate Collection Set: 0.4ms
[2025-06-15T22:48:27.401+0530][82377.675s][info][gc,phases      ] GC(58)   Merge Heap Roots: 0.1ms
[2025-06-15T22:48:27.401+0530][82377.675s][info][gc,phases      ] GC(58)   Evacuate Collection Set: 0.4ms
[2025-06-15T22:48:27.401+0530][82377.675s][info][gc,phases      ] GC(58)   Post Evacuate Collection Set: 0.3ms
[2025-06-15T22:48:27.401+0530][82377.675s][info][gc,phases      ] GC(58)   Other: 0.1ms
[2025-06-15T22:48:27.401+0530][82377.675s][info][gc,heap        ] GC(58) Eden regions: 11->0(11)
[2025-06-15T22:48:27.401+0530][82377.675s][info][gc,heap        ] GC(58) Survivor regions: 1->1(2)
[2025-06-15T22:48:27.401+0530][82377.675s][info][gc,heap        ] GC(58) Old regions: 9->9
[2025-06-15T22:48:27.401+0530][82377.675s][info][gc,heap        ] GC(58) Humongous regions: 0->0
[2025-06-15T22:48:27.401+0530][82377.675s][info][gc,metaspace   ] GC(58) Metaspace: 67073K(67968K)->67073K(67968K) NonClass: 58982K(59456K)->58982K(59456K) Class: 8091K(8512K)->8091K(8512K)
[2025-06-15T22:48:27.401+0530][82377.675s][info][gc             ] GC(58) Pause Young (Normal) (G1 Evacuation Pause) 72M->28M(96M) 1.610ms
[2025-06-15T22:48:27.401+0530][82377.675s][info][gc,cpu         ] GC(58) User=0.00s Sys=0.00s Real=0.00s
[2025-06-15T23:08:14.683+0530][83564.960s][info][gc,start       ] GC(59) Pause Young (Normal) (G1 Evacuation Pause)
[2025-06-15T23:08:14.683+0530][83564.960s][info][gc,task        ] GC(59) Using 8 workers of 13 for evacuation
[2025-06-15T23:08:14.684+0530][83564.961s][info][gc,phases      ] GC(59)   Pre Evacuate Collection Set: 0.4ms
[2025-06-15T23:08:14.684+0530][83564.961s][info][gc,phases      ] GC(59)   Merge Heap Roots: 0.1ms
[2025-06-15T23:08:14.684+0530][83564.961s][info][gc,phases      ] GC(59)   Evacuate Collection Set: 0.4ms
[2025-06-15T23:08:14.684+0530][83564.961s][info][gc,phases      ] GC(59)   Post Evacuate Collection Set: 0.2ms
[2025-06-15T23:08:14.684+0530][83564.961s][info][gc,phases      ] GC(59)   Other: 0.1ms
[2025-06-15T23:08:14.684+0530][83564.961s][info][gc,heap        ] GC(59) Eden regions: 11->0(11)
[2025-06-15T23:08:14.684+0530][83564.961s][info][gc,heap        ] GC(59) Survivor regions: 1->1(2)
[2025-06-15T23:08:14.684+0530][83564.961s][info][gc,heap        ] GC(59) Old regions: 9->9
[2025-06-15T23:08:14.684+0530][83564.961s][info][gc,heap        ] GC(59) Humongous regions: 0->0
[2025-06-15T23:08:14.684+0530][83564.961s][info][gc,metaspace   ] GC(59) Metaspace: 67074K(67968K)->67074K(67968K) NonClass: 58983K(59456K)->58983K(59456K) Class: 8091K(8512K)->8091K(8512K)
[2025-06-15T23:08:14.684+0530][83564.961s][info][gc             ] GC(59) Pause Young (Normal) (G1 Evacuation Pause) 72M->28M(96M) 1.513ms
[2025-06-15T23:08:14.684+0530][83564.961s][info][gc,cpu         ] GC(59) User=0.00s Sys=0.00s Real=0.00s
[2025-06-15T23:28:07.073+0530][84757.351s][info][gc,start       ] GC(60) Pause Young (Normal) (G1 Evacuation Pause)
[2025-06-15T23:28:07.073+0530][84757.351s][info][gc,task        ] GC(60) Using 8 workers of 13 for evacuation
[2025-06-15T23:28:07.075+0530][84757.353s][info][gc,phases      ] GC(60)   Pre Evacuate Collection Set: 0.3ms
[2025-06-15T23:28:07.075+0530][84757.353s][info][gc,phases      ] GC(60)   Merge Heap Roots: 0.1ms
[2025-06-15T23:28:07.075+0530][84757.353s][info][gc,phases      ] GC(60)   Evacuate Collection Set: 0.6ms
[2025-06-15T23:28:07.075+0530][84757.353s][info][gc,phases      ] GC(60)   Post Evacuate Collection Set: 0.3ms
[2025-06-15T23:28:07.075+0530][84757.353s][info][gc,phases      ] GC(60)   Other: 0.1ms
[2025-06-15T23:28:07.075+0530][84757.353s][info][gc,heap        ] GC(60) Eden regions: 11->0(11)
[2025-06-15T23:28:07.075+0530][84757.353s][info][gc,heap        ] GC(60) Survivor regions: 1->1(2)
[2025-06-15T23:28:07.075+0530][84757.353s][info][gc,heap        ] GC(60) Old regions: 9->9
[2025-06-15T23:28:07.075+0530][84757.353s][info][gc,heap        ] GC(60) Humongous regions: 0->0
[2025-06-15T23:28:07.075+0530][84757.353s][info][gc,metaspace   ] GC(60) Metaspace: 67075K(67968K)->67075K(67968K) NonClass: 58983K(59456K)->58983K(59456K) Class: 8091K(8512K)->8091K(8512K)
[2025-06-15T23:28:07.075+0530][84757.353s][info][gc             ] GC(60) Pause Young (Normal) (G1 Evacuation Pause) 72M->28M(96M) 1.706ms
[2025-06-15T23:28:07.075+0530][84757.353s][info][gc,cpu         ] GC(60) User=0.00s Sys=0.00s Real=0.00s
[2025-06-15T23:48:01.296+0530][85951.576s][info][gc,start       ] GC(61) Pause Young (Normal) (G1 Evacuation Pause)
[2025-06-15T23:48:01.296+0530][85951.576s][info][gc,task        ] GC(61) Using 8 workers of 13 for evacuation
[2025-06-15T23:48:01.297+0530][85951.577s][info][gc,phases      ] GC(61)   Pre Evacuate Collection Set: 0.2ms
[2025-06-15T23:48:01.297+0530][85951.577s][info][gc,phases      ] GC(61)   Merge Heap Roots: 0.1ms
[2025-06-15T23:48:01.297+0530][85951.577s][info][gc,phases      ] GC(61)   Evacuate Collection Set: 0.3ms
[2025-06-15T23:48:01.297+0530][85951.577s][info][gc,phases      ] GC(61)   Post Evacuate Collection Set: 0.3ms
[2025-06-15T23:48:01.297+0530][85951.577s][info][gc,phases      ] GC(61)   Other: 0.1ms
[2025-06-15T23:48:01.297+0530][85951.577s][info][gc,heap        ] GC(61) Eden regions: 11->0(11)
[2025-06-15T23:48:01.297+0530][85951.577s][info][gc,heap        ] GC(61) Survivor regions: 1->1(2)
[2025-06-15T23:48:01.297+0530][85951.577s][info][gc,heap        ] GC(61) Old regions: 9->9
[2025-06-15T23:48:01.297+0530][85951.577s][info][gc,heap        ] GC(61) Humongous regions: 0->0
[2025-06-15T23:48:01.297+0530][85951.577s][info][gc,metaspace   ] GC(61) Metaspace: 67075K(67968K)->67075K(67968K) NonClass: 58983K(59456K)->58983K(59456K) Class: 8091K(8512K)->8091K(8512K)
[2025-06-15T23:48:01.297+0530][85951.577s][info][gc             ] GC(61) Pause Young (Normal) (G1 Evacuation Pause) 72M->28M(96M) 1.271ms
[2025-06-15T23:48:01.297+0530][85951.577s][info][gc,cpu         ] GC(61) User=0.00s Sys=0.00s Real=0.00s
[2025-06-16T00:07:51.683+0530][87141.964s][info][gc,start       ] GC(62) Pause Young (Normal) (G1 Evacuation Pause)
[2025-06-16T00:07:51.683+0530][87141.964s][info][gc,task        ] GC(62) Using 8 workers of 13 for evacuation
[2025-06-16T00:07:51.684+0530][87141.965s][info][gc,phases      ] GC(62)   Pre Evacuate Collection Set: 0.2ms
[2025-06-16T00:07:51.684+0530][87141.965s][info][gc,phases      ] GC(62)   Merge Heap Roots: 0.1ms
[2025-06-16T00:07:51.684+0530][87141.965s][info][gc,phases      ] GC(62)   Evacuate Collection Set: 0.2ms
[2025-06-16T00:07:51.684+0530][87141.965s][info][gc,phases      ] GC(62)   Post Evacuate Collection Set: 0.2ms
[2025-06-16T00:07:51.684+0530][87141.965s][info][gc,phases      ] GC(62)   Other: 0.1ms
[2025-06-16T00:07:51.684+0530][87141.965s][info][gc,heap        ] GC(62) Eden regions: 11->0(11)
[2025-06-16T00:07:51.684+0530][87141.965s][info][gc,heap        ] GC(62) Survivor regions: 1->1(2)
[2025-06-16T00:07:51.684+0530][87141.965s][info][gc,heap        ] GC(62) Old regions: 9->9
[2025-06-16T00:07:51.684+0530][87141.965s][info][gc,heap        ] GC(62) Humongous regions: 0->0
[2025-06-16T00:07:51.684+0530][87141.965s][info][gc,metaspace   ] GC(62) Metaspace: 67076K(67968K)->67076K(67968K) NonClass: 58985K(59456K)->58985K(59456K) Class: 8091K(8512K)->8091K(8512K)
[2025-06-16T00:07:51.684+0530][87141.966s][info][gc             ] GC(62) Pause Young (Normal) (G1 Evacuation Pause) 72M->28M(96M) 1.230ms
[2025-06-16T00:07:51.684+0530][87141.966s][info][gc,cpu         ] GC(62) User=0.00s Sys=0.00s Real=0.00s
[2025-06-16T00:24:14.487+0530][88124.770s][info][gc,start       ] GC(63) Pause Full (System.gc())
[2025-06-16T00:24:14.487+0530][88124.770s][info][gc,task        ] GC(63) Using 2 workers of 13 for full compaction
[2025-06-16T00:24:14.487+0530][88124.770s][info][gc,phases,start] GC(63) Phase 1: Mark live objects
[2025-06-16T00:24:14.563+0530][88124.846s][info][gc,phases      ] GC(63) Phase 1: Mark live objects 75.821ms
[2025-06-16T00:24:14.563+0530][88124.846s][info][gc,phases,start] GC(63) Phase 2: Prepare compaction
[2025-06-16T00:24:14.568+0530][88124.851s][info][gc,phases      ] GC(63) Phase 2: Prepare compaction 4.932ms
[2025-06-16T00:24:14.568+0530][88124.851s][info][gc,phases,start] GC(63) Phase 3: Adjust pointers
[2025-06-16T00:24:14.582+0530][88124.865s][info][gc,phases      ] GC(63) Phase 3: Adjust pointers 13.432ms
[2025-06-16T00:24:14.582+0530][88124.865s][info][gc,phases,start] GC(63) Phase 4: Compact heap
[2025-06-16T00:24:14.592+0530][88124.875s][info][gc,phases      ] GC(63) Phase 4: Compact heap 10.370ms
[2025-06-16T00:24:14.592+0530][88124.875s][info][gc,phases,start] GC(63) Phase 5: Reset Metadata
[2025-06-16T00:24:14.593+0530][88124.876s][info][gc,phases      ] GC(63) Phase 5: Reset Metadata 0.809ms
[2025-06-16T00:24:14.600+0530][88124.883s][info][gc,heap        ] GC(63) Eden regions: 10->0(12)
[2025-06-16T00:24:14.600+0530][88124.883s][info][gc,heap        ] GC(63) Survivor regions: 1->0(2)
[2025-06-16T00:24:14.600+0530][88124.883s][info][gc,heap        ] GC(63) Old regions: 9->6
[2025-06-16T00:24:14.600+0530][88124.883s][info][gc,heap        ] GC(63) Humongous regions: 0->0
[2025-06-16T00:24:14.600+0530][88124.883s][info][gc,metaspace   ] GC(63) Metaspace: 67119K(67968K)->66577K(67968K) NonClass: 59027K(59456K)->58614K(59456K) Class: 8092K(8512K)->7962K(8512K)
[2025-06-16T00:24:14.600+0530][88124.883s][info][gc             ] GC(63) Pause Full (System.gc()) 66M->19M(80M) 113.498ms
[2025-06-16T00:24:14.600+0530][88124.883s][info][gc,cpu         ] GC(63) User=0.03s Sys=0.03s Real=0.11s
[2025-06-16T00:24:15.482+0530][88125.766s][info][gc,start       ] GC(64) Pause Young (Normal) (G1 Evacuation Pause)
[2025-06-16T00:24:15.482+0530][88125.766s][info][gc,task        ] GC(64) Using 12 workers of 13 for evacuation
[2025-06-16T00:24:15.487+0530][88125.770s][info][gc,phases      ] GC(64)   Pre Evacuate Collection Set: 0.2ms
[2025-06-16T00:24:15.487+0530][88125.771s][info][gc,phases      ] GC(64)   Merge Heap Roots: 0.2ms
[2025-06-16T00:24:15.487+0530][88125.771s][info][gc,phases      ] GC(64)   Evacuate Collection Set: 3.8ms
[2025-06-16T00:24:15.487+0530][88125.771s][info][gc,phases      ] GC(64)   Post Evacuate Collection Set: 0.6ms
[2025-06-16T00:24:15.487+0530][88125.771s][info][gc,phases      ] GC(64)   Other: 0.1ms
[2025-06-16T00:24:15.487+0530][88125.771s][info][gc,heap        ] GC(64) Eden regions: 12->0(9)
[2025-06-16T00:24:15.487+0530][88125.771s][info][gc,heap        ] GC(64) Survivor regions: 0->2(2)
[2025-06-16T00:24:15.487+0530][88125.771s][info][gc,heap        ] GC(64) Old regions: 6->6
[2025-06-16T00:24:15.487+0530][88125.771s][info][gc,heap        ] GC(64) Humongous regions: 0->0
[2025-06-16T00:24:15.487+0530][88125.771s][info][gc,metaspace   ] GC(64) Metaspace: 66890K(68032K)->66890K(68032K) NonClass: 58881K(59520K)->58881K(59520K) Class: 8009K(8512K)->8009K(8512K)
[2025-06-16T00:24:15.487+0530][88125.771s][info][gc             ] GC(64) Pause Young (Normal) (G1 Evacuation Pause) 67M->24M(80M) 5.087ms
[2025-06-16T00:24:15.487+0530][88125.771s][info][gc,cpu         ] GC(64) User=0.00s Sys=0.00s Real=0.00s
[2025-06-16T00:24:17.343+0530][88127.626s][info][gc,start       ] GC(65) Pause Full (System.gc())
[2025-06-16T00:24:17.343+0530][88127.626s][info][gc,task        ] GC(65) Using 2 workers of 13 for full compaction
[2025-06-16T00:24:17.343+0530][88127.626s][info][gc,phases,start] GC(65) Phase 1: Mark live objects
[2025-06-16T00:24:17.381+0530][88127.665s][info][gc,phases      ] GC(65) Phase 1: Mark live objects 38.812ms
[2025-06-16T00:24:17.381+0530][88127.665s][info][gc,phases,start] GC(65) Phase 2: Prepare compaction
[2025-06-16T00:24:17.386+0530][88127.669s][info][gc,phases      ] GC(65) Phase 2: Prepare compaction 4.157ms
[2025-06-16T00:24:17.386+0530][88127.669s][info][gc,phases,start] GC(65) Phase 3: Adjust pointers
[2025-06-16T00:24:17.403+0530][88127.686s][info][gc,phases      ] GC(65) Phase 3: Adjust pointers 16.970ms
[2025-06-16T00:24:17.403+0530][88127.686s][info][gc,phases,start] GC(65) Phase 4: Compact heap
[2025-06-16T00:24:17.408+0530][88127.692s][info][gc,phases      ] GC(65) Phase 4: Compact heap 5.821ms
[2025-06-16T00:24:17.408+0530][88127.692s][info][gc,phases,start] GC(65) Phase 5: Reset Metadata
[2025-06-16T00:24:17.410+0530][88127.693s][info][gc,phases      ] GC(65) Phase 5: Reset Metadata 1.397ms
[2025-06-16T00:24:17.420+0530][88127.703s][info][gc,heap        ] GC(65) Eden regions: 8->0(12)
[2025-06-16T00:24:17.420+0530][88127.704s][info][gc,heap        ] GC(65) Survivor regions: 2->0(2)
[2025-06-16T00:24:17.420+0530][88127.704s][info][gc,heap        ] GC(65) Old regions: 6->6
[2025-06-16T00:24:17.420+0530][88127.704s][info][gc,heap        ] GC(65) Humongous regions: 0->0
[2025-06-16T00:24:17.420+0530][88127.704s][info][gc,metaspace   ] GC(65) Metaspace: 67354K(68160K)->67354K(68160K) NonClass: 59296K(59648K)->59296K(59648K) Class: 8058K(8512K)->8058K(8512K)
[2025-06-16T00:24:17.420+0530][88127.704s][info][gc             ] GC(65) Pause Full (System.gc()) 54M->21M(80M) 78.097ms
[2025-06-16T00:24:17.420+0530][88127.704s][info][gc,cpu         ] GC(65) User=0.06s Sys=0.00s Real=0.08s
[2025-06-16T00:24:18.051+0530][88128.334s][info][gc,start       ] GC(66) Pause Young (Normal) (G1 Evacuation Pause)
[2025-06-16T00:24:18.051+0530][88128.334s][info][gc,task        ] GC(66) Using 12 workers of 13 for evacuation
[2025-06-16T00:24:18.053+0530][88128.336s][info][gc,phases      ] GC(66)   Pre Evacuate Collection Set: 0.1ms
[2025-06-16T00:24:18.053+0530][88128.336s][info][gc,phases      ] GC(66)   Merge Heap Roots: 0.1ms
[2025-06-16T00:24:18.053+0530][88128.336s][info][gc,phases      ] GC(66)   Evacuate Collection Set: 1.6ms
[2025-06-16T00:24:18.053+0530][88128.336s][info][gc,phases      ] GC(66)   Post Evacuate Collection Set: 0.4ms
[2025-06-16T00:24:18.053+0530][88128.336s][info][gc,phases      ] GC(66)   Other: 0.1ms
[2025-06-16T00:24:18.053+0530][88128.336s][info][gc,heap        ] GC(66) Eden regions: 12->0(9)
[2025-06-16T00:24:18.053+0530][88128.336s][info][gc,heap        ] GC(66) Survivor regions: 0->2(2)
[2025-06-16T00:24:18.053+0530][88128.336s][info][gc,heap        ] GC(66) Old regions: 6->6
[2025-06-16T00:24:18.053+0530][88128.336s][info][gc,heap        ] GC(66) Humongous regions: 0->0
[2025-06-16T00:24:18.053+0530][88128.336s][info][gc,metaspace   ] GC(66) Metaspace: 67566K(68416K)->67566K(68416K) NonClass: 59494K(59904K)->59494K(59904K) Class: 8072K(8512K)->8072K(8512K)
[2025-06-16T00:24:18.053+0530][88128.336s][info][gc             ] GC(66) Pause Young (Normal) (G1 Evacuation Pause) 69M->26M(80M) 2.566ms
[2025-06-16T00:24:18.053+0530][88128.336s][info][gc,cpu         ] GC(66) User=0.00s Sys=0.00s Real=0.00s
[2025-06-16T00:30:00.936+0530][88471.220s][info][gc,start       ] GC(67) Pause Young (Normal) (G1 Evacuation Pause)
[2025-06-16T00:30:00.936+0530][88471.220s][info][gc,task        ] GC(67) Using 10 workers of 13 for evacuation
[2025-06-16T00:30:00.939+0530][88471.223s][info][gc,phases      ] GC(67)   Pre Evacuate Collection Set: 0.1ms
[2025-06-16T00:30:00.939+0530][88471.223s][info][gc,phases      ] GC(67)   Merge Heap Roots: 0.1ms
[2025-06-16T00:30:00.939+0530][88471.223s][info][gc,phases      ] GC(67)   Evacuate Collection Set: 1.8ms
[2025-06-16T00:30:00.939+0530][88471.223s][info][gc,phases      ] GC(67)   Post Evacuate Collection Set: 0.3ms
[2025-06-16T00:30:00.939+0530][88471.223s][info][gc,phases      ] GC(67)   Other: 0.1ms
[2025-06-16T00:30:00.939+0530][88471.223s][info][gc,heap        ] GC(67) Eden regions: 9->0(10)
[2025-06-16T00:30:00.939+0530][88471.223s][info][gc,heap        ] GC(67) Survivor regions: 2->1(2)
[2025-06-16T00:30:00.939+0530][88471.223s][info][gc,heap        ] GC(67) Old regions: 6->7
[2025-06-16T00:30:00.939+0530][88471.223s][info][gc,heap        ] GC(67) Humongous regions: 0->0
[2025-06-16T00:30:00.939+0530][88471.223s][info][gc,metaspace   ] GC(67) Metaspace: 67893K(68672K)->67893K(68672K) NonClass: 59796K(60160K)->59796K(60160K) Class: 8097K(8512K)->8097K(8512K)
[2025-06-16T00:30:00.939+0530][88471.223s][info][gc             ] GC(67) Pause Young (Normal) (G1 Evacuation Pause) 62M->27M(80M) 2.707ms
[2025-06-16T00:30:00.939+0530][88471.223s][info][gc,cpu         ] GC(67) User=0.14s Sys=0.00s Real=0.00s
[2025-06-16T00:48:06.455+0530][89556.740s][info][gc,start       ] GC(68) Pause Young (Normal) (G1 Evacuation Pause)
[2025-06-16T00:48:06.456+0530][89556.740s][info][gc,task        ] GC(68) Using 9 workers of 13 for evacuation
[2025-06-16T00:48:06.458+0530][89556.743s][info][gc,phases      ] GC(68)   Pre Evacuate Collection Set: 0.3ms
[2025-06-16T00:48:06.458+0530][89556.743s][info][gc,phases      ] GC(68)   Merge Heap Roots: 0.1ms
[2025-06-16T00:48:06.458+0530][89556.743s][info][gc,phases      ] GC(68)   Evacuate Collection Set: 1.8ms
[2025-06-16T00:48:06.458+0530][89556.743s][info][gc,phases      ] GC(68)   Post Evacuate Collection Set: 0.4ms
[2025-06-16T00:48:06.458+0530][89556.743s][info][gc,phases      ] GC(68)   Other: 0.1ms
[2025-06-16T00:48:06.458+0530][89556.743s][info][gc,heap        ] GC(68) Eden regions: 10->0(10)
[2025-06-16T00:48:06.458+0530][89556.743s][info][gc,heap        ] GC(68) Survivor regions: 1->1(2)
[2025-06-16T00:48:06.458+0530][89556.743s][info][gc,heap        ] GC(68) Old regions: 7->7
[2025-06-16T00:48:06.458+0530][89556.743s][info][gc,heap        ] GC(68) Humongous regions: 0->0
[2025-06-16T00:48:06.458+0530][89556.743s][info][gc,metaspace   ] GC(68) Metaspace: 67894K(68672K)->67894K(68672K) NonClass: 59796K(60160K)->59796K(60160K) Class: 8097K(8512K)->8097K(8512K)
[2025-06-16T00:48:06.458+0530][89556.743s][info][gc             ] GC(68) Pause Young (Normal) (G1 Evacuation Pause) 67M->27M(80M) 3.145ms
[2025-06-16T00:48:06.458+0530][89556.743s][info][gc,cpu         ] GC(68) User=0.02s Sys=0.00s Real=0.00s
[2025-06-16T01:06:17.277+0530][90647.563s][info][gc,start       ] GC(69) Pause Young (Normal) (G1 Evacuation Pause)
[2025-06-16T01:06:17.277+0530][90647.563s][info][gc,task        ] GC(69) Using 8 workers of 13 for evacuation
[2025-06-16T01:06:17.279+0530][90647.565s][info][gc,phases      ] GC(69)   Pre Evacuate Collection Set: 0.2ms
[2025-06-16T01:06:17.279+0530][90647.565s][info][gc,phases      ] GC(69)   Merge Heap Roots: 0.1ms
[2025-06-16T01:06:17.279+0530][90647.565s][info][gc,phases      ] GC(69)   Evacuate Collection Set: 0.9ms
[2025-06-16T01:06:17.279+0530][90647.565s][info][gc,phases      ] GC(69)   Post Evacuate Collection Set: 0.3ms
[2025-06-16T01:06:17.279+0530][90647.565s][info][gc,phases      ] GC(69)   Other: 0.1ms
[2025-06-16T01:06:17.279+0530][90647.565s][info][gc,heap        ] GC(69) Eden regions: 10->0(10)
[2025-06-16T01:06:17.279+0530][90647.565s][info][gc,heap        ] GC(69) Survivor regions: 1->1(2)
[2025-06-16T01:06:17.279+0530][90647.565s][info][gc,heap        ] GC(69) Old regions: 7->7
[2025-06-16T01:06:17.279+0530][90647.565s][info][gc,heap        ] GC(69) Humongous regions: 0->0
[2025-06-16T01:06:17.279+0530][90647.565s][info][gc,metaspace   ] GC(69) Metaspace: 67894K(68672K)->67894K(68672K) NonClass: 59796K(60160K)->59796K(60160K) Class: 8097K(8512K)->8097K(8512K)
[2025-06-16T01:06:17.279+0530][90647.565s][info][gc             ] GC(69) Pause Young (Normal) (G1 Evacuation Pause) 67M->27M(80M) 1.872ms
[2025-06-16T01:06:17.279+0530][90647.565s][info][gc,cpu         ] GC(69) User=0.00s Sys=0.00s Real=0.00s
[2025-06-16T10:47:47.806+0530][125542.480s][info][gc,start       ] GC(70) Pause Young (Normal) (G1 Evacuation Pause)
[2025-06-16T10:47:47.806+0530][125542.481s][info][gc,task        ] GC(70) Using 8 workers of 13 for evacuation
[2025-06-16T10:47:47.808+0530][125542.484s][info][gc,phases      ] GC(70)   Pre Evacuate Collection Set: 0.3ms
[2025-06-16T10:47:47.808+0530][125542.484s][info][gc,phases      ] GC(70)   Merge Heap Roots: 0.1ms
[2025-06-16T10:47:47.808+0530][125542.484s][info][gc,phases      ] GC(70)   Evacuate Collection Set: 2.1ms
[2025-06-16T10:47:47.808+0530][125542.484s][info][gc,phases      ] GC(70)   Post Evacuate Collection Set: 0.4ms
[2025-06-16T10:47:47.808+0530][125542.484s][info][gc,phases      ] GC(70)   Other: 0.1ms
[2025-06-16T10:47:47.808+0530][125542.484s][info][gc,heap        ] GC(70) Eden regions: 10->0(10)
[2025-06-16T10:47:47.808+0530][125542.484s][info][gc,heap        ] GC(70) Survivor regions: 1->1(2)
[2025-06-16T10:47:47.808+0530][125542.484s][info][gc,heap        ] GC(70) Old regions: 7->7
[2025-06-16T10:47:47.808+0530][125542.484s][info][gc,heap        ] GC(70) Humongous regions: 0->0
[2025-06-16T10:47:47.808+0530][125542.484s][info][gc,metaspace   ] GC(70) Metaspace: 67932K(68736K)->67932K(68736K) NonClass: 59829K(60224K)->59829K(60224K) Class: 8102K(8512K)->8102K(8512K)
[2025-06-16T10:47:47.808+0530][125542.484s][info][gc             ] GC(70) Pause Young (Normal) (G1 Evacuation Pause) 67M->27M(80M) 3.392ms
[2025-06-16T10:47:47.808+0530][125542.484s][info][gc,cpu         ] GC(70) User=0.00s Sys=0.02s Real=0.00s
[2025-06-16T11:05:53.749+0530][126628.440s][info][gc,start       ] GC(71) Pause Young (Normal) (G1 Evacuation Pause)
[2025-06-16T11:05:53.749+0530][126628.440s][info][gc,task        ] GC(71) Using 8 workers of 13 for evacuation
[2025-06-16T11:05:53.752+0530][126628.444s][info][gc,phases      ] GC(71)   Pre Evacuate Collection Set: 0.2ms
[2025-06-16T11:05:53.752+0530][126628.444s][info][gc,phases      ] GC(71)   Merge Heap Roots: 0.2ms
[2025-06-16T11:05:53.752+0530][126628.444s][info][gc,phases      ] GC(71)   Evacuate Collection Set: 2.1ms
[2025-06-16T11:05:53.752+0530][126628.444s][info][gc,phases      ] GC(71)   Post Evacuate Collection Set: 0.5ms
[2025-06-16T11:05:53.752+0530][126628.444s][info][gc,phases      ] GC(71)   Other: 0.1ms
[2025-06-16T11:05:53.752+0530][126628.444s][info][gc,heap        ] GC(71) Eden regions: 10->0(10)
[2025-06-16T11:05:53.752+0530][126628.444s][info][gc,heap        ] GC(71) Survivor regions: 1->1(2)
[2025-06-16T11:05:53.752+0530][126628.444s][info][gc,heap        ] GC(71) Old regions: 7->7
[2025-06-16T11:05:53.752+0530][126628.444s][info][gc,heap        ] GC(71) Humongous regions: 0->0
[2025-06-16T11:05:53.752+0530][126628.444s][info][gc,metaspace   ] GC(71) Metaspace: 67932K(68736K)->67932K(68736K) NonClass: 59829K(60224K)->59829K(60224K) Class: 8102K(8512K)->8102K(8512K)
[2025-06-16T11:05:53.752+0530][126628.444s][info][gc             ] GC(71) Pause Young (Normal) (G1 Evacuation Pause) 67M->26M(80M) 3.591ms
[2025-06-16T11:05:53.752+0530][126628.444s][info][gc,cpu         ] GC(71) User=0.00s Sys=0.00s Real=0.00s
[2025-06-16T11:23:55.992+0530][127710.791s][info][gc,start       ] GC(72) Pause Young (Normal) (G1 Evacuation Pause)
[2025-06-16T11:23:55.992+0530][127710.791s][info][gc,task        ] GC(72) Using 8 workers of 13 for evacuation
[2025-06-16T11:23:55.993+0530][127710.792s][info][gc,phases      ] GC(72)   Pre Evacuate Collection Set: 0.2ms
[2025-06-16T11:23:55.993+0530][127710.792s][info][gc,phases      ] GC(72)   Merge Heap Roots: 0.1ms
[2025-06-16T11:23:55.993+0530][127710.793s][info][gc,phases      ] GC(72)   Evacuate Collection Set: 0.8ms
[2025-06-16T11:23:55.993+0530][127710.793s][info][gc,phases      ] GC(72)   Post Evacuate Collection Set: 0.3ms
[2025-06-16T11:23:55.993+0530][127710.793s][info][gc,phases      ] GC(72)   Other: 0.1ms
[2025-06-16T11:23:55.993+0530][127710.793s][info][gc,heap        ] GC(72) Eden regions: 10->0(10)
[2025-06-16T11:23:55.993+0530][127710.793s][info][gc,heap        ] GC(72) Survivor regions: 1->1(2)
[2025-06-16T11:23:55.993+0530][127710.793s][info][gc,heap        ] GC(72) Old regions: 7->7
[2025-06-16T11:23:55.993+0530][127710.793s][info][gc,heap        ] GC(72) Humongous regions: 0->0
[2025-06-16T11:23:55.993+0530][127710.793s][info][gc,metaspace   ] GC(72) Metaspace: 67932K(68736K)->67932K(68736K) NonClass: 59829K(60224K)->59829K(60224K) Class: 8102K(8512K)->8102K(8512K)
[2025-06-16T11:23:55.993+0530][127710.793s][info][gc             ] GC(72) Pause Young (Normal) (G1 Evacuation Pause) 66M->26M(80M) 1.809ms
[2025-06-16T11:23:55.993+0530][127710.793s][info][gc,cpu         ] GC(72) User=0.00s Sys=0.00s Real=0.00s
[2025-06-16T11:42:01.698+0530][128796.573s][info][gc,start       ] GC(73) Pause Young (Normal) (G1 Evacuation Pause)
[2025-06-16T11:42:01.698+0530][128796.573s][info][gc,task        ] GC(73) Using 8 workers of 13 for evacuation
[2025-06-16T11:42:01.711+0530][128796.587s][info][gc,phases      ] GC(73)   Pre Evacuate Collection Set: 11.4ms
[2025-06-16T11:42:01.711+0530][128796.587s][info][gc,phases      ] GC(73)   Merge Heap Roots: 0.1ms
[2025-06-16T11:42:01.711+0530][128796.587s][info][gc,phases      ] GC(73)   Evacuate Collection Set: 1.1ms
[2025-06-16T11:42:01.711+0530][128796.587s][info][gc,phases      ] GC(73)   Post Evacuate Collection Set: 0.4ms
[2025-06-16T11:42:01.711+0530][128796.587s][info][gc,phases      ] GC(73)   Other: 0.1ms
[2025-06-16T11:42:01.711+0530][128796.587s][info][gc,heap        ] GC(73) Eden regions: 10->0(10)
[2025-06-16T11:42:01.711+0530][128796.587s][info][gc,heap        ] GC(73) Survivor regions: 1->1(2)
[2025-06-16T11:42:01.712+0530][128796.587s][info][gc,heap        ] GC(73) Old regions: 7->7
[2025-06-16T11:42:01.712+0530][128796.587s][info][gc,heap        ] GC(73) Humongous regions: 0->0
[2025-06-16T11:42:01.712+0530][128796.587s][info][gc,metaspace   ] GC(73) Metaspace: 67932K(68736K)->67932K(68736K) NonClass: 59829K(60224K)->59829K(60224K) Class: 8102K(8512K)->8102K(8512K)
[2025-06-16T11:42:01.712+0530][128796.587s][info][gc             ] GC(73) Pause Young (Normal) (G1 Evacuation Pause) 66M->26M(80M) 13.484ms
[2025-06-16T11:42:01.712+0530][128796.587s][info][gc,cpu         ] GC(73) User=0.00s Sys=0.00s Real=0.01s
[2025-06-16T11:57:54.791+0530][129749.715s][info][gc,start       ] GC(74) Pause Full (System.gc())
[2025-06-16T11:57:54.792+0530][129749.715s][info][gc,task        ] GC(74) Using 2 workers of 13 for full compaction
[2025-06-16T11:57:54.792+0530][129749.715s][info][gc,phases,start] GC(74) Phase 1: Mark live objects
[2025-06-16T11:57:54.905+0530][129749.829s][info][gc,phases      ] GC(74) Phase 1: Mark live objects 113.802ms
[2025-06-16T11:57:54.905+0530][129749.829s][info][gc,phases,start] GC(74) Phase 2: Prepare compaction
[2025-06-16T11:57:54.907+0530][129749.832s][info][gc,phases      ] GC(74) Phase 2: Prepare compaction 2.495ms
[2025-06-16T11:57:54.907+0530][129749.832s][info][gc,phases,start] GC(74) Phase 3: Adjust pointers
[2025-06-16T11:57:54.919+0530][129749.843s][info][gc,phases      ] GC(74) Phase 3: Adjust pointers 11.162ms
[2025-06-16T11:57:54.919+0530][129749.843s][info][gc,phases,start] GC(74) Phase 4: Compact heap
[2025-06-16T11:57:54.926+0530][129749.850s][info][gc,phases      ] GC(74) Phase 4: Compact heap 6.984ms
[2025-06-16T11:57:54.926+0530][129749.850s][info][gc,phases,start] GC(74) Phase 5: Reset Metadata
[2025-06-16T11:57:54.928+0530][129749.852s][info][gc,phases      ] GC(74) Phase 5: Reset Metadata 1.904ms
[2025-06-16T11:57:54.936+0530][129749.860s][info][gc,heap        ] GC(74) Eden regions: 10->0(12)
[2025-06-16T11:57:54.936+0530][129749.860s][info][gc,heap        ] GC(74) Survivor regions: 1->0(2)
[2025-06-16T11:57:54.936+0530][129749.860s][info][gc,heap        ] GC(74) Old regions: 7->6
[2025-06-16T11:57:54.936+0530][129749.860s][info][gc,heap        ] GC(74) Humongous regions: 0->0
[2025-06-16T11:57:54.936+0530][129749.860s][info][gc,metaspace   ] GC(74) Metaspace: 67950K(68736K)->67618K(68736K) NonClass: 59847K(60224K)->59595K(60224K) Class: 8103K(8512K)->8022K(8512K)
[2025-06-16T11:57:54.936+0530][129749.860s][info][gc             ] GC(74) Pause Full (System.gc()) 63M->19M(80M) 145.230ms
[2025-06-16T11:57:54.936+0530][129749.860s][info][gc,cpu         ] GC(74) User=0.03s Sys=0.02s Real=0.15s
[2025-06-16T11:57:55.599+0530][129750.523s][info][gc,start       ] GC(75) Pause Young (Normal) (G1 Evacuation Pause)
[2025-06-16T11:57:55.599+0530][129750.523s][info][gc,task        ] GC(75) Using 12 workers of 13 for evacuation
[2025-06-16T11:57:55.603+0530][129750.527s][info][gc,phases      ] GC(75)   Pre Evacuate Collection Set: 0.2ms
[2025-06-16T11:57:55.603+0530][129750.527s][info][gc,phases      ] GC(75)   Merge Heap Roots: 0.1ms
[2025-06-16T11:57:55.603+0530][129750.527s][info][gc,phases      ] GC(75)   Evacuate Collection Set: 2.7ms
[2025-06-16T11:57:55.603+0530][129750.527s][info][gc,phases      ] GC(75)   Post Evacuate Collection Set: 0.4ms
[2025-06-16T11:57:55.603+0530][129750.527s][info][gc,phases      ] GC(75)   Other: 0.1ms
[2025-06-16T11:57:55.603+0530][129750.527s][info][gc,heap        ] GC(75) Eden regions: 12->0(9)
[2025-06-16T11:57:55.603+0530][129750.527s][info][gc,heap        ] GC(75) Survivor regions: 0->2(2)
[2025-06-16T11:57:55.603+0530][129750.527s][info][gc,heap        ] GC(75) Old regions: 6->6
[2025-06-16T11:57:55.603+0530][129750.527s][info][gc,heap        ] GC(75) Humongous regions: 0->0
[2025-06-16T11:57:55.603+0530][129750.527s][info][gc,metaspace   ] GC(75) Metaspace: 67911K(68800K)->67911K(68800K) NonClass: 59843K(60288K)->59843K(60288K) Class: 8068K(8512K)->8068K(8512K)
[2025-06-16T11:57:55.603+0530][129750.527s][info][gc             ] GC(75) Pause Young (Normal) (G1 Evacuation Pause) 67M->25M(80M) 3.715ms
[2025-06-16T11:57:55.603+0530][129750.527s][info][gc,cpu         ] GC(75) User=0.00s Sys=0.00s Real=0.00s
[2025-06-16T11:57:57.341+0530][129752.265s][info][gc,start       ] GC(76) Pause Full (System.gc())
[2025-06-16T11:57:57.341+0530][129752.266s][info][gc,task        ] GC(76) Using 2 workers of 13 for full compaction
[2025-06-16T11:57:57.341+0530][129752.266s][info][gc,phases,start] GC(76) Phase 1: Mark live objects
[2025-06-16T11:57:57.378+0530][129752.302s][info][gc,phases      ] GC(76) Phase 1: Mark live objects 36.601ms
[2025-06-16T11:57:57.378+0530][129752.302s][info][gc,phases,start] GC(76) Phase 2: Prepare compaction
[2025-06-16T11:57:57.380+0530][129752.304s][info][gc,phases      ] GC(76) Phase 2: Prepare compaction 2.182ms
[2025-06-16T11:57:57.380+0530][129752.305s][info][gc,phases,start] GC(76) Phase 3: Adjust pointers
[2025-06-16T11:57:57.390+0530][129752.314s][info][gc,phases      ] GC(76) Phase 3: Adjust pointers 9.488ms
[2025-06-16T11:57:57.390+0530][129752.314s][info][gc,phases,start] GC(76) Phase 4: Compact heap
[2025-06-16T11:57:57.396+0530][129752.319s][info][gc,phases      ] GC(76) Phase 4: Compact heap 5.182ms
[2025-06-16T11:57:57.396+0530][129752.319s][info][gc,phases,start] GC(76) Phase 5: Reset Metadata
[2025-06-16T11:57:57.397+0530][129752.321s][info][gc,phases      ] GC(76) Phase 5: Reset Metadata 1.760ms
[2025-06-16T11:57:57.402+0530][129752.326s][info][gc,heap        ] GC(76) Eden regions: 8->0(12)
[2025-06-16T11:57:57.402+0530][129752.326s][info][gc,heap        ] GC(76) Survivor regions: 2->0(2)
[2025-06-16T11:57:57.402+0530][129752.326s][info][gc,heap        ] GC(76) Old regions: 6->6
[2025-06-16T11:57:57.402+0530][129752.326s][info][gc,heap        ] GC(76) Humongous regions: 0->0
[2025-06-16T11:57:57.402+0530][129752.326s][info][gc,metaspace   ] GC(76) Metaspace: 68352K(69120K)->67995K(69120K) NonClass: 60233K(60608K)->59926K(60608K) Class: 8118K(8512K)->8068K(8512K)
[2025-06-16T11:57:57.402+0530][129752.327s][info][gc             ] GC(76) Pause Full (System.gc()) 54M->21M(80M) 61.085ms
[2025-06-16T11:57:57.402+0530][129752.327s][info][gc,cpu         ] GC(76) User=0.02s Sys=0.00s Real=0.06s
[2025-06-16T11:57:57.881+0530][129752.806s][info][gc,start       ] GC(77) Pause Young (Normal) (G1 Evacuation Pause)
[2025-06-16T11:57:57.881+0530][129752.806s][info][gc,task        ] GC(77) Using 12 workers of 13 for evacuation
[2025-06-16T11:57:57.885+0530][129752.809s][info][gc,phases      ] GC(77)   Pre Evacuate Collection Set: 0.1ms
[2025-06-16T11:57:57.885+0530][129752.809s][info][gc,phases      ] GC(77)   Merge Heap Roots: 0.1ms
[2025-06-16T11:57:57.885+0530][129752.809s][info][gc,phases      ] GC(77)   Evacuate Collection Set: 2.7ms
[2025-06-16T11:57:57.885+0530][129752.809s][info][gc,phases      ] GC(77)   Post Evacuate Collection Set: 0.4ms
[2025-06-16T11:57:57.885+0530][129752.809s][info][gc,phases      ] GC(77)   Other: 0.1ms
[2025-06-16T11:57:57.885+0530][129752.809s][info][gc,heap        ] GC(77) Eden regions: 12->0(9)
[2025-06-16T11:57:57.885+0530][129752.809s][info][gc,heap        ] GC(77) Survivor regions: 0->2(2)
[2025-06-16T11:57:57.885+0530][129752.809s][info][gc,heap        ] GC(77) Old regions: 6->6
[2025-06-16T11:57:57.885+0530][129752.809s][info][gc,heap        ] GC(77) Humongous regions: 0->0
[2025-06-16T11:57:57.885+0530][129752.809s][info][gc,metaspace   ] GC(77) Metaspace: 68208K(69184K)->68208K(69184K) NonClass: 60127K(60672K)->60127K(60672K) Class: 8081K(8512K)->8081K(8512K)
[2025-06-16T11:57:57.885+0530][129752.809s][info][gc             ] GC(77) Pause Young (Normal) (G1 Evacuation Pause) 69M->26M(80M) 3.657ms
[2025-06-16T11:57:57.885+0530][129752.809s][info][gc,cpu         ] GC(77) User=0.00s Sys=0.00s Real=0.00s
[2025-06-16T11:58:37.000+0530][129791.926s][info][gc,start       ] GC(78) Pause Full (System.gc())
[2025-06-16T11:58:37.000+0530][129791.926s][info][gc,task        ] GC(78) Using 2 workers of 13 for full compaction
[2025-06-16T11:58:37.000+0530][129791.926s][info][gc,phases,start] GC(78) Phase 1: Mark live objects
[2025-06-16T11:58:37.030+0530][129791.956s][info][gc,phases      ] GC(78) Phase 1: Mark live objects 29.729ms
[2025-06-16T11:58:37.030+0530][129791.956s][info][gc,phases,start] GC(78) Phase 2: Prepare compaction
[2025-06-16T11:58:37.032+0530][129791.958s][info][gc,phases      ] GC(78) Phase 2: Prepare compaction 1.619ms
[2025-06-16T11:58:37.032+0530][129791.958s][info][gc,phases,start] GC(78) Phase 3: Adjust pointers
[2025-06-16T11:58:37.041+0530][129791.966s][info][gc,phases      ] GC(78) Phase 3: Adjust pointers 8.516ms
[2025-06-16T11:58:37.041+0530][129791.966s][info][gc,phases,start] GC(78) Phase 4: Compact heap
[2025-06-16T11:58:37.057+0530][129791.983s][info][gc,phases      ] GC(78) Phase 4: Compact heap 16.988ms
[2025-06-16T11:58:37.058+0530][129791.983s][info][gc,phases,start] GC(78) Phase 5: Reset Metadata
[2025-06-16T11:58:37.059+0530][129791.985s][info][gc,phases      ] GC(78) Phase 5: Reset Metadata 1.730ms
[2025-06-16T11:58:37.067+0530][129791.993s][info][gc,heap        ] GC(78) Eden regions: 6->0(10)
[2025-06-16T11:58:37.067+0530][129791.993s][info][gc,heap        ] GC(78) Survivor regions: 2->0(2)
[2025-06-16T11:58:37.067+0530][129791.993s][info][gc,heap        ] GC(78) Old regions: 6->7
[2025-06-16T11:58:37.067+0530][129791.993s][info][gc,heap        ] GC(78) Humongous regions: 0->0
[2025-06-16T11:58:37.067+0530][129791.993s][info][gc,metaspace   ] GC(78) Metaspace: 68479K(69312K)->68258K(69312K) NonClass: 60379K(60800K)->60180K(60800K) Class: 8099K(8512K)->8077K(8512K)
[2025-06-16T11:58:37.067+0530][129791.993s][info][gc             ] GC(78) Pause Full (System.gc()) 50M->24M(80M) 66.970ms
[2025-06-16T11:58:37.067+0530][129791.993s][info][gc,cpu         ] GC(78) User=0.06s Sys=0.02s Real=0.07s
[2025-06-16T11:58:37.440+0530][129792.365s][info][gc,start       ] GC(79) Pause Young (Normal) (G1 Evacuation Pause)
[2025-06-16T11:58:37.440+0530][129792.365s][info][gc,task        ] GC(79) Using 6 workers of 13 for evacuation
[2025-06-16T11:58:37.442+0530][129792.368s][info][gc,phases      ] GC(79)   Pre Evacuate Collection Set: 0.1ms
[2025-06-16T11:58:37.442+0530][129792.368s][info][gc,phases      ] GC(79)   Merge Heap Roots: 0.0ms
[2025-06-16T11:58:37.442+0530][129792.368s][info][gc,phases      ] GC(79)   Evacuate Collection Set: 2.0ms
[2025-06-16T11:58:37.442+0530][129792.368s][info][gc,phases      ] GC(79)   Post Evacuate Collection Set: 0.3ms
[2025-06-16T11:58:37.442+0530][129792.368s][info][gc,phases      ] GC(79)   Other: 0.1ms
[2025-06-16T11:58:37.442+0530][129792.368s][info][gc,heap        ] GC(79) Eden regions: 10->0(9)
[2025-06-16T11:58:37.442+0530][129792.368s][info][gc,heap        ] GC(79) Survivor regions: 0->1(2)
[2025-06-16T11:58:37.442+0530][129792.368s][info][gc,heap        ] GC(79) Old regions: 7->7
[2025-06-16T11:58:37.442+0530][129792.368s][info][gc,heap        ] GC(79) Humongous regions: 0->0
[2025-06-16T11:58:37.442+0530][129792.368s][info][gc,metaspace   ] GC(79) Metaspace: 68362K(69312K)->68362K(69312K) NonClass: 60273K(60800K)->60273K(60800K) Class: 8088K(8512K)->8088K(8512K)
[2025-06-16T11:58:37.442+0530][129792.368s][info][gc             ] GC(79) Pause Young (Normal) (G1 Evacuation Pause) 64M->28M(80M) 2.761ms
[2025-06-16T11:58:37.442+0530][129792.368s][info][gc,cpu         ] GC(79) User=0.00s Sys=0.00s Real=0.00s
[2025-06-16T12:01:29.249+0530][129964.181s][info][gc,start       ] GC(80) Pause Young (Normal) (G1 Evacuation Pause)
[2025-06-16T12:01:29.249+0530][129964.181s][info][gc,task        ] GC(80) Using 8 workers of 13 for evacuation
[2025-06-16T12:01:29.260+0530][129964.193s][info][gc,phases      ] GC(80)   Pre Evacuate Collection Set: 0.2ms
[2025-06-16T12:01:29.260+0530][129964.193s][info][gc,phases      ] GC(80)   Merge Heap Roots: 0.1ms
[2025-06-16T12:01:29.260+0530][129964.193s][info][gc,phases      ] GC(80)   Evacuate Collection Set: 11.0ms
[2025-06-16T12:01:29.260+0530][129964.193s][info][gc,phases      ] GC(80)   Post Evacuate Collection Set: 0.3ms
[2025-06-16T12:01:29.260+0530][129964.193s][info][gc,phases      ] GC(80)   Other: 0.2ms
[2025-06-16T12:01:29.260+0530][129964.193s][info][gc,heap        ] GC(80) Eden regions: 9->0(8)
[2025-06-16T12:01:29.261+0530][129964.193s][info][gc,heap        ] GC(80) Survivor regions: 1->2(2)
[2025-06-16T12:01:29.261+0530][129964.193s][info][gc,heap        ] GC(80) Old regions: 7->7
[2025-06-16T12:01:29.261+0530][129964.193s][info][gc,heap        ] GC(80) Humongous regions: 0->0
[2025-06-16T12:01:29.261+0530][129964.193s][info][gc,metaspace   ] GC(80) Metaspace: 68642K(69440K)->68642K(69440K) NonClass: 60541K(60928K)->60541K(60928K) Class: 8101K(8512K)->8101K(8512K)
[2025-06-16T12:01:29.261+0530][129964.193s][info][gc             ] GC(80) Pause Young (Normal) (G1 Evacuation Pause) 64M->29M(80M) 12.111ms
[2025-06-16T12:01:29.261+0530][129964.193s][info][gc,cpu         ] GC(80) User=0.00s Sys=0.00s Real=0.01s
[2025-06-16T12:15:48.400+0530][130823.362s][info][gc,start       ] GC(81) Pause Young (Normal) (G1 Evacuation Pause)
[2025-06-16T12:15:48.400+0530][130823.362s][info][gc,task        ] GC(81) Using 8 workers of 13 for evacuation
[2025-06-16T12:15:48.416+0530][130823.379s][info][gc,phases      ] GC(81)   Pre Evacuate Collection Set: 0.1ms
[2025-06-16T12:15:48.416+0530][130823.379s][info][gc,phases      ] GC(81)   Merge Heap Roots: 0.1ms
[2025-06-16T12:15:48.416+0530][130823.379s][info][gc,phases      ] GC(81)   Evacuate Collection Set: 15.8ms
[2025-06-16T12:15:48.416+0530][130823.379s][info][gc,phases      ] GC(81)   Post Evacuate Collection Set: 0.3ms
[2025-06-16T12:15:48.416+0530][130823.379s][info][gc,phases      ] GC(81)   Other: 0.1ms
[2025-06-16T12:15:48.416+0530][130823.379s][info][gc,heap        ] GC(81) Eden regions: 8->0(9)
[2025-06-16T12:15:48.416+0530][130823.379s][info][gc,heap        ] GC(81) Survivor regions: 2->1(2)
[2025-06-16T12:15:48.416+0530][130823.379s][info][gc,heap        ] GC(81) Old regions: 7->8
[2025-06-16T12:15:48.416+0530][130823.379s][info][gc,heap        ] GC(81) Humongous regions: 0->0
[2025-06-16T12:15:48.416+0530][130823.379s][info][gc,metaspace   ] GC(81) Metaspace: 68643K(69440K)->68643K(69440K) NonClass: 60541K(60928K)->60541K(60928K) Class: 8101K(8512K)->8101K(8512K)
[2025-06-16T12:15:48.416+0530][130823.379s][info][gc             ] GC(81) Pause Young (Normal) (G1 Evacuation Pause) 61M->29M(80M) 16.663ms
[2025-06-16T12:15:48.416+0530][130823.379s][info][gc,cpu         ] GC(81) User=0.00s Sys=0.00s Real=0.02s
[2025-06-16T12:32:05.281+0530][131800.269s][info][gc,start       ] GC(82) Pause Young (Normal) (G1 Evacuation Pause)
[2025-06-16T12:32:05.281+0530][131800.269s][info][gc,task        ] GC(82) Using 8 workers of 13 for evacuation
[2025-06-16T12:32:05.282+0530][131800.271s][info][gc,phases      ] GC(82)   Pre Evacuate Collection Set: 0.1ms
[2025-06-16T12:32:05.282+0530][131800.271s][info][gc,phases      ] GC(82)   Merge Heap Roots: 0.1ms
[2025-06-16T12:32:05.282+0530][131800.271s][info][gc,phases      ] GC(82)   Evacuate Collection Set: 0.8ms
[2025-06-16T12:32:05.282+0530][131800.271s][info][gc,phases      ] GC(82)   Post Evacuate Collection Set: 0.3ms
[2025-06-16T12:32:05.282+0530][131800.271s][info][gc,phases      ] GC(82)   Other: 0.1ms
[2025-06-16T12:32:05.282+0530][131800.271s][info][gc,heap        ] GC(82) Eden regions: 9->0(9)
[2025-06-16T12:32:05.282+0530][131800.271s][info][gc,heap        ] GC(82) Survivor regions: 1->1(2)
[2025-06-16T12:32:05.282+0530][131800.271s][info][gc,heap        ] GC(82) Old regions: 8->8
[2025-06-16T12:32:05.282+0530][131800.271s][info][gc,heap        ] GC(82) Humongous regions: 0->0
[2025-06-16T12:32:05.282+0530][131800.271s][info][gc,metaspace   ] GC(82) Metaspace: 68643K(69440K)->68643K(69440K) NonClass: 60541K(60928K)->60541K(60928K) Class: 8101K(8512K)->8101K(8512K)
[2025-06-16T12:32:05.282+0530][131800.271s][info][gc             ] GC(82) Pause Young (Normal) (G1 Evacuation Pause) 65M->29M(80M) 1.752ms
[2025-06-16T12:32:05.282+0530][131800.271s][info][gc,cpu         ] GC(82) User=0.00s Sys=0.00s Real=0.00s
[2025-06-16T12:48:17.773+0530][132772.780s][info][gc,start       ] GC(83) Pause Young (Normal) (G1 Evacuation Pause)
[2025-06-16T12:48:17.773+0530][132772.780s][info][gc,task        ] GC(83) Using 8 workers of 13 for evacuation
[2025-06-16T12:48:17.785+0530][132772.792s][info][gc,phases      ] GC(83)   Pre Evacuate Collection Set: 0.2ms
[2025-06-16T12:48:17.785+0530][132772.792s][info][gc,phases      ] GC(83)   Merge Heap Roots: 0.1ms
[2025-06-16T12:48:17.785+0530][132772.792s][info][gc,phases      ] GC(83)   Evacuate Collection Set: 11.2ms
[2025-06-16T12:48:17.785+0530][132772.792s][info][gc,phases      ] GC(83)   Post Evacuate Collection Set: 0.3ms
[2025-06-16T12:48:17.785+0530][132772.792s][info][gc,phases      ] GC(83)   Other: 0.1ms
[2025-06-16T12:48:17.785+0530][132772.792s][info][gc,heap        ] GC(83) Eden regions: 9->0(9)
[2025-06-16T12:48:17.785+0530][132772.792s][info][gc,heap        ] GC(83) Survivor regions: 1->1(2)
[2025-06-16T12:48:17.785+0530][132772.792s][info][gc,heap        ] GC(83) Old regions: 8->8
[2025-06-16T12:48:17.785+0530][132772.792s][info][gc,heap        ] GC(83) Humongous regions: 0->0
[2025-06-16T12:48:17.785+0530][132772.792s][info][gc,metaspace   ] GC(83) Metaspace: 68643K(69440K)->68643K(69440K) NonClass: 60541K(60928K)->60541K(60928K) Class: 8101K(8512K)->8101K(8512K)
[2025-06-16T12:48:17.785+0530][132772.792s][info][gc             ] GC(83) Pause Young (Normal) (G1 Evacuation Pause) 65M->29M(80M) 12.168ms
[2025-06-16T12:48:17.785+0530][132772.793s][info][gc,cpu         ] GC(83) User=0.00s Sys=0.00s Real=0.01s
[2025-06-16T13:04:35.596+0530][133750.617s][info][gc,start       ] GC(84) Pause Young (Normal) (G1 Evacuation Pause)
[2025-06-16T13:04:35.597+0530][133750.617s][info][gc,task        ] GC(84) Using 8 workers of 13 for evacuation
[2025-06-16T13:04:35.599+0530][133750.619s][info][gc,phases      ] GC(84)   Pre Evacuate Collection Set: 0.3ms
[2025-06-16T13:04:35.599+0530][133750.619s][info][gc,phases      ] GC(84)   Merge Heap Roots: 0.1ms
[2025-06-16T13:04:35.599+0530][133750.619s][info][gc,phases      ] GC(84)   Evacuate Collection Set: 0.9ms
[2025-06-16T13:04:35.599+0530][133750.619s][info][gc,phases      ] GC(84)   Post Evacuate Collection Set: 0.3ms
[2025-06-16T13:04:35.599+0530][133750.619s][info][gc,phases      ] GC(84)   Other: 0.2ms
[2025-06-16T13:04:35.599+0530][133750.619s][info][gc,heap        ] GC(84) Eden regions: 9->0(9)
[2025-06-16T13:04:35.599+0530][133750.619s][info][gc,heap        ] GC(84) Survivor regions: 1->1(2)
[2025-06-16T13:04:35.599+0530][133750.619s][info][gc,heap        ] GC(84) Old regions: 8->8
[2025-06-16T13:04:35.599+0530][133750.619s][info][gc,heap        ] GC(84) Humongous regions: 0->0
[2025-06-16T13:04:35.599+0530][133750.619s][info][gc,metaspace   ] GC(84) Metaspace: 68643K(69440K)->68643K(69440K) NonClass: 60542K(60928K)->60542K(60928K) Class: 8101K(8512K)->8101K(8512K)
[2025-06-16T13:04:35.599+0530][133750.619s][info][gc             ] GC(84) Pause Young (Normal) (G1 Evacuation Pause) 65M->29M(80M) 2.034ms
[2025-06-16T13:04:35.599+0530][133750.619s][info][gc,cpu         ] GC(84) User=0.00s Sys=0.00s Real=0.00s
[2025-06-16T13:20:51.140+0530][134726.170s][info][gc,start       ] GC(85) Pause Young (Normal) (G1 Evacuation Pause)
[2025-06-16T13:20:51.140+0530][134726.170s][info][gc,task        ] GC(85) Using 8 workers of 13 for evacuation
[2025-06-16T13:20:51.142+0530][134726.172s][info][gc,phases      ] GC(85)   Pre Evacuate Collection Set: 0.5ms
[2025-06-16T13:20:51.142+0530][134726.172s][info][gc,phases      ] GC(85)   Merge Heap Roots: 0.2ms
[2025-06-16T13:20:51.142+0530][134726.172s][info][gc,phases      ] GC(85)   Evacuate Collection Set: 1.0ms
[2025-06-16T13:20:51.142+0530][134726.172s][info][gc,phases      ] GC(85)   Post Evacuate Collection Set: 0.3ms
[2025-06-16T13:20:51.142+0530][134726.172s][info][gc,phases      ] GC(85)   Other: 0.1ms
[2025-06-16T13:20:51.142+0530][134726.172s][info][gc,heap        ] GC(85) Eden regions: 9->0(9)
[2025-06-16T13:20:51.142+0530][134726.172s][info][gc,heap        ] GC(85) Survivor regions: 1->1(2)
[2025-06-16T13:20:51.142+0530][134726.172s][info][gc,heap        ] GC(85) Old regions: 8->8
[2025-06-16T13:20:51.142+0530][134726.172s][info][gc,heap        ] GC(85) Humongous regions: 0->0
[2025-06-16T13:20:51.142+0530][134726.172s][info][gc,metaspace   ] GC(85) Metaspace: 68643K(69440K)->68643K(69440K) NonClass: 60542K(60928K)->60542K(60928K) Class: 8101K(8512K)->8101K(8512K)
[2025-06-16T13:20:51.143+0530][134726.172s][info][gc             ] GC(85) Pause Young (Normal) (G1 Evacuation Pause) 65M->29M(80M) 2.365ms
[2025-06-16T13:20:51.143+0530][134726.173s][info][gc,cpu         ] GC(85) User=0.05s Sys=0.00s Real=0.00s
[2025-06-16T13:37:07.904+0530][135702.941s][info][gc,start       ] GC(86) Pause Young (Normal) (G1 Evacuation Pause)
[2025-06-16T13:37:07.904+0530][135702.941s][info][gc,task        ] GC(86) Using 8 workers of 13 for evacuation
[2025-06-16T13:37:07.906+0530][135702.944s][info][gc,phases      ] GC(86)   Pre Evacuate Collection Set: 0.2ms
[2025-06-16T13:37:07.907+0530][135702.944s][info][gc,phases      ] GC(86)   Merge Heap Roots: 0.2ms
[2025-06-16T13:37:07.907+0530][135702.944s][info][gc,phases      ] GC(86)   Evacuate Collection Set: 1.2ms
[2025-06-16T13:37:07.907+0530][135702.944s][info][gc,phases      ] GC(86)   Post Evacuate Collection Set: 0.4ms
[2025-06-16T13:37:07.907+0530][135702.944s][info][gc,phases      ] GC(86)   Other: 0.1ms
[2025-06-16T13:37:07.907+0530][135702.944s][info][gc,heap        ] GC(86) Eden regions: 9->0(9)
[2025-06-16T13:37:07.907+0530][135702.944s][info][gc,heap        ] GC(86) Survivor regions: 1->1(2)
[2025-06-16T13:37:07.907+0530][135702.944s][info][gc,heap        ] GC(86) Old regions: 8->8
[2025-06-16T13:37:07.907+0530][135702.944s][info][gc,heap        ] GC(86) Humongous regions: 0->0
[2025-06-16T13:37:07.907+0530][135702.944s][info][gc,metaspace   ] GC(86) Metaspace: 68643K(69440K)->68643K(69440K) NonClass: 60542K(60928K)->60542K(60928K) Class: 8101K(8512K)->8101K(8512K)
[2025-06-16T13:37:07.907+0530][135702.944s][info][gc             ] GC(86) Pause Young (Normal) (G1 Evacuation Pause) 65M->29M(80M) 2.329ms
[2025-06-16T13:37:07.907+0530][135702.944s][info][gc,cpu         ] GC(86) User=0.00s Sys=0.00s Real=0.00s
[2025-06-16T13:53:18.069+0530][136673.111s][info][gc,start       ] GC(87) Pause Young (Normal) (G1 Evacuation Pause)
[2025-06-16T13:53:18.069+0530][136673.112s][info][gc,task        ] GC(87) Using 8 workers of 13 for evacuation
[2025-06-16T13:53:18.071+0530][136673.113s][info][gc,phases      ] GC(87)   Pre Evacuate Collection Set: 0.2ms
[2025-06-16T13:53:18.071+0530][136673.113s][info][gc,phases      ] GC(87)   Merge Heap Roots: 0.1ms
[2025-06-16T13:53:18.071+0530][136673.113s][info][gc,phases      ] GC(87)   Evacuate Collection Set: 0.9ms
[2025-06-16T13:53:18.071+0530][136673.113s][info][gc,phases      ] GC(87)   Post Evacuate Collection Set: 0.3ms
[2025-06-16T13:53:18.071+0530][136673.113s][info][gc,phases      ] GC(87)   Other: 0.1ms
[2025-06-16T13:53:18.071+0530][136673.113s][info][gc,heap        ] GC(87) Eden regions: 9->0(9)
[2025-06-16T13:53:18.071+0530][136673.113s][info][gc,heap        ] GC(87) Survivor regions: 1->1(2)
[2025-06-16T13:53:18.071+0530][136673.113s][info][gc,heap        ] GC(87) Old regions: 8->8
[2025-06-16T13:53:18.071+0530][136673.113s][info][gc,heap        ] GC(87) Humongous regions: 0->0
[2025-06-16T13:53:18.071+0530][136673.113s][info][gc,metaspace   ] GC(87) Metaspace: 68643K(69440K)->68643K(69440K) NonClass: 60542K(60928K)->60542K(60928K) Class: 8101K(8512K)->8101K(8512K)
[2025-06-16T13:53:18.071+0530][136673.113s][info][gc             ] GC(87) Pause Young (Normal) (G1 Evacuation Pause) 65M->29M(80M) 1.935ms
[2025-06-16T13:53:18.071+0530][136673.113s][info][gc,cpu         ] GC(87) User=0.00s Sys=0.00s Real=0.00s
[2025-06-16T14:09:24.540+0530][137639.586s][info][gc,start       ] GC(88) Pause Young (Normal) (G1 Evacuation Pause)
[2025-06-16T14:09:24.540+0530][137639.586s][info][gc,task        ] GC(88) Using 8 workers of 13 for evacuation
[2025-06-16T14:09:24.541+0530][137639.588s][info][gc,phases      ] GC(88)   Pre Evacuate Collection Set: 0.2ms
[2025-06-16T14:09:24.541+0530][137639.588s][info][gc,phases      ] GC(88)   Merge Heap Roots: 0.1ms
[2025-06-16T14:09:24.541+0530][137639.588s][info][gc,phases      ] GC(88)   Evacuate Collection Set: 0.9ms
[2025-06-16T14:09:24.541+0530][137639.588s][info][gc,phases      ] GC(88)   Post Evacuate Collection Set: 0.3ms
[2025-06-16T14:09:24.541+0530][137639.588s][info][gc,phases      ] GC(88)   Other: 0.1ms
[2025-06-16T14:09:24.541+0530][137639.588s][info][gc,heap        ] GC(88) Eden regions: 9->0(9)
[2025-06-16T14:09:24.541+0530][137639.588s][info][gc,heap        ] GC(88) Survivor regions: 1->1(2)
[2025-06-16T14:09:24.541+0530][137639.588s][info][gc,heap        ] GC(88) Old regions: 8->8
[2025-06-16T14:09:24.541+0530][137639.588s][info][gc,heap        ] GC(88) Humongous regions: 0->0
[2025-06-16T14:09:24.541+0530][137639.588s][info][gc,metaspace   ] GC(88) Metaspace: 68643K(69440K)->68643K(69440K) NonClass: 60542K(60928K)->60542K(60928K) Class: 8101K(8512K)->8101K(8512K)
[2025-06-16T14:09:24.542+0530][137639.588s][info][gc             ] GC(88) Pause Young (Normal) (G1 Evacuation Pause) 65M->29M(80M) 1.899ms
[2025-06-16T14:09:24.542+0530][137639.588s][info][gc,cpu         ] GC(88) User=0.00s Sys=0.00s Real=0.00s
[2025-06-16T14:25:34.829+0530][138609.877s][info][gc,start       ] GC(89) Pause Young (Normal) (G1 Evacuation Pause)
[2025-06-16T14:25:34.829+0530][138609.877s][info][gc,task        ] GC(89) Using 8 workers of 13 for evacuation
[2025-06-16T14:25:34.830+0530][138609.878s][info][gc,phases      ] GC(89)   Pre Evacuate Collection Set: 0.3ms
[2025-06-16T14:25:34.830+0530][138609.879s][info][gc,phases      ] GC(89)   Merge Heap Roots: 0.1ms
[2025-06-16T14:25:34.830+0530][138609.879s][info][gc,phases      ] GC(89)   Evacuate Collection Set: 0.9ms
[2025-06-16T14:25:34.830+0530][138609.879s][info][gc,phases      ] GC(89)   Post Evacuate Collection Set: 0.2ms
[2025-06-16T14:25:34.830+0530][138609.879s][info][gc,phases      ] GC(89)   Other: 0.1ms
[2025-06-16T14:25:34.830+0530][138609.879s][info][gc,heap        ] GC(89) Eden regions: 9->0(9)
[2025-06-16T14:25:34.830+0530][138609.879s][info][gc,heap        ] GC(89) Survivor regions: 1->1(2)
[2025-06-16T14:25:34.830+0530][138609.879s][info][gc,heap        ] GC(89) Old regions: 8->8
[2025-06-16T14:25:34.830+0530][138609.879s][info][gc,heap        ] GC(89) Humongous regions: 0->0
[2025-06-16T14:25:34.830+0530][138609.879s][info][gc,metaspace   ] GC(89) Metaspace: 68645K(69440K)->68645K(69440K) NonClass: 60543K(60928K)->60543K(60928K) Class: 8101K(8512K)->8101K(8512K)
[2025-06-16T14:25:34.830+0530][138609.879s][info][gc             ] GC(89) Pause Young (Normal) (G1 Evacuation Pause) 65M->29M(80M) 1.841ms
[2025-06-16T14:25:34.830+0530][138609.879s][info][gc,cpu         ] GC(89) User=0.00s Sys=0.00s Real=0.00s
[2025-06-16T14:41:08.190+0530][139543.240s][info][gc,start       ] GC(90) Pause Young (Normal) (G1 Evacuation Pause)
[2025-06-16T14:41:08.190+0530][139543.240s][info][gc,task        ] GC(90) Using 8 workers of 13 for evacuation
[2025-06-16T14:41:08.193+0530][139543.243s][info][gc,phases      ] GC(90)   Pre Evacuate Collection Set: 0.4ms
[2025-06-16T14:41:08.193+0530][139543.243s][info][gc,phases      ] GC(90)   Merge Heap Roots: 0.2ms
[2025-06-16T14:41:08.193+0530][139543.243s][info][gc,phases      ] GC(90)   Evacuate Collection Set: 2.0ms
[2025-06-16T14:41:08.193+0530][139543.243s][info][gc,phases      ] GC(90)   Post Evacuate Collection Set: 0.3ms
[2025-06-16T14:41:08.193+0530][139543.243s][info][gc,phases      ] GC(90)   Other: 0.1ms
[2025-06-16T14:41:08.193+0530][139543.243s][info][gc,heap        ] GC(90) Eden regions: 9->0(9)
[2025-06-16T14:41:08.193+0530][139543.243s][info][gc,heap        ] GC(90) Survivor regions: 1->1(2)
[2025-06-16T14:41:08.193+0530][139543.243s][info][gc,heap        ] GC(90) Old regions: 8->8
[2025-06-16T14:41:08.193+0530][139543.243s][info][gc,heap        ] GC(90) Humongous regions: 0->0
[2025-06-16T14:41:08.193+0530][139543.243s][info][gc,metaspace   ] GC(90) Metaspace: 68753K(69568K)->68753K(69568K) NonClass: 60641K(61056K)->60641K(61056K) Class: 8112K(8512K)->8112K(8512K)
[2025-06-16T14:41:08.193+0530][139543.243s][info][gc             ] GC(90) Pause Young (Normal) (G1 Evacuation Pause) 65M->29M(80M) 3.255ms
[2025-06-16T14:41:08.193+0530][139543.243s][info][gc,cpu         ] GC(90) User=0.00s Sys=0.00s Real=0.00s
[2025-06-16T14:57:20.331+0530][140515.382s][info][gc,start       ] GC(91) Pause Young (Normal) (G1 Evacuation Pause)
[2025-06-16T14:57:20.331+0530][140515.383s][info][gc,task        ] GC(91) Using 8 workers of 13 for evacuation
[2025-06-16T14:57:20.332+0530][140515.384s][info][gc,phases      ] GC(91)   Pre Evacuate Collection Set: 0.2ms
[2025-06-16T14:57:20.332+0530][140515.384s][info][gc,phases      ] GC(91)   Merge Heap Roots: 0.1ms
[2025-06-16T14:57:20.332+0530][140515.384s][info][gc,phases      ] GC(91)   Evacuate Collection Set: 1.1ms
[2025-06-16T14:57:20.332+0530][140515.384s][info][gc,phases      ] GC(91)   Post Evacuate Collection Set: 0.4ms
[2025-06-16T14:57:20.332+0530][140515.384s][info][gc,phases      ] GC(91)   Other: 0.1ms
[2025-06-16T14:57:20.333+0530][140515.385s][info][gc,heap        ] GC(91) Eden regions: 9->0(9)
[2025-06-16T14:57:20.333+0530][140515.385s][info][gc,heap        ] GC(91) Survivor regions: 1->1(2)
[2025-06-16T14:57:20.333+0530][140515.385s][info][gc,heap        ] GC(91) Old regions: 8->8
[2025-06-16T14:57:20.333+0530][140515.385s][info][gc,heap        ] GC(91) Humongous regions: 0->0
[2025-06-16T14:57:20.333+0530][140515.385s][info][gc,metaspace   ] GC(91) Metaspace: 68753K(69568K)->68753K(69568K) NonClass: 60641K(61056K)->60641K(61056K) Class: 8112K(8512K)->8112K(8512K)
[2025-06-16T14:57:20.333+0530][140515.385s][info][gc             ] GC(91) Pause Young (Normal) (G1 Evacuation Pause) 65M->29M(80M) 2.133ms
[2025-06-16T14:57:20.333+0530][140515.385s][info][gc,cpu         ] GC(91) User=0.00s Sys=0.00s Real=0.00s
[2025-06-16T15:13:30.530+0530][141485.582s][info][gc,start       ] GC(92) Pause Young (Normal) (G1 Evacuation Pause)
[2025-06-16T15:13:30.530+0530][141485.582s][info][gc,task        ] GC(92) Using 8 workers of 13 for evacuation
[2025-06-16T15:13:30.531+0530][141485.584s][info][gc,phases      ] GC(92)   Pre Evacuate Collection Set: 0.2ms
[2025-06-16T15:13:30.531+0530][141485.584s][info][gc,phases      ] GC(92)   Merge Heap Roots: 0.1ms
[2025-06-16T15:13:30.531+0530][141485.584s][info][gc,phases      ] GC(92)   Evacuate Collection Set: 1.2ms
[2025-06-16T15:13:30.531+0530][141485.584s][info][gc,phases      ] GC(92)   Post Evacuate Collection Set: 0.3ms
[2025-06-16T15:13:30.531+0530][141485.584s][info][gc,phases      ] GC(92)   Other: 0.1ms
[2025-06-16T15:13:30.531+0530][141485.584s][info][gc,heap        ] GC(92) Eden regions: 9->0(9)
[2025-06-16T15:13:30.531+0530][141485.584s][info][gc,heap        ] GC(92) Survivor regions: 1->1(2)
[2025-06-16T15:13:30.531+0530][141485.584s][info][gc,heap        ] GC(92) Old regions: 8->8
[2025-06-16T15:13:30.531+0530][141485.584s][info][gc,heap        ] GC(92) Humongous regions: 0->0
[2025-06-16T15:13:30.531+0530][141485.584s][info][gc,metaspace   ] GC(92) Metaspace: 68756K(69568K)->68756K(69568K) NonClass: 60643K(61056K)->60643K(61056K) Class: 8112K(8512K)->8112K(8512K)
[2025-06-16T15:13:30.531+0530][141485.585s][info][gc             ] GC(92) Pause Young (Normal) (G1 Evacuation Pause) 65M->29M(80M) 2.186ms
[2025-06-16T15:13:30.531+0530][141485.585s][info][gc,cpu         ] GC(92) User=0.00s Sys=0.00s Real=0.00s
[2025-06-16T15:29:40.169+0530][142455.223s][info][gc,start       ] GC(93) Pause Young (Normal) (G1 Evacuation Pause)
[2025-06-16T15:29:40.169+0530][142455.223s][info][gc,task        ] GC(93) Using 8 workers of 13 for evacuation
[2025-06-16T15:29:40.171+0530][142455.225s][info][gc,phases      ] GC(93)   Pre Evacuate Collection Set: 0.1ms
[2025-06-16T15:29:40.171+0530][142455.225s][info][gc,phases      ] GC(93)   Merge Heap Roots: 0.1ms
[2025-06-16T15:29:40.171+0530][142455.225s][info][gc,phases      ] GC(93)   Evacuate Collection Set: 1.1ms
[2025-06-16T15:29:40.171+0530][142455.225s][info][gc,phases      ] GC(93)   Post Evacuate Collection Set: 0.3ms
[2025-06-16T15:29:40.171+0530][142455.225s][info][gc,phases      ] GC(93)   Other: 0.1ms
[2025-06-16T15:29:40.171+0530][142455.225s][info][gc,heap        ] GC(93) Eden regions: 9->0(9)
[2025-06-16T15:29:40.171+0530][142455.225s][info][gc,heap        ] GC(93) Survivor regions: 1->1(2)
[2025-06-16T15:29:40.171+0530][142455.225s][info][gc,heap        ] GC(93) Old regions: 8->8
[2025-06-16T15:29:40.171+0530][142455.225s][info][gc,heap        ] GC(93) Humongous regions: 0->0
[2025-06-16T15:29:40.171+0530][142455.225s][info][gc,metaspace   ] GC(93) Metaspace: 68765K(69568K)->68765K(69568K) NonClass: 60652K(61056K)->60652K(61056K) Class: 8113K(8512K)->8113K(8512K)
[2025-06-16T15:29:40.171+0530][142455.225s][info][gc             ] GC(93) Pause Young (Normal) (G1 Evacuation Pause) 65M->29M(80M) 1.955ms
[2025-06-16T15:29:40.171+0530][142455.225s][info][gc,cpu         ] GC(93) User=0.00s Sys=0.00s Real=0.00s
[2025-06-16T15:45:50.195+0530][143425.250s][info][gc,start       ] GC(94) Pause Young (Normal) (G1 Evacuation Pause)
[2025-06-16T15:45:50.195+0530][143425.250s][info][gc,task        ] GC(94) Using 8 workers of 13 for evacuation
[2025-06-16T15:45:50.197+0530][143425.251s][info][gc,phases      ] GC(94)   Pre Evacuate Collection Set: 0.2ms
[2025-06-16T15:45:50.197+0530][143425.251s][info][gc,phases      ] GC(94)   Merge Heap Roots: 0.1ms
[2025-06-16T15:45:50.197+0530][143425.251s][info][gc,phases      ] GC(94)   Evacuate Collection Set: 1.0ms
[2025-06-16T15:45:50.197+0530][143425.251s][info][gc,phases      ] GC(94)   Post Evacuate Collection Set: 0.3ms
[2025-06-16T15:45:50.197+0530][143425.251s][info][gc,phases      ] GC(94)   Other: 0.1ms
[2025-06-16T15:45:50.197+0530][143425.251s][info][gc,heap        ] GC(94) Eden regions: 9->0(9)
[2025-06-16T15:45:50.197+0530][143425.251s][info][gc,heap        ] GC(94) Survivor regions: 1->1(2)
[2025-06-16T15:45:50.197+0530][143425.251s][info][gc,heap        ] GC(94) Old regions: 8->8
[2025-06-16T15:45:50.197+0530][143425.251s][info][gc,heap        ] GC(94) Humongous regions: 0->0
[2025-06-16T15:45:50.197+0530][143425.252s][info][gc,metaspace   ] GC(94) Metaspace: 68771K(69568K)->68771K(69568K) NonClass: 60658K(61056K)->60658K(61056K) Class: 8113K(8512K)->8113K(8512K)
[2025-06-16T15:45:50.197+0530][143425.252s][info][gc             ] GC(94) Pause Young (Normal) (G1 Evacuation Pause) 65M->29M(80M) 1.933ms
[2025-06-16T15:45:50.197+0530][143425.252s][info][gc,cpu         ] GC(94) User=0.00s Sys=0.00s Real=0.00s
[2025-06-16T16:02:02.150+0530][144397.205s][info][gc,start       ] GC(95) Pause Young (Normal) (G1 Evacuation Pause)
[2025-06-16T16:02:02.150+0530][144397.206s][info][gc,task        ] GC(95) Using 8 workers of 13 for evacuation
[2025-06-16T16:02:02.169+0530][144397.224s][info][gc,phases      ] GC(95)   Pre Evacuate Collection Set: 0.2ms
[2025-06-16T16:02:02.169+0530][144397.224s][info][gc,phases      ] GC(95)   Merge Heap Roots: 0.1ms
[2025-06-16T16:02:02.169+0530][144397.224s][info][gc,phases      ] GC(95)   Evacuate Collection Set: 17.6ms
[2025-06-16T16:02:02.169+0530][144397.224s][info][gc,phases      ] GC(95)   Post Evacuate Collection Set: 0.3ms
[2025-06-16T16:02:02.169+0530][144397.224s][info][gc,phases      ] GC(95)   Other: 0.1ms
[2025-06-16T16:02:02.169+0530][144397.224s][info][gc,heap        ] GC(95) Eden regions: 9->0(8)
[2025-06-16T16:02:02.169+0530][144397.224s][info][gc,heap        ] GC(95) Survivor regions: 1->1(2)
[2025-06-16T16:02:02.169+0530][144397.224s][info][gc,heap        ] GC(95) Old regions: 8->9
[2025-06-16T16:02:02.169+0530][144397.224s][info][gc,heap        ] GC(95) Humongous regions: 0->0
[2025-06-16T16:02:02.169+0530][144397.224s][info][gc,metaspace   ] GC(95) Metaspace: 68773K(69568K)->68773K(69568K) NonClass: 60660K(61056K)->60660K(61056K) Class: 8113K(8512K)->8113K(8512K)
[2025-06-16T16:02:02.169+0530][144397.224s][info][gc             ] GC(95) Pause Young (Normal) (G1 Evacuation Pause) 65M->29M(80M) 18.639ms
[2025-06-16T16:02:02.169+0530][144397.224s][info][gc,cpu         ] GC(95) User=0.00s Sys=0.00s Real=0.02s
[2025-06-16T16:16:27.533+0530][145262.587s][info][gc,start       ] GC(96) Pause Young (Normal) (G1 Evacuation Pause)
[2025-06-16T16:16:27.533+0530][145262.587s][info][gc,task        ] GC(96) Using 8 workers of 13 for evacuation
[2025-06-16T16:16:27.534+0530][145262.589s][info][gc,phases      ] GC(96)   Pre Evacuate Collection Set: 0.2ms
[2025-06-16T16:16:27.534+0530][145262.589s][info][gc,phases      ] GC(96)   Merge Heap Roots: 0.1ms
[2025-06-16T16:16:27.534+0530][145262.589s][info][gc,phases      ] GC(96)   Evacuate Collection Set: 0.6ms
[2025-06-16T16:16:27.534+0530][145262.589s][info][gc,phases      ] GC(96)   Post Evacuate Collection Set: 0.4ms
[2025-06-16T16:16:27.534+0530][145262.589s][info][gc,phases      ] GC(96)   Other: 0.1ms
[2025-06-16T16:16:27.534+0530][145262.589s][info][gc,heap        ] GC(96) Eden regions: 8->0(8)
[2025-06-16T16:16:27.534+0530][145262.589s][info][gc,heap        ] GC(96) Survivor regions: 1->1(2)
[2025-06-16T16:16:27.534+0530][145262.589s][info][gc,heap        ] GC(96) Old regions: 9->9
[2025-06-16T16:16:27.534+0530][145262.589s][info][gc,heap        ] GC(96) Humongous regions: 0->0
[2025-06-16T16:16:27.534+0530][145262.589s][info][gc,metaspace   ] GC(96) Metaspace: 68773K(69568K)->68773K(69568K) NonClass: 60660K(61056K)->60660K(61056K) Class: 8113K(8512K)->8113K(8512K)
[2025-06-16T16:16:27.534+0530][145262.589s][info][gc             ] GC(96) Pause Young (Normal) (G1 Evacuation Pause) 61M->29M(80M) 1.557ms
[2025-06-16T16:16:27.534+0530][145262.589s][info][gc,cpu         ] GC(96) User=0.00s Sys=0.00s Real=0.00s
[2025-06-16T16:30:36.369+0530][146111.423s][info][gc,start       ] GC(97) Pause Young (Normal) (G1 Evacuation Pause)
[2025-06-16T16:30:36.369+0530][146111.424s][info][gc,task        ] GC(97) Using 8 workers of 13 for evacuation
[2025-06-16T16:30:36.370+0530][146111.425s][info][gc,phases      ] GC(97)   Pre Evacuate Collection Set: 0.5ms
[2025-06-16T16:30:36.370+0530][146111.425s][info][gc,phases      ] GC(97)   Merge Heap Roots: 0.2ms
[2025-06-16T16:30:36.370+0530][146111.425s][info][gc,phases      ] GC(97)   Evacuate Collection Set: 0.6ms
[2025-06-16T16:30:36.370+0530][146111.425s][info][gc,phases      ] GC(97)   Post Evacuate Collection Set: 0.3ms
[2025-06-16T16:30:36.370+0530][146111.425s][info][gc,phases      ] GC(97)   Other: 0.1ms
[2025-06-16T16:30:36.370+0530][146111.425s][info][gc,heap        ] GC(97) Eden regions: 8->0(8)
[2025-06-16T16:30:36.370+0530][146111.425s][info][gc,heap        ] GC(97) Survivor regions: 1->1(2)
[2025-06-16T16:30:36.370+0530][146111.425s][info][gc,heap        ] GC(97) Old regions: 9->9
[2025-06-16T16:30:36.370+0530][146111.425s][info][gc,heap        ] GC(97) Humongous regions: 0->0
[2025-06-16T16:30:36.370+0530][146111.425s][info][gc,metaspace   ] GC(97) Metaspace: 68778K(69568K)->68778K(69568K) NonClass: 60665K(61056K)->60665K(61056K) Class: 8113K(8512K)->8113K(8512K)
[2025-06-16T16:30:36.370+0530][146111.426s][info][gc             ] GC(97) Pause Young (Normal) (G1 Evacuation Pause) 61M->29M(80M) 2.128ms
[2025-06-16T16:30:36.370+0530][146111.426s][info][gc,cpu         ] GC(97) User=0.00s Sys=0.00s Real=0.00s
[2025-06-16T16:32:17.785+0530][146212.840s][info][gc,start       ] GC(98) Pause Full (System.gc())
[2025-06-16T16:32:17.786+0530][146212.840s][info][gc,task        ] GC(98) Using 2 workers of 13 for full compaction
[2025-06-16T16:32:17.786+0530][146212.841s][info][gc,phases,start] GC(98) Phase 1: Mark live objects
[2025-06-16T16:32:17.920+0530][146212.976s][info][gc,phases      ] GC(98) Phase 1: Mark live objects 135.299ms
[2025-06-16T16:32:17.920+0530][146212.976s][info][gc,phases,start] GC(98) Phase 2: Prepare compaction
[2025-06-16T16:32:17.923+0530][146212.979s][info][gc,phases      ] GC(98) Phase 2: Prepare compaction 2.516ms
[2025-06-16T16:32:17.923+0530][146212.979s][info][gc,phases,start] GC(98) Phase 3: Adjust pointers
[2025-06-16T16:32:17.937+0530][146212.993s][info][gc,phases      ] GC(98) Phase 3: Adjust pointers 14.164ms
[2025-06-16T16:32:17.937+0530][146212.993s][info][gc,phases,start] GC(98) Phase 4: Compact heap
[2025-06-16T16:32:17.943+0530][146212.998s][info][gc,phases      ] GC(98) Phase 4: Compact heap 4.830ms
[2025-06-16T16:32:17.943+0530][146212.998s][info][gc,phases,start] GC(98) Phase 5: Reset Metadata
[2025-06-16T16:32:17.945+0530][146213.000s][info][gc,phases      ] GC(98) Phase 5: Reset Metadata 2.265ms
[2025-06-16T16:32:17.958+0530][146213.013s][info][gc,heap        ] GC(98) Eden regions: 2->0(12)
[2025-06-16T16:32:17.958+0530][146213.014s][info][gc,heap        ] GC(98) Survivor regions: 1->0(2)
[2025-06-16T16:32:17.958+0530][146213.014s][info][gc,heap        ] GC(98) Old regions: 9->6
[2025-06-16T16:32:17.958+0530][146213.014s][info][gc,heap        ] GC(98) Humongous regions: 0->0
[2025-06-16T16:32:17.958+0530][146213.014s][info][gc,metaspace   ] GC(98) Metaspace: 68784K(69568K)->68335K(69504K) NonClass: 60671K(61056K)->60300K(60992K) Class: 8113K(8512K)->8034K(8512K)
[2025-06-16T16:32:17.958+0530][146213.014s][info][gc             ] GC(98) Pause Full (System.gc()) 34M->19M(80M) 173.388ms
[2025-06-16T16:32:17.958+0530][146213.014s][info][gc,cpu         ] GC(98) User=0.03s Sys=0.05s Real=0.17s
[2025-06-16T16:32:18.836+0530][146213.891s][info][gc,start       ] GC(99) Pause Young (Normal) (G1 Evacuation Pause)
[2025-06-16T16:32:18.836+0530][146213.891s][info][gc,task        ] GC(99) Using 12 workers of 13 for evacuation
[2025-06-16T16:32:18.841+0530][146213.896s][info][gc,phases      ] GC(99)   Pre Evacuate Collection Set: 0.1ms
[2025-06-16T16:32:18.841+0530][146213.897s][info][gc,phases      ] GC(99)   Merge Heap Roots: 0.1ms
[2025-06-16T16:32:18.841+0530][146213.897s][info][gc,phases      ] GC(99)   Evacuate Collection Set: 5.1ms
[2025-06-16T16:32:18.841+0530][146213.897s][info][gc,phases      ] GC(99)   Post Evacuate Collection Set: 0.4ms
[2025-06-16T16:32:18.841+0530][146213.897s][info][gc,phases      ] GC(99)   Other: 0.1ms
[2025-06-16T16:32:18.842+0530][146213.897s][info][gc,heap        ] GC(99) Eden regions: 12->0(9)
[2025-06-16T16:32:18.842+0530][146213.897s][info][gc,heap        ] GC(99) Survivor regions: 0->2(2)
[2025-06-16T16:32:18.842+0530][146213.897s][info][gc,heap        ] GC(99) Old regions: 6->6
[2025-06-16T16:32:18.842+0530][146213.897s][info][gc,heap        ] GC(99) Humongous regions: 0->0
[2025-06-16T16:32:18.842+0530][146213.897s][info][gc,metaspace   ] GC(99) Metaspace: 68589K(69568K)->68589K(69568K) NonClass: 60509K(61056K)->60509K(61056K) Class: 8080K(8512K)->8080K(8512K)
[2025-06-16T16:32:18.842+0530][146213.897s][info][gc             ] GC(99) Pause Young (Normal) (G1 Evacuation Pause) 67M->24M(80M) 6.003ms
[2025-06-16T16:32:18.842+0530][146213.897s][info][gc,cpu         ] GC(99) User=0.00s Sys=0.00s Real=0.01s
[2025-06-16T16:34:55.960+0530][146371.015s][info][gc,start       ] GC(100) Pause Full (System.gc())
[2025-06-16T16:34:55.960+0530][146371.015s][info][gc,task        ] GC(100) Using 2 workers of 13 for full compaction
[2025-06-16T16:34:55.960+0530][146371.016s][info][gc,phases,start] GC(100) Phase 1: Mark live objects
[2025-06-16T16:34:55.999+0530][146371.054s][info][gc,phases      ] GC(100) Phase 1: Mark live objects 38.717ms
[2025-06-16T16:34:55.999+0530][146371.054s][info][gc,phases,start] GC(100) Phase 2: Prepare compaction
[2025-06-16T16:34:56.002+0530][146371.057s][info][gc,phases      ] GC(100) Phase 2: Prepare compaction 3.023ms
[2025-06-16T16:34:56.002+0530][146371.057s][info][gc,phases,start] GC(100) Phase 3: Adjust pointers
[2025-06-16T16:34:56.017+0530][146371.072s][info][gc,phases      ] GC(100) Phase 3: Adjust pointers 14.272ms
[2025-06-16T16:34:56.017+0530][146371.072s][info][gc,phases,start] GC(100) Phase 4: Compact heap
[2025-06-16T16:34:56.022+0530][146371.077s][info][gc,phases      ] GC(100) Phase 4: Compact heap 5.617ms
[2025-06-16T16:34:56.022+0530][146371.077s][info][gc,phases,start] GC(100) Phase 5: Reset Metadata
[2025-06-16T16:34:56.024+0530][146371.080s][info][gc,phases      ] GC(100) Phase 5: Reset Metadata 2.169ms
[2025-06-16T16:34:56.031+0530][146371.086s][info][gc,heap        ] GC(100) Eden regions: 9->0(12)
[2025-06-16T16:34:56.032+0530][146371.086s][info][gc,heap        ] GC(100) Survivor regions: 2->0(2)
[2025-06-16T16:34:56.032+0530][146371.086s][info][gc,heap        ] GC(100) Old regions: 6->6
[2025-06-16T16:34:56.032+0530][146371.086s][info][gc,heap        ] GC(100) Humongous regions: 0->0
[2025-06-16T16:34:56.032+0530][146371.086s][info][gc,metaspace   ] GC(100) Metaspace: 68991K(69824K)->68672K(69760K) NonClass: 60861K(61312K)->60587K(61248K) Class: 8129K(8512K)->8084K(8512K)
[2025-06-16T16:34:56.032+0530][146371.087s][info][gc             ] GC(100) Pause Full (System.gc()) 59M->22M(80M) 71.117ms
[2025-06-16T16:34:56.032+0530][146371.087s][info][gc,cpu         ] GC(100) User=0.03s Sys=0.00s Real=0.07s
[2025-06-16T16:35:52.742+0530][146427.797s][info][gc,start       ] GC(101) Pause Young (Normal) (G1 Evacuation Pause)
[2025-06-16T16:35:52.742+0530][146427.797s][info][gc,task        ] GC(101) Using 6 workers of 13 for evacuation
[2025-06-16T16:35:52.744+0530][146427.799s][info][gc,phases      ] GC(101)   Pre Evacuate Collection Set: 0.1ms
[2025-06-16T16:35:52.744+0530][146427.799s][info][gc,phases      ] GC(101)   Merge Heap Roots: 0.0ms
[2025-06-16T16:35:52.744+0530][146427.799s][info][gc,phases      ] GC(101)   Evacuate Collection Set: 1.7ms
[2025-06-16T16:35:52.744+0530][146427.799s][info][gc,phases      ] GC(101)   Post Evacuate Collection Set: 0.3ms
[2025-06-16T16:35:52.744+0530][146427.799s][info][gc,phases      ] GC(101)   Other: 0.1ms
[2025-06-16T16:35:52.744+0530][146427.799s][info][gc,heap        ] GC(101) Eden regions: 12->0(11)
[2025-06-16T16:35:52.744+0530][146427.799s][info][gc,heap        ] GC(101) Survivor regions: 0->1(2)
[2025-06-16T16:35:52.744+0530][146427.799s][info][gc,heap        ] GC(101) Old regions: 6->6
[2025-06-16T16:35:52.744+0530][146427.799s][info][gc,heap        ] GC(101) Humongous regions: 0->0
[2025-06-16T16:35:52.744+0530][146427.799s][info][gc,metaspace   ] GC(101) Metaspace: 68990K(69824K)->68990K(69824K) NonClass: 60848K(61312K)->60848K(61312K) Class: 8142K(8512K)->8142K(8512K)
[2025-06-16T16:35:52.744+0530][146427.799s][info][gc             ] GC(101) Pause Young (Normal) (G1 Evacuation Pause) 70M->25M(80M) 2.436ms
[2025-06-16T16:35:52.744+0530][146427.800s][info][gc,cpu         ] GC(101) User=0.00s Sys=0.00s Real=0.00s
[2025-06-16T16:37:07.334+0530][146502.389s][info][gc,start       ] GC(102) Pause Young (Normal) (G1 Evacuation Pause)
[2025-06-16T16:37:07.334+0530][146502.389s][info][gc,task        ] GC(102) Using 6 workers of 13 for evacuation
[2025-06-16T16:37:07.336+0530][146502.391s][info][gc,phases      ] GC(102)   Pre Evacuate Collection Set: 0.1ms
[2025-06-16T16:37:07.336+0530][146502.391s][info][gc,phases      ] GC(102)   Merge Heap Roots: 0.3ms
[2025-06-16T16:37:07.336+0530][146502.391s][info][gc,phases      ] GC(102)   Evacuate Collection Set: 1.2ms
[2025-06-16T16:37:07.336+0530][146502.391s][info][gc,phases      ] GC(102)   Post Evacuate Collection Set: 0.3ms
[2025-06-16T16:37:07.336+0530][146502.391s][info][gc,phases      ] GC(102)   Other: 0.1ms
[2025-06-16T16:37:07.336+0530][146502.391s][info][gc,heap        ] GC(102) Eden regions: 11->0(11)
[2025-06-16T16:37:07.336+0530][146502.391s][info][gc,heap        ] GC(102) Survivor regions: 1->1(2)
[2025-06-16T16:37:07.336+0530][146502.391s][info][gc,heap        ] GC(102) Old regions: 6->6
[2025-06-16T16:37:07.336+0530][146502.391s][info][gc,heap        ] GC(102) Humongous regions: 0->0
[2025-06-16T16:37:07.336+0530][146502.392s][info][gc,metaspace   ] GC(102) Metaspace: 69118K(69888K)->69118K(69888K) NonClass: 60962K(61376K)->60962K(61376K) Class: 8156K(8512K)->8156K(8512K)
[2025-06-16T16:37:07.336+0530][146502.392s][info][gc             ] GC(102) Pause Young (Normal) (G1 Evacuation Pause) 69M->25M(80M) 2.174ms
[2025-06-16T16:37:07.336+0530][146502.392s][info][gc,cpu         ] GC(102) User=0.00s Sys=0.00s Real=0.00s
