[2025-06-11T00:27:30.002+0530][0.009s][info][gc,init] CardTable entry size: 512
[2025-06-11T00:27:30.002+0530][0.009s][info][gc     ] Using G1
[2025-06-11T00:27:30.004+0530][0.010s][info][gc,init] Version: 21.0.7+6-LTS (release)
[2025-06-11T00:27:30.004+0530][0.010s][info][gc,init] CPUs: 16 total, 16 available
[2025-06-11T00:27:30.004+0530][0.010s][info][gc,init] Memory: 20332M
[2025-06-11T00:27:30.004+0530][0.010s][info][gc,init] Large Page Support: Disabled
[2025-06-11T00:27:30.004+0530][0.010s][info][gc,init] NUMA Support: Disabled
[2025-06-11T00:27:30.004+0530][0.010s][info][gc,init] Compressed Oops: Enabled (Zero based)
[2025-06-11T00:27:30.004+0530][0.010s][info][gc,init] Heap Region Size: 4M
[2025-06-11T00:27:30.004+0530][0.011s][info][gc,init] Heap Min Capacity: 8M
[2025-06-11T00:27:30.004+0530][0.011s][info][gc,init] Heap Initial Capacity: 320M
[2025-06-11T00:27:30.004+0530][0.011s][info][gc,init] Heap Max Capacity: 5084M
[2025-06-11T00:27:30.004+0530][0.011s][info][gc,init] Pre-touch: Disabled
[2025-06-11T00:27:30.004+0530][0.011s][info][gc,init] Parallel Workers: 13
[2025-06-11T00:27:30.004+0530][0.011s][info][gc,init] Concurrent Workers: 3
[2025-06-11T00:27:30.004+0530][0.011s][info][gc,init] Concurrent Refinement Workers: 13
[2025-06-11T00:27:30.004+0530][0.011s][info][gc,init] Periodic GC: Disabled
[2025-06-11T00:27:30.012+0530][0.019s][info][gc,metaspace] CDS archive(s) not mapped
[2025-06-11T00:27:30.012+0530][0.019s][info][gc,metaspace] Compressed class space mapped at: 0x0000000800000000-0x0000000840000000, reserved size: 1073741824
[2025-06-11T00:27:30.012+0530][0.019s][info][gc,metaspace] Narrow klass base: 0x0000000800000000, Narrow klass shift: 0, Narrow klass range: 0x40000000
[2025-06-11T00:27:30.577+0530][0.584s][info][gc,start    ] GC(0) Pause Young (Normal) (G1 Evacuation Pause)
[2025-06-11T00:27:30.577+0530][0.584s][info][gc,task     ] GC(0) Using 7 workers of 13 for evacuation
[2025-06-11T00:27:30.580+0530][0.587s][info][gc,phases   ] GC(0)   Pre Evacuate Collection Set: 0.1ms
[2025-06-11T00:27:30.580+0530][0.587s][info][gc,phases   ] GC(0)   Merge Heap Roots: 0.1ms
[2025-06-11T00:27:30.580+0530][0.587s][info][gc,phases   ] GC(0)   Evacuate Collection Set: 2.5ms
[2025-06-11T00:27:30.580+0530][0.587s][info][gc,phases   ] GC(0)   Post Evacuate Collection Set: 0.5ms
[2025-06-11T00:27:30.580+0530][0.587s][info][gc,phases   ] GC(0)   Other: 0.3ms
[2025-06-11T00:27:30.580+0530][0.587s][info][gc,heap     ] GC(0) Eden regions: 5->0(5)
[2025-06-11T00:27:30.580+0530][0.587s][info][gc,heap     ] GC(0) Survivor regions: 0->1(1)
[2025-06-11T00:27:30.580+0530][0.587s][info][gc,heap     ] GC(0) Old regions: 0->1
[2025-06-11T00:27:30.580+0530][0.587s][info][gc,heap     ] GC(0) Humongous regions: 0->0
[2025-06-11T00:27:30.580+0530][0.587s][info][gc,metaspace] GC(0) Metaspace: 16534K(16832K)->16534K(16832K) NonClass: 15036K(15168K)->15036K(15168K) Class: 1498K(1664K)->1498K(1664K)
[2025-06-11T00:27:30.580+0530][0.587s][info][gc          ] GC(0) Pause Young (Normal) (G1 Evacuation Pause) 20M->5M(320M) 3.652ms
[2025-06-11T00:27:30.580+0530][0.587s][info][gc,cpu      ] GC(0) User=0.00s Sys=0.00s Real=0.00s
[2025-06-11T00:27:30.764+0530][0.771s][info][gc,start    ] GC(1) Pause Young (Normal) (G1 Evacuation Pause)
[2025-06-11T00:27:30.764+0530][0.771s][info][gc,task     ] GC(1) Using 7 workers of 13 for evacuation
[2025-06-11T00:27:30.767+0530][0.774s][info][gc,phases   ] GC(1)   Pre Evacuate Collection Set: 0.1ms
[2025-06-11T00:27:30.767+0530][0.775s][info][gc,phases   ] GC(1)   Merge Heap Roots: 0.0ms
[2025-06-11T00:27:30.767+0530][0.775s][info][gc,phases   ] GC(1)   Evacuate Collection Set: 2.4ms
[2025-06-11T00:27:30.767+0530][0.775s][info][gc,phases   ] GC(1)   Post Evacuate Collection Set: 0.5ms
[2025-06-11T00:27:30.767+0530][0.775s][info][gc,phases   ] GC(1)   Other: 0.1ms
[2025-06-11T00:27:30.767+0530][0.775s][info][gc,heap     ] GC(1) Eden regions: 5->0(15)
[2025-06-11T00:27:30.767+0530][0.775s][info][gc,heap     ] GC(1) Survivor regions: 1->1(1)
[2025-06-11T00:27:30.767+0530][0.775s][info][gc,heap     ] GC(1) Old regions: 1->2
[2025-06-11T00:27:30.767+0530][0.775s][info][gc,heap     ] GC(1) Humongous regions: 0->0
[2025-06-11T00:27:30.767+0530][0.775s][info][gc,metaspace] GC(1) Metaspace: 19155K(19456K)->19155K(19456K) NonClass: 17326K(17536K)->17326K(17536K) Class: 1828K(1920K)->1828K(1920K)
[2025-06-11T00:27:30.767+0530][0.775s][info][gc          ] GC(1) Pause Young (Normal) (G1 Evacuation Pause) 25M->6M(320M) 3.337ms
[2025-06-11T00:27:30.767+0530][0.775s][info][gc,cpu      ] GC(1) User=0.00s Sys=0.00s Real=0.00s
[2025-06-11T00:27:30.920+0530][0.927s][info][gc,start    ] GC(2) Pause Young (Concurrent Start) (Metadata GC Threshold)
[2025-06-11T00:27:30.920+0530][0.927s][info][gc,task     ] GC(2) Using 7 workers of 13 for evacuation
[2025-06-11T00:27:30.921+0530][0.928s][info][gc,phases   ] GC(2)   Pre Evacuate Collection Set: 0.1ms
[2025-06-11T00:27:30.921+0530][0.928s][info][gc,phases   ] GC(2)   Merge Heap Roots: 0.0ms
[2025-06-11T00:27:30.921+0530][0.928s][info][gc,phases   ] GC(2)   Evacuate Collection Set: 0.7ms
[2025-06-11T00:27:30.921+0530][0.928s][info][gc,phases   ] GC(2)   Post Evacuate Collection Set: 0.2ms
[2025-06-11T00:27:30.921+0530][0.928s][info][gc,phases   ] GC(2)   Other: 0.1ms
[2025-06-11T00:27:30.921+0530][0.928s][info][gc,heap     ] GC(2) Eden regions: 3->0(33)
[2025-06-11T00:27:30.921+0530][0.928s][info][gc,heap     ] GC(2) Survivor regions: 1->1(3)
[2025-06-11T00:27:30.921+0530][0.928s][info][gc,heap     ] GC(2) Old regions: 2->2
[2025-06-11T00:27:30.921+0530][0.928s][info][gc,heap     ] GC(2) Humongous regions: 0->0
[2025-06-11T00:27:30.921+0530][0.928s][info][gc,metaspace] GC(2) Metaspace: 21259K(21504K)->21259K(21504K) NonClass: 19176K(19328K)->19176K(19328K) Class: 2083K(2176K)->2083K(2176K)
[2025-06-11T00:27:30.921+0530][0.929s][info][gc          ] GC(2) Pause Young (Concurrent Start) (Metadata GC Threshold) 16M->7M(320M) 1.309ms
[2025-06-11T00:27:30.921+0530][0.929s][info][gc          ] GC(3) Concurrent Mark Cycle
[2025-06-11T00:27:30.921+0530][0.929s][info][gc,cpu      ] GC(2) User=0.00s Sys=0.00s Real=0.00s
[2025-06-11T00:27:30.921+0530][0.929s][info][gc,marking  ] GC(3) Concurrent Scan Root Regions
[2025-06-11T00:27:30.923+0530][0.930s][info][gc,marking  ] GC(3) Concurrent Scan Root Regions 1.049ms
[2025-06-11T00:27:30.923+0530][0.930s][info][gc,marking  ] GC(3) Concurrent Mark
[2025-06-11T00:27:30.923+0530][0.930s][info][gc,marking  ] GC(3) Concurrent Mark From Roots
[2025-06-11T00:27:30.923+0530][0.930s][info][gc,task     ] GC(3) Using 3 workers of 3 for marking
[2025-06-11T00:27:30.925+0530][0.933s][info][gc,marking  ] GC(3) Concurrent Mark From Roots 2.928ms
[2025-06-11T00:27:30.925+0530][0.933s][info][gc,marking  ] GC(3) Concurrent Preclean
[2025-06-11T00:27:30.925+0530][0.933s][info][gc,marking  ] GC(3) Concurrent Preclean 0.025ms
[2025-06-11T00:27:30.925+0530][0.933s][info][gc,start    ] GC(3) Pause Remark
[2025-06-11T00:27:30.926+0530][0.934s][info][gc          ] GC(3) Pause Remark 7M->7M(40M) 1.009ms
[2025-06-11T00:27:30.926+0530][0.934s][info][gc,cpu      ] GC(3) User=0.02s Sys=0.00s Real=0.00s
[2025-06-11T00:27:30.926+0530][0.934s][info][gc,marking  ] GC(3) Concurrent Mark 4.116ms
[2025-06-11T00:27:30.926+0530][0.934s][info][gc,marking  ] GC(3) Concurrent Rebuild Remembered Sets and Scrub Regions
[2025-06-11T00:27:30.928+0530][0.935s][info][gc,marking  ] GC(3) Concurrent Rebuild Remembered Sets and Scrub Regions 1.219ms
[2025-06-11T00:27:30.928+0530][0.935s][info][gc,start    ] GC(3) Pause Cleanup
[2025-06-11T00:27:30.928+0530][0.935s][info][gc          ] GC(3) Pause Cleanup 7M->7M(40M) 0.058ms
[2025-06-11T00:27:30.928+0530][0.935s][info][gc,cpu      ] GC(3) User=0.00s Sys=0.00s Real=0.00s
[2025-06-11T00:27:30.928+0530][0.935s][info][gc,marking  ] GC(3) Concurrent Clear Claimed Marks
[2025-06-11T00:27:30.928+0530][0.935s][info][gc,marking  ] GC(3) Concurrent Clear Claimed Marks 0.030ms
[2025-06-11T00:27:30.928+0530][0.935s][info][gc,marking  ] GC(3) Concurrent Cleanup for Next Mark
[2025-06-11T00:27:30.928+0530][0.935s][info][gc,marking  ] GC(3) Concurrent Cleanup for Next Mark 0.219ms
[2025-06-11T00:27:30.928+0530][0.935s][info][gc          ] GC(3) Concurrent Mark Cycle 6.938ms
[2025-06-11T00:27:31.186+0530][1.194s][info][gc,start    ] GC(4) Pause Young (Prepare Mixed) (G1 Evacuation Pause)
[2025-06-11T00:27:31.186+0530][1.194s][info][gc,task     ] GC(4) Using 8 workers of 13 for evacuation
[2025-06-11T00:27:31.189+0530][1.196s][info][gc,phases   ] GC(4)   Pre Evacuate Collection Set: 0.1ms
[2025-06-11T00:27:31.189+0530][1.196s][info][gc,phases   ] GC(4)   Merge Heap Roots: 0.0ms
[2025-06-11T00:27:31.189+0530][1.196s][info][gc,phases   ] GC(4)   Evacuate Collection Set: 1.5ms
[2025-06-11T00:27:31.189+0530][1.196s][info][gc,phases   ] GC(4)   Post Evacuate Collection Set: 0.3ms
[2025-06-11T00:27:31.189+0530][1.196s][info][gc,phases   ] GC(4)   Other: 0.1ms
[2025-06-11T00:27:31.189+0530][1.196s][info][gc,heap     ] GC(4) Eden regions: 5->0(4)
[2025-06-11T00:27:31.189+0530][1.196s][info][gc,heap     ] GC(4) Survivor regions: 1->1(1)
[2025-06-11T00:27:31.189+0530][1.196s][info][gc,heap     ] GC(4) Old regions: 2->2
[2025-06-11T00:27:31.189+0530][1.196s][info][gc,heap     ] GC(4) Humongous regions: 0->0
[2025-06-11T00:27:31.189+0530][1.196s][info][gc,metaspace] GC(4) Metaspace: 25805K(26176K)->25805K(26176K) NonClass: 23128K(23360K)->23128K(23360K) Class: 2676K(2816K)->2676K(2816K)
[2025-06-11T00:27:31.189+0530][1.196s][info][gc          ] GC(4) Pause Young (Prepare Mixed) (G1 Evacuation Pause) 27M->8M(40M) 2.135ms
[2025-06-11T00:27:31.189+0530][1.196s][info][gc,cpu      ] GC(4) User=0.00s Sys=0.00s Real=0.00s
[2025-06-11T00:27:31.343+0530][1.350s][info][gc,start    ] GC(5) Pause Young (Mixed) (G1 Evacuation Pause)
[2025-06-11T00:27:31.343+0530][1.350s][info][gc,task     ] GC(5) Using 8 workers of 13 for evacuation
[2025-06-11T00:27:31.345+0530][1.353s][info][gc,phases   ] GC(5)   Pre Evacuate Collection Set: 0.1ms
[2025-06-11T00:27:31.345+0530][1.353s][info][gc,phases   ] GC(5)   Merge Heap Roots: 0.0ms
[2025-06-11T00:27:31.346+0530][1.353s][info][gc,phases   ] GC(5)   Evacuate Collection Set: 2.0ms
[2025-06-11T00:27:31.346+0530][1.353s][info][gc,phases   ] GC(5)   Post Evacuate Collection Set: 0.3ms
[2025-06-11T00:27:31.346+0530][1.353s][info][gc,phases   ] GC(5)   Other: 0.1ms
[2025-06-11T00:27:31.346+0530][1.353s][info][gc,heap     ] GC(5) Eden regions: 4->0(4)
[2025-06-11T00:27:31.346+0530][1.353s][info][gc,heap     ] GC(5) Survivor regions: 1->1(1)
[2025-06-11T00:27:31.346+0530][1.353s][info][gc,heap     ] GC(5) Old regions: 2->2
[2025-06-11T00:27:31.346+0530][1.353s][info][gc,heap     ] GC(5) Humongous regions: 0->0
[2025-06-11T00:27:31.346+0530][1.353s][info][gc,metaspace] GC(5) Metaspace: 30370K(30720K)->30370K(30720K) NonClass: 27101K(27328K)->27101K(27328K) Class: 3268K(3392K)->3268K(3392K)
[2025-06-11T00:27:31.346+0530][1.353s][info][gc          ] GC(5) Pause Young (Mixed) (G1 Evacuation Pause) 24M->9M(40M) 2.704ms
[2025-06-11T00:27:31.346+0530][1.353s][info][gc,cpu      ] GC(5) User=0.00s Sys=0.00s Real=0.00s
[2025-06-11T00:27:31.670+0530][1.677s][info][gc,start    ] GC(6) Pause Young (Normal) (G1 Evacuation Pause)
[2025-06-11T00:27:31.670+0530][1.677s][info][gc,task     ] GC(6) Using 7 workers of 13 for evacuation
[2025-06-11T00:27:31.672+0530][1.680s][info][gc,phases   ] GC(6)   Pre Evacuate Collection Set: 0.1ms
[2025-06-11T00:27:31.672+0530][1.680s][info][gc,phases   ] GC(6)   Merge Heap Roots: 0.0ms
[2025-06-11T00:27:31.672+0530][1.680s][info][gc,phases   ] GC(6)   Evacuate Collection Set: 2.1ms
[2025-06-11T00:27:31.672+0530][1.680s][info][gc,phases   ] GC(6)   Post Evacuate Collection Set: 0.3ms
[2025-06-11T00:27:31.672+0530][1.680s][info][gc,phases   ] GC(6)   Other: 0.1ms
[2025-06-11T00:27:31.672+0530][1.680s][info][gc,heap     ] GC(6) Eden regions: 4->0(4)
[2025-06-11T00:27:31.672+0530][1.680s][info][gc,heap     ] GC(6) Survivor regions: 1->1(1)
[2025-06-11T00:27:31.672+0530][1.680s][info][gc,heap     ] GC(6) Old regions: 2->3
[2025-06-11T00:27:31.672+0530][1.680s][info][gc,heap     ] GC(6) Humongous regions: 0->0
[2025-06-11T00:27:31.672+0530][1.680s][info][gc,metaspace] GC(6) Metaspace: 32848K(33280K)->32848K(33280K) NonClass: 29340K(29568K)->29340K(29568K) Class: 3508K(3712K)->3508K(3712K)
[2025-06-11T00:27:31.672+0530][1.680s][info][gc          ] GC(6) Pause Young (Normal) (G1 Evacuation Pause) 25M->11M(40M) 2.740ms
[2025-06-11T00:27:31.672+0530][1.680s][info][gc,cpu      ] GC(6) User=0.00s Sys=0.00s Real=0.00s
[2025-06-11T00:27:31.962+0530][1.970s][info][gc,start    ] GC(7) Pause Young (Normal) (G1 Evacuation Pause)
[2025-06-11T00:27:31.962+0530][1.970s][info][gc,task     ] GC(7) Using 6 workers of 13 for evacuation
[2025-06-11T00:27:31.966+0530][1.973s][info][gc,phases   ] GC(7)   Pre Evacuate Collection Set: 0.1ms
[2025-06-11T00:27:31.966+0530][1.973s][info][gc,phases   ] GC(7)   Merge Heap Roots: 0.0ms
[2025-06-11T00:27:31.966+0530][1.973s][info][gc,phases   ] GC(7)   Evacuate Collection Set: 2.0ms
[2025-06-11T00:27:31.966+0530][1.973s][info][gc,phases   ] GC(7)   Post Evacuate Collection Set: 0.9ms
[2025-06-11T00:27:31.966+0530][1.973s][info][gc,phases   ] GC(7)   Other: 0.1ms
[2025-06-11T00:27:31.966+0530][1.973s][info][gc,heap     ] GC(7) Eden regions: 4->0(4)
[2025-06-11T00:27:31.966+0530][1.973s][info][gc,heap     ] GC(7) Survivor regions: 1->1(1)
[2025-06-11T00:27:31.966+0530][1.973s][info][gc,heap     ] GC(7) Old regions: 3->3
[2025-06-11T00:27:31.966+0530][1.973s][info][gc,heap     ] GC(7) Humongous regions: 0->0
[2025-06-11T00:27:31.966+0530][1.973s][info][gc,metaspace] GC(7) Metaspace: 33923K(34368K)->33923K(34368K) NonClass: 30305K(30528K)->30305K(30528K) Class: 3617K(3840K)->3617K(3840K)
[2025-06-11T00:27:31.966+0530][1.973s][info][gc          ] GC(7) Pause Young (Normal) (G1 Evacuation Pause) 27M->13M(40M) 3.215ms
[2025-06-11T00:27:31.966+0530][1.973s][info][gc,cpu      ] GC(7) User=0.00s Sys=0.00s Real=0.00s
[2025-06-11T00:27:32.244+0530][2.251s][info][gc,start    ] GC(8) Pause Young (Concurrent Start) (Metadata GC Threshold)
[2025-06-11T00:27:32.244+0530][2.251s][info][gc,task     ] GC(8) Using 6 workers of 13 for evacuation
[2025-06-11T00:27:32.246+0530][2.253s][info][gc,phases   ] GC(8)   Pre Evacuate Collection Set: 0.1ms
[2025-06-11T00:27:32.246+0530][2.253s][info][gc,phases   ] GC(8)   Merge Heap Roots: 0.0ms
[2025-06-11T00:27:32.246+0530][2.253s][info][gc,phases   ] GC(8)   Evacuate Collection Set: 1.5ms
[2025-06-11T00:27:32.246+0530][2.253s][info][gc,phases   ] GC(8)   Post Evacuate Collection Set: 0.6ms
[2025-06-11T00:27:32.246+0530][2.253s][info][gc,phases   ] GC(8)   Other: 0.1ms
[2025-06-11T00:27:32.246+0530][2.254s][info][gc,heap     ] GC(8) Eden regions: 4->0(26)
[2025-06-11T00:27:32.246+0530][2.254s][info][gc,heap     ] GC(8) Survivor regions: 1->1(1)
[2025-06-11T00:27:32.246+0530][2.254s][info][gc,heap     ] GC(8) Old regions: 3->3
[2025-06-11T00:27:32.246+0530][2.254s][info][gc,heap     ] GC(8) Humongous regions: 0->0
[2025-06-11T00:27:32.246+0530][2.254s][info][gc,metaspace] GC(8) Metaspace: 35752K(36096K)->35752K(36096K) NonClass: 31887K(32064K)->31887K(32064K) Class: 3864K(4032K)->3864K(4032K)
[2025-06-11T00:27:32.246+0530][2.254s][info][gc          ] GC(8) Pause Young (Concurrent Start) (Metadata GC Threshold) 28M->14M(180M) 2.472ms
[2025-06-11T00:27:32.246+0530][2.254s][info][gc          ] GC(9) Concurrent Mark Cycle
[2025-06-11T00:27:32.246+0530][2.254s][info][gc,cpu      ] GC(8) User=0.00s Sys=0.00s Real=0.00s
[2025-06-11T00:27:32.246+0530][2.254s][info][gc,marking  ] GC(9) Concurrent Scan Root Regions
[2025-06-11T00:27:32.249+0530][2.256s][info][gc,marking  ] GC(9) Concurrent Scan Root Regions 2.317ms
[2025-06-11T00:27:32.249+0530][2.256s][info][gc,marking  ] GC(9) Concurrent Mark
[2025-06-11T00:27:32.249+0530][2.256s][info][gc,marking  ] GC(9) Concurrent Mark From Roots
[2025-06-11T00:27:32.249+0530][2.256s][info][gc,task     ] GC(9) Using 3 workers of 3 for marking
[2025-06-11T00:27:32.254+0530][2.262s][info][gc,marking  ] GC(9) Concurrent Mark From Roots 5.724ms
[2025-06-11T00:27:32.254+0530][2.262s][info][gc,marking  ] GC(9) Concurrent Preclean
[2025-06-11T00:27:32.254+0530][2.262s][info][gc,marking  ] GC(9) Concurrent Preclean 0.088ms
[2025-06-11T00:27:32.254+0530][2.262s][info][gc,start    ] GC(9) Pause Remark
[2025-06-11T00:27:32.257+0530][2.264s][info][gc          ] GC(9) Pause Remark 14M->14M(56M) 2.078ms
[2025-06-11T00:27:32.257+0530][2.264s][info][gc,cpu      ] GC(9) User=0.00s Sys=0.00s Real=0.00s
[2025-06-11T00:27:32.257+0530][2.264s][info][gc,marking  ] GC(9) Concurrent Mark 8.077ms
[2025-06-11T00:27:32.257+0530][2.264s][info][gc,marking  ] GC(9) Concurrent Rebuild Remembered Sets and Scrub Regions
[2025-06-11T00:27:32.258+0530][2.266s][info][gc,marking  ] GC(9) Concurrent Rebuild Remembered Sets and Scrub Regions 1.629ms
[2025-06-11T00:27:32.258+0530][2.266s][info][gc,start    ] GC(9) Pause Cleanup
[2025-06-11T00:27:32.259+0530][2.266s][info][gc          ] GC(9) Pause Cleanup 15M->15M(56M) 0.098ms
[2025-06-11T00:27:32.259+0530][2.266s][info][gc,cpu      ] GC(9) User=0.00s Sys=0.00s Real=0.00s
[2025-06-11T00:27:32.259+0530][2.266s][info][gc,marking  ] GC(9) Concurrent Clear Claimed Marks
[2025-06-11T00:27:32.259+0530][2.266s][info][gc,marking  ] GC(9) Concurrent Clear Claimed Marks 0.043ms
[2025-06-11T00:27:32.259+0530][2.266s][info][gc,marking  ] GC(9) Concurrent Cleanup for Next Mark
[2025-06-11T00:27:32.259+0530][2.266s][info][gc,marking  ] GC(9) Concurrent Cleanup for Next Mark 0.149ms
[2025-06-11T00:27:32.259+0530][2.266s][info][gc          ] GC(9) Concurrent Mark Cycle 12.691ms
[2025-06-11T00:27:32.788+0530][2.795s][info][gc,start    ] GC(10) Pause Young (Prepare Mixed) (G1 Evacuation Pause)
[2025-06-11T00:27:32.788+0530][2.795s][info][gc,task     ] GC(10) Using 6 workers of 13 for evacuation
[2025-06-11T00:27:32.791+0530][2.798s][info][gc,phases   ] GC(10)   Pre Evacuate Collection Set: 0.1ms
[2025-06-11T00:27:32.791+0530][2.798s][info][gc,phases   ] GC(10)   Merge Heap Roots: 0.0ms
[2025-06-11T00:27:32.791+0530][2.798s][info][gc,phases   ] GC(10)   Evacuate Collection Set: 2.3ms
[2025-06-11T00:27:32.791+0530][2.798s][info][gc,phases   ] GC(10)   Post Evacuate Collection Set: 0.3ms
[2025-06-11T00:27:32.791+0530][2.798s][info][gc,phases   ] GC(10)   Other: 0.1ms
[2025-06-11T00:27:32.791+0530][2.798s][info][gc,heap     ] GC(10) Eden regions: 7->0(6)
[2025-06-11T00:27:32.791+0530][2.798s][info][gc,heap     ] GC(10) Survivor regions: 1->1(1)
[2025-06-11T00:27:32.791+0530][2.798s][info][gc,heap     ] GC(10) Old regions: 3->4
[2025-06-11T00:27:32.791+0530][2.798s][info][gc,heap     ] GC(10) Humongous regions: 0->0
[2025-06-11T00:27:32.791+0530][2.798s][info][gc,metaspace] GC(10) Metaspace: 40613K(41024K)->40613K(41024K) NonClass: 35970K(36224K)->35970K(36224K) Class: 4642K(4800K)->4642K(4800K)
[2025-06-11T00:27:32.791+0530][2.798s][info][gc          ] GC(10) Pause Young (Prepare Mixed) (G1 Evacuation Pause) 42M->17M(56M) 3.084ms
[2025-06-11T00:27:32.791+0530][2.798s][info][gc,cpu      ] GC(10) User=0.00s Sys=0.00s Real=0.00s
[2025-06-11T00:27:33.232+0530][3.239s][info][gc,start    ] GC(11) Pause Young (Mixed) (G1 Evacuation Pause)
[2025-06-11T00:27:33.232+0530][3.240s][info][gc,task     ] GC(11) Using 8 workers of 13 for evacuation
[2025-06-11T00:27:33.236+0530][3.243s][info][gc,phases   ] GC(11)   Pre Evacuate Collection Set: 0.1ms
[2025-06-11T00:27:33.236+0530][3.243s][info][gc,phases   ] GC(11)   Merge Heap Roots: 0.1ms
[2025-06-11T00:27:33.236+0530][3.243s][info][gc,phases   ] GC(11)   Evacuate Collection Set: 3.2ms
[2025-06-11T00:27:33.236+0530][3.243s][info][gc,phases   ] GC(11)   Post Evacuate Collection Set: 0.4ms
[2025-06-11T00:27:33.236+0530][3.243s][info][gc,phases   ] GC(11)   Other: 0.2ms
[2025-06-11T00:27:33.236+0530][3.243s][info][gc,heap     ] GC(11) Eden regions: 6->0(6)
[2025-06-11T00:27:33.236+0530][3.243s][info][gc,heap     ] GC(11) Survivor regions: 1->1(1)
[2025-06-11T00:27:33.236+0530][3.244s][info][gc,heap     ] GC(11) Old regions: 4->4
[2025-06-11T00:27:33.236+0530][3.244s][info][gc,heap     ] GC(11) Humongous regions: 0->0
[2025-06-11T00:27:33.236+0530][3.244s][info][gc,metaspace] GC(11) Metaspace: 44487K(45056K)->44487K(45056K) NonClass: 39321K(39616K)->39321K(39616K) Class: 5166K(5440K)->5166K(5440K)
[2025-06-11T00:27:33.236+0530][3.244s][info][gc          ] GC(11) Pause Young (Mixed) (G1 Evacuation Pause) 41M->18M(56M) 4.237ms
[2025-06-11T00:27:33.236+0530][3.244s][info][gc,cpu      ] GC(11) User=0.00s Sys=0.00s Real=0.00s
[2025-06-11T00:27:33.790+0530][3.798s][info][gc,start    ] GC(12) Pause Young (Normal) (G1 Evacuation Pause)
[2025-06-11T00:27:33.790+0530][3.798s][info][gc,task     ] GC(12) Using 12 workers of 13 for evacuation
[2025-06-11T00:27:33.794+0530][3.801s][info][gc,phases   ] GC(12)   Pre Evacuate Collection Set: 0.1ms
[2025-06-11T00:27:33.794+0530][3.801s][info][gc,phases   ] GC(12)   Merge Heap Roots: 0.1ms
[2025-06-11T00:27:33.794+0530][3.801s][info][gc,phases   ] GC(12)   Evacuate Collection Set: 2.6ms
[2025-06-11T00:27:33.794+0530][3.801s][info][gc,phases   ] GC(12)   Post Evacuate Collection Set: 0.4ms
[2025-06-11T00:27:33.794+0530][3.801s][info][gc,phases   ] GC(12)   Other: 0.1ms
[2025-06-11T00:27:33.794+0530][3.801s][info][gc,heap     ] GC(12) Eden regions: 6->0(6)
[2025-06-11T00:27:33.794+0530][3.801s][info][gc,heap     ] GC(12) Survivor regions: 1->1(1)
[2025-06-11T00:27:33.794+0530][3.801s][info][gc,heap     ] GC(12) Old regions: 4->5
[2025-06-11T00:27:33.794+0530][3.801s][info][gc,heap     ] GC(12) Humongous regions: 0->0
[2025-06-11T00:27:33.794+0530][3.801s][info][gc,metaspace] GC(12) Metaspace: 49861K(50432K)->49861K(50432K) NonClass: 43900K(44224K)->43900K(44224K) Class: 5961K(6208K)->5961K(6208K)
[2025-06-11T00:27:33.794+0530][3.801s][info][gc          ] GC(12) Pause Young (Normal) (G1 Evacuation Pause) 42M->21M(56M) 3.632ms
[2025-06-11T00:27:33.794+0530][3.801s][info][gc,cpu      ] GC(12) User=0.00s Sys=0.00s Real=0.00s
[2025-06-11T00:27:34.168+0530][4.175s][info][gc,start    ] GC(13) Pause Young (Normal) (G1 Evacuation Pause)
[2025-06-11T00:27:34.168+0530][4.175s][info][gc,task     ] GC(13) Using 12 workers of 13 for evacuation
[2025-06-11T00:27:34.170+0530][4.177s][info][gc,phases   ] GC(13)   Pre Evacuate Collection Set: 0.1ms
[2025-06-11T00:27:34.170+0530][4.177s][info][gc,phases   ] GC(13)   Merge Heap Roots: 0.0ms
[2025-06-11T00:27:34.170+0530][4.177s][info][gc,phases   ] GC(13)   Evacuate Collection Set: 1.5ms
[2025-06-11T00:27:34.170+0530][4.177s][info][gc,phases   ] GC(13)   Post Evacuate Collection Set: 0.3ms
[2025-06-11T00:27:34.170+0530][4.177s][info][gc,phases   ] GC(13)   Other: 0.1ms
[2025-06-11T00:27:34.170+0530][4.177s][info][gc,heap     ] GC(13) Eden regions: 6->0(5)
[2025-06-11T00:27:34.170+0530][4.177s][info][gc,heap     ] GC(13) Survivor regions: 1->1(1)
[2025-06-11T00:27:34.170+0530][4.177s][info][gc,heap     ] GC(13) Old regions: 5->6
[2025-06-11T00:27:34.170+0530][4.177s][info][gc,heap     ] GC(13) Humongous regions: 0->0
[2025-06-11T00:27:34.170+0530][4.177s][info][gc,metaspace] GC(13) Metaspace: 52642K(53248K)->52642K(53248K) NonClass: 46309K(46656K)->46309K(46656K) Class: 6332K(6592K)->6332K(6592K)
[2025-06-11T00:27:34.170+0530][4.177s][info][gc          ] GC(13) Pause Young (Normal) (G1 Evacuation Pause) 45M->22M(56M) 2.144ms
[2025-06-11T00:27:34.170+0530][4.177s][info][gc,cpu      ] GC(13) User=0.00s Sys=0.00s Real=0.00s
[2025-06-11T00:27:34.673+0530][4.680s][info][gc,start    ] GC(14) Pause Young (Normal) (G1 Evacuation Pause)
[2025-06-11T00:27:34.673+0530][4.680s][info][gc,task     ] GC(14) Using 12 workers of 13 for evacuation
[2025-06-11T00:27:34.675+0530][4.683s][info][gc,phases   ] GC(14)   Pre Evacuate Collection Set: 0.1ms
[2025-06-11T00:27:34.675+0530][4.683s][info][gc,phases   ] GC(14)   Merge Heap Roots: 0.0ms
[2025-06-11T00:27:34.675+0530][4.683s][info][gc,phases   ] GC(14)   Evacuate Collection Set: 1.8ms
[2025-06-11T00:27:34.675+0530][4.683s][info][gc,phases   ] GC(14)   Post Evacuate Collection Set: 0.4ms
[2025-06-11T00:27:34.675+0530][4.683s][info][gc,phases   ] GC(14)   Other: 0.1ms
[2025-06-11T00:27:34.675+0530][4.683s][info][gc,heap     ] GC(14) Eden regions: 5->0(5)
[2025-06-11T00:27:34.675+0530][4.683s][info][gc,heap     ] GC(14) Survivor regions: 1->1(1)
[2025-06-11T00:27:34.675+0530][4.683s][info][gc,heap     ] GC(14) Old regions: 6->6
[2025-06-11T00:27:34.676+0530][4.683s][info][gc,heap     ] GC(14) Humongous regions: 0->0
[2025-06-11T00:27:34.676+0530][4.683s][info][gc,metaspace] GC(14) Metaspace: 56304K(56960K)->56304K(56960K) NonClass: 49488K(49856K)->49488K(49856K) Class: 6815K(7104K)->6815K(7104K)
[2025-06-11T00:27:34.676+0530][4.683s][info][gc          ] GC(14) Pause Young (Normal) (G1 Evacuation Pause) 42M->24M(56M) 2.620ms
[2025-06-11T00:27:34.676+0530][4.683s][info][gc,cpu      ] GC(14) User=0.00s Sys=0.00s Real=0.00s
[2025-06-11T00:27:35.103+0530][5.110s][info][gc,start    ] GC(15) Pause Young (Normal) (G1 Evacuation Pause)
[2025-06-11T00:27:35.103+0530][5.110s][info][gc,task     ] GC(15) Using 12 workers of 13 for evacuation
[2025-06-11T00:27:35.106+0530][5.113s][info][gc,phases   ] GC(15)   Pre Evacuate Collection Set: 0.1ms
[2025-06-11T00:27:35.106+0530][5.113s][info][gc,phases   ] GC(15)   Merge Heap Roots: 0.1ms
[2025-06-11T00:27:35.106+0530][5.113s][info][gc,phases   ] GC(15)   Evacuate Collection Set: 2.4ms
[2025-06-11T00:27:35.106+0530][5.113s][info][gc,phases   ] GC(15)   Post Evacuate Collection Set: 0.4ms
[2025-06-11T00:27:35.106+0530][5.113s][info][gc,phases   ] GC(15)   Other: 0.1ms
[2025-06-11T00:27:35.106+0530][5.113s][info][gc,heap     ] GC(15) Eden regions: 5->0(4)
[2025-06-11T00:27:35.106+0530][5.113s][info][gc,heap     ] GC(15) Survivor regions: 1->1(1)
[2025-06-11T00:27:35.106+0530][5.113s][info][gc,heap     ] GC(15) Old regions: 6->7
[2025-06-11T00:27:35.106+0530][5.113s][info][gc,heap     ] GC(15) Humongous regions: 0->0
[2025-06-11T00:27:35.106+0530][5.113s][info][gc,metaspace] GC(15) Metaspace: 58693K(59456K)->58693K(59456K) NonClass: 51512K(51904K)->51512K(51904K) Class: 7181K(7552K)->7181K(7552K)
[2025-06-11T00:27:35.106+0530][5.113s][info][gc          ] GC(15) Pause Young (Normal) (G1 Evacuation Pause) 44M->26M(56M) 3.263ms
[2025-06-11T00:27:35.106+0530][5.113s][info][gc,cpu      ] GC(15) User=0.00s Sys=0.00s Real=0.00s
[2025-06-11T00:27:36.929+0530][6.937s][info][gc,start    ] GC(16) Pause Young (Concurrent Start) (Metadata GC Threshold)
[2025-06-11T00:27:36.929+0530][6.937s][info][gc,task     ] GC(16) Using 10 workers of 13 for evacuation
[2025-06-11T00:27:36.932+0530][6.939s][info][gc,phases   ] GC(16)   Pre Evacuate Collection Set: 0.2ms
[2025-06-11T00:27:36.932+0530][6.939s][info][gc,phases   ] GC(16)   Merge Heap Roots: 0.1ms
[2025-06-11T00:27:36.932+0530][6.939s][info][gc,phases   ] GC(16)   Evacuate Collection Set: 1.1ms
[2025-06-11T00:27:36.932+0530][6.939s][info][gc,phases   ] GC(16)   Post Evacuate Collection Set: 0.3ms
[2025-06-11T00:27:36.932+0530][6.939s][info][gc,phases   ] GC(16)   Other: 0.1ms
[2025-06-11T00:27:36.932+0530][6.939s][info][gc,heap     ] GC(16) Eden regions: 4->0(4)
[2025-06-11T00:27:36.932+0530][6.939s][info][gc,heap     ] GC(16) Survivor regions: 1->1(1)
[2025-06-11T00:27:36.932+0530][6.939s][info][gc,heap     ] GC(16) Old regions: 7->7
[2025-06-11T00:27:36.932+0530][6.939s][info][gc,heap     ] GC(16) Humongous regions: 0->0
[2025-06-11T00:27:36.932+0530][6.939s][info][gc,metaspace] GC(16) Metaspace: 59746K(60480K)->59746K(60480K) NonClass: 52423K(52800K)->52423K(52800K) Class: 7322K(7680K)->7322K(7680K)
[2025-06-11T00:27:36.932+0530][6.939s][info][gc          ] GC(16) Pause Young (Concurrent Start) (Metadata GC Threshold) 38M->26M(56M) 1.928ms
[2025-06-11T00:27:36.932+0530][6.939s][info][gc,cpu      ] GC(16) User=0.00s Sys=0.00s Real=0.00s
[2025-06-11T00:27:36.932+0530][6.939s][info][gc          ] GC(17) Concurrent Mark Cycle
[2025-06-11T00:27:36.932+0530][6.939s][info][gc,marking  ] GC(17) Concurrent Scan Root Regions
[2025-06-11T00:27:36.935+0530][6.942s][info][gc,marking  ] GC(17) Concurrent Scan Root Regions 3.147ms
[2025-06-11T00:27:36.935+0530][6.942s][info][gc,marking  ] GC(17) Concurrent Mark
[2025-06-11T00:27:36.935+0530][6.942s][info][gc,marking  ] GC(17) Concurrent Mark From Roots
[2025-06-11T00:27:36.935+0530][6.942s][info][gc,task     ] GC(17) Using 3 workers of 3 for marking
[2025-06-11T00:27:36.945+0530][6.952s][info][gc,marking  ] GC(17) Concurrent Mark From Roots 9.565ms
[2025-06-11T00:27:36.945+0530][6.952s][info][gc,marking  ] GC(17) Concurrent Preclean
[2025-06-11T00:27:36.945+0530][6.952s][info][gc,marking  ] GC(17) Concurrent Preclean 0.152ms
[2025-06-11T00:27:36.945+0530][6.952s][info][gc,start    ] GC(17) Pause Remark
[2025-06-11T00:27:36.951+0530][6.957s][info][gc          ] GC(17) Pause Remark 27M->27M(56M) 5.461ms
[2025-06-11T00:27:36.951+0530][6.957s][info][gc,cpu      ] GC(17) User=0.00s Sys=0.00s Real=0.01s
[2025-06-11T00:27:36.951+0530][6.957s][info][gc,marking  ] GC(17) Concurrent Mark 15.388ms
[2025-06-11T00:27:36.951+0530][6.957s][info][gc,marking  ] GC(17) Concurrent Rebuild Remembered Sets and Scrub Regions
[2025-06-11T00:27:36.955+0530][6.962s][info][gc,marking  ] GC(17) Concurrent Rebuild Remembered Sets and Scrub Regions 4.849ms
[2025-06-11T00:27:36.955+0530][6.962s][info][gc,start    ] GC(17) Pause Cleanup
[2025-06-11T00:27:36.955+0530][6.963s][info][gc          ] GC(17) Pause Cleanup 27M->27M(56M) 0.090ms
[2025-06-11T00:27:36.955+0530][6.963s][info][gc,cpu      ] GC(17) User=0.00s Sys=0.00s Real=0.00s
[2025-06-11T00:27:36.955+0530][6.963s][info][gc,marking  ] GC(17) Concurrent Clear Claimed Marks
[2025-06-11T00:27:36.955+0530][6.963s][info][gc,marking  ] GC(17) Concurrent Clear Claimed Marks 0.076ms
[2025-06-11T00:27:36.956+0530][6.963s][info][gc,marking  ] GC(17) Concurrent Cleanup for Next Mark
[2025-06-11T00:27:36.956+0530][6.963s][info][gc,marking  ] GC(17) Concurrent Cleanup for Next Mark 0.089ms
[2025-06-11T00:27:36.956+0530][6.963s][info][gc          ] GC(17) Concurrent Mark Cycle 23.975ms
[2025-06-11T00:29:14.092+0530][104.099s][info][gc,start    ] GC(18) Pause Young (Prepare Mixed) (G1 Evacuation Pause)
[2025-06-11T00:29:14.093+0530][104.099s][info][gc,task     ] GC(18) Using 9 workers of 13 for evacuation
[2025-06-11T00:29:14.094+0530][104.101s][info][gc,phases   ] GC(18)   Pre Evacuate Collection Set: 0.1ms
[2025-06-11T00:29:14.094+0530][104.101s][info][gc,phases   ] GC(18)   Merge Heap Roots: 0.1ms
[2025-06-11T00:29:14.094+0530][104.101s][info][gc,phases   ] GC(18)   Evacuate Collection Set: 1.5ms
[2025-06-11T00:29:14.094+0530][104.101s][info][gc,phases   ] GC(18)   Post Evacuate Collection Set: 0.3ms
[2025-06-11T00:29:14.094+0530][104.101s][info][gc,phases   ] GC(18)   Other: 0.1ms
[2025-06-11T00:29:14.094+0530][104.101s][info][gc,heap     ] GC(18) Eden regions: 4->0(4)
[2025-06-11T00:29:14.094+0530][104.101s][info][gc,heap     ] GC(18) Survivor regions: 1->1(1)
[2025-06-11T00:29:14.094+0530][104.101s][info][gc,heap     ] GC(18) Old regions: 7->7
[2025-06-11T00:29:14.094+0530][104.101s][info][gc,heap     ] GC(18) Humongous regions: 0->0
[2025-06-11T00:29:14.094+0530][104.102s][info][gc,metaspace] GC(18) Metaspace: 62486K(63232K)->62486K(63232K) NonClass: 54826K(55232K)->54826K(55232K) Class: 7660K(8000K)->7660K(8000K)
[2025-06-11T00:29:14.094+0530][104.102s][info][gc          ] GC(18) Pause Young (Prepare Mixed) (G1 Evacuation Pause) 42M->27M(56M) 2.343ms
[2025-06-11T00:29:14.094+0530][104.102s][info][gc,cpu      ] GC(18) User=0.00s Sys=0.00s Real=0.00s
[2025-06-11T00:37:16.489+0530][586.496s][info][gc,start    ] GC(19) Pause Young (Mixed) (G1 Evacuation Pause)
[2025-06-11T00:37:16.489+0530][586.496s][info][gc,task     ] GC(19) Using 8 workers of 13 for evacuation
[2025-06-11T00:37:16.492+0530][586.499s][info][gc,phases   ] GC(19)   Pre Evacuate Collection Set: 0.1ms
[2025-06-11T00:37:16.492+0530][586.499s][info][gc,phases   ] GC(19)   Merge Heap Roots: 0.1ms
[2025-06-11T00:37:16.492+0530][586.499s][info][gc,phases   ] GC(19)   Evacuate Collection Set: 2.1ms
[2025-06-11T00:37:16.492+0530][586.499s][info][gc,phases   ] GC(19)   Post Evacuate Collection Set: 0.4ms
[2025-06-11T00:37:16.492+0530][586.499s][info][gc,phases   ] GC(19)   Other: 0.1ms
[2025-06-11T00:37:16.492+0530][586.499s][info][gc,heap     ] GC(19) Eden regions: 4->0(4)
[2025-06-11T00:37:16.492+0530][586.499s][info][gc,heap     ] GC(19) Survivor regions: 1->1(1)
[2025-06-11T00:37:16.492+0530][586.499s][info][gc,heap     ] GC(19) Old regions: 7->7
[2025-06-11T00:37:16.492+0530][586.499s][info][gc,heap     ] GC(19) Humongous regions: 0->0
[2025-06-11T00:37:16.492+0530][586.499s][info][gc,metaspace] GC(19) Metaspace: 62818K(63552K)->62818K(63552K) NonClass: 55157K(55552K)->55157K(55552K) Class: 7660K(8000K)->7660K(8000K)
[2025-06-11T00:37:16.492+0530][586.499s][info][gc          ] GC(19) Pause Young (Mixed) (G1 Evacuation Pause) 43M->27M(56M) 3.138ms
[2025-06-11T00:37:16.492+0530][586.500s][info][gc,cpu      ] GC(19) User=0.00s Sys=0.00s Real=0.00s
[2025-06-11T00:45:28.228+0530][1078.235s][info][gc,start    ] GC(20) Pause Young (Concurrent Start) (G1 Evacuation Pause)
[2025-06-11T00:45:28.228+0530][1078.235s][info][gc,task     ] GC(20) Using 8 workers of 13 for evacuation
[2025-06-11T00:45:28.230+0530][1078.237s][info][gc,phases   ] GC(20)   Pre Evacuate Collection Set: 0.2ms
[2025-06-11T00:45:28.230+0530][1078.237s][info][gc,phases   ] GC(20)   Merge Heap Roots: 0.1ms
[2025-06-11T00:45:28.230+0530][1078.237s][info][gc,phases   ] GC(20)   Evacuate Collection Set: 1.3ms
[2025-06-11T00:45:28.230+0530][1078.237s][info][gc,phases   ] GC(20)   Post Evacuate Collection Set: 0.3ms
[2025-06-11T00:45:28.230+0530][1078.237s][info][gc,phases   ] GC(20)   Other: 0.1ms
[2025-06-11T00:45:28.230+0530][1078.237s][info][gc,heap     ] GC(20) Eden regions: 4->0(4)
[2025-06-11T00:45:28.230+0530][1078.237s][info][gc,heap     ] GC(20) Survivor regions: 1->1(1)
[2025-06-11T00:45:28.230+0530][1078.237s][info][gc,heap     ] GC(20) Old regions: 7->7
[2025-06-11T00:45:28.230+0530][1078.237s][info][gc,heap     ] GC(20) Humongous regions: 0->0
[2025-06-11T00:45:28.230+0530][1078.237s][info][gc,metaspace] GC(20) Metaspace: 62917K(63680K)->62917K(63680K) NonClass: 55256K(55680K)->55256K(55680K) Class: 7661K(8000K)->7661K(8000K)
[2025-06-11T00:45:28.230+0530][1078.237s][info][gc          ] GC(20) Pause Young (Concurrent Start) (G1 Evacuation Pause) 43M->27M(56M) 2.308ms
[2025-06-11T00:45:28.231+0530][1078.237s][info][gc,cpu      ] GC(20) User=0.00s Sys=0.00s Real=0.00s
[2025-06-11T00:45:28.231+0530][1078.237s][info][gc          ] GC(21) Concurrent Mark Cycle
[2025-06-11T00:45:28.231+0530][1078.237s][info][gc,marking  ] GC(21) Concurrent Scan Root Regions
[2025-06-11T00:45:28.233+0530][1078.239s][info][gc,marking  ] GC(21) Concurrent Scan Root Regions 1.934ms
[2025-06-11T00:45:28.233+0530][1078.239s][info][gc,marking  ] GC(21) Concurrent Mark
[2025-06-11T00:45:28.233+0530][1078.239s][info][gc,marking  ] GC(21) Concurrent Mark From Roots
[2025-06-11T00:45:28.233+0530][1078.239s][info][gc,task     ] GC(21) Using 3 workers of 3 for marking
[2025-06-11T00:45:28.243+0530][1078.250s][info][gc,marking  ] GC(21) Concurrent Mark From Roots 11.180ms
[2025-06-11T00:45:28.243+0530][1078.250s][info][gc,marking  ] GC(21) Concurrent Preclean
[2025-06-11T00:45:28.243+0530][1078.251s][info][gc,marking  ] GC(21) Concurrent Preclean 0.055ms
[2025-06-11T00:45:28.243+0530][1078.251s][info][gc,start    ] GC(21) Pause Remark
[2025-06-11T00:45:28.250+0530][1078.257s][info][gc          ] GC(21) Pause Remark 27M->27M(56M) 6.707ms
[2025-06-11T00:45:28.250+0530][1078.257s][info][gc,cpu      ] GC(21) User=0.00s Sys=0.00s Real=0.01s
[2025-06-11T00:45:28.250+0530][1078.257s][info][gc,marking  ] GC(21) Concurrent Mark 18.181ms
[2025-06-11T00:45:28.250+0530][1078.257s][info][gc,marking  ] GC(21) Concurrent Rebuild Remembered Sets and Scrub Regions
[2025-06-11T00:45:28.256+0530][1078.263s][info][gc,marking  ] GC(21) Concurrent Rebuild Remembered Sets and Scrub Regions 5.643ms
[2025-06-11T00:45:28.256+0530][1078.263s][info][gc,start    ] GC(21) Pause Cleanup
[2025-06-11T00:45:28.256+0530][1078.263s][info][gc          ] GC(21) Pause Cleanup 27M->27M(56M) 0.111ms
[2025-06-11T00:45:28.256+0530][1078.263s][info][gc,cpu      ] GC(21) User=0.00s Sys=0.00s Real=0.00s
[2025-06-11T00:45:28.256+0530][1078.263s][info][gc,marking  ] GC(21) Concurrent Clear Claimed Marks
[2025-06-11T00:45:28.256+0530][1078.263s][info][gc,marking  ] GC(21) Concurrent Clear Claimed Marks 0.072ms
[2025-06-11T00:45:28.256+0530][1078.264s][info][gc,marking  ] GC(21) Concurrent Cleanup for Next Mark
[2025-06-11T00:45:28.256+0530][1078.264s][info][gc,marking  ] GC(21) Concurrent Cleanup for Next Mark 0.108ms
[2025-06-11T00:45:28.257+0530][1078.264s][info][gc          ] GC(21) Concurrent Mark Cycle 26.413ms
[2025-06-11T00:53:43.560+0530][1573.567s][info][gc,start    ] GC(22) Pause Young (Prepare Mixed) (G1 Evacuation Pause)
[2025-06-11T00:53:43.560+0530][1573.567s][info][gc,task     ] GC(22) Using 8 workers of 13 for evacuation
[2025-06-11T00:53:43.561+0530][1573.569s][info][gc,phases   ] GC(22)   Pre Evacuate Collection Set: 0.1ms
[2025-06-11T00:53:43.561+0530][1573.569s][info][gc,phases   ] GC(22)   Merge Heap Roots: 0.1ms
[2025-06-11T00:53:43.561+0530][1573.569s][info][gc,phases   ] GC(22)   Evacuate Collection Set: 1.1ms
[2025-06-11T00:53:43.561+0530][1573.569s][info][gc,phases   ] GC(22)   Post Evacuate Collection Set: 0.3ms
[2025-06-11T00:53:43.561+0530][1573.569s][info][gc,phases   ] GC(22)   Other: 0.1ms
[2025-06-11T00:53:43.561+0530][1573.569s][info][gc,heap     ] GC(22) Eden regions: 4->0(4)
[2025-06-11T00:53:43.561+0530][1573.569s][info][gc,heap     ] GC(22) Survivor regions: 1->1(1)
[2025-06-11T00:53:43.561+0530][1573.569s][info][gc,heap     ] GC(22) Old regions: 7->7
[2025-06-11T00:53:43.561+0530][1573.569s][info][gc,heap     ] GC(22) Humongous regions: 0->0
[2025-06-11T00:53:43.561+0530][1573.569s][info][gc,metaspace] GC(22) Metaspace: 63007K(63744K)->63007K(63744K) NonClass: 55351K(55744K)->55351K(55744K) Class: 7656K(8000K)->7656K(8000K)
[2025-06-11T00:53:43.561+0530][1573.569s][info][gc          ] GC(22) Pause Young (Prepare Mixed) (G1 Evacuation Pause) 43M->27M(56M) 1.936ms
[2025-06-11T00:53:43.562+0530][1573.569s][info][gc,cpu      ] GC(22) User=0.00s Sys=0.00s Real=0.00s
[2025-06-11T11:30:05.985+0530][39760.275s][info][gc,start    ] GC(23) Pause Young (Mixed) (G1 Evacuation Pause)
[2025-06-11T11:30:05.986+0530][39760.275s][info][gc,task     ] GC(23) Using 8 workers of 13 for evacuation
[2025-06-11T11:30:05.989+0530][39760.278s][info][gc,phases   ] GC(23)   Pre Evacuate Collection Set: 0.2ms
[2025-06-11T11:30:05.989+0530][39760.278s][info][gc,phases   ] GC(23)   Merge Heap Roots: 0.1ms
[2025-06-11T11:30:05.989+0530][39760.278s][info][gc,phases   ] GC(23)   Evacuate Collection Set: 2.3ms
[2025-06-11T11:30:05.989+0530][39760.278s][info][gc,phases   ] GC(23)   Post Evacuate Collection Set: 0.4ms
[2025-06-11T11:30:05.989+0530][39760.278s][info][gc,phases   ] GC(23)   Other: 0.1ms
[2025-06-11T11:30:05.989+0530][39760.278s][info][gc,heap     ] GC(23) Eden regions: 4->0(4)
[2025-06-11T11:30:05.989+0530][39760.278s][info][gc,heap     ] GC(23) Survivor regions: 1->1(1)
[2025-06-11T11:30:05.989+0530][39760.278s][info][gc,heap     ] GC(23) Old regions: 7->7
[2025-06-11T11:30:05.989+0530][39760.278s][info][gc,heap     ] GC(23) Humongous regions: 0->0
[2025-06-11T11:30:05.989+0530][39760.278s][info][gc,metaspace] GC(23) Metaspace: 63725K(64448K)->63725K(64448K) NonClass: 55969K(56384K)->55969K(56384K) Class: 7756K(8064K)->7756K(8064K)
[2025-06-11T11:30:05.989+0530][39760.278s][info][gc          ] GC(23) Pause Young (Mixed) (G1 Evacuation Pause) 43M->26M(56M) 3.655ms
[2025-06-11T11:30:05.989+0530][39760.278s][info][gc,cpu      ] GC(23) User=0.00s Sys=0.00s Real=0.00s
[2025-06-11T11:38:07.440+0530][40241.729s][info][gc,start    ] GC(24) Pause Young (Concurrent Start) (G1 Evacuation Pause)
[2025-06-11T11:38:07.440+0530][40241.730s][info][gc,task     ] GC(24) Using 8 workers of 13 for evacuation
[2025-06-11T11:38:07.443+0530][40241.732s][info][gc,phases   ] GC(24)   Pre Evacuate Collection Set: 0.1ms
[2025-06-11T11:38:07.443+0530][40241.732s][info][gc,phases   ] GC(24)   Merge Heap Roots: 0.1ms
[2025-06-11T11:38:07.443+0530][40241.732s][info][gc,phases   ] GC(24)   Evacuate Collection Set: 2.0ms
[2025-06-11T11:38:07.443+0530][40241.732s][info][gc,phases   ] GC(24)   Post Evacuate Collection Set: 0.5ms
[2025-06-11T11:38:07.443+0530][40241.732s][info][gc,phases   ] GC(24)   Other: 0.1ms
[2025-06-11T11:38:07.443+0530][40241.732s][info][gc,heap     ] GC(24) Eden regions: 4->0(4)
[2025-06-11T11:38:07.443+0530][40241.732s][info][gc,heap     ] GC(24) Survivor regions: 1->1(1)
[2025-06-11T11:38:07.443+0530][40241.732s][info][gc,heap     ] GC(24) Old regions: 7->7
[2025-06-11T11:38:07.443+0530][40241.732s][info][gc,heap     ] GC(24) Humongous regions: 0->0
[2025-06-11T11:38:07.443+0530][40241.733s][info][gc,metaspace] GC(24) Metaspace: 63786K(64640K)->63786K(64640K) NonClass: 56024K(56448K)->56024K(56448K) Class: 7762K(8192K)->7762K(8192K)
[2025-06-11T11:38:07.443+0530][40241.733s][info][gc          ] GC(24) Pause Young (Concurrent Start) (G1 Evacuation Pause) 42M->26M(56M) 3.118ms
[2025-06-11T11:38:07.443+0530][40241.733s][info][gc,cpu      ] GC(24) User=0.05s Sys=0.00s Real=0.00s
[2025-06-11T11:38:07.443+0530][40241.733s][info][gc          ] GC(25) Concurrent Mark Cycle
[2025-06-11T11:38:07.443+0530][40241.733s][info][gc,marking  ] GC(25) Concurrent Scan Root Regions
[2025-06-11T11:38:07.446+0530][40241.736s][info][gc,marking  ] GC(25) Concurrent Scan Root Regions 2.929ms
[2025-06-11T11:38:07.446+0530][40241.736s][info][gc,marking  ] GC(25) Concurrent Mark
[2025-06-11T11:38:07.446+0530][40241.736s][info][gc,marking  ] GC(25) Concurrent Mark From Roots
[2025-06-11T11:38:07.446+0530][40241.736s][info][gc,task     ] GC(25) Using 3 workers of 3 for marking
[2025-06-11T11:38:07.461+0530][40241.750s][info][gc,marking  ] GC(25) Concurrent Mark From Roots 14.573ms
[2025-06-11T11:38:07.461+0530][40241.750s][info][gc,marking  ] GC(25) Concurrent Preclean
[2025-06-11T11:38:07.461+0530][40241.751s][info][gc,marking  ] GC(25) Concurrent Preclean 0.477ms
[2025-06-11T11:38:07.461+0530][40241.751s][info][gc,start    ] GC(25) Pause Remark
[2025-06-11T11:38:07.471+0530][40241.760s][info][gc          ] GC(25) Pause Remark 26M->26M(56M) 9.518ms
[2025-06-11T11:38:07.471+0530][40241.760s][info][gc,cpu      ] GC(25) User=0.00s Sys=0.00s Real=0.01s
[2025-06-11T11:38:07.471+0530][40241.761s][info][gc,marking  ] GC(25) Concurrent Mark 24.894ms
[2025-06-11T11:38:07.471+0530][40241.761s][info][gc,marking  ] GC(25) Concurrent Rebuild Remembered Sets and Scrub Regions
[2025-06-11T11:38:07.478+0530][40241.768s][info][gc,marking  ] GC(25) Concurrent Rebuild Remembered Sets and Scrub Regions 7.724ms
[2025-06-11T11:38:07.479+0530][40241.769s][info][gc,start    ] GC(25) Pause Cleanup
[2025-06-11T11:38:07.479+0530][40241.769s][info][gc          ] GC(25) Pause Cleanup 26M->26M(56M) 0.139ms
[2025-06-11T11:38:07.479+0530][40241.769s][info][gc,cpu      ] GC(25) User=0.00s Sys=0.00s Real=0.00s
[2025-06-11T11:38:07.479+0530][40241.769s][info][gc,marking  ] GC(25) Concurrent Clear Claimed Marks
[2025-06-11T11:38:07.479+0530][40241.769s][info][gc,marking  ] GC(25) Concurrent Clear Claimed Marks 0.073ms
[2025-06-11T11:38:07.479+0530][40241.769s][info][gc,marking  ] GC(25) Concurrent Cleanup for Next Mark
[2025-06-11T11:38:07.479+0530][40241.769s][info][gc,marking  ] GC(25) Concurrent Cleanup for Next Mark 0.145ms
[2025-06-11T11:38:07.480+0530][40241.769s][info][gc          ] GC(25) Concurrent Mark Cycle 36.723ms
[2025-06-11T11:46:20.768+0530][40735.057s][info][gc,start    ] GC(26) Pause Young (Prepare Mixed) (G1 Evacuation Pause)
[2025-06-11T11:46:20.768+0530][40735.057s][info][gc,task     ] GC(26) Using 8 workers of 13 for evacuation
[2025-06-11T11:46:20.771+0530][40735.061s][info][gc,phases   ] GC(26)   Pre Evacuate Collection Set: 0.1ms
[2025-06-11T11:46:20.771+0530][40735.061s][info][gc,phases   ] GC(26)   Merge Heap Roots: 0.1ms
[2025-06-11T11:46:20.771+0530][40735.061s][info][gc,phases   ] GC(26)   Evacuate Collection Set: 2.5ms
[2025-06-11T11:46:20.771+0530][40735.061s][info][gc,phases   ] GC(26)   Post Evacuate Collection Set: 0.5ms
[2025-06-11T11:46:20.771+0530][40735.061s][info][gc,phases   ] GC(26)   Other: 0.1ms
[2025-06-11T11:46:20.771+0530][40735.061s][info][gc,heap     ] GC(26) Eden regions: 4->0(4)
[2025-06-11T11:46:20.771+0530][40735.061s][info][gc,heap     ] GC(26) Survivor regions: 1->1(1)
[2025-06-11T11:46:20.771+0530][40735.061s][info][gc,heap     ] GC(26) Old regions: 7->7
[2025-06-11T11:46:20.771+0530][40735.061s][info][gc,heap     ] GC(26) Humongous regions: 0->0
[2025-06-11T11:46:20.771+0530][40735.061s][info][gc,metaspace] GC(26) Metaspace: 63443K(64640K)->63443K(64640K) NonClass: 55780K(56448K)->55780K(56448K) Class: 7662K(8192K)->7662K(8192K)
[2025-06-11T11:46:20.772+0530][40735.061s][info][gc          ] GC(26) Pause Young (Prepare Mixed) (G1 Evacuation Pause) 42M->26M(56M) 3.593ms
[2025-06-11T11:46:20.772+0530][40735.061s][info][gc,cpu      ] GC(26) User=0.02s Sys=0.00s Real=0.00s
[2025-06-11T11:54:46.008+0530][41240.194s][info][gc,start    ] GC(27) Pause Young (Mixed) (G1 Evacuation Pause)
[2025-06-11T11:54:46.009+0530][41240.194s][info][gc,task     ] GC(27) Using 8 workers of 13 for evacuation
[2025-06-11T11:54:46.013+0530][41240.198s][info][gc,phases   ] GC(27)   Pre Evacuate Collection Set: 0.1ms
[2025-06-11T11:54:46.013+0530][41240.198s][info][gc,phases   ] GC(27)   Merge Heap Roots: 0.1ms
[2025-06-11T11:54:46.013+0530][41240.198s][info][gc,phases   ] GC(27)   Evacuate Collection Set: 3.5ms
[2025-06-11T11:54:46.013+0530][41240.198s][info][gc,phases   ] GC(27)   Post Evacuate Collection Set: 0.8ms
[2025-06-11T11:54:46.013+0530][41240.198s][info][gc,phases   ] GC(27)   Other: 0.1ms
[2025-06-11T11:54:46.013+0530][41240.198s][info][gc,heap     ] GC(27) Eden regions: 4->0(5)
[2025-06-11T11:54:46.013+0530][41240.198s][info][gc,heap     ] GC(27) Survivor regions: 1->1(1)
[2025-06-11T11:54:46.013+0530][41240.198s][info][gc,heap     ] GC(27) Old regions: 7->6
[2025-06-11T11:54:46.013+0530][41240.198s][info][gc,heap     ] GC(27) Humongous regions: 0->0
[2025-06-11T11:54:46.013+0530][41240.198s][info][gc,metaspace] GC(27) Metaspace: 63443K(64640K)->63443K(64640K) NonClass: 55780K(56448K)->55780K(56448K) Class: 7662K(8192K)->7662K(8192K)
[2025-06-11T11:54:46.013+0530][41240.198s][info][gc          ] GC(27) Pause Young (Mixed) (G1 Evacuation Pause) 42M->23M(56M) 4.872ms
[2025-06-11T11:54:46.013+0530][41240.198s][info][gc,cpu      ] GC(27) User=0.00s Sys=0.00s Real=0.01s
[2025-06-11T12:05:15.105+0530][41869.146s][info][gc,start    ] GC(28) Pause Young (Mixed) (G1 Evacuation Pause)
[2025-06-11T12:05:15.105+0530][41869.147s][info][gc,task     ] GC(28) Using 8 workers of 13 for evacuation
[2025-06-11T12:05:15.108+0530][41869.150s][info][gc,phases   ] GC(28)   Pre Evacuate Collection Set: 0.2ms
[2025-06-11T12:05:15.108+0530][41869.150s][info][gc,phases   ] GC(28)   Merge Heap Roots: 0.1ms
[2025-06-11T12:05:15.108+0530][41869.150s][info][gc,phases   ] GC(28)   Evacuate Collection Set: 2.5ms
[2025-06-11T12:05:15.108+0530][41869.150s][info][gc,phases   ] GC(28)   Post Evacuate Collection Set: 0.4ms
[2025-06-11T12:05:15.108+0530][41869.150s][info][gc,phases   ] GC(28)   Other: 0.1ms
[2025-06-11T12:05:15.108+0530][41869.150s][info][gc,heap     ] GC(28) Eden regions: 5->0(5)
[2025-06-11T12:05:15.108+0530][41869.150s][info][gc,heap     ] GC(28) Survivor regions: 1->1(1)
[2025-06-11T12:05:15.108+0530][41869.150s][info][gc,heap     ] GC(28) Old regions: 6->6
[2025-06-11T12:05:15.108+0530][41869.150s][info][gc,heap     ] GC(28) Humongous regions: 0->0
[2025-06-11T12:05:15.108+0530][41869.150s][info][gc,metaspace] GC(28) Metaspace: 63452K(64640K)->63452K(64640K) NonClass: 55790K(56448K)->55790K(56448K) Class: 7662K(8192K)->7662K(8192K)
[2025-06-11T12:05:15.108+0530][41869.150s][info][gc          ] GC(28) Pause Young (Mixed) (G1 Evacuation Pause) 43M->23M(56M) 3.647ms
[2025-06-11T12:05:15.108+0530][41869.150s][info][gc,cpu      ] GC(28) User=0.00s Sys=0.00s Real=0.00s
[2025-06-11T12:15:46.654+0530][42500.590s][info][gc,start    ] GC(29) Pause Young (Concurrent Start) (G1 Evacuation Pause)
[2025-06-11T12:15:46.654+0530][42500.590s][info][gc,task     ] GC(29) Using 8 workers of 13 for evacuation
[2025-06-11T12:15:46.656+0530][42500.592s][info][gc,phases   ] GC(29)   Pre Evacuate Collection Set: 0.3ms
[2025-06-11T12:15:46.656+0530][42500.592s][info][gc,phases   ] GC(29)   Merge Heap Roots: 0.1ms
[2025-06-11T12:15:46.656+0530][42500.592s][info][gc,phases   ] GC(29)   Evacuate Collection Set: 1.4ms
[2025-06-11T12:15:46.656+0530][42500.592s][info][gc,phases   ] GC(29)   Post Evacuate Collection Set: 0.3ms
[2025-06-11T12:15:46.656+0530][42500.592s][info][gc,phases   ] GC(29)   Other: 0.1ms
[2025-06-11T12:15:46.656+0530][42500.592s][info][gc,heap     ] GC(29) Eden regions: 5->0(5)
[2025-06-11T12:15:46.656+0530][42500.592s][info][gc,heap     ] GC(29) Survivor regions: 1->1(1)
[2025-06-11T12:15:46.656+0530][42500.592s][info][gc,heap     ] GC(29) Old regions: 6->6
[2025-06-11T12:15:46.656+0530][42500.592s][info][gc,heap     ] GC(29) Humongous regions: 0->0
[2025-06-11T12:15:46.656+0530][42500.592s][info][gc,metaspace] GC(29) Metaspace: 63453K(64640K)->63453K(64640K) NonClass: 55791K(56448K)->55791K(56448K) Class: 7662K(8192K)->7662K(8192K)
[2025-06-11T12:15:46.656+0530][42500.592s][info][gc          ] GC(29) Pause Young (Concurrent Start) (G1 Evacuation Pause) 43M->23M(56M) 2.395ms
[2025-06-11T12:15:46.656+0530][42500.592s][info][gc,cpu      ] GC(29) User=0.00s Sys=0.00s Real=0.00s
[2025-06-11T12:15:46.656+0530][42500.592s][info][gc          ] GC(30) Concurrent Mark Cycle
[2025-06-11T12:15:46.656+0530][42500.592s][info][gc,marking  ] GC(30) Concurrent Scan Root Regions
[2025-06-11T12:15:46.658+0530][42500.594s][info][gc,marking  ] GC(30) Concurrent Scan Root Regions 1.728ms
[2025-06-11T12:15:46.658+0530][42500.594s][info][gc,marking  ] GC(30) Concurrent Mark
[2025-06-11T12:15:46.658+0530][42500.594s][info][gc,marking  ] GC(30) Concurrent Mark From Roots
[2025-06-11T12:15:46.658+0530][42500.594s][info][gc,task     ] GC(30) Using 3 workers of 3 for marking
[2025-06-11T12:15:46.667+0530][42500.603s][info][gc,marking  ] GC(30) Concurrent Mark From Roots 9.008ms
[2025-06-11T12:15:46.667+0530][42500.603s][info][gc,marking  ] GC(30) Concurrent Preclean
[2025-06-11T12:15:46.667+0530][42500.603s][info][gc,marking  ] GC(30) Concurrent Preclean 0.196ms
[2025-06-11T12:15:46.667+0530][42500.603s][info][gc,start    ] GC(30) Pause Remark
[2025-06-11T12:15:46.675+0530][42500.611s][info][gc          ] GC(30) Pause Remark 23M->23M(56M) 7.816ms
[2025-06-11T12:15:46.675+0530][42500.611s][info][gc,cpu      ] GC(30) User=0.02s Sys=0.00s Real=0.01s
[2025-06-11T12:15:46.675+0530][42500.611s][info][gc,marking  ] GC(30) Concurrent Mark 17.268ms
[2025-06-11T12:15:46.675+0530][42500.611s][info][gc,marking  ] GC(30) Concurrent Rebuild Remembered Sets and Scrub Regions
[2025-06-11T12:15:46.680+0530][42500.616s][info][gc,marking  ] GC(30) Concurrent Rebuild Remembered Sets and Scrub Regions 4.851ms
[2025-06-11T12:15:46.680+0530][42500.616s][info][gc,start    ] GC(30) Pause Cleanup
[2025-06-11T12:15:46.681+0530][42500.616s][info][gc          ] GC(30) Pause Cleanup 23M->23M(56M) 0.105ms
[2025-06-11T12:15:46.681+0530][42500.616s][info][gc,cpu      ] GC(30) User=0.00s Sys=0.00s Real=0.00s
[2025-06-11T12:15:46.681+0530][42500.617s][info][gc,marking  ] GC(30) Concurrent Clear Claimed Marks
[2025-06-11T12:15:46.681+0530][42500.617s][info][gc,marking  ] GC(30) Concurrent Clear Claimed Marks 0.056ms
[2025-06-11T12:15:46.681+0530][42500.617s][info][gc,marking  ] GC(30) Concurrent Cleanup for Next Mark
[2025-06-11T12:15:46.681+0530][42500.617s][info][gc,marking  ] GC(30) Concurrent Cleanup for Next Mark 0.277ms
[2025-06-11T12:15:46.681+0530][42500.617s][info][gc          ] GC(30) Concurrent Mark Cycle 24.640ms
[2025-06-11T12:26:16.833+0530][43130.677s][info][gc,start    ] GC(31) Pause Young (Prepare Mixed) (G1 Evacuation Pause)
[2025-06-11T12:26:16.833+0530][43130.677s][info][gc,task     ] GC(31) Using 8 workers of 13 for evacuation
[2025-06-11T12:26:16.835+0530][43130.679s][info][gc,phases   ] GC(31)   Pre Evacuate Collection Set: 0.1ms
[2025-06-11T12:26:16.835+0530][43130.679s][info][gc,phases   ] GC(31)   Merge Heap Roots: 0.1ms
[2025-06-11T12:26:16.835+0530][43130.679s][info][gc,phases   ] GC(31)   Evacuate Collection Set: 1.5ms
[2025-06-11T12:26:16.835+0530][43130.679s][info][gc,phases   ] GC(31)   Post Evacuate Collection Set: 0.3ms
[2025-06-11T12:26:16.835+0530][43130.679s][info][gc,phases   ] GC(31)   Other: 0.1ms
[2025-06-11T12:26:16.835+0530][43130.679s][info][gc,heap     ] GC(31) Eden regions: 5->0(5)
[2025-06-11T12:26:16.835+0530][43130.679s][info][gc,heap     ] GC(31) Survivor regions: 1->1(1)
[2025-06-11T12:26:16.835+0530][43130.679s][info][gc,heap     ] GC(31) Old regions: 6->6
[2025-06-11T12:26:16.835+0530][43130.679s][info][gc,heap     ] GC(31) Humongous regions: 0->0
[2025-06-11T12:26:16.835+0530][43130.679s][info][gc,metaspace] GC(31) Metaspace: 63456K(64640K)->63456K(64640K) NonClass: 55793K(56448K)->55793K(56448K) Class: 7662K(8192K)->7662K(8192K)
[2025-06-11T12:26:16.835+0530][43130.679s][info][gc          ] GC(31) Pause Young (Prepare Mixed) (G1 Evacuation Pause) 43M->23M(56M) 2.363ms
[2025-06-11T12:26:16.835+0530][43130.679s][info][gc,cpu      ] GC(31) User=0.00s Sys=0.00s Real=0.00s
[2025-06-11T12:36:42.379+0530][43756.148s][info][gc,start    ] GC(32) Pause Young (Mixed) (G1 Evacuation Pause)
[2025-06-11T12:36:42.379+0530][43756.148s][info][gc,task     ] GC(32) Using 8 workers of 13 for evacuation
[2025-06-11T12:36:42.382+0530][43756.151s][info][gc,phases   ] GC(32)   Pre Evacuate Collection Set: 0.2ms
[2025-06-11T12:36:42.382+0530][43756.151s][info][gc,phases   ] GC(32)   Merge Heap Roots: 0.2ms
[2025-06-11T12:36:42.382+0530][43756.151s][info][gc,phases   ] GC(32)   Evacuate Collection Set: 2.4ms
[2025-06-11T12:36:42.382+0530][43756.151s][info][gc,phases   ] GC(32)   Post Evacuate Collection Set: 0.4ms
[2025-06-11T12:36:42.382+0530][43756.151s][info][gc,phases   ] GC(32)   Other: 0.1ms
[2025-06-11T12:36:42.382+0530][43756.151s][info][gc,heap     ] GC(32) Eden regions: 5->0(5)
[2025-06-11T12:36:42.382+0530][43756.151s][info][gc,heap     ] GC(32) Survivor regions: 1->1(1)
[2025-06-11T12:36:42.382+0530][43756.151s][info][gc,heap     ] GC(32) Old regions: 6->6
[2025-06-11T12:36:42.382+0530][43756.151s][info][gc,heap     ] GC(32) Humongous regions: 0->0
[2025-06-11T12:36:42.382+0530][43756.151s][info][gc,metaspace] GC(32) Metaspace: 63458K(64640K)->63458K(64640K) NonClass: 55795K(56448K)->55795K(56448K) Class: 7662K(8192K)->7662K(8192K)
[2025-06-11T12:36:42.382+0530][43756.152s][info][gc          ] GC(32) Pause Young (Mixed) (G1 Evacuation Pause) 43M->22M(56M) 3.736ms
[2025-06-11T12:36:42.382+0530][43756.152s][info][gc,cpu      ] GC(32) User=0.00s Sys=0.00s Real=0.00s
[2025-06-11T12:47:17.816+0530][44391.527s][info][gc,start    ] GC(33) Pause Young (Concurrent Start) (G1 Evacuation Pause)
[2025-06-11T12:47:17.816+0530][44391.527s][info][gc,task     ] GC(33) Using 8 workers of 13 for evacuation
[2025-06-11T12:47:17.818+0530][44391.530s][info][gc,phases   ] GC(33)   Pre Evacuate Collection Set: 0.2ms
[2025-06-11T12:47:17.818+0530][44391.530s][info][gc,phases   ] GC(33)   Merge Heap Roots: 0.1ms
[2025-06-11T12:47:17.818+0530][44391.530s][info][gc,phases   ] GC(33)   Evacuate Collection Set: 1.4ms
[2025-06-11T12:47:17.818+0530][44391.530s][info][gc,phases   ] GC(33)   Post Evacuate Collection Set: 0.3ms
[2025-06-11T12:47:17.818+0530][44391.530s][info][gc,phases   ] GC(33)   Other: 0.2ms
[2025-06-11T12:47:17.818+0530][44391.530s][info][gc,heap     ] GC(33) Eden regions: 5->0(5)
[2025-06-11T12:47:17.818+0530][44391.530s][info][gc,heap     ] GC(33) Survivor regions: 1->1(1)
[2025-06-11T12:47:17.818+0530][44391.530s][info][gc,heap     ] GC(33) Old regions: 6->6
[2025-06-11T12:47:17.818+0530][44391.530s][info][gc,heap     ] GC(33) Humongous regions: 0->0
[2025-06-11T12:47:17.818+0530][44391.530s][info][gc,metaspace] GC(33) Metaspace: 63464K(64640K)->63464K(64640K) NonClass: 55800K(56448K)->55800K(56448K) Class: 7663K(8192K)->7663K(8192K)
[2025-06-11T12:47:17.818+0530][44391.530s][info][gc          ] GC(33) Pause Young (Concurrent Start) (G1 Evacuation Pause) 42M->22M(56M) 2.489ms
[2025-06-11T12:47:17.818+0530][44391.530s][info][gc,cpu      ] GC(33) User=0.00s Sys=0.00s Real=0.00s
[2025-06-11T12:47:17.818+0530][44391.530s][info][gc          ] GC(34) Concurrent Mark Cycle
[2025-06-11T12:47:17.818+0530][44391.530s][info][gc,marking  ] GC(34) Concurrent Scan Root Regions
[2025-06-11T12:47:17.821+0530][44391.532s][info][gc,marking  ] GC(34) Concurrent Scan Root Regions 2.178ms
[2025-06-11T12:47:17.821+0530][44391.532s][info][gc,marking  ] GC(34) Concurrent Mark
[2025-06-11T12:47:17.821+0530][44391.532s][info][gc,marking  ] GC(34) Concurrent Mark From Roots
[2025-06-11T12:47:17.821+0530][44391.532s][info][gc,task     ] GC(34) Using 3 workers of 3 for marking
[2025-06-11T12:47:17.833+0530][44391.544s][info][gc,marking  ] GC(34) Concurrent Mark From Roots 11.833ms
[2025-06-11T12:47:17.833+0530][44391.544s][info][gc,marking  ] GC(34) Concurrent Preclean
[2025-06-11T12:47:17.833+0530][44391.544s][info][gc,marking  ] GC(34) Concurrent Preclean 0.155ms
[2025-06-11T12:47:17.833+0530][44391.544s][info][gc,start    ] GC(34) Pause Remark
[2025-06-11T12:47:17.835+0530][44391.546s][info][gc          ] GC(34) Pause Remark 22M->22M(56M) 2.060ms
[2025-06-11T12:47:17.835+0530][44391.546s][info][gc,cpu      ] GC(34) User=0.00s Sys=0.00s Real=0.00s
[2025-06-11T12:47:17.835+0530][44391.546s][info][gc,marking  ] GC(34) Concurrent Mark 14.242ms
[2025-06-11T12:47:17.835+0530][44391.546s][info][gc,marking  ] GC(34) Concurrent Rebuild Remembered Sets and Scrub Regions
[2025-06-11T12:47:17.839+0530][44391.550s][info][gc,marking  ] GC(34) Concurrent Rebuild Remembered Sets and Scrub Regions 3.268ms
[2025-06-11T12:47:17.839+0530][44391.550s][info][gc,start    ] GC(34) Pause Cleanup
[2025-06-11T12:47:17.839+0530][44391.550s][info][gc          ] GC(34) Pause Cleanup 22M->22M(56M) 0.089ms
[2025-06-11T12:47:17.839+0530][44391.550s][info][gc,cpu      ] GC(34) User=0.00s Sys=0.00s Real=0.00s
[2025-06-11T12:47:17.839+0530][44391.550s][info][gc,marking  ] GC(34) Concurrent Clear Claimed Marks
[2025-06-11T12:47:17.839+0530][44391.550s][info][gc,marking  ] GC(34) Concurrent Clear Claimed Marks 0.057ms
[2025-06-11T12:47:17.839+0530][44391.550s][info][gc,marking  ] GC(34) Concurrent Cleanup for Next Mark
[2025-06-11T12:47:17.839+0530][44391.550s][info][gc,marking  ] GC(34) Concurrent Cleanup for Next Mark 0.273ms
[2025-06-11T12:47:17.839+0530][44391.550s][info][gc          ] GC(34) Concurrent Mark Cycle 20.386ms
[2025-06-11T12:57:51.204+0530][45024.864s][info][gc,start    ] GC(35) Pause Young (Prepare Mixed) (G1 Evacuation Pause)
[2025-06-11T12:57:51.204+0530][45024.864s][info][gc,task     ] GC(35) Using 8 workers of 13 for evacuation
[2025-06-11T12:57:51.206+0530][45024.866s][info][gc,phases   ] GC(35)   Pre Evacuate Collection Set: 0.3ms
[2025-06-11T12:57:51.207+0530][45024.866s][info][gc,phases   ] GC(35)   Merge Heap Roots: 0.1ms
[2025-06-11T12:57:51.207+0530][45024.866s][info][gc,phases   ] GC(35)   Evacuate Collection Set: 1.3ms
[2025-06-11T12:57:51.207+0530][45024.866s][info][gc,phases   ] GC(35)   Post Evacuate Collection Set: 0.3ms
[2025-06-11T12:57:51.207+0530][45024.867s][info][gc,phases   ] GC(35)   Other: 0.1ms
[2025-06-11T12:57:51.207+0530][45024.867s][info][gc,heap     ] GC(35) Eden regions: 5->0(5)
[2025-06-11T12:57:51.207+0530][45024.867s][info][gc,heap     ] GC(35) Survivor regions: 1->1(1)
[2025-06-11T12:57:51.207+0530][45024.867s][info][gc,heap     ] GC(35) Old regions: 6->6
[2025-06-11T12:57:51.207+0530][45024.867s][info][gc,heap     ] GC(35) Humongous regions: 0->0
[2025-06-11T12:57:51.207+0530][45024.867s][info][gc,metaspace] GC(35) Metaspace: 63470K(64640K)->63470K(64640K) NonClass: 55806K(56448K)->55806K(56448K) Class: 7663K(8192K)->7663K(8192K)
[2025-06-11T12:57:51.207+0530][45024.867s][info][gc          ] GC(35) Pause Young (Prepare Mixed) (G1 Evacuation Pause) 42M->22M(56M) 2.376ms
[2025-06-11T12:57:51.207+0530][45024.867s][info][gc,cpu      ] GC(35) User=0.00s Sys=0.00s Real=0.00s
[2025-06-11T13:08:27.035+0530][45660.656s][info][gc,start    ] GC(36) Pause Young (Mixed) (G1 Evacuation Pause)
[2025-06-11T13:08:27.035+0530][45660.656s][info][gc,task     ] GC(36) Using 8 workers of 13 for evacuation
[2025-06-11T13:08:27.038+0530][45660.659s][info][gc,phases   ] GC(36)   Pre Evacuate Collection Set: 0.2ms
[2025-06-11T13:08:27.038+0530][45660.659s][info][gc,phases   ] GC(36)   Merge Heap Roots: 0.2ms
[2025-06-11T13:08:27.039+0530][45660.659s][info][gc,phases   ] GC(36)   Evacuate Collection Set: 2.5ms
[2025-06-11T13:08:27.039+0530][45660.659s][info][gc,phases   ] GC(36)   Post Evacuate Collection Set: 0.4ms
[2025-06-11T13:08:27.039+0530][45660.659s][info][gc,phases   ] GC(36)   Other: 0.1ms
[2025-06-11T13:08:27.039+0530][45660.659s][info][gc,heap     ] GC(36) Eden regions: 5->0(6)
[2025-06-11T13:08:27.039+0530][45660.659s][info][gc,heap     ] GC(36) Survivor regions: 1->1(1)
[2025-06-11T13:08:27.039+0530][45660.659s][info][gc,heap     ] GC(36) Old regions: 6->5
[2025-06-11T13:08:27.039+0530][45660.659s][info][gc,heap     ] GC(36) Humongous regions: 0->0
[2025-06-11T13:08:27.039+0530][45660.659s][info][gc,metaspace] GC(36) Metaspace: 63472K(64640K)->63472K(64640K) NonClass: 55808K(56448K)->55808K(56448K) Class: 7663K(8192K)->7663K(8192K)
[2025-06-11T13:08:27.039+0530][45660.659s][info][gc          ] GC(36) Pause Young (Mixed) (G1 Evacuation Pause) 42M->21M(56M) 3.658ms
[2025-06-11T13:08:27.039+0530][45660.660s][info][gc,cpu      ] GC(36) User=0.00s Sys=0.00s Real=0.00s
[2025-06-11T13:21:12.514+0530][46426.096s][info][gc,start    ] GC(37) Pause Young (Concurrent Start) (G1 Evacuation Pause)
[2025-06-11T13:21:12.514+0530][46426.097s][info][gc,task     ] GC(37) Using 8 workers of 13 for evacuation
[2025-06-11T13:21:12.515+0530][46426.098s][info][gc,phases   ] GC(37)   Pre Evacuate Collection Set: 0.3ms
[2025-06-11T13:21:12.515+0530][46426.098s][info][gc,phases   ] GC(37)   Merge Heap Roots: 0.1ms
[2025-06-11T13:21:12.515+0530][46426.098s][info][gc,phases   ] GC(37)   Evacuate Collection Set: 0.9ms
[2025-06-11T13:21:12.515+0530][46426.098s][info][gc,phases   ] GC(37)   Post Evacuate Collection Set: 0.3ms
[2025-06-11T13:21:12.515+0530][46426.098s][info][gc,phases   ] GC(37)   Other: 0.1ms
[2025-06-11T13:21:12.515+0530][46426.098s][info][gc,heap     ] GC(37) Eden regions: 6->0(5)
[2025-06-11T13:21:12.515+0530][46426.098s][info][gc,heap     ] GC(37) Survivor regions: 1->1(1)
[2025-06-11T13:21:12.515+0530][46426.098s][info][gc,heap     ] GC(37) Old regions: 5->6
[2025-06-11T13:21:12.515+0530][46426.098s][info][gc,heap     ] GC(37) Humongous regions: 0->0
[2025-06-11T13:21:12.515+0530][46426.098s][info][gc,metaspace] GC(37) Metaspace: 63488K(64640K)->63488K(64640K) NonClass: 55824K(56448K)->55824K(56448K) Class: 7663K(8192K)->7663K(8192K)
[2025-06-11T13:21:12.515+0530][46426.098s][info][gc          ] GC(37) Pause Young (Concurrent Start) (G1 Evacuation Pause) 45M->21M(56M) 1.961ms
[2025-06-11T13:21:12.515+0530][46426.098s][info][gc,cpu      ] GC(37) User=0.00s Sys=0.00s Real=0.00s
[2025-06-11T13:21:12.515+0530][46426.098s][info][gc          ] GC(38) Concurrent Mark Cycle
[2025-06-11T13:21:12.515+0530][46426.098s][info][gc,marking  ] GC(38) Concurrent Scan Root Regions
[2025-06-11T13:21:12.517+0530][46426.099s][info][gc,marking  ] GC(38) Concurrent Scan Root Regions 0.873ms
[2025-06-11T13:21:12.517+0530][46426.099s][info][gc,marking  ] GC(38) Concurrent Mark
[2025-06-11T13:21:12.517+0530][46426.099s][info][gc,marking  ] GC(38) Concurrent Mark From Roots
[2025-06-11T13:21:12.517+0530][46426.099s][info][gc,task     ] GC(38) Using 3 workers of 3 for marking
[2025-06-11T13:21:12.526+0530][46426.108s][info][gc,marking  ] GC(38) Concurrent Mark From Roots 9.112ms
[2025-06-11T13:21:12.526+0530][46426.109s][info][gc,marking  ] GC(38) Concurrent Preclean
[2025-06-11T13:21:12.526+0530][46426.109s][info][gc,marking  ] GC(38) Concurrent Preclean 0.186ms
[2025-06-11T13:21:12.526+0530][46426.109s][info][gc,start    ] GC(38) Pause Remark
[2025-06-11T13:21:12.538+0530][46426.121s][info][gc          ] GC(38) Pause Remark 21M->21M(56M) 12.672ms
[2025-06-11T13:21:12.538+0530][46426.122s][info][gc,cpu      ] GC(38) User=0.02s Sys=0.00s Real=0.01s
[2025-06-11T13:21:12.539+0530][46426.122s][info][gc,marking  ] GC(38) Concurrent Mark 22.284ms
[2025-06-11T13:21:12.539+0530][46426.122s][info][gc,marking  ] GC(38) Concurrent Rebuild Remembered Sets and Scrub Regions
[2025-06-11T13:21:12.542+0530][46426.125s][info][gc,marking  ] GC(38) Concurrent Rebuild Remembered Sets and Scrub Regions 3.780ms
[2025-06-11T13:21:12.543+0530][46426.126s][info][gc,start    ] GC(38) Pause Cleanup
[2025-06-11T13:21:12.543+0530][46426.126s][info][gc          ] GC(38) Pause Cleanup 21M->21M(56M) 0.101ms
[2025-06-11T13:21:12.543+0530][46426.126s][info][gc,cpu      ] GC(38) User=0.00s Sys=0.00s Real=0.00s
[2025-06-11T13:21:12.543+0530][46426.126s][info][gc,marking  ] GC(38) Concurrent Clear Claimed Marks
[2025-06-11T13:21:12.543+0530][46426.126s][info][gc,marking  ] GC(38) Concurrent Clear Claimed Marks 0.052ms
[2025-06-11T13:21:12.543+0530][46426.126s][info][gc,marking  ] GC(38) Concurrent Cleanup for Next Mark
[2025-06-11T13:21:12.543+0530][46426.126s][info][gc,marking  ] GC(38) Concurrent Cleanup for Next Mark 0.233ms
[2025-06-11T13:21:12.543+0530][46426.126s][info][gc          ] GC(38) Concurrent Mark Cycle 27.715ms
[2025-06-11T13:31:47.143+0530][47060.700s][info][gc,start    ] GC(39) Pause Young (Normal) (G1 Evacuation Pause)
[2025-06-11T13:31:47.143+0530][47060.700s][info][gc,task     ] GC(39) Using 8 workers of 13 for evacuation
[2025-06-11T13:31:47.145+0530][47060.701s][info][gc,phases   ] GC(39)   Pre Evacuate Collection Set: 0.2ms
[2025-06-11T13:31:47.145+0530][47060.701s][info][gc,phases   ] GC(39)   Merge Heap Roots: 0.1ms
[2025-06-11T13:31:47.145+0530][47060.701s][info][gc,phases   ] GC(39)   Evacuate Collection Set: 0.6ms
[2025-06-11T13:31:47.145+0530][47060.701s][info][gc,phases   ] GC(39)   Post Evacuate Collection Set: 0.3ms
[2025-06-11T13:31:47.145+0530][47060.701s][info][gc,phases   ] GC(39)   Other: 0.1ms
[2025-06-11T13:31:47.145+0530][47060.701s][info][gc,heap     ] GC(39) Eden regions: 5->0(5)
[2025-06-11T13:31:47.145+0530][47060.701s][info][gc,heap     ] GC(39) Survivor regions: 1->1(1)
[2025-06-11T13:31:47.145+0530][47060.701s][info][gc,heap     ] GC(39) Old regions: 6->6
[2025-06-11T13:31:47.145+0530][47060.701s][info][gc,heap     ] GC(39) Humongous regions: 0->0
[2025-06-11T13:31:47.145+0530][47060.701s][info][gc,metaspace] GC(39) Metaspace: 63446K(64640K)->63446K(64640K) NonClass: 55791K(56448K)->55791K(56448K) Class: 7654K(8192K)->7654K(8192K)
[2025-06-11T13:31:47.145+0530][47060.701s][info][gc          ] GC(39) Pause Young (Normal) (G1 Evacuation Pause) 41M->21M(56M) 1.544ms
[2025-06-11T13:31:47.145+0530][47060.701s][info][gc,cpu      ] GC(39) User=0.00s Sys=0.00s Real=0.00s
[2025-06-11T13:42:25.579+0530][47699.116s][info][gc,start    ] GC(40) Pause Young (Concurrent Start) (G1 Evacuation Pause)
[2025-06-11T13:42:25.579+0530][47699.116s][info][gc,task     ] GC(40) Using 8 workers of 13 for evacuation
[2025-06-11T13:42:25.581+0530][47699.117s][info][gc,phases   ] GC(40)   Pre Evacuate Collection Set: 0.3ms
[2025-06-11T13:42:25.581+0530][47699.117s][info][gc,phases   ] GC(40)   Merge Heap Roots: 0.1ms
[2025-06-11T13:42:25.581+0530][47699.117s][info][gc,phases   ] GC(40)   Evacuate Collection Set: 0.7ms
[2025-06-11T13:42:25.581+0530][47699.117s][info][gc,phases   ] GC(40)   Post Evacuate Collection Set: 0.3ms
[2025-06-11T13:42:25.581+0530][47699.117s][info][gc,phases   ] GC(40)   Other: 0.1ms
[2025-06-11T13:42:25.581+0530][47699.117s][info][gc,heap     ] GC(40) Eden regions: 5->0(5)
[2025-06-11T13:42:25.581+0530][47699.117s][info][gc,heap     ] GC(40) Survivor regions: 1->1(1)
[2025-06-11T13:42:25.581+0530][47699.117s][info][gc,heap     ] GC(40) Old regions: 6->6
[2025-06-11T13:42:25.581+0530][47699.117s][info][gc,heap     ] GC(40) Humongous regions: 0->0
[2025-06-11T13:42:25.581+0530][47699.117s][info][gc,metaspace] GC(40) Metaspace: 63456K(64640K)->63456K(64640K) NonClass: 55801K(56448K)->55801K(56448K) Class: 7654K(8192K)->7654K(8192K)
[2025-06-11T13:42:25.581+0530][47699.117s][info][gc          ] GC(40) Pause Young (Concurrent Start) (G1 Evacuation Pause) 41M->21M(56M) 1.971ms
[2025-06-11T13:42:25.581+0530][47699.118s][info][gc,cpu      ] GC(40) User=0.00s Sys=0.00s Real=0.00s
[2025-06-11T13:42:25.581+0530][47699.118s][info][gc          ] GC(41) Concurrent Mark Cycle
[2025-06-11T13:42:25.581+0530][47699.118s][info][gc,marking  ] GC(41) Concurrent Scan Root Regions
[2025-06-11T13:42:25.582+0530][47699.118s][info][gc,marking  ] GC(41) Concurrent Scan Root Regions 0.755ms
[2025-06-11T13:42:25.582+0530][47699.118s][info][gc,marking  ] GC(41) Concurrent Mark
[2025-06-11T13:42:25.582+0530][47699.118s][info][gc,marking  ] GC(41) Concurrent Mark From Roots
[2025-06-11T13:42:25.582+0530][47699.118s][info][gc,task     ] GC(41) Using 3 workers of 3 for marking
[2025-06-11T13:42:25.593+0530][47699.130s][info][gc,marking  ] GC(41) Concurrent Mark From Roots 11.503ms
[2025-06-11T13:42:25.593+0530][47699.130s][info][gc,marking  ] GC(41) Concurrent Preclean
[2025-06-11T13:42:25.593+0530][47699.130s][info][gc,marking  ] GC(41) Concurrent Preclean 0.171ms
[2025-06-11T13:42:25.593+0530][47699.130s][info][gc,start    ] GC(41) Pause Remark
[2025-06-11T13:42:25.597+0530][47699.134s][info][gc          ] GC(41) Pause Remark 22M->22M(56M) 4.218ms
[2025-06-11T13:42:25.598+0530][47699.134s][info][gc,cpu      ] GC(41) User=0.00s Sys=0.00s Real=0.01s
[2025-06-11T13:42:25.598+0530][47699.134s][info][gc,marking  ] GC(41) Concurrent Mark 16.108ms
[2025-06-11T13:42:25.598+0530][47699.135s][info][gc,marking  ] GC(41) Concurrent Rebuild Remembered Sets and Scrub Regions
[2025-06-11T13:42:25.602+0530][47699.139s][info][gc,marking  ] GC(41) Concurrent Rebuild Remembered Sets and Scrub Regions 4.097ms
[2025-06-11T13:42:25.602+0530][47699.139s][info][gc,start    ] GC(41) Pause Cleanup
[2025-06-11T13:42:25.602+0530][47699.139s][info][gc          ] GC(41) Pause Cleanup 22M->22M(56M) 0.101ms
[2025-06-11T13:42:25.602+0530][47699.139s][info][gc,cpu      ] GC(41) User=0.00s Sys=0.00s Real=0.00s
[2025-06-11T13:42:25.602+0530][47699.139s][info][gc,marking  ] GC(41) Concurrent Clear Claimed Marks
[2025-06-11T13:42:25.602+0530][47699.139s][info][gc,marking  ] GC(41) Concurrent Clear Claimed Marks 0.054ms
[2025-06-11T13:42:25.602+0530][47699.139s][info][gc,marking  ] GC(41) Concurrent Cleanup for Next Mark
[2025-06-11T13:42:25.602+0530][47699.139s][info][gc,marking  ] GC(41) Concurrent Cleanup for Next Mark 0.233ms
[2025-06-11T13:42:25.602+0530][47699.139s][info][gc          ] GC(41) Concurrent Mark Cycle 21.657ms
[2025-06-11T13:53:01.470+0530][48334.990s][info][gc,start    ] GC(42) Pause Young (Normal) (G1 Evacuation Pause)
[2025-06-11T13:53:01.470+0530][48334.990s][info][gc,task     ] GC(42) Using 8 workers of 13 for evacuation
[2025-06-11T13:53:01.471+0530][48334.991s][info][gc,phases   ] GC(42)   Pre Evacuate Collection Set: 0.2ms
[2025-06-11T13:53:01.471+0530][48334.991s][info][gc,phases   ] GC(42)   Merge Heap Roots: 0.1ms
[2025-06-11T13:53:01.471+0530][48334.991s][info][gc,phases   ] GC(42)   Evacuate Collection Set: 0.5ms
[2025-06-11T13:53:01.471+0530][48334.991s][info][gc,phases   ] GC(42)   Post Evacuate Collection Set: 0.3ms
[2025-06-11T13:53:01.471+0530][48334.991s][info][gc,phases   ] GC(42)   Other: 0.1ms
[2025-06-11T13:53:01.471+0530][48334.991s][info][gc,heap     ] GC(42) Eden regions: 5->0(5)
[2025-06-11T13:53:01.471+0530][48334.991s][info][gc,heap     ] GC(42) Survivor regions: 1->1(1)
[2025-06-11T13:53:01.471+0530][48334.991s][info][gc,heap     ] GC(42) Old regions: 6->6
[2025-06-11T13:53:01.471+0530][48334.991s][info][gc,heap     ] GC(42) Humongous regions: 0->0
[2025-06-11T13:53:01.471+0530][48334.992s][info][gc,metaspace] GC(42) Metaspace: 63421K(64640K)->63421K(64640K) NonClass: 55774K(56448K)->55774K(56448K) Class: 7647K(8192K)->7647K(8192K)
[2025-06-11T13:53:01.471+0530][48334.992s][info][gc          ] GC(42) Pause Young (Normal) (G1 Evacuation Pause) 41M->21M(56M) 1.422ms
[2025-06-11T13:53:01.471+0530][48334.992s][info][gc,cpu      ] GC(42) User=0.00s Sys=0.00s Real=0.00s
[2025-06-11T14:03:37.255+0530][48970.760s][info][gc,start    ] GC(43) Pause Young (Concurrent Start) (G1 Evacuation Pause)
[2025-06-11T14:03:37.255+0530][48970.760s][info][gc,task     ] GC(43) Using 8 workers of 13 for evacuation
[2025-06-11T14:03:37.256+0530][48970.762s][info][gc,phases   ] GC(43)   Pre Evacuate Collection Set: 0.3ms
[2025-06-11T14:03:37.256+0530][48970.762s][info][gc,phases   ] GC(43)   Merge Heap Roots: 0.1ms
[2025-06-11T14:03:37.256+0530][48970.762s][info][gc,phases   ] GC(43)   Evacuate Collection Set: 0.7ms
[2025-06-11T14:03:37.256+0530][48970.762s][info][gc,phases   ] GC(43)   Post Evacuate Collection Set: 0.3ms
[2025-06-11T14:03:37.256+0530][48970.762s][info][gc,phases   ] GC(43)   Other: 0.1ms
[2025-06-11T14:03:37.256+0530][48970.762s][info][gc,heap     ] GC(43) Eden regions: 5->0(5)
[2025-06-11T14:03:37.256+0530][48970.762s][info][gc,heap     ] GC(43) Survivor regions: 1->1(1)
[2025-06-11T14:03:37.256+0530][48970.762s][info][gc,heap     ] GC(43) Old regions: 6->6
[2025-06-11T14:03:37.256+0530][48970.762s][info][gc,heap     ] GC(43) Humongous regions: 0->0
[2025-06-11T14:03:37.256+0530][48970.762s][info][gc,metaspace] GC(43) Metaspace: 63422K(64640K)->63422K(64640K) NonClass: 55775K(56448K)->55775K(56448K) Class: 7647K(8192K)->7647K(8192K)
[2025-06-11T14:03:37.256+0530][48970.762s][info][gc          ] GC(43) Pause Young (Concurrent Start) (G1 Evacuation Pause) 41M->21M(56M) 1.758ms
[2025-06-11T14:03:37.256+0530][48970.762s][info][gc,cpu      ] GC(43) User=0.02s Sys=0.00s Real=0.00s
[2025-06-11T14:03:37.256+0530][48970.762s][info][gc          ] GC(44) Concurrent Mark Cycle
[2025-06-11T14:03:37.256+0530][48970.762s][info][gc,marking  ] GC(44) Concurrent Scan Root Regions
[2025-06-11T14:03:37.257+0530][48970.763s][info][gc,marking  ] GC(44) Concurrent Scan Root Regions 1.178ms
[2025-06-11T14:03:37.257+0530][48970.763s][info][gc,marking  ] GC(44) Concurrent Mark
[2025-06-11T14:03:37.257+0530][48970.763s][info][gc,marking  ] GC(44) Concurrent Mark From Roots
[2025-06-11T14:03:37.257+0530][48970.763s][info][gc,task     ] GC(44) Using 3 workers of 3 for marking
[2025-06-11T14:03:37.269+0530][48970.775s][info][gc,marking  ] GC(44) Concurrent Mark From Roots 11.506ms
[2025-06-11T14:03:37.269+0530][48970.775s][info][gc,marking  ] GC(44) Concurrent Preclean
[2025-06-11T14:03:37.269+0530][48970.775s][info][gc,marking  ] GC(44) Concurrent Preclean 0.252ms
[2025-06-11T14:03:37.269+0530][48970.775s][info][gc,start    ] GC(44) Pause Remark
[2025-06-11T14:03:37.272+0530][48970.777s][info][gc          ] GC(44) Pause Remark 21M->21M(56M) 1.605ms
[2025-06-11T14:03:37.272+0530][48970.777s][info][gc,cpu      ] GC(44) User=0.00s Sys=0.00s Real=0.00s
[2025-06-11T14:03:37.272+0530][48970.777s][info][gc,marking  ] GC(44) Concurrent Mark 13.593ms
[2025-06-11T14:03:37.272+0530][48970.777s][info][gc,marking  ] GC(44) Concurrent Rebuild Remembered Sets and Scrub Regions
[2025-06-11T14:03:37.275+0530][48970.781s][info][gc,marking  ] GC(44) Concurrent Rebuild Remembered Sets and Scrub Regions 3.421ms
[2025-06-11T14:03:37.275+0530][48970.781s][info][gc,start    ] GC(44) Pause Cleanup
[2025-06-11T14:03:37.275+0530][48970.781s][info][gc          ] GC(44) Pause Cleanup 21M->21M(56M) 0.085ms
[2025-06-11T14:03:37.275+0530][48970.781s][info][gc,cpu      ] GC(44) User=0.00s Sys=0.00s Real=0.00s
[2025-06-11T14:03:37.275+0530][48970.781s][info][gc,marking  ] GC(44) Concurrent Clear Claimed Marks
[2025-06-11T14:03:37.275+0530][48970.781s][info][gc,marking  ] GC(44) Concurrent Clear Claimed Marks 0.062ms
[2025-06-11T14:03:37.275+0530][48970.781s][info][gc,marking  ] GC(44) Concurrent Cleanup for Next Mark
[2025-06-11T14:03:37.275+0530][48970.781s][info][gc,marking  ] GC(44) Concurrent Cleanup for Next Mark 0.241ms
[2025-06-11T14:03:37.275+0530][48970.781s][info][gc          ] GC(44) Concurrent Mark Cycle 18.886ms
[2025-06-11T14:14:11.968+0530][49605.463s][info][gc,start    ] GC(45) Pause Young (Normal) (G1 Evacuation Pause)
[2025-06-11T14:14:11.968+0530][49605.463s][info][gc,task     ] GC(45) Using 8 workers of 13 for evacuation
[2025-06-11T14:14:11.969+0530][49605.464s][info][gc,phases   ] GC(45)   Pre Evacuate Collection Set: 0.2ms
[2025-06-11T14:14:11.969+0530][49605.464s][info][gc,phases   ] GC(45)   Merge Heap Roots: 0.1ms
[2025-06-11T14:14:11.969+0530][49605.464s][info][gc,phases   ] GC(45)   Evacuate Collection Set: 0.4ms
[2025-06-11T14:14:11.969+0530][49605.464s][info][gc,phases   ] GC(45)   Post Evacuate Collection Set: 0.7ms
[2025-06-11T14:14:11.969+0530][49605.464s][info][gc,phases   ] GC(45)   Other: 0.1ms
[2025-06-11T14:14:11.969+0530][49605.464s][info][gc,heap     ] GC(45) Eden regions: 5->0(27)
[2025-06-11T14:14:11.969+0530][49605.464s][info][gc,heap     ] GC(45) Survivor regions: 1->1(1)
[2025-06-11T14:14:11.969+0530][49605.464s][info][gc,heap     ] GC(45) Old regions: 6->6
[2025-06-11T14:14:11.969+0530][49605.464s][info][gc,heap     ] GC(45) Humongous regions: 0->0
[2025-06-11T14:14:11.969+0530][49605.464s][info][gc,metaspace] GC(45) Metaspace: 63422K(64640K)->63422K(64640K) NonClass: 55775K(56448K)->55775K(56448K) Class: 7647K(8192K)->7647K(8192K)
[2025-06-11T14:14:11.969+0530][49605.465s][info][gc          ] GC(45) Pause Young (Normal) (G1 Evacuation Pause) 41M->21M(188M) 1.802ms
[2025-06-11T14:14:11.969+0530][49605.465s][info][gc,cpu      ] GC(45) User=0.00s Sys=0.00s Real=0.00s
[2025-06-11T15:11:55.917+0530][53069.379s][info][gc,start    ] GC(46) Pause Young (Concurrent Start) (G1 Evacuation Pause)
[2025-06-11T15:11:55.917+0530][53069.379s][info][gc,task     ] GC(46) Using 8 workers of 13 for evacuation
[2025-06-11T15:11:55.918+0530][53069.381s][info][gc,phases   ] GC(46)   Pre Evacuate Collection Set: 0.3ms
[2025-06-11T15:11:55.918+0530][53069.381s][info][gc,phases   ] GC(46)   Merge Heap Roots: 0.1ms
[2025-06-11T15:11:55.918+0530][53069.381s][info][gc,phases   ] GC(46)   Evacuate Collection Set: 0.6ms
[2025-06-11T15:11:55.918+0530][53069.381s][info][gc,phases   ] GC(46)   Post Evacuate Collection Set: 0.4ms
[2025-06-11T15:11:55.918+0530][53069.381s][info][gc,phases   ] GC(46)   Other: 0.1ms
[2025-06-11T15:11:55.918+0530][53069.381s][info][gc,heap     ] GC(46) Eden regions: 27->0(27)
[2025-06-11T15:11:55.918+0530][53069.381s][info][gc,heap     ] GC(46) Survivor regions: 1->1(4)
[2025-06-11T15:11:55.918+0530][53069.381s][info][gc,heap     ] GC(46) Old regions: 6->6
[2025-06-11T15:11:55.918+0530][53069.381s][info][gc,heap     ] GC(46) Humongous regions: 0->0
[2025-06-11T15:11:55.918+0530][53069.381s][info][gc,metaspace] GC(46) Metaspace: 63449K(64640K)->63449K(64640K) NonClass: 55801K(56448K)->55801K(56448K) Class: 7647K(8192K)->7647K(8192K)
[2025-06-11T15:11:55.918+0530][53069.381s][info][gc          ] GC(46) Pause Young (Concurrent Start) (G1 Evacuation Pause) 129M->21M(188M) 1.705ms
[2025-06-11T15:11:55.918+0530][53069.381s][info][gc,cpu      ] GC(46) User=0.00s Sys=0.00s Real=0.00s
[2025-06-11T15:11:55.918+0530][53069.381s][info][gc          ] GC(47) Concurrent Mark Cycle
[2025-06-11T15:11:55.918+0530][53069.381s][info][gc,marking  ] GC(47) Concurrent Scan Root Regions
[2025-06-11T15:11:55.919+0530][53069.382s][info][gc,marking  ] GC(47) Concurrent Scan Root Regions 0.737ms
[2025-06-11T15:11:55.919+0530][53069.382s][info][gc,marking  ] GC(47) Concurrent Mark
[2025-06-11T15:11:55.919+0530][53069.382s][info][gc,marking  ] GC(47) Concurrent Mark From Roots
[2025-06-11T15:11:55.919+0530][53069.382s][info][gc,task     ] GC(47) Using 3 workers of 3 for marking
[2025-06-11T15:11:55.931+0530][53069.393s][info][gc,marking  ] GC(47) Concurrent Mark From Roots 11.614ms
[2025-06-11T15:11:55.931+0530][53069.394s][info][gc,marking  ] GC(47) Concurrent Preclean
[2025-06-11T15:11:55.931+0530][53069.394s][info][gc,marking  ] GC(47) Concurrent Preclean 0.220ms
[2025-06-11T15:11:55.931+0530][53069.394s][info][gc,start    ] GC(47) Pause Remark
[2025-06-11T15:11:55.935+0530][53069.397s][info][gc          ] GC(47) Pause Remark 22M->22M(96M) 3.306ms
[2025-06-11T15:11:55.935+0530][53069.397s][info][gc,cpu      ] GC(47) User=0.00s Sys=0.00s Real=0.00s
[2025-06-11T15:11:55.935+0530][53069.397s][info][gc,marking  ] GC(47) Concurrent Mark 15.411ms
[2025-06-11T15:11:55.935+0530][53069.397s][info][gc,marking  ] GC(47) Concurrent Rebuild Remembered Sets and Scrub Regions
[2025-06-11T15:11:55.938+0530][53069.400s][info][gc,marking  ] GC(47) Concurrent Rebuild Remembered Sets and Scrub Regions 3.091ms
[2025-06-11T15:11:55.938+0530][53069.400s][info][gc,start    ] GC(47) Pause Cleanup
[2025-06-11T15:11:55.938+0530][53069.401s][info][gc          ] GC(47) Pause Cleanup 22M->22M(96M) 0.095ms
[2025-06-11T15:11:55.938+0530][53069.401s][info][gc,cpu      ] GC(47) User=0.00s Sys=0.00s Real=0.00s
[2025-06-11T15:11:55.938+0530][53069.401s][info][gc,marking  ] GC(47) Concurrent Clear Claimed Marks
[2025-06-11T15:11:55.938+0530][53069.401s][info][gc,marking  ] GC(47) Concurrent Clear Claimed Marks 0.062ms
[2025-06-11T15:11:55.938+0530][53069.401s][info][gc,marking  ] GC(47) Concurrent Cleanup for Next Mark
[2025-06-11T15:11:55.938+0530][53069.401s][info][gc,marking  ] GC(47) Concurrent Cleanup for Next Mark 0.313ms
[2025-06-11T15:11:55.938+0530][53069.401s][info][gc          ] GC(47) Concurrent Mark Cycle 20.007ms
[2025-06-11T15:39:06.690+0530][54700.146s][info][gc,start    ] GC(48) Pause Young (Prepare Mixed) (G1 Evacuation Pause)
[2025-06-11T15:39:06.690+0530][54700.146s][info][gc,task     ] GC(48) Using 8 workers of 13 for evacuation
[2025-06-11T15:39:06.690+0530][54700.148s][info][gc,phases   ] GC(48)   Pre Evacuate Collection Set: 0.3ms
[2025-06-11T15:39:06.690+0530][54700.148s][info][gc,phases   ] GC(48)   Merge Heap Roots: 0.2ms
[2025-06-11T15:39:06.690+0530][54700.148s][info][gc,phases   ] GC(48)   Evacuate Collection Set: 0.5ms
[2025-06-11T15:39:06.690+0530][54700.148s][info][gc,phases   ] GC(48)   Post Evacuate Collection Set: 0.3ms
[2025-06-11T15:39:06.690+0530][54700.148s][info][gc,phases   ] GC(48)   Other: 0.1ms
[2025-06-11T15:39:06.690+0530][54700.148s][info][gc,heap     ] GC(48) Eden regions: 13->0(13)
[2025-06-11T15:39:06.690+0530][54700.148s][info][gc,heap     ] GC(48) Survivor regions: 1->1(2)
[2025-06-11T15:39:06.690+0530][54700.148s][info][gc,heap     ] GC(48) Old regions: 6->7
[2025-06-11T15:39:06.690+0530][54700.148s][info][gc,heap     ] GC(48) Humongous regions: 0->0
[2025-06-11T15:39:06.690+0530][54700.148s][info][gc,metaspace] GC(48) Metaspace: 63458K(64640K)->63458K(64640K) NonClass: 55812K(56448K)->55812K(56448K) Class: 7645K(8192K)->7645K(8192K)
[2025-06-11T15:39:06.692+0530][54700.148s][info][gc          ] GC(48) Pause Young (Prepare Mixed) (G1 Evacuation Pause) 73M->21M(96M) 1.740ms
[2025-06-11T15:39:06.692+0530][54700.148s][info][gc,cpu      ] GC(48) User=0.00s Sys=0.00s Real=0.00s
[2025-06-11T16:06:42.594+0530][56356.047s][info][gc,start    ] GC(49) Pause Young (Mixed) (G1 Evacuation Pause)
[2025-06-11T16:06:42.594+0530][56356.047s][info][gc,task     ] GC(49) Using 8 workers of 13 for evacuation
[2025-06-11T16:06:42.597+0530][56356.049s][info][gc,phases   ] GC(49)   Pre Evacuate Collection Set: 0.2ms
[2025-06-11T16:06:42.597+0530][56356.049s][info][gc,phases   ] GC(49)   Merge Heap Roots: 0.1ms
[2025-06-11T16:06:42.597+0530][56356.049s][info][gc,phases   ] GC(49)   Evacuate Collection Set: 1.1ms
[2025-06-11T16:06:42.597+0530][56356.049s][info][gc,phases   ] GC(49)   Post Evacuate Collection Set: 0.4ms
[2025-06-11T16:06:42.597+0530][56356.049s][info][gc,phases   ] GC(49)   Other: 0.1ms
[2025-06-11T16:06:42.597+0530][56356.049s][info][gc,heap     ] GC(49) Eden regions: 13->0(13)
[2025-06-11T16:06:42.597+0530][56356.049s][info][gc,heap     ] GC(49) Survivor regions: 1->1(2)
[2025-06-11T16:06:42.597+0530][56356.049s][info][gc,heap     ] GC(49) Old regions: 7->6
[2025-06-11T16:06:42.597+0530][56356.049s][info][gc,heap     ] GC(49) Humongous regions: 0->0
[2025-06-11T16:06:42.597+0530][56356.049s][info][gc,metaspace] GC(49) Metaspace: 63460K(64640K)->63460K(64640K) NonClass: 55815K(56448K)->55815K(56448K) Class: 7645K(8192K)->7645K(8192K)
[2025-06-11T16:06:42.597+0530][56356.049s][info][gc          ] GC(49) Pause Young (Mixed) (G1 Evacuation Pause) 73M->21M(96M) 2.280ms
[2025-06-11T16:06:42.597+0530][56356.049s][info][gc,cpu      ] GC(49) User=0.00s Sys=0.00s Real=0.00s
[2025-06-11T16:34:18.273+0530][58011.724s][info][gc,start    ] GC(50) Pause Young (Concurrent Start) (G1 Evacuation Pause)
[2025-06-11T16:34:18.273+0530][58011.724s][info][gc,task     ] GC(50) Using 8 workers of 13 for evacuation
[2025-06-11T16:34:18.282+0530][58011.733s][info][gc,phases   ] GC(50)   Pre Evacuate Collection Set: 7.5ms
[2025-06-11T16:34:18.282+0530][58011.733s][info][gc,phases   ] GC(50)   Merge Heap Roots: 0.4ms
[2025-06-11T16:34:18.282+0530][58011.733s][info][gc,phases   ] GC(50)   Evacuate Collection Set: 0.7ms
[2025-06-11T16:34:18.282+0530][58011.733s][info][gc,phases   ] GC(50)   Post Evacuate Collection Set: 0.3ms
[2025-06-11T16:34:18.282+0530][58011.733s][info][gc,phases   ] GC(50)   Other: 0.2ms
[2025-06-11T16:34:18.282+0530][58011.733s][info][gc,heap     ] GC(50) Eden regions: 13->0(13)
[2025-06-11T16:34:18.282+0530][58011.733s][info][gc,heap     ] GC(50) Survivor regions: 1->1(2)
[2025-06-11T16:34:18.282+0530][58011.733s][info][gc,heap     ] GC(50) Old regions: 6->6
[2025-06-11T16:34:18.282+0530][58011.733s][info][gc,heap     ] GC(50) Humongous regions: 0->0
[2025-06-11T16:34:18.282+0530][58011.733s][info][gc,metaspace] GC(50) Metaspace: 63462K(64640K)->63462K(64640K) NonClass: 55817K(56448K)->55817K(56448K) Class: 7645K(8192K)->7645K(8192K)
[2025-06-11T16:34:18.282+0530][58011.733s][info][gc          ] GC(50) Pause Young (Concurrent Start) (G1 Evacuation Pause) 73M->21M(96M) 9.571ms
[2025-06-11T16:34:18.283+0530][58011.733s][info][gc,cpu      ] GC(50) User=0.00s Sys=0.00s Real=0.01s
[2025-06-11T16:34:18.283+0530][58011.733s][info][gc          ] GC(51) Concurrent Mark Cycle
[2025-06-11T16:34:18.283+0530][58011.733s][info][gc,marking  ] GC(51) Concurrent Scan Root Regions
[2025-06-11T16:34:18.283+0530][58011.734s][info][gc,marking  ] GC(51) Concurrent Scan Root Regions 0.833ms
[2025-06-11T16:34:18.283+0530][58011.734s][info][gc,marking  ] GC(51) Concurrent Mark
[2025-06-11T16:34:18.283+0530][58011.734s][info][gc,marking  ] GC(51) Concurrent Mark From Roots
[2025-06-11T16:34:18.283+0530][58011.734s][info][gc,task     ] GC(51) Using 3 workers of 3 for marking
[2025-06-11T16:34:18.294+0530][58011.744s][info][gc,marking  ] GC(51) Concurrent Mark From Roots 10.093ms
[2025-06-11T16:34:18.294+0530][58011.744s][info][gc,marking  ] GC(51) Concurrent Preclean
[2025-06-11T16:34:18.294+0530][58011.745s][info][gc,marking  ] GC(51) Concurrent Preclean 0.168ms
[2025-06-11T16:34:18.294+0530][58011.745s][info][gc,start    ] GC(51) Pause Remark
[2025-06-11T16:34:18.295+0530][58011.746s][info][gc          ] GC(51) Pause Remark 21M->21M(96M) 1.163ms
[2025-06-11T16:34:18.295+0530][58011.746s][info][gc,cpu      ] GC(51) User=0.00s Sys=0.00s Real=0.00s
[2025-06-11T16:34:18.295+0530][58011.746s][info][gc,marking  ] GC(51) Concurrent Mark 11.625ms
[2025-06-11T16:34:18.295+0530][58011.746s][info][gc,marking  ] GC(51) Concurrent Rebuild Remembered Sets and Scrub Regions
[2025-06-11T16:34:18.299+0530][58011.749s][info][gc,marking  ] GC(51) Concurrent Rebuild Remembered Sets and Scrub Regions 3.312ms
[2025-06-11T16:34:18.299+0530][58011.749s][info][gc,start    ] GC(51) Pause Cleanup
[2025-06-11T16:34:18.299+0530][58011.749s][info][gc          ] GC(51) Pause Cleanup 21M->21M(96M) 0.098ms
[2025-06-11T16:34:18.299+0530][58011.749s][info][gc,cpu      ] GC(51) User=0.00s Sys=0.00s Real=0.00s
[2025-06-11T16:34:18.299+0530][58011.749s][info][gc,marking  ] GC(51) Concurrent Clear Claimed Marks
[2025-06-11T16:34:18.299+0530][58011.749s][info][gc,marking  ] GC(51) Concurrent Clear Claimed Marks 0.058ms
[2025-06-11T16:34:18.299+0530][58011.749s][info][gc,marking  ] GC(51) Concurrent Cleanup for Next Mark
[2025-06-11T16:34:18.299+0530][58011.750s][info][gc,marking  ] GC(51) Concurrent Cleanup for Next Mark 0.314ms
[2025-06-11T16:34:18.299+0530][58011.750s][info][gc          ] GC(51) Concurrent Mark Cycle 16.499ms
[2025-06-11T17:01:44.179+0530][59657.628s][info][gc,start    ] GC(52) Pause Young (Prepare Mixed) (G1 Evacuation Pause)
[2025-06-11T17:01:44.179+0530][59657.628s][info][gc,task     ] GC(52) Using 8 workers of 13 for evacuation
[2025-06-11T17:01:44.193+0530][59657.642s][info][gc,phases   ] GC(52)   Pre Evacuate Collection Set: 0.8ms
[2025-06-11T17:01:44.193+0530][59657.642s][info][gc,phases   ] GC(52)   Merge Heap Roots: 0.1ms
[2025-06-11T17:01:44.193+0530][59657.642s][info][gc,phases   ] GC(52)   Evacuate Collection Set: 11.7ms
[2025-06-11T17:01:44.193+0530][59657.642s][info][gc,phases   ] GC(52)   Post Evacuate Collection Set: 0.6ms
[2025-06-11T17:01:44.193+0530][59657.642s][info][gc,phases   ] GC(52)   Other: 0.2ms
[2025-06-11T17:01:44.193+0530][59657.642s][info][gc,heap     ] GC(52) Eden regions: 13->0(13)
[2025-06-11T17:01:44.193+0530][59657.642s][info][gc,heap     ] GC(52) Survivor regions: 1->1(2)
[2025-06-11T17:01:44.193+0530][59657.642s][info][gc,heap     ] GC(52) Old regions: 6->6
[2025-06-11T17:01:44.193+0530][59657.642s][info][gc,heap     ] GC(52) Humongous regions: 0->0
[2025-06-11T17:01:44.193+0530][59657.642s][info][gc,metaspace] GC(52) Metaspace: 63468K(64640K)->63468K(64640K) NonClass: 55822K(56448K)->55822K(56448K) Class: 7645K(8192K)->7645K(8192K)
[2025-06-11T17:01:44.193+0530][59657.642s][info][gc          ] GC(52) Pause Young (Prepare Mixed) (G1 Evacuation Pause) 73M->21M(96M) 14.125ms
[2025-06-11T17:01:44.193+0530][59657.642s][info][gc,cpu      ] GC(52) User=0.00s Sys=0.00s Real=0.01s
[2025-06-11T17:29:23.003+0530][61316.451s][info][gc,start    ] GC(53) Pause Young (Mixed) (G1 Evacuation Pause)
[2025-06-11T17:29:23.003+0530][61316.452s][info][gc,task     ] GC(53) Using 8 workers of 13 for evacuation
[2025-06-11T17:29:23.006+0530][61316.455s][info][gc,phases   ] GC(53)   Pre Evacuate Collection Set: 0.2ms
[2025-06-11T17:29:23.006+0530][61316.455s][info][gc,phases   ] GC(53)   Merge Heap Roots: 0.1ms
[2025-06-11T17:29:23.006+0530][61316.455s][info][gc,phases   ] GC(53)   Evacuate Collection Set: 2.7ms
[2025-06-11T17:29:23.006+0530][61316.455s][info][gc,phases   ] GC(53)   Post Evacuate Collection Set: 0.4ms
[2025-06-11T17:29:23.006+0530][61316.455s][info][gc,phases   ] GC(53)   Other: 0.2ms
[2025-06-11T17:29:23.006+0530][61316.455s][info][gc,heap     ] GC(53) Eden regions: 13->0(13)
[2025-06-11T17:29:23.006+0530][61316.455s][info][gc,heap     ] GC(53) Survivor regions: 1->1(2)
[2025-06-11T17:29:23.006+0530][61316.455s][info][gc,heap     ] GC(53) Old regions: 6->6
[2025-06-11T17:29:23.006+0530][61316.455s][info][gc,heap     ] GC(53) Humongous regions: 0->0
[2025-06-11T17:29:23.006+0530][61316.455s][info][gc,metaspace] GC(53) Metaspace: 63474K(64640K)->63474K(64640K) NonClass: 55829K(56448K)->55829K(56448K) Class: 7645K(8192K)->7645K(8192K)
[2025-06-11T17:29:23.007+0530][61316.455s][info][gc          ] GC(53) Pause Young (Mixed) (G1 Evacuation Pause) 73M->21M(96M) 3.906ms
[2025-06-11T17:29:23.007+0530][61316.455s][info][gc,cpu      ] GC(53) User=0.00s Sys=0.00s Real=0.00s
[2025-06-11T17:57:06.604+0530][62980.052s][info][gc,start    ] GC(54) Pause Young (Concurrent Start) (G1 Evacuation Pause)
[2025-06-11T17:57:06.604+0530][62980.052s][info][gc,task     ] GC(54) Using 8 workers of 13 for evacuation
[2025-06-11T17:57:06.605+0530][62980.053s][info][gc,phases   ] GC(54)   Pre Evacuate Collection Set: 0.3ms
[2025-06-11T17:57:06.605+0530][62980.053s][info][gc,phases   ] GC(54)   Merge Heap Roots: 0.1ms
[2025-06-11T17:57:06.605+0530][62980.053s][info][gc,phases   ] GC(54)   Evacuate Collection Set: 0.9ms
[2025-06-11T17:57:06.605+0530][62980.053s][info][gc,phases   ] GC(54)   Post Evacuate Collection Set: 0.3ms
[2025-06-11T17:57:06.605+0530][62980.053s][info][gc,phases   ] GC(54)   Other: 0.2ms
[2025-06-11T17:57:06.605+0530][62980.053s][info][gc,heap     ] GC(54) Eden regions: 13->0(13)
[2025-06-11T17:57:06.605+0530][62980.053s][info][gc,heap     ] GC(54) Survivor regions: 1->1(2)
[2025-06-11T17:57:06.605+0530][62980.053s][info][gc,heap     ] GC(54) Old regions: 6->6
[2025-06-11T17:57:06.605+0530][62980.053s][info][gc,heap     ] GC(54) Humongous regions: 0->0
[2025-06-11T17:57:06.605+0530][62980.054s][info][gc,metaspace] GC(54) Metaspace: 63474K(64640K)->63474K(64640K) NonClass: 55829K(56448K)->55829K(56448K) Class: 7645K(8192K)->7645K(8192K)
[2025-06-11T17:57:06.605+0530][62980.054s][info][gc          ] GC(54) Pause Young (Concurrent Start) (G1 Evacuation Pause) 73M->21M(96M) 1.972ms
[2025-06-11T17:57:06.605+0530][62980.054s][info][gc,cpu      ] GC(54) User=0.00s Sys=0.00s Real=0.00s
[2025-06-11T17:57:06.605+0530][62980.054s][info][gc          ] GC(55) Concurrent Mark Cycle
[2025-06-11T17:57:06.605+0530][62980.054s][info][gc,marking  ] GC(55) Concurrent Scan Root Regions
[2025-06-11T17:57:06.608+0530][62980.056s][info][gc,marking  ] GC(55) Concurrent Scan Root Regions 1.929ms
[2025-06-11T17:57:06.608+0530][62980.056s][info][gc,marking  ] GC(55) Concurrent Mark
[2025-06-11T17:57:06.608+0530][62980.056s][info][gc,marking  ] GC(55) Concurrent Mark From Roots
[2025-06-11T17:57:06.608+0530][62980.056s][info][gc,task     ] GC(55) Using 3 workers of 3 for marking
[2025-06-11T17:57:06.621+0530][62980.069s][info][gc,marking  ] GC(55) Concurrent Mark From Roots 13.707ms
[2025-06-11T17:57:06.621+0530][62980.069s][info][gc,marking  ] GC(55) Concurrent Preclean
[2025-06-11T17:57:06.621+0530][62980.070s][info][gc,marking  ] GC(55) Concurrent Preclean 0.251ms
[2025-06-11T17:57:06.621+0530][62980.070s][info][gc,start    ] GC(55) Pause Remark
[2025-06-11T17:57:06.623+0530][62980.071s][info][gc          ] GC(55) Pause Remark 21M->21M(96M) 1.516ms
[2025-06-11T17:57:06.623+0530][62980.071s][info][gc,cpu      ] GC(55) User=0.00s Sys=0.00s Real=0.00s
[2025-06-11T17:57:06.623+0530][62980.071s][info][gc,marking  ] GC(55) Concurrent Mark 15.687ms
[2025-06-11T17:57:06.623+0530][62980.071s][info][gc,marking  ] GC(55) Concurrent Rebuild Remembered Sets and Scrub Regions
[2025-06-11T17:57:06.635+0530][62980.084s][info][gc,marking  ] GC(55) Concurrent Rebuild Remembered Sets and Scrub Regions 12.251ms
[2025-06-11T17:57:06.636+0530][62980.084s][info][gc,start    ] GC(55) Pause Cleanup
[2025-06-11T17:57:06.636+0530][62980.084s][info][gc          ] GC(55) Pause Cleanup 21M->21M(96M) 0.092ms
[2025-06-11T17:57:06.636+0530][62980.084s][info][gc,cpu      ] GC(55) User=0.00s Sys=0.00s Real=0.00s
[2025-06-11T17:57:06.636+0530][62980.084s][info][gc,marking  ] GC(55) Concurrent Clear Claimed Marks
[2025-06-11T17:57:06.636+0530][62980.084s][info][gc,marking  ] GC(55) Concurrent Clear Claimed Marks 0.047ms
[2025-06-11T17:57:06.636+0530][62980.084s][info][gc,marking  ] GC(55) Concurrent Cleanup for Next Mark
[2025-06-11T17:57:06.636+0530][62980.084s][info][gc,marking  ] GC(55) Concurrent Cleanup for Next Mark 0.429ms
[2025-06-11T17:57:06.636+0530][62980.084s][info][gc          ] GC(55) Concurrent Mark Cycle 30.718ms
[2025-06-11T18:24:43.698+0530][64637.146s][info][gc,start    ] GC(56) Pause Young (Prepare Mixed) (G1 Evacuation Pause)
[2025-06-11T18:24:43.698+0530][64637.146s][info][gc,task     ] GC(56) Using 8 workers of 13 for evacuation
[2025-06-11T18:24:43.699+0530][64637.147s][info][gc,phases   ] GC(56)   Pre Evacuate Collection Set: 0.3ms
[2025-06-11T18:24:43.699+0530][64637.147s][info][gc,phases   ] GC(56)   Merge Heap Roots: 0.1ms
[2025-06-11T18:24:43.699+0530][64637.147s][info][gc,phases   ] GC(56)   Evacuate Collection Set: 0.4ms
[2025-06-11T18:24:43.699+0530][64637.147s][info][gc,phases   ] GC(56)   Post Evacuate Collection Set: 0.4ms
[2025-06-11T18:24:43.699+0530][64637.147s][info][gc,phases   ] GC(56)   Other: 0.1ms
[2025-06-11T18:24:43.699+0530][64637.147s][info][gc,heap     ] GC(56) Eden regions: 13->0(13)
[2025-06-11T18:24:43.699+0530][64637.147s][info][gc,heap     ] GC(56) Survivor regions: 1->1(2)
[2025-06-11T18:24:43.699+0530][64637.147s][info][gc,heap     ] GC(56) Old regions: 6->7
[2025-06-11T18:24:43.699+0530][64637.147s][info][gc,heap     ] GC(56) Humongous regions: 0->0
[2025-06-11T18:24:43.699+0530][64637.147s][info][gc,metaspace] GC(56) Metaspace: 63480K(64640K)->63480K(64640K) NonClass: 55834K(56448K)->55834K(56448K) Class: 7645K(8192K)->7645K(8192K)
[2025-06-11T18:24:43.699+0530][64637.147s][info][gc          ] GC(56) Pause Young (Prepare Mixed) (G1 Evacuation Pause) 73M->21M(96M) 1.678ms
[2025-06-11T18:24:43.699+0530][64637.147s][info][gc,cpu      ] GC(56) User=0.00s Sys=0.00s Real=0.00s
[2025-06-11T18:52:28.623+0530][66302.070s][info][gc,start    ] GC(57) Pause Young (Mixed) (G1 Evacuation Pause)
[2025-06-11T18:52:28.623+0530][66302.070s][info][gc,task     ] GC(57) Using 8 workers of 13 for evacuation
[2025-06-11T18:52:28.634+0530][66302.082s][info][gc,phases   ] GC(57)   Pre Evacuate Collection Set: 0.2ms
[2025-06-11T18:52:28.634+0530][66302.082s][info][gc,phases   ] GC(57)   Merge Heap Roots: 0.1ms
[2025-06-11T18:52:28.634+0530][66302.082s][info][gc,phases   ] GC(57)   Evacuate Collection Set: 10.8ms
[2025-06-11T18:52:28.634+0530][66302.082s][info][gc,phases   ] GC(57)   Post Evacuate Collection Set: 0.4ms
[2025-06-11T18:52:28.634+0530][66302.082s][info][gc,phases   ] GC(57)   Other: 0.1ms
[2025-06-11T18:52:28.634+0530][66302.082s][info][gc,heap     ] GC(57) Eden regions: 13->0(13)
[2025-06-11T18:52:28.634+0530][66302.082s][info][gc,heap     ] GC(57) Survivor regions: 1->1(2)
[2025-06-11T18:52:28.634+0530][66302.082s][info][gc,heap     ] GC(57) Old regions: 7->6
[2025-06-11T18:52:28.634+0530][66302.082s][info][gc,heap     ] GC(57) Humongous regions: 0->0
[2025-06-11T18:52:28.634+0530][66302.082s][info][gc,metaspace] GC(57) Metaspace: 63481K(64640K)->63481K(64640K) NonClass: 55834K(56448K)->55834K(56448K) Class: 7646K(8192K)->7646K(8192K)
[2025-06-11T18:52:28.634+0530][66302.082s][info][gc          ] GC(57) Pause Young (Mixed) (G1 Evacuation Pause) 73M->21M(96M) 11.919ms
[2025-06-11T18:52:28.634+0530][66302.082s][info][gc,cpu      ] GC(57) User=0.00s Sys=0.00s Real=0.01s
[2025-06-11T19:20:21.175+0530][67974.623s][info][gc,start    ] GC(58) Pause Young (Concurrent Start) (G1 Evacuation Pause)
[2025-06-11T19:20:21.176+0530][67974.623s][info][gc,task     ] GC(58) Using 8 workers of 13 for evacuation
[2025-06-11T19:20:21.177+0530][67974.625s][info][gc,phases   ] GC(58)   Pre Evacuate Collection Set: 0.3ms
[2025-06-11T19:20:21.177+0530][67974.625s][info][gc,phases   ] GC(58)   Merge Heap Roots: 0.1ms
[2025-06-11T19:20:21.177+0530][67974.625s][info][gc,phases   ] GC(58)   Evacuate Collection Set: 0.5ms
[2025-06-11T19:20:21.177+0530][67974.625s][info][gc,phases   ] GC(58)   Post Evacuate Collection Set: 0.3ms
[2025-06-11T19:20:21.177+0530][67974.625s][info][gc,phases   ] GC(58)   Other: 0.1ms
[2025-06-11T19:20:21.177+0530][67974.625s][info][gc,heap     ] GC(58) Eden regions: 13->0(13)
[2025-06-11T19:20:21.177+0530][67974.625s][info][gc,heap     ] GC(58) Survivor regions: 1->1(2)
[2025-06-11T19:20:21.178+0530][67974.625s][info][gc,heap     ] GC(58) Old regions: 6->6
[2025-06-11T19:20:21.178+0530][67974.625s][info][gc,heap     ] GC(58) Humongous regions: 0->0
[2025-06-11T19:20:21.178+0530][67974.625s][info][gc,metaspace] GC(58) Metaspace: 63481K(64640K)->63481K(64640K) NonClass: 55834K(56448K)->55834K(56448K) Class: 7646K(8192K)->7646K(8192K)
[2025-06-11T19:20:21.178+0530][67974.625s][info][gc          ] GC(58) Pause Young (Concurrent Start) (G1 Evacuation Pause) 73M->21M(96M) 1.715ms
[2025-06-11T19:20:21.178+0530][67974.625s][info][gc,cpu      ] GC(58) User=0.00s Sys=0.00s Real=0.00s
[2025-06-11T19:20:21.178+0530][67974.625s][info][gc          ] GC(59) Concurrent Mark Cycle
[2025-06-11T19:20:21.178+0530][67974.625s][info][gc,marking  ] GC(59) Concurrent Scan Root Regions
[2025-06-11T19:20:21.179+0530][67974.626s][info][gc,marking  ] GC(59) Concurrent Scan Root Regions 0.868ms
[2025-06-11T19:20:21.179+0530][67974.626s][info][gc,marking  ] GC(59) Concurrent Mark
[2025-06-11T19:20:21.179+0530][67974.626s][info][gc,marking  ] GC(59) Concurrent Mark From Roots
[2025-06-11T19:20:21.179+0530][67974.626s][info][gc,task     ] GC(59) Using 3 workers of 3 for marking
[2025-06-11T19:20:21.188+0530][67974.636s][info][gc,marking  ] GC(59) Concurrent Mark From Roots 9.908ms
[2025-06-11T19:20:21.188+0530][67974.636s][info][gc,marking  ] GC(59) Concurrent Preclean
[2025-06-11T19:20:21.188+0530][67974.636s][info][gc,marking  ] GC(59) Concurrent Preclean 0.174ms
[2025-06-11T19:20:21.188+0530][67974.636s][info][gc,start    ] GC(59) Pause Remark
[2025-06-11T19:20:21.190+0530][67974.638s][info][gc          ] GC(59) Pause Remark 21M->21M(96M) 1.975ms
[2025-06-11T19:20:21.191+0530][67974.638s][info][gc,cpu      ] GC(59) User=0.00s Sys=0.00s Real=0.00s
[2025-06-11T19:20:21.191+0530][67974.638s][info][gc,marking  ] GC(59) Concurrent Mark 12.288ms
[2025-06-11T19:20:21.191+0530][67974.638s][info][gc,marking  ] GC(59) Concurrent Rebuild Remembered Sets and Scrub Regions
[2025-06-11T19:20:21.195+0530][67974.642s][info][gc,marking  ] GC(59) Concurrent Rebuild Remembered Sets and Scrub Regions 3.606ms
[2025-06-11T19:20:21.195+0530][67974.642s][info][gc,start    ] GC(59) Pause Cleanup
[2025-06-11T19:20:21.195+0530][67974.642s][info][gc          ] GC(59) Pause Cleanup 21M->21M(96M) 0.105ms
[2025-06-11T19:20:21.195+0530][67974.642s][info][gc,cpu      ] GC(59) User=0.00s Sys=0.00s Real=0.00s
[2025-06-11T19:20:21.195+0530][67974.642s][info][gc,marking  ] GC(59) Concurrent Clear Claimed Marks
[2025-06-11T19:20:21.195+0530][67974.642s][info][gc,marking  ] GC(59) Concurrent Clear Claimed Marks 0.113ms
[2025-06-11T19:20:21.195+0530][67974.642s][info][gc,marking  ] GC(59) Concurrent Cleanup for Next Mark
[2025-06-11T19:20:21.195+0530][67974.643s][info][gc,marking  ] GC(59) Concurrent Cleanup for Next Mark 0.322ms
[2025-06-11T19:20:21.195+0530][67974.643s][info][gc          ] GC(59) Concurrent Mark Cycle 17.729ms
[2025-06-11T19:48:02.548+0530][69635.996s][info][gc,start    ] GC(60) Pause Young (Prepare Mixed) (G1 Evacuation Pause)
[2025-06-11T19:48:02.549+0530][69635.996s][info][gc,task     ] GC(60) Using 8 workers of 13 for evacuation
[2025-06-11T19:48:02.549+0530][69635.997s][info][gc,phases   ] GC(60)   Pre Evacuate Collection Set: 0.3ms
[2025-06-11T19:48:02.549+0530][69635.997s][info][gc,phases   ] GC(60)   Merge Heap Roots: 0.1ms
[2025-06-11T19:48:02.549+0530][69635.997s][info][gc,phases   ] GC(60)   Evacuate Collection Set: 0.4ms
[2025-06-11T19:48:02.549+0530][69635.997s][info][gc,phases   ] GC(60)   Post Evacuate Collection Set: 0.3ms
[2025-06-11T19:48:02.549+0530][69635.997s][info][gc,phases   ] GC(60)   Other: 0.2ms
[2025-06-11T19:48:02.549+0530][69635.997s][info][gc,heap     ] GC(60) Eden regions: 13->0(13)
[2025-06-11T19:48:02.549+0530][69635.997s][info][gc,heap     ] GC(60) Survivor regions: 1->1(2)
[2025-06-11T19:48:02.549+0530][69635.997s][info][gc,heap     ] GC(60) Old regions: 6->7
[2025-06-11T19:48:02.549+0530][69635.997s][info][gc,heap     ] GC(60) Humongous regions: 0->0
[2025-06-11T19:48:02.550+0530][69635.997s][info][gc,metaspace] GC(60) Metaspace: 63492K(64640K)->63492K(64640K) NonClass: 55845K(56448K)->55845K(56448K) Class: 7646K(8192K)->7646K(8192K)
[2025-06-11T19:48:02.550+0530][69635.997s][info][gc          ] GC(60) Pause Young (Prepare Mixed) (G1 Evacuation Pause) 73M->21M(96M) 1.628ms
[2025-06-11T19:48:02.550+0530][69635.997s][info][gc,cpu      ] GC(60) User=0.00s Sys=0.00s Real=0.00s
[2025-06-11T20:15:53.634+0530][71307.082s][info][gc,start    ] GC(61) Pause Young (Mixed) (G1 Evacuation Pause)
[2025-06-11T20:15:53.634+0530][71307.082s][info][gc,task     ] GC(61) Using 8 workers of 13 for evacuation
[2025-06-11T20:15:53.636+0530][71307.083s][info][gc,phases   ] GC(61)   Pre Evacuate Collection Set: 0.3ms
[2025-06-11T20:15:53.636+0530][71307.083s][info][gc,phases   ] GC(61)   Merge Heap Roots: 0.1ms
[2025-06-11T20:15:53.636+0530][71307.084s][info][gc,phases   ] GC(61)   Evacuate Collection Set: 0.9ms
[2025-06-11T20:15:53.636+0530][71307.084s][info][gc,phases   ] GC(61)   Post Evacuate Collection Set: 0.4ms
[2025-06-11T20:15:53.636+0530][71307.084s][info][gc,phases   ] GC(61)   Other: 0.1ms
[2025-06-11T20:15:53.636+0530][71307.084s][info][gc,heap     ] GC(61) Eden regions: 13->0(13)
[2025-06-11T20:15:53.636+0530][71307.084s][info][gc,heap     ] GC(61) Survivor regions: 1->1(2)
[2025-06-11T20:15:53.636+0530][71307.084s][info][gc,heap     ] GC(61) Old regions: 7->6
[2025-06-11T20:15:53.636+0530][71307.084s][info][gc,heap     ] GC(61) Humongous regions: 0->0
[2025-06-11T20:15:53.636+0530][71307.084s][info][gc,metaspace] GC(61) Metaspace: 63493K(64640K)->63493K(64640K) NonClass: 55846K(56448K)->55846K(56448K) Class: 7646K(8192K)->7646K(8192K)
[2025-06-11T20:15:53.636+0530][71307.084s][info][gc          ] GC(61) Pause Young (Mixed) (G1 Evacuation Pause) 73M->21M(96M) 2.075ms
[2025-06-11T20:15:53.636+0530][71307.084s][info][gc,cpu      ] GC(61) User=0.00s Sys=0.00s Real=0.00s
[2025-06-11T20:43:44.432+0530][72977.879s][info][gc,start    ] GC(62) Pause Young (Concurrent Start) (G1 Evacuation Pause)
[2025-06-11T20:43:44.432+0530][72977.879s][info][gc,task     ] GC(62) Using 8 workers of 13 for evacuation
[2025-06-11T20:43:44.433+0530][72977.881s][info][gc,phases   ] GC(62)   Pre Evacuate Collection Set: 0.3ms
[2025-06-11T20:43:44.433+0530][72977.881s][info][gc,phases   ] GC(62)   Merge Heap Roots: 0.1ms
[2025-06-11T20:43:44.433+0530][72977.881s][info][gc,phases   ] GC(62)   Evacuate Collection Set: 0.5ms
[2025-06-11T20:43:44.433+0530][72977.881s][info][gc,phases   ] GC(62)   Post Evacuate Collection Set: 0.3ms
[2025-06-11T20:43:44.433+0530][72977.881s][info][gc,phases   ] GC(62)   Other: 0.2ms
[2025-06-11T20:43:44.433+0530][72977.881s][info][gc,heap     ] GC(62) Eden regions: 13->0(13)
[2025-06-11T20:43:44.433+0530][72977.881s][info][gc,heap     ] GC(62) Survivor regions: 1->1(2)
[2025-06-11T20:43:44.433+0530][72977.881s][info][gc,heap     ] GC(62) Old regions: 6->6
[2025-06-11T20:43:44.433+0530][72977.881s][info][gc,heap     ] GC(62) Humongous regions: 0->0
[2025-06-11T20:43:44.433+0530][72977.881s][info][gc,metaspace] GC(62) Metaspace: 63494K(64640K)->63494K(64640K) NonClass: 55848K(56448K)->55848K(56448K) Class: 7646K(8192K)->7646K(8192K)
[2025-06-11T20:43:44.433+0530][72977.881s][info][gc          ] GC(62) Pause Young (Concurrent Start) (G1 Evacuation Pause) 73M->21M(96M) 1.816ms
[2025-06-11T20:43:44.433+0530][72977.881s][info][gc,cpu      ] GC(62) User=0.00s Sys=0.00s Real=0.00s
[2025-06-11T20:43:44.433+0530][72977.881s][info][gc          ] GC(63) Concurrent Mark Cycle
[2025-06-11T20:43:44.433+0530][72977.881s][info][gc,marking  ] GC(63) Concurrent Scan Root Regions
[2025-06-11T20:43:44.434+0530][72977.882s][info][gc,marking  ] GC(63) Concurrent Scan Root Regions 0.978ms
[2025-06-11T20:43:44.434+0530][72977.882s][info][gc,marking  ] GC(63) Concurrent Mark
[2025-06-11T20:43:44.434+0530][72977.882s][info][gc,marking  ] GC(63) Concurrent Mark From Roots
[2025-06-11T20:43:44.434+0530][72977.882s][info][gc,task     ] GC(63) Using 3 workers of 3 for marking
[2025-06-11T20:43:44.447+0530][72977.895s][info][gc,marking  ] GC(63) Concurrent Mark From Roots 12.903ms
[2025-06-11T20:43:44.447+0530][72977.895s][info][gc,marking  ] GC(63) Concurrent Preclean
[2025-06-11T20:43:44.447+0530][72977.895s][info][gc,marking  ] GC(63) Concurrent Preclean 0.171ms
[2025-06-11T20:43:44.463+0530][72977.910s][info][gc,start    ] GC(63) Pause Remark
[2025-06-11T20:43:44.464+0530][72977.912s][info][gc          ] GC(63) Pause Remark 21M->21M(96M) 1.792ms
[2025-06-11T20:43:44.464+0530][72977.912s][info][gc,cpu      ] GC(63) User=0.00s Sys=0.00s Real=0.00s
[2025-06-11T20:43:44.464+0530][72977.912s][info][gc,marking  ] GC(63) Concurrent Mark 30.320ms
[2025-06-11T20:43:44.464+0530][72977.912s][info][gc,marking  ] GC(63) Concurrent Rebuild Remembered Sets and Scrub Regions
[2025-06-11T20:43:44.468+0530][72977.916s][info][gc,marking  ] GC(63) Concurrent Rebuild Remembered Sets and Scrub Regions 3.446ms
[2025-06-11T20:43:44.468+0530][72977.916s][info][gc,start    ] GC(63) Pause Cleanup
[2025-06-11T20:43:44.468+0530][72977.916s][info][gc          ] GC(63) Pause Cleanup 21M->21M(96M) 0.088ms
[2025-06-11T20:43:44.469+0530][72977.916s][info][gc,cpu      ] GC(63) User=0.00s Sys=0.00s Real=0.00s
[2025-06-11T20:43:44.469+0530][72977.916s][info][gc,marking  ] GC(63) Concurrent Clear Claimed Marks
[2025-06-11T20:43:44.469+0530][72977.916s][info][gc,marking  ] GC(63) Concurrent Clear Claimed Marks 0.059ms
[2025-06-11T20:43:44.469+0530][72977.916s][info][gc,marking  ] GC(63) Concurrent Cleanup for Next Mark
[2025-06-11T20:43:44.469+0530][72977.916s][info][gc,marking  ] GC(63) Concurrent Cleanup for Next Mark 0.305ms
[2025-06-11T20:43:44.469+0530][72977.916s][info][gc          ] GC(63) Concurrent Mark Cycle 35.502ms
[2025-06-11T21:11:29.250+0530][74642.697s][info][gc,start    ] GC(64) Pause Young (Prepare Mixed) (G1 Evacuation Pause)
[2025-06-11T21:11:29.250+0530][74642.697s][info][gc,task     ] GC(64) Using 8 workers of 13 for evacuation
[2025-06-11T21:11:29.253+0530][74642.701s][info][gc,phases   ] GC(64)   Pre Evacuate Collection Set: 0.9ms
[2025-06-11T21:11:29.253+0530][74642.701s][info][gc,phases   ] GC(64)   Merge Heap Roots: 0.8ms
[2025-06-11T21:11:29.253+0530][74642.701s][info][gc,phases   ] GC(64)   Evacuate Collection Set: 0.5ms
[2025-06-11T21:11:29.253+0530][74642.701s][info][gc,phases   ] GC(64)   Post Evacuate Collection Set: 1.0ms
[2025-06-11T21:11:29.253+0530][74642.701s][info][gc,phases   ] GC(64)   Other: 0.2ms
[2025-06-11T21:11:29.253+0530][74642.701s][info][gc,heap     ] GC(64) Eden regions: 13->0(13)
[2025-06-11T21:11:29.253+0530][74642.701s][info][gc,heap     ] GC(64) Survivor regions: 1->1(2)
[2025-06-11T21:11:29.253+0530][74642.701s][info][gc,heap     ] GC(64) Old regions: 6->7
[2025-06-11T21:11:29.253+0530][74642.701s][info][gc,heap     ] GC(64) Humongous regions: 0->0
[2025-06-11T21:11:29.253+0530][74642.701s][info][gc,metaspace] GC(64) Metaspace: 63514K(64640K)->63514K(64640K) NonClass: 55867K(56448K)->55867K(56448K) Class: 7646K(8192K)->7646K(8192K)
[2025-06-11T21:11:29.254+0530][74642.701s][info][gc          ] GC(64) Pause Young (Prepare Mixed) (G1 Evacuation Pause) 73M->21M(96M) 3.759ms
[2025-06-11T21:11:29.254+0530][74642.701s][info][gc,cpu      ] GC(64) User=0.00s Sys=0.00s Real=0.00s
[2025-06-11T21:39:19.367+0530][76312.815s][info][gc,start    ] GC(65) Pause Young (Mixed) (G1 Evacuation Pause)
[2025-06-11T21:39:19.367+0530][76312.815s][info][gc,task     ] GC(65) Using 8 workers of 13 for evacuation
[2025-06-11T21:39:19.369+0530][76312.817s][info][gc,phases   ] GC(65)   Pre Evacuate Collection Set: 0.2ms
[2025-06-11T21:39:19.369+0530][76312.817s][info][gc,phases   ] GC(65)   Merge Heap Roots: 0.2ms
[2025-06-11T21:39:19.369+0530][76312.817s][info][gc,phases   ] GC(65)   Evacuate Collection Set: 0.8ms
[2025-06-11T21:39:19.369+0530][76312.817s][info][gc,phases   ] GC(65)   Post Evacuate Collection Set: 0.3ms
[2025-06-11T21:39:19.369+0530][76312.817s][info][gc,phases   ] GC(65)   Other: 0.1ms
[2025-06-11T21:39:19.369+0530][76312.817s][info][gc,heap     ] GC(65) Eden regions: 13->0(13)
[2025-06-11T21:39:19.369+0530][76312.817s][info][gc,heap     ] GC(65) Survivor regions: 1->1(2)
[2025-06-11T21:39:19.369+0530][76312.817s][info][gc,heap     ] GC(65) Old regions: 7->6
[2025-06-11T21:39:19.369+0530][76312.817s][info][gc,heap     ] GC(65) Humongous regions: 0->0
[2025-06-11T21:39:19.369+0530][76312.817s][info][gc,metaspace] GC(65) Metaspace: 63514K(64640K)->63514K(64640K) NonClass: 55867K(56448K)->55867K(56448K) Class: 7646K(8192K)->7646K(8192K)
[2025-06-11T21:39:19.369+0530][76312.817s][info][gc          ] GC(65) Pause Young (Mixed) (G1 Evacuation Pause) 73M->21M(96M) 1.948ms
[2025-06-11T21:39:19.369+0530][76312.817s][info][gc,cpu      ] GC(65) User=0.00s Sys=0.00s Real=0.00s
[2025-06-11T22:07:06.495+0530][77979.942s][info][gc,start    ] GC(66) Pause Young (Concurrent Start) (G1 Evacuation Pause)
[2025-06-11T22:07:06.495+0530][77979.942s][info][gc,task     ] GC(66) Using 8 workers of 13 for evacuation
[2025-06-11T22:07:06.496+0530][77979.944s][info][gc,phases   ] GC(66)   Pre Evacuate Collection Set: 0.4ms
[2025-06-11T22:07:06.496+0530][77979.944s][info][gc,phases   ] GC(66)   Merge Heap Roots: 0.1ms
[2025-06-11T22:07:06.496+0530][77979.944s][info][gc,phases   ] GC(66)   Evacuate Collection Set: 0.7ms
[2025-06-11T22:07:06.496+0530][77979.944s][info][gc,phases   ] GC(66)   Post Evacuate Collection Set: 0.3ms
[2025-06-11T22:07:06.496+0530][77979.944s][info][gc,phases   ] GC(66)   Other: 0.2ms
[2025-06-11T22:07:06.497+0530][77979.944s][info][gc,heap     ] GC(66) Eden regions: 13->0(13)
[2025-06-11T22:07:06.497+0530][77979.944s][info][gc,heap     ] GC(66) Survivor regions: 1->1(2)
[2025-06-11T22:07:06.497+0530][77979.944s][info][gc,heap     ] GC(66) Old regions: 6->6
[2025-06-11T22:07:06.497+0530][77979.944s][info][gc,heap     ] GC(66) Humongous regions: 0->0
[2025-06-11T22:07:06.497+0530][77979.944s][info][gc,metaspace] GC(66) Metaspace: 63518K(64640K)->63518K(64640K) NonClass: 55871K(56448K)->55871K(56448K) Class: 7647K(8192K)->7647K(8192K)
[2025-06-11T22:07:06.497+0530][77979.944s][info][gc          ] GC(66) Pause Young (Concurrent Start) (G1 Evacuation Pause) 73M->21M(96M) 2.047ms
[2025-06-11T22:07:06.497+0530][77979.944s][info][gc,cpu      ] GC(66) User=0.00s Sys=0.00s Real=0.00s
[2025-06-11T22:07:06.497+0530][77979.944s][info][gc          ] GC(67) Concurrent Mark Cycle
[2025-06-11T22:07:06.497+0530][77979.944s][info][gc,marking  ] GC(67) Concurrent Scan Root Regions
[2025-06-11T22:07:06.497+0530][77979.945s][info][gc,marking  ] GC(67) Concurrent Scan Root Regions 0.663ms
[2025-06-11T22:07:06.497+0530][77979.945s][info][gc,marking  ] GC(67) Concurrent Mark
[2025-06-11T22:07:06.497+0530][77979.945s][info][gc,marking  ] GC(67) Concurrent Mark From Roots
[2025-06-11T22:07:06.497+0530][77979.945s][info][gc,task     ] GC(67) Using 3 workers of 3 for marking
[2025-06-11T22:07:06.510+0530][77979.958s][info][gc,marking  ] GC(67) Concurrent Mark From Roots 13.013ms
[2025-06-11T22:07:06.510+0530][77979.958s][info][gc,marking  ] GC(67) Concurrent Preclean
[2025-06-11T22:07:06.510+0530][77979.958s][info][gc,marking  ] GC(67) Concurrent Preclean 0.153ms
[2025-06-11T22:07:06.510+0530][77979.958s][info][gc,start    ] GC(67) Pause Remark
[2025-06-11T22:07:06.511+0530][77979.959s][info][gc          ] GC(67) Pause Remark 21M->21M(96M) 0.974ms
[2025-06-11T22:07:06.511+0530][77979.959s][info][gc,cpu      ] GC(67) User=0.00s Sys=0.00s Real=0.00s
[2025-06-11T22:07:06.511+0530][77979.959s][info][gc,marking  ] GC(67) Concurrent Mark 14.323ms
[2025-06-11T22:07:06.511+0530][77979.959s][info][gc,marking  ] GC(67) Concurrent Rebuild Remembered Sets and Scrub Regions
[2025-06-11T22:07:06.514+0530][77979.962s][info][gc,marking  ] GC(67) Concurrent Rebuild Remembered Sets and Scrub Regions 3.032ms
[2025-06-11T22:07:06.515+0530][77979.962s][info][gc,start    ] GC(67) Pause Cleanup
[2025-06-11T22:07:06.515+0530][77979.963s][info][gc          ] GC(67) Pause Cleanup 21M->21M(96M) 0.077ms
[2025-06-11T22:07:06.515+0530][77979.963s][info][gc,cpu      ] GC(67) User=0.00s Sys=0.00s Real=0.00s
[2025-06-11T22:07:06.515+0530][77979.963s][info][gc,marking  ] GC(67) Concurrent Clear Claimed Marks
[2025-06-11T22:07:06.515+0530][77979.963s][info][gc,marking  ] GC(67) Concurrent Clear Claimed Marks 0.053ms
[2025-06-11T22:07:06.515+0530][77979.963s][info][gc,marking  ] GC(67) Concurrent Cleanup for Next Mark
[2025-06-11T22:07:06.515+0530][77979.963s][info][gc,marking  ] GC(67) Concurrent Cleanup for Next Mark 0.284ms
[2025-06-11T22:07:06.515+0530][77979.963s][info][gc          ] GC(67) Concurrent Mark Cycle 18.708ms
[2025-06-11T22:34:50.467+0530][79643.915s][info][gc,start    ] GC(68) Pause Young (Prepare Mixed) (G1 Evacuation Pause)
[2025-06-11T22:34:50.467+0530][79643.915s][info][gc,task     ] GC(68) Using 8 workers of 13 for evacuation
[2025-06-11T22:34:50.468+0530][79643.916s][info][gc,phases   ] GC(68)   Pre Evacuate Collection Set: 0.2ms
[2025-06-11T22:34:50.468+0530][79643.916s][info][gc,phases   ] GC(68)   Merge Heap Roots: 0.1ms
[2025-06-11T22:34:50.468+0530][79643.916s][info][gc,phases   ] GC(68)   Evacuate Collection Set: 0.4ms
[2025-06-11T22:34:50.468+0530][79643.916s][info][gc,phases   ] GC(68)   Post Evacuate Collection Set: 0.3ms
[2025-06-11T22:34:50.468+0530][79643.916s][info][gc,phases   ] GC(68)   Other: 0.1ms
[2025-06-11T22:34:50.468+0530][79643.916s][info][gc,heap     ] GC(68) Eden regions: 13->0(13)
[2025-06-11T22:34:50.468+0530][79643.916s][info][gc,heap     ] GC(68) Survivor regions: 1->1(2)
[2025-06-11T22:34:50.468+0530][79643.916s][info][gc,heap     ] GC(68) Old regions: 6->7
[2025-06-11T22:34:50.468+0530][79643.916s][info][gc,heap     ] GC(68) Humongous regions: 0->0
[2025-06-11T22:34:50.468+0530][79643.916s][info][gc,metaspace] GC(68) Metaspace: 63518K(64640K)->63518K(64640K) NonClass: 55871K(56448K)->55871K(56448K) Class: 7647K(8192K)->7647K(8192K)
[2025-06-11T22:34:50.468+0530][79643.916s][info][gc          ] GC(68) Pause Young (Prepare Mixed) (G1 Evacuation Pause) 73M->21M(96M) 1.460ms
[2025-06-11T22:34:50.468+0530][79643.916s][info][gc,cpu      ] GC(68) User=0.00s Sys=0.00s Real=0.00s
[2025-06-11T23:02:30.596+0530][81304.044s][info][gc,start    ] GC(69) Pause Young (Mixed) (G1 Evacuation Pause)
[2025-06-11T23:02:30.596+0530][81304.044s][info][gc,task     ] GC(69) Using 8 workers of 13 for evacuation
[2025-06-11T23:02:30.598+0530][81304.045s][info][gc,phases   ] GC(69)   Pre Evacuate Collection Set: 0.2ms
[2025-06-11T23:02:30.598+0530][81304.045s][info][gc,phases   ] GC(69)   Merge Heap Roots: 0.1ms
[2025-06-11T23:02:30.598+0530][81304.045s][info][gc,phases   ] GC(69)   Evacuate Collection Set: 0.9ms
[2025-06-11T23:02:30.598+0530][81304.045s][info][gc,phases   ] GC(69)   Post Evacuate Collection Set: 0.3ms
[2025-06-11T23:02:30.598+0530][81304.045s][info][gc,phases   ] GC(69)   Other: 0.1ms
[2025-06-11T23:02:30.598+0530][81304.045s][info][gc,heap     ] GC(69) Eden regions: 13->0(13)
[2025-06-11T23:02:30.598+0530][81304.045s][info][gc,heap     ] GC(69) Survivor regions: 1->1(2)
[2025-06-11T23:02:30.598+0530][81304.045s][info][gc,heap     ] GC(69) Old regions: 7->6
[2025-06-11T23:02:30.598+0530][81304.045s][info][gc,heap     ] GC(69) Humongous regions: 0->0
[2025-06-11T23:02:30.598+0530][81304.045s][info][gc,metaspace] GC(69) Metaspace: 63518K(64640K)->63518K(64640K) NonClass: 55871K(56448K)->55871K(56448K) Class: 7647K(8192K)->7647K(8192K)
[2025-06-11T23:02:30.598+0530][81304.046s][info][gc          ] GC(69) Pause Young (Mixed) (G1 Evacuation Pause) 73M->21M(96M) 1.949ms
[2025-06-11T23:02:30.598+0530][81304.046s][info][gc,cpu      ] GC(69) User=0.00s Sys=0.00s Real=0.00s
[2025-06-11T23:30:19.227+0530][82972.675s][info][gc,start    ] GC(70) Pause Young (Concurrent Start) (G1 Evacuation Pause)
[2025-06-11T23:30:19.227+0530][82972.675s][info][gc,task     ] GC(70) Using 8 workers of 13 for evacuation
[2025-06-11T23:30:19.228+0530][82972.676s][info][gc,phases   ] GC(70)   Pre Evacuate Collection Set: 0.3ms
[2025-06-11T23:30:19.228+0530][82972.676s][info][gc,phases   ] GC(70)   Merge Heap Roots: 0.2ms
[2025-06-11T23:30:19.228+0530][82972.676s][info][gc,phases   ] GC(70)   Evacuate Collection Set: 0.5ms
[2025-06-11T23:30:19.228+0530][82972.676s][info][gc,phases   ] GC(70)   Post Evacuate Collection Set: 0.4ms
[2025-06-11T23:30:19.228+0530][82972.676s][info][gc,phases   ] GC(70)   Other: 0.1ms
[2025-06-11T23:30:19.228+0530][82972.676s][info][gc,heap     ] GC(70) Eden regions: 13->0(13)
[2025-06-11T23:30:19.228+0530][82972.676s][info][gc,heap     ] GC(70) Survivor regions: 1->1(2)
[2025-06-11T23:30:19.228+0530][82972.676s][info][gc,heap     ] GC(70) Old regions: 6->6
[2025-06-11T23:30:19.228+0530][82972.676s][info][gc,heap     ] GC(70) Humongous regions: 0->0
[2025-06-11T23:30:19.228+0530][82972.676s][info][gc,metaspace] GC(70) Metaspace: 63518K(64640K)->63518K(64640K) NonClass: 55871K(56448K)->55871K(56448K) Class: 7647K(8192K)->7647K(8192K)
[2025-06-11T23:30:19.228+0530][82972.677s][info][gc          ] GC(70) Pause Young (Concurrent Start) (G1 Evacuation Pause) 73M->21M(96M) 1.773ms
[2025-06-11T23:30:19.228+0530][82972.677s][info][gc,cpu      ] GC(70) User=0.00s Sys=0.00s Real=0.00s
[2025-06-11T23:30:19.228+0530][82972.677s][info][gc          ] GC(71) Concurrent Mark Cycle
[2025-06-11T23:30:19.229+0530][82972.677s][info][gc,marking  ] GC(71) Concurrent Scan Root Regions
[2025-06-11T23:30:19.229+0530][82972.677s][info][gc,marking  ] GC(71) Concurrent Scan Root Regions 0.732ms
[2025-06-11T23:30:19.229+0530][82972.677s][info][gc,marking  ] GC(71) Concurrent Mark
[2025-06-11T23:30:19.229+0530][82972.677s][info][gc,marking  ] GC(71) Concurrent Mark From Roots
[2025-06-11T23:30:19.229+0530][82972.677s][info][gc,task     ] GC(71) Using 3 workers of 3 for marking
[2025-06-11T23:30:19.241+0530][82972.689s][info][gc,marking  ] GC(71) Concurrent Mark From Roots 11.281ms
[2025-06-11T23:30:19.241+0530][82972.689s][info][gc,marking  ] GC(71) Concurrent Preclean
[2025-06-11T23:30:19.242+0530][82972.689s][info][gc,marking  ] GC(71) Concurrent Preclean 0.170ms
[2025-06-11T23:30:19.242+0530][82972.689s][info][gc,start    ] GC(71) Pause Remark
[2025-06-11T23:30:19.242+0530][82972.690s][info][gc          ] GC(71) Pause Remark 21M->21M(96M) 0.883ms
[2025-06-11T23:30:19.242+0530][82972.690s][info][gc,cpu      ] GC(71) User=0.00s Sys=0.00s Real=0.00s
[2025-06-11T23:30:19.242+0530][82972.690s][info][gc,marking  ] GC(71) Concurrent Mark 12.515ms
[2025-06-11T23:30:19.242+0530][82972.690s][info][gc,marking  ] GC(71) Concurrent Rebuild Remembered Sets and Scrub Regions
[2025-06-11T23:30:19.246+0530][82972.693s][info][gc,marking  ] GC(71) Concurrent Rebuild Remembered Sets and Scrub Regions 3.272ms
[2025-06-11T23:30:19.246+0530][82972.693s][info][gc,start    ] GC(71) Pause Cleanup
[2025-06-11T23:30:19.246+0530][82972.693s][info][gc          ] GC(71) Pause Cleanup 21M->21M(96M) 0.092ms
[2025-06-11T23:30:19.246+0530][82972.693s][info][gc,cpu      ] GC(71) User=0.00s Sys=0.00s Real=0.00s
[2025-06-11T23:30:19.246+0530][82972.693s][info][gc,marking  ] GC(71) Concurrent Clear Claimed Marks
[2025-06-11T23:30:19.246+0530][82972.693s][info][gc,marking  ] GC(71) Concurrent Clear Claimed Marks 0.054ms
[2025-06-11T23:30:19.246+0530][82972.694s][info][gc,marking  ] GC(71) Concurrent Cleanup for Next Mark
[2025-06-11T23:30:19.246+0530][82972.694s][info][gc,marking  ] GC(71) Concurrent Cleanup for Next Mark 0.282ms
[2025-06-11T23:30:19.246+0530][82972.694s][info][gc          ] GC(71) Concurrent Mark Cycle 17.266ms
[2025-06-11T23:56:03.786+0530][84517.233s][info][gc,start    ] GC(72) Pause Young (Prepare Mixed) (G1 Evacuation Pause)
[2025-06-11T23:56:03.786+0530][84517.233s][info][gc,task     ] GC(72) Using 8 workers of 13 for evacuation
[2025-06-11T23:56:03.798+0530][84517.246s][info][gc,phases   ] GC(72)   Pre Evacuate Collection Set: 0.3ms
[2025-06-11T23:56:03.798+0530][84517.246s][info][gc,phases   ] GC(72)   Merge Heap Roots: 0.1ms
[2025-06-11T23:56:03.798+0530][84517.246s][info][gc,phases   ] GC(72)   Evacuate Collection Set: 11.8ms
[2025-06-11T23:56:03.798+0530][84517.246s][info][gc,phases   ] GC(72)   Post Evacuate Collection Set: 0.3ms
[2025-06-11T23:56:03.798+0530][84517.246s][info][gc,phases   ] GC(72)   Other: 0.1ms
[2025-06-11T23:56:03.798+0530][84517.246s][info][gc,heap     ] GC(72) Eden regions: 13->0(13)
[2025-06-11T23:56:03.798+0530][84517.246s][info][gc,heap     ] GC(72) Survivor regions: 1->1(2)
[2025-06-11T23:56:03.798+0530][84517.246s][info][gc,heap     ] GC(72) Old regions: 6->7
[2025-06-11T23:56:03.798+0530][84517.246s][info][gc,heap     ] GC(72) Humongous regions: 0->0
[2025-06-11T23:56:03.798+0530][84517.246s][info][gc,metaspace] GC(72) Metaspace: 63804K(64768K)->63804K(64768K) NonClass: 56157K(56576K)->56157K(56576K) Class: 7647K(8192K)->7647K(8192K)
[2025-06-11T23:56:03.798+0530][84517.246s][info][gc          ] GC(72) Pause Young (Prepare Mixed) (G1 Evacuation Pause) 73M->21M(96M) 12.946ms
[2025-06-11T23:56:03.799+0530][84517.246s][info][gc,cpu      ] GC(72) User=0.00s Sys=0.00s Real=0.01s
[2025-06-12T00:24:09.482+0530][86202.930s][info][gc,start    ] GC(73) Pause Young (Mixed) (G1 Evacuation Pause)
[2025-06-12T00:24:09.483+0530][86202.930s][info][gc,task     ] GC(73) Using 8 workers of 13 for evacuation
[2025-06-12T00:24:09.498+0530][86202.946s][info][gc,phases   ] GC(73)   Pre Evacuate Collection Set: 11.6ms
[2025-06-12T00:24:09.498+0530][86202.946s][info][gc,phases   ] GC(73)   Merge Heap Roots: 0.2ms
[2025-06-12T00:24:09.498+0530][86202.946s][info][gc,phases   ] GC(73)   Evacuate Collection Set: 3.9ms
[2025-06-12T00:24:09.498+0530][86202.946s][info][gc,phases   ] GC(73)   Post Evacuate Collection Set: 0.3ms
[2025-06-12T00:24:09.499+0530][86202.946s][info][gc,phases   ] GC(73)   Other: 0.1ms
[2025-06-12T00:24:09.499+0530][86202.946s][info][gc,heap     ] GC(73) Eden regions: 13->0(13)
[2025-06-12T00:24:09.499+0530][86202.946s][info][gc,heap     ] GC(73) Survivor regions: 1->1(2)
[2025-06-12T00:24:09.499+0530][86202.946s][info][gc,heap     ] GC(73) Old regions: 7->6
[2025-06-12T00:24:09.499+0530][86202.946s][info][gc,heap     ] GC(73) Humongous regions: 0->0
[2025-06-12T00:24:09.499+0530][86202.946s][info][gc,metaspace] GC(73) Metaspace: 63804K(64768K)->63804K(64768K) NonClass: 56157K(56576K)->56157K(56576K) Class: 7647K(8192K)->7647K(8192K)
[2025-06-12T00:24:09.499+0530][86202.946s][info][gc          ] GC(73) Pause Young (Mixed) (G1 Evacuation Pause) 73M->21M(96M) 16.428ms
[2025-06-12T00:24:09.499+0530][86202.946s][info][gc,cpu      ] GC(73) User=0.00s Sys=0.00s Real=0.02s
[2025-06-12T00:26:45.657+0530][86359.105s][info][gc,start    ] GC(74) Pause Full (System.gc())
[2025-06-12T00:26:45.657+0530][86359.105s][info][gc,task     ] GC(74) Using 2 workers of 13 for full compaction
[2025-06-12T00:26:45.658+0530][86359.105s][info][gc,phases,start] GC(74) Phase 1: Mark live objects
[2025-06-12T00:26:45.745+0530][86359.193s][info][gc,phases      ] GC(74) Phase 1: Mark live objects 87.079ms
[2025-06-12T00:26:45.745+0530][86359.193s][info][gc,phases,start] GC(74) Phase 2: Prepare compaction
[2025-06-12T00:26:45.747+0530][86359.195s][info][gc,phases      ] GC(74) Phase 2: Prepare compaction 2.633ms
[2025-06-12T00:26:45.747+0530][86359.195s][info][gc,phases,start] GC(74) Phase 3: Adjust pointers
[2025-06-12T00:26:45.756+0530][86359.204s][info][gc,phases      ] GC(74) Phase 3: Adjust pointers 8.939ms
[2025-06-12T00:26:45.756+0530][86359.204s][info][gc,phases,start] GC(74) Phase 4: Compact heap
[2025-06-12T00:26:45.774+0530][86359.221s][info][gc,phases      ] GC(74) Phase 4: Compact heap 16.861ms
[2025-06-12T00:26:45.774+0530][86359.221s][info][gc,phases,start] GC(74) Phase 5: Reset Metadata
[2025-06-12T00:26:45.775+0530][86359.222s][info][gc,phases      ] GC(74) Phase 5: Reset Metadata 1.130ms
[2025-06-12T00:26:45.777+0530][86359.225s][info][gc,heap        ] GC(74) Eden regions: 2->0(12)
[2025-06-12T00:26:45.777+0530][86359.225s][info][gc,heap        ] GC(74) Survivor regions: 1->0(2)
[2025-06-12T00:26:45.777+0530][86359.226s][info][gc,heap        ] GC(74) Old regions: 6->6
[2025-06-12T00:26:45.777+0530][86359.226s][info][gc,heap        ] GC(74) Humongous regions: 0->0
[2025-06-12T00:26:45.777+0530][86359.226s][info][gc,metaspace   ] GC(74) Metaspace: 64016K(64896K)->64005K(64896K) NonClass: 56320K(56704K)->56312K(56704K) Class: 7695K(8192K)->7692K(8192K)
[2025-06-12T00:26:45.778+0530][86359.226s][info][gc             ] GC(74) Pause Full (System.gc()) 29M->19M(80M) 121.021ms
[2025-06-12T00:26:45.778+0530][86359.226s][info][gc,cpu         ] GC(74) User=0.05s Sys=0.00s Real=0.12s
[2025-06-12T00:26:47.747+0530][86361.195s][info][gc,start       ] GC(75) Pause Young (Concurrent Start) (G1 Evacuation Pause)
[2025-06-12T00:26:47.747+0530][86361.195s][info][gc,task        ] GC(75) Using 12 workers of 13 for evacuation
[2025-06-12T00:26:47.759+0530][86361.206s][info][gc,phases      ] GC(75)   Pre Evacuate Collection Set: 0.3ms
[2025-06-12T00:26:47.759+0530][86361.206s][info][gc,phases      ] GC(75)   Merge Heap Roots: 0.1ms
[2025-06-12T00:26:47.759+0530][86361.206s][info][gc,phases      ] GC(75)   Evacuate Collection Set: 10.8ms
[2025-06-12T00:26:47.759+0530][86361.206s][info][gc,phases      ] GC(75)   Post Evacuate Collection Set: 0.3ms
[2025-06-12T00:26:47.759+0530][86361.206s][info][gc,phases      ] GC(75)   Other: 0.1ms
[2025-06-12T00:26:47.759+0530][86361.206s][info][gc,heap        ] GC(75) Eden regions: 12->0(9)
[2025-06-12T00:26:47.759+0530][86361.206s][info][gc,heap        ] GC(75) Survivor regions: 0->2(2)
[2025-06-12T00:26:47.759+0530][86361.207s][info][gc,heap        ] GC(75) Old regions: 6->6
[2025-06-12T00:26:47.759+0530][86361.207s][info][gc,heap        ] GC(75) Humongous regions: 0->0
[2025-06-12T00:26:47.759+0530][86361.207s][info][gc,metaspace   ] GC(75) Metaspace: 64424K(65216K)->64424K(65216K) NonClass: 56692K(57024K)->56692K(57024K) Class: 7732K(8192K)->7732K(8192K)
[2025-06-12T00:26:47.759+0530][86361.207s][info][gc             ] GC(75) Pause Young (Concurrent Start) (G1 Evacuation Pause) 67M->24M(80M) 11.886ms
[2025-06-12T00:26:47.759+0530][86361.207s][info][gc,cpu         ] GC(75) User=0.02s Sys=0.00s Real=0.01s
[2025-06-12T00:26:47.764+0530][86361.212s][info][gc             ] GC(76) Concurrent Mark Cycle
[2025-06-12T00:26:47.764+0530][86361.212s][info][gc,marking     ] GC(76) Concurrent Scan Root Regions
[2025-06-12T00:26:47.768+0530][86361.216s][info][gc,marking     ] GC(76) Concurrent Scan Root Regions 3.616ms
[2025-06-12T00:26:47.768+0530][86361.216s][info][gc,marking     ] GC(76) Concurrent Mark
[2025-06-12T00:26:47.768+0530][86361.216s][info][gc,marking     ] GC(76) Concurrent Mark From Roots
[2025-06-12T00:26:47.768+0530][86361.216s][info][gc,task        ] GC(76) Using 3 workers of 3 for marking
[2025-06-12T00:26:47.782+0530][86361.230s][info][gc,marking     ] GC(76) Concurrent Mark From Roots 14.030ms
[2025-06-12T00:26:47.782+0530][86361.230s][info][gc,marking     ] GC(76) Concurrent Preclean
[2025-06-12T00:26:47.782+0530][86361.230s][info][gc,marking     ] GC(76) Concurrent Preclean 0.255ms
[2025-06-12T00:26:47.782+0530][86361.230s][info][gc,start       ] GC(76) Pause Remark
[2025-06-12T00:26:47.785+0530][86361.232s][info][gc             ] GC(76) Pause Remark 25M->25M(80M) 2.182ms
[2025-06-12T00:26:47.785+0530][86361.232s][info][gc,cpu         ] GC(76) User=0.00s Sys=0.00s Real=0.00s
[2025-06-12T00:26:47.785+0530][86361.232s][info][gc,marking     ] GC(76) Concurrent Mark 16.680ms
[2025-06-12T00:26:47.785+0530][86361.232s][info][gc,marking     ] GC(76) Concurrent Rebuild Remembered Sets and Scrub Regions
[2025-06-12T00:26:47.788+0530][86361.236s][info][gc,marking     ] GC(76) Concurrent Rebuild Remembered Sets and Scrub Regions 4.032ms
[2025-06-12T00:26:47.789+0530][86361.236s][info][gc,start       ] GC(76) Pause Cleanup
[2025-06-12T00:26:47.789+0530][86361.237s][info][gc             ] GC(76) Pause Cleanup 25M->25M(80M) 0.092ms
[2025-06-12T00:26:47.789+0530][86361.237s][info][gc,cpu         ] GC(76) User=0.00s Sys=0.00s Real=0.00s
[2025-06-12T00:26:47.789+0530][86361.237s][info][gc,marking     ] GC(76) Concurrent Clear Claimed Marks
[2025-06-12T00:26:47.789+0530][86361.237s][info][gc,marking     ] GC(76) Concurrent Clear Claimed Marks 0.083ms
[2025-06-12T00:26:47.789+0530][86361.237s][info][gc,marking     ] GC(76) Concurrent Cleanup for Next Mark
[2025-06-12T00:26:47.789+0530][86361.237s][info][gc,marking     ] GC(76) Concurrent Cleanup for Next Mark 0.111ms
[2025-06-12T00:26:47.789+0530][86361.237s][info][gc             ] GC(76) Concurrent Mark Cycle 25.072ms
[2025-06-12T00:30:20.829+0530][86574.277s][info][gc,start       ] GC(77) Pause Young (Prepare Mixed) (G1 Evacuation Pause)
[2025-06-12T00:30:20.829+0530][86574.277s][info][gc,task        ] GC(77) Using 10 workers of 13 for evacuation
[2025-06-12T00:30:20.844+0530][86574.291s][info][gc,phases      ] GC(77)   Pre Evacuate Collection Set: 0.1ms
[2025-06-12T00:30:20.844+0530][86574.291s][info][gc,phases      ] GC(77)   Merge Heap Roots: 0.1ms
[2025-06-12T00:30:20.844+0530][86574.292s][info][gc,phases      ] GC(77)   Evacuate Collection Set: 2.5ms
[2025-06-12T00:30:20.844+0530][86574.292s][info][gc,phases      ] GC(77)   Post Evacuate Collection Set: 0.8ms
[2025-06-12T00:30:20.844+0530][86574.292s][info][gc,phases      ] GC(77)   Other: 10.6ms
[2025-06-12T00:30:20.844+0530][86574.292s][info][gc,heap        ] GC(77) Eden regions: 9->0(13)
[2025-06-12T00:30:20.844+0530][86574.292s][info][gc,heap        ] GC(77) Survivor regions: 2->1(2)
[2025-06-12T00:30:20.844+0530][86574.292s][info][gc,heap        ] GC(77) Old regions: 6->7
[2025-06-12T00:30:20.844+0530][86574.292s][info][gc,heap        ] GC(77) Humongous regions: 0->0
[2025-06-12T00:30:20.844+0530][86574.292s][info][gc,metaspace   ] GC(77) Metaspace: 64895K(65664K)->64895K(65664K) NonClass: 57105K(57472K)->57105K(57472K) Class: 7790K(8192K)->7790K(8192K)
[2025-06-12T00:30:20.845+0530][86574.292s][info][gc             ] GC(77) Pause Young (Prepare Mixed) (G1 Evacuation Pause) 60M->27M(96M) 14.384ms
[2025-06-12T00:30:20.845+0530][86574.292s][info][gc,cpu         ] GC(77) User=0.00s Sys=0.00s Real=0.02s
[2025-06-12T00:58:03.601+0530][88237.050s][info][gc,start       ] GC(78) Pause Young (Mixed) (G1 Evacuation Pause)
[2025-06-12T00:58:03.603+0530][88237.050s][info][gc,task        ] GC(78) Using 9 workers of 13 for evacuation
[2025-06-12T00:58:03.604+0530][88237.052s][info][gc,phases      ] GC(78)   Pre Evacuate Collection Set: 0.2ms
[2025-06-12T00:58:03.604+0530][88237.052s][info][gc,phases      ] GC(78)   Merge Heap Roots: 0.1ms
[2025-06-12T00:58:03.604+0530][88237.052s][info][gc,phases      ] GC(78)   Evacuate Collection Set: 1.2ms
[2025-06-12T00:58:03.604+0530][88237.052s][info][gc,phases      ] GC(78)   Post Evacuate Collection Set: 0.3ms
[2025-06-12T00:58:03.604+0530][88237.052s][info][gc,phases      ] GC(78)   Other: 0.1ms
[2025-06-12T00:58:03.604+0530][88237.052s][info][gc,heap        ] GC(78) Eden regions: 13->0(13)
[2025-06-12T00:58:03.604+0530][88237.052s][info][gc,heap        ] GC(78) Survivor regions: 1->1(2)
[2025-06-12T00:58:03.604+0530][88237.052s][info][gc,heap        ] GC(78) Old regions: 7->7
[2025-06-12T00:58:03.604+0530][88237.052s][info][gc,heap        ] GC(78) Humongous regions: 0->0
[2025-06-12T00:58:03.604+0530][88237.052s][info][gc,metaspace   ] GC(78) Metaspace: 64898K(65664K)->64898K(65664K) NonClass: 57108K(57472K)->57108K(57472K) Class: 7790K(8192K)->7790K(8192K)
[2025-06-12T00:58:03.604+0530][88237.052s][info][gc             ] GC(78) Pause Young (Mixed) (G1 Evacuation Pause) 79M->27M(96M) 2.246ms
[2025-06-12T00:58:03.604+0530][88237.052s][info][gc,cpu         ] GC(78) User=0.00s Sys=0.00s Real=0.00s
[2025-06-12T01:25:55.582+0530][89909.029s][info][gc,start       ] GC(79) Pause Young (Concurrent Start) (G1 Evacuation Pause)
[2025-06-12T01:25:55.582+0530][89909.030s][info][gc,task        ] GC(79) Using 8 workers of 13 for evacuation
[2025-06-12T01:25:55.595+0530][89909.043s][info][gc,phases      ] GC(79)   Pre Evacuate Collection Set: 0.3ms
[2025-06-12T01:25:55.595+0530][89909.043s][info][gc,phases      ] GC(79)   Merge Heap Roots: 0.1ms
[2025-06-12T01:25:55.595+0530][89909.043s][info][gc,phases      ] GC(79)   Evacuate Collection Set: 12.3ms
[2025-06-12T01:25:55.595+0530][89909.043s][info][gc,phases      ] GC(79)   Post Evacuate Collection Set: 0.4ms
[2025-06-12T01:25:55.595+0530][89909.043s][info][gc,phases      ] GC(79)   Other: 0.1ms
[2025-06-12T01:25:55.595+0530][89909.043s][info][gc,heap        ] GC(79) Eden regions: 13->0(13)
[2025-06-12T01:25:55.595+0530][89909.043s][info][gc,heap        ] GC(79) Survivor regions: 1->1(2)
[2025-06-12T01:25:55.595+0530][89909.043s][info][gc,heap        ] GC(79) Old regions: 7->7
[2025-06-12T01:25:55.595+0530][89909.043s][info][gc,heap        ] GC(79) Humongous regions: 0->0
[2025-06-12T01:25:55.595+0530][89909.043s][info][gc,metaspace   ] GC(79) Metaspace: 64898K(65664K)->64898K(65664K) NonClass: 57108K(57472K)->57108K(57472K) Class: 7790K(8192K)->7790K(8192K)
[2025-06-12T01:25:55.595+0530][89909.043s][info][gc             ] GC(79) Pause Young (Concurrent Start) (G1 Evacuation Pause) 79M->27M(96M) 13.529ms
[2025-06-12T01:25:55.595+0530][89909.043s][info][gc,cpu         ] GC(79) User=0.00s Sys=0.00s Real=0.01s
[2025-06-12T01:25:55.595+0530][89909.043s][info][gc             ] GC(80) Concurrent Mark Cycle
[2025-06-12T01:25:55.595+0530][89909.043s][info][gc,marking     ] GC(80) Concurrent Scan Root Regions
[2025-06-12T01:25:55.599+0530][89909.047s][info][gc,marking     ] GC(80) Concurrent Scan Root Regions 3.538ms
[2025-06-12T01:25:55.599+0530][89909.047s][info][gc,marking     ] GC(80) Concurrent Mark
[2025-06-12T01:25:55.599+0530][89909.047s][info][gc,marking     ] GC(80) Concurrent Mark From Roots
[2025-06-12T01:25:55.599+0530][89909.047s][info][gc,task        ] GC(80) Using 3 workers of 3 for marking
[2025-06-12T01:25:55.610+0530][89909.058s][info][gc,marking     ] GC(80) Concurrent Mark From Roots 11.224ms
[2025-06-12T01:25:55.610+0530][89909.058s][info][gc,marking     ] GC(80) Concurrent Preclean
[2025-06-12T01:25:55.610+0530][89909.058s][info][gc,marking     ] GC(80) Concurrent Preclean 0.162ms
[2025-06-12T01:25:55.610+0530][89909.058s][info][gc,start       ] GC(80) Pause Remark
[2025-06-12T01:25:55.617+0530][89909.066s][info][gc             ] GC(80) Pause Remark 27M->27M(96M) 7.603ms
[2025-06-12T01:25:55.617+0530][89909.066s][info][gc,cpu         ] GC(80) User=0.00s Sys=0.00s Real=0.01s
[2025-06-12T01:25:55.617+0530][89909.066s][info][gc,marking     ] GC(80) Concurrent Mark 19.208ms
[2025-06-12T01:25:55.617+0530][89909.066s][info][gc,marking     ] GC(80) Concurrent Rebuild Remembered Sets and Scrub Regions
[2025-06-12T01:25:55.624+0530][89909.071s][info][gc,marking     ] GC(80) Concurrent Rebuild Remembered Sets and Scrub Regions 5.468ms
[2025-06-12T01:25:55.624+0530][89909.071s][info][gc,start       ] GC(80) Pause Cleanup
[2025-06-12T01:25:55.624+0530][89909.072s][info][gc             ] GC(80) Pause Cleanup 28M->28M(96M) 0.087ms
[2025-06-12T01:25:55.624+0530][89909.072s][info][gc,cpu         ] GC(80) User=0.00s Sys=0.00s Real=0.00s
[2025-06-12T01:25:55.624+0530][89909.072s][info][gc,marking     ] GC(80) Concurrent Clear Claimed Marks
[2025-06-12T01:25:55.624+0530][89909.072s][info][gc,marking     ] GC(80) Concurrent Clear Claimed Marks 0.065ms
[2025-06-12T01:25:55.624+0530][89909.072s][info][gc,marking     ] GC(80) Concurrent Cleanup for Next Mark
[2025-06-12T01:25:55.625+0530][89909.072s][info][gc,marking     ] GC(80) Concurrent Cleanup for Next Mark 0.271ms
[2025-06-12T01:25:55.625+0530][89909.072s][info][gc             ] GC(80) Concurrent Mark Cycle 28.971ms
[2025-06-12T01:48:50.597+0530][91284.044s][info][gc,start       ] GC(81) Pause Full (System.gc())
[2025-06-12T01:48:50.597+0530][91284.044s][info][gc,task        ] GC(81) Using 2 workers of 13 for full compaction
[2025-06-12T01:48:50.597+0530][91284.045s][info][gc,phases,start] GC(81) Phase 1: Mark live objects
[2025-06-12T01:48:50.633+0530][91284.081s][info][gc,phases      ] GC(81) Phase 1: Mark live objects 36.223ms
[2025-06-12T01:48:50.633+0530][91284.081s][info][gc,phases,start] GC(81) Phase 2: Prepare compaction
[2025-06-12T01:48:50.636+0530][91284.084s][info][gc,phases      ] GC(81) Phase 2: Prepare compaction 2.865ms
[2025-06-12T01:48:50.636+0530][91284.084s][info][gc,phases,start] GC(81) Phase 3: Adjust pointers
[2025-06-12T01:48:50.648+0530][91284.095s][info][gc,phases      ] GC(81) Phase 3: Adjust pointers 11.099ms
[2025-06-12T01:48:50.648+0530][91284.095s][info][gc,phases,start] GC(81) Phase 4: Compact heap
[2025-06-12T01:48:50.654+0530][91284.102s][info][gc,phases      ] GC(81) Phase 4: Compact heap 6.778ms
[2025-06-12T01:48:50.654+0530][91284.102s][info][gc,phases,start] GC(81) Phase 5: Reset Metadata
[2025-06-12T01:48:50.655+0530][91284.103s][info][gc,phases      ] GC(81) Phase 5: Reset Metadata 1.097ms
[2025-06-12T01:48:50.661+0530][91284.108s][info][gc,heap        ] GC(81) Eden regions: 12->0(12)
[2025-06-12T01:48:50.661+0530][91284.108s][info][gc,heap        ] GC(81) Survivor regions: 1->0(2)
[2025-06-12T01:48:50.661+0530][91284.108s][info][gc,heap        ] GC(81) Old regions: 7->6
[2025-06-12T01:48:50.661+0530][91284.108s][info][gc,heap        ] GC(81) Humongous regions: 0->0
[2025-06-12T01:48:50.661+0530][91284.108s][info][gc,metaspace   ] GC(81) Metaspace: 64786K(65664K)->64786K(65664K) NonClass: 57025K(57472K)->57025K(57472K) Class: 7760K(8192K)->7760K(8192K)
[2025-06-12T01:48:50.661+0530][91284.109s][info][gc             ] GC(81) Pause Full (System.gc()) 72M->21M(80M) 64.487ms
[2025-06-12T01:48:50.661+0530][91284.109s][info][gc,cpu         ] GC(81) User=0.03s Sys=0.00s Real=0.06s
[2025-06-12T01:48:51.568+0530][91285.016s][info][gc,start       ] GC(82) Pause Young (Concurrent Start) (G1 Evacuation Pause)
[2025-06-12T01:48:51.568+0530][91285.016s][info][gc,task        ] GC(82) Using 12 workers of 13 for evacuation
[2025-06-12T01:48:51.572+0530][91285.019s][info][gc,phases      ] GC(82)   Pre Evacuate Collection Set: 0.3ms
[2025-06-12T01:48:51.572+0530][91285.019s][info][gc,phases      ] GC(82)   Merge Heap Roots: 0.1ms
[2025-06-12T01:48:51.572+0530][91285.019s][info][gc,phases      ] GC(82)   Evacuate Collection Set: 1.7ms
[2025-06-12T01:48:51.572+0530][91285.019s][info][gc,phases      ] GC(82)   Post Evacuate Collection Set: 0.4ms
[2025-06-12T01:48:51.572+0530][91285.019s][info][gc,phases      ] GC(82)   Other: 0.2ms
[2025-06-12T01:48:51.572+0530][91285.019s][info][gc,heap        ] GC(82) Eden regions: 12->0(9)
[2025-06-12T01:48:51.572+0530][91285.019s][info][gc,heap        ] GC(82) Survivor regions: 0->2(2)
[2025-06-12T01:48:51.572+0530][91285.019s][info][gc,heap        ] GC(82) Old regions: 6->6
[2025-06-12T01:48:51.572+0530][91285.019s][info][gc,heap        ] GC(82) Humongous regions: 0->0
[2025-06-12T01:48:51.572+0530][91285.019s][info][gc,metaspace   ] GC(82) Metaspace: 65009K(65792K)->65009K(65792K) NonClass: 57238K(57600K)->57238K(57600K) Class: 7771K(8192K)->7771K(8192K)
[2025-06-12T01:48:51.572+0530][91285.019s][info][gc             ] GC(82) Pause Young (Concurrent Start) (G1 Evacuation Pause) 69M->25M(80M) 3.048ms
[2025-06-12T01:48:51.572+0530][91285.019s][info][gc,cpu         ] GC(82) User=0.00s Sys=0.00s Real=0.00s
[2025-06-12T01:48:51.572+0530][91285.019s][info][gc             ] GC(83) Concurrent Mark Cycle
[2025-06-12T01:48:51.572+0530][91285.019s][info][gc,marking     ] GC(83) Concurrent Scan Root Regions
[2025-06-12T01:48:51.577+0530][91285.024s][info][gc,marking     ] GC(83) Concurrent Scan Root Regions 4.726ms
[2025-06-12T01:48:51.577+0530][91285.024s][info][gc,marking     ] GC(83) Concurrent Mark
[2025-06-12T01:48:51.577+0530][91285.024s][info][gc,marking     ] GC(83) Concurrent Mark From Roots
[2025-06-12T01:48:51.577+0530][91285.024s][info][gc,task        ] GC(83) Using 3 workers of 3 for marking
[2025-06-12T01:48:51.595+0530][91285.043s][info][gc,marking     ] GC(83) Concurrent Mark From Roots 18.586ms
[2025-06-12T01:48:51.595+0530][91285.043s][info][gc,marking     ] GC(83) Concurrent Preclean
[2025-06-12T01:48:51.595+0530][91285.043s][info][gc,marking     ] GC(83) Concurrent Preclean 0.395ms
[2025-06-12T01:48:51.596+0530][91285.043s][info][gc,start       ] GC(83) Pause Remark
[2025-06-12T01:48:51.604+0530][91285.052s][info][gc             ] GC(83) Pause Remark 26M->26M(80M) 8.296ms
[2025-06-12T01:48:51.604+0530][91285.052s][info][gc,cpu         ] GC(83) User=0.00s Sys=0.00s Real=0.01s
[2025-06-12T01:48:51.604+0530][91285.052s][info][gc,marking     ] GC(83) Concurrent Mark 27.674ms
[2025-06-12T01:48:51.604+0530][91285.052s][info][gc,marking     ] GC(83) Concurrent Rebuild Remembered Sets and Scrub Regions
[2025-06-12T01:48:51.608+0530][91285.057s][info][gc,marking     ] GC(83) Concurrent Rebuild Remembered Sets and Scrub Regions 5.101ms
[2025-06-12T01:48:51.610+0530][91285.057s][info][gc,start       ] GC(83) Pause Cleanup
[2025-06-12T01:48:51.610+0530][91285.057s][info][gc             ] GC(83) Pause Cleanup 26M->26M(80M) 0.120ms
[2025-06-12T01:48:51.610+0530][91285.057s][info][gc,cpu         ] GC(83) User=0.00s Sys=0.00s Real=0.00s
[2025-06-12T01:48:51.610+0530][91285.057s][info][gc,marking     ] GC(83) Concurrent Clear Claimed Marks
[2025-06-12T01:48:51.610+0530][91285.057s][info][gc,marking     ] GC(83) Concurrent Clear Claimed Marks 0.095ms
[2025-06-12T01:48:51.610+0530][91285.057s][info][gc,marking     ] GC(83) Concurrent Cleanup for Next Mark
[2025-06-12T01:48:51.610+0530][91285.058s][info][gc,marking     ] GC(83) Concurrent Cleanup for Next Mark 0.186ms
[2025-06-12T01:48:51.610+0530][91285.058s][info][gc             ] GC(83) Concurrent Mark Cycle 38.364ms
[2025-06-12T01:53:15.727+0530][91549.174s][info][gc,start       ] GC(84) Pause Full (System.gc())
[2025-06-12T01:53:15.727+0530][91549.174s][info][gc,task        ] GC(84) Using 2 workers of 13 for full compaction
[2025-06-12T01:53:15.727+0530][91549.174s][info][gc,phases,start] GC(84) Phase 1: Mark live objects
[2025-06-12T01:53:15.761+0530][91549.208s][info][gc,phases      ] GC(84) Phase 1: Mark live objects 33.571ms
[2025-06-12T01:53:15.761+0530][91549.208s][info][gc,phases,start] GC(84) Phase 2: Prepare compaction
[2025-06-12T01:53:15.763+0530][91549.210s][info][gc,phases      ] GC(84) Phase 2: Prepare compaction 2.124ms
[2025-06-12T01:53:15.763+0530][91549.210s][info][gc,phases,start] GC(84) Phase 3: Adjust pointers
[2025-06-12T01:53:15.774+0530][91549.222s][info][gc,phases      ] GC(84) Phase 3: Adjust pointers 11.225ms
[2025-06-12T01:53:15.774+0530][91549.222s][info][gc,phases,start] GC(84) Phase 4: Compact heap
[2025-06-12T01:53:15.777+0530][91549.224s][info][gc,phases      ] GC(84) Phase 4: Compact heap 2.719ms
[2025-06-12T01:53:15.777+0530][91549.224s][info][gc,phases,start] GC(84) Phase 5: Reset Metadata
[2025-06-12T01:53:15.781+0530][91549.228s][info][gc,phases      ] GC(84) Phase 5: Reset Metadata 3.887ms
[2025-06-12T01:53:15.790+0530][91549.238s][info][gc,heap        ] GC(84) Eden regions: 8->0(11)
[2025-06-12T01:53:15.790+0530][91549.238s][info][gc,heap        ] GC(84) Survivor regions: 2->0(2)
[2025-06-12T01:53:15.790+0530][91549.238s][info][gc,heap        ] GC(84) Old regions: 6->7
[2025-06-12T01:53:15.790+0530][91549.238s][info][gc,heap        ] GC(84) Humongous regions: 0->0
[2025-06-12T01:53:15.791+0530][91549.238s][info][gc,metaspace   ] GC(84) Metaspace: 65200K(66048K)->65200K(66048K) NonClass: 57431K(57856K)->57431K(57856K) Class: 7768K(8192K)->7768K(8192K)
[2025-06-12T01:53:15.791+0530][91549.238s][info][gc             ] GC(84) Pause Full (System.gc()) 56M->24M(80M) 63.842ms
[2025-06-12T01:53:15.791+0530][91549.238s][info][gc,cpu         ] GC(84) User=0.05s Sys=0.00s Real=0.06s
[2025-06-12T01:53:16.305+0530][91549.753s][info][gc,start       ] GC(85) Pause Young (Concurrent Start) (G1 Evacuation Pause)
[2025-06-12T01:53:16.305+0530][91549.753s][info][gc,task        ] GC(85) Using 12 workers of 13 for evacuation
[2025-06-12T01:53:16.307+0530][91549.755s][info][gc,phases      ] GC(85)   Pre Evacuate Collection Set: 0.1ms
[2025-06-12T01:53:16.307+0530][91549.755s][info][gc,phases      ] GC(85)   Merge Heap Roots: 0.1ms
[2025-06-12T01:53:16.307+0530][91549.755s][info][gc,phases      ] GC(85)   Evacuate Collection Set: 1.3ms
[2025-06-12T01:53:16.307+0530][91549.755s][info][gc,phases      ] GC(85)   Post Evacuate Collection Set: 0.4ms
[2025-06-12T01:53:16.307+0530][91549.755s][info][gc,phases      ] GC(85)   Other: 0.1ms
[2025-06-12T01:53:16.307+0530][91549.755s][info][gc,heap        ] GC(85) Eden regions: 11->0(10)
[2025-06-12T01:53:16.307+0530][91549.755s][info][gc,heap        ] GC(85) Survivor regions: 0->1(2)
[2025-06-12T01:53:16.307+0530][91549.755s][info][gc,heap        ] GC(85) Old regions: 7->7
[2025-06-12T01:53:16.307+0530][91549.755s][info][gc,heap        ] GC(85) Humongous regions: 0->0
[2025-06-12T01:53:16.307+0530][91549.755s][info][gc,metaspace   ] GC(85) Metaspace: 65329K(66112K)->65329K(66112K) NonClass: 57549K(57920K)->57549K(57920K) Class: 7779K(8192K)->7779K(8192K)
[2025-06-12T01:53:16.307+0530][91549.755s][info][gc             ] GC(85) Pause Young (Concurrent Start) (G1 Evacuation Pause) 68M->28M(80M) 2.240ms
[2025-06-12T01:53:16.307+0530][91549.755s][info][gc             ] GC(86) Concurrent Mark Cycle
[2025-06-12T01:53:16.307+0530][91549.755s][info][gc,cpu         ] GC(85) User=0.00s Sys=0.00s Real=0.00s
[2025-06-12T01:53:16.307+0530][91549.755s][info][gc,marking     ] GC(86) Concurrent Scan Root Regions
[2025-06-12T01:53:16.313+0530][91549.761s][info][gc,marking     ] GC(86) Concurrent Scan Root Regions 5.215ms
[2025-06-12T01:53:16.313+0530][91549.761s][info][gc,marking     ] GC(86) Concurrent Mark
[2025-06-12T01:53:16.313+0530][91549.761s][info][gc,marking     ] GC(86) Concurrent Mark From Roots
[2025-06-12T01:53:16.314+0530][91549.761s][info][gc,task        ] GC(86) Using 3 workers of 3 for marking
[2025-06-12T01:53:16.330+0530][91549.777s][info][gc,marking     ] GC(86) Concurrent Mark From Roots 16.587ms
[2025-06-12T01:53:16.330+0530][91549.777s][info][gc,marking     ] GC(86) Concurrent Preclean
[2025-06-12T01:53:16.330+0530][91549.778s][info][gc,marking     ] GC(86) Concurrent Preclean 0.440ms
[2025-06-12T01:53:16.330+0530][91549.778s][info][gc,start       ] GC(86) Pause Remark
[2025-06-12T01:53:16.337+0530][91549.786s][info][gc             ] GC(86) Pause Remark 29M->29M(80M) 7.705ms
[2025-06-12T01:53:16.337+0530][91549.786s][info][gc,cpu         ] GC(86) User=0.00s Sys=0.00s Real=0.01s
[2025-06-12T01:53:16.337+0530][91549.786s][info][gc,marking     ] GC(86) Concurrent Mark 25.057ms
[2025-06-12T01:53:16.337+0530][91549.786s][info][gc,marking     ] GC(86) Concurrent Rebuild Remembered Sets and Scrub Regions
[2025-06-12T01:53:16.343+0530][91549.790s][info][gc,marking     ] GC(86) Concurrent Rebuild Remembered Sets and Scrub Regions 4.276ms
[2025-06-12T01:53:16.343+0530][91549.790s][info][gc,start       ] GC(86) Pause Cleanup
[2025-06-12T01:53:16.343+0530][91549.790s][info][gc             ] GC(86) Pause Cleanup 29M->29M(80M) 0.091ms
[2025-06-12T01:53:16.343+0530][91549.790s][info][gc,cpu         ] GC(86) User=0.00s Sys=0.00s Real=0.00s
[2025-06-12T01:53:16.343+0530][91549.790s][info][gc,marking     ] GC(86) Concurrent Clear Claimed Marks
[2025-06-12T01:53:16.343+0530][91549.790s][info][gc,marking     ] GC(86) Concurrent Clear Claimed Marks 0.062ms
[2025-06-12T01:53:16.343+0530][91549.790s][info][gc,marking     ] GC(86) Concurrent Cleanup for Next Mark
[2025-06-12T01:53:16.343+0530][91549.791s][info][gc,marking     ] GC(86) Concurrent Cleanup for Next Mark 0.129ms
[2025-06-12T01:53:16.343+0530][91549.791s][info][gc             ] GC(86) Concurrent Mark Cycle 35.197ms
[2025-06-12T02:00:56.843+0530][92010.290s][info][gc,start       ] GC(87) Pause Young (Prepare Mixed) (G1 Evacuation Pause)
[2025-06-12T02:00:56.843+0530][92010.290s][info][gc,task        ] GC(87) Using 10 workers of 13 for evacuation
[2025-06-12T02:00:56.845+0530][92010.292s][info][gc,phases      ] GC(87)   Pre Evacuate Collection Set: 0.3ms
[2025-06-12T02:00:56.845+0530][92010.292s][info][gc,phases      ] GC(87)   Merge Heap Roots: 0.1ms
[2025-06-12T02:00:56.845+0530][92010.292s][info][gc,phases      ] GC(87)   Evacuate Collection Set: 1.2ms
[2025-06-12T02:00:56.845+0530][92010.292s][info][gc,phases      ] GC(87)   Post Evacuate Collection Set: 0.3ms
[2025-06-12T02:00:56.845+0530][92010.292s][info][gc,phases      ] GC(87)   Other: 0.1ms
[2025-06-12T02:00:56.845+0530][92010.292s][info][gc,heap        ] GC(87) Eden regions: 10->0(8)
[2025-06-12T02:00:56.845+0530][92010.292s][info][gc,heap        ] GC(87) Survivor regions: 1->2(2)
[2025-06-12T02:00:56.845+0530][92010.292s][info][gc,heap        ] GC(87) Old regions: 7->7
[2025-06-12T02:00:56.845+0530][92010.292s][info][gc,heap        ] GC(87) Humongous regions: 0->0
[2025-06-12T02:00:56.845+0530][92010.292s][info][gc,metaspace   ] GC(87) Metaspace: 65426K(66176K)->65426K(66176K) NonClass: 57679K(57984K)->57679K(57984K) Class: 7747K(8192K)->7747K(8192K)
[2025-06-12T02:00:56.846+0530][92010.293s][info][gc             ] GC(87) Pause Young (Prepare Mixed) (G1 Evacuation Pause) 68M->28M(80M) 2.902ms
[2025-06-12T02:00:56.846+0530][92010.293s][info][gc,cpu         ] GC(87) User=0.00s Sys=0.00s Real=0.00s
[2025-06-12T02:02:17.145+0530][92090.592s][info][gc,start       ] GC(88) Pause Full (System.gc())
[2025-06-12T02:02:17.145+0530][92090.593s][info][gc,task        ] GC(88) Using 2 workers of 13 for full compaction
[2025-06-12T02:02:17.145+0530][92090.593s][info][gc,phases,start] GC(88) Phase 1: Mark live objects
[2025-06-12T02:02:17.173+0530][92090.622s][info][gc,phases      ] GC(88) Phase 1: Mark live objects 29.074ms
[2025-06-12T02:02:17.173+0530][92090.622s][info][gc,phases,start] GC(88) Phase 2: Prepare compaction
[2025-06-12T02:02:17.176+0530][92090.624s][info][gc,phases      ] GC(88) Phase 2: Prepare compaction 1.746ms
[2025-06-12T02:02:17.176+0530][92090.624s][info][gc,phases,start] GC(88) Phase 3: Adjust pointers
[2025-06-12T02:02:17.185+0530][92090.633s][info][gc,phases      ] GC(88) Phase 3: Adjust pointers 9.214ms
[2025-06-12T02:02:17.185+0530][92090.633s][info][gc,phases,start] GC(88) Phase 4: Compact heap
[2025-06-12T02:02:17.199+0530][92090.647s][info][gc,phases      ] GC(88) Phase 4: Compact heap 13.890ms
[2025-06-12T02:02:17.199+0530][92090.647s][info][gc,phases,start] GC(88) Phase 5: Reset Metadata
[2025-06-12T02:02:17.201+0530][92090.649s][info][gc,phases      ] GC(88) Phase 5: Reset Metadata 1.875ms
[2025-06-12T02:02:17.206+0530][92090.653s][info][gc,heap        ] GC(88) Eden regions: 2->0(10)
[2025-06-12T02:02:17.206+0530][92090.653s][info][gc,heap        ] GC(88) Survivor regions: 2->0(2)
[2025-06-12T02:02:17.206+0530][92090.653s][info][gc,heap        ] GC(88) Old regions: 7->7
[2025-06-12T02:02:17.206+0530][92090.653s][info][gc,heap        ] GC(88) Humongous regions: 0->0
[2025-06-12T02:02:17.206+0530][92090.653s][info][gc,metaspace   ] GC(88) Metaspace: 65439K(66176K)->65435K(66176K) NonClass: 57691K(57984K)->57688K(57984K) Class: 7748K(8192K)->7747K(8192K)
[2025-06-12T02:02:17.206+0530][92090.653s][info][gc             ] GC(88) Pause Full (System.gc()) 32M->24M(80M) 60.423ms
[2025-06-12T02:02:17.206+0530][92090.653s][info][gc,cpu         ] GC(88) User=0.05s Sys=0.00s Real=0.06s
[2025-06-12T02:02:17.649+0530][92091.097s][info][gc,start       ] GC(89) Pause Young (Concurrent Start) (G1 Evacuation Pause)
[2025-06-12T02:02:17.649+0530][92091.097s][info][gc,task        ] GC(89) Using 6 workers of 13 for evacuation
[2025-06-12T02:02:17.651+0530][92091.099s][info][gc,phases      ] GC(89)   Pre Evacuate Collection Set: 0.1ms
[2025-06-12T02:02:17.651+0530][92091.099s][info][gc,phases      ] GC(89)   Merge Heap Roots: 0.0ms
[2025-06-12T02:02:17.651+0530][92091.099s][info][gc,phases      ] GC(89)   Evacuate Collection Set: 2.0ms
[2025-06-12T02:02:17.651+0530][92091.099s][info][gc,phases      ] GC(89)   Post Evacuate Collection Set: 0.3ms
[2025-06-12T02:02:17.651+0530][92091.099s][info][gc,phases      ] GC(89)   Other: 0.1ms
[2025-06-12T02:02:17.651+0530][92091.099s][info][gc,heap        ] GC(89) Eden regions: 10->0(9)
[2025-06-12T02:02:17.651+0530][92091.099s][info][gc,heap        ] GC(89) Survivor regions: 0->1(2)
[2025-06-12T02:02:17.651+0530][92091.099s][info][gc,heap        ] GC(89) Old regions: 7->7
[2025-06-12T02:02:17.651+0530][92091.099s][info][gc,heap        ] GC(89) Humongous regions: 0->0
[2025-06-12T02:02:17.651+0530][92091.099s][info][gc,metaspace   ] GC(89) Metaspace: 65538K(66304K)->65538K(66304K) NonClass: 57784K(58112K)->57784K(58112K) Class: 7754K(8192K)->7754K(8192K)
[2025-06-12T02:02:17.651+0530][92091.099s][info][gc             ] GC(89) Pause Young (Concurrent Start) (G1 Evacuation Pause) 64M->27M(80M) 2.827ms
[2025-06-12T02:02:17.651+0530][92091.099s][info][gc,cpu         ] GC(89) User=0.00s Sys=0.00s Real=0.00s
[2025-06-12T02:02:17.651+0530][92091.099s][info][gc             ] GC(90) Concurrent Mark Cycle
[2025-06-12T02:02:17.651+0530][92091.099s][info][gc,marking     ] GC(90) Concurrent Scan Root Regions
[2025-06-12T02:02:17.654+0530][92091.102s][info][gc,marking     ] GC(90) Concurrent Scan Root Regions 2.785ms
[2025-06-12T02:02:17.654+0530][92091.102s][info][gc,marking     ] GC(90) Concurrent Mark
[2025-06-12T02:02:17.654+0530][92091.102s][info][gc,marking     ] GC(90) Concurrent Mark From Roots
[2025-06-12T02:02:17.654+0530][92091.102s][info][gc,task        ] GC(90) Using 3 workers of 3 for marking
[2025-06-12T02:02:17.669+0530][92091.116s][info][gc,marking     ] GC(90) Concurrent Mark From Roots 13.996ms
[2025-06-12T02:02:17.669+0530][92091.116s][info][gc,marking     ] GC(90) Concurrent Preclean
[2025-06-12T02:02:17.669+0530][92091.117s][info][gc,marking     ] GC(90) Concurrent Preclean 0.230ms
[2025-06-12T02:02:17.669+0530][92091.117s][info][gc,start       ] GC(90) Pause Remark
[2025-06-12T02:02:17.673+0530][92091.121s][info][gc             ] GC(90) Pause Remark 30M->30M(80M) 4.689ms
[2025-06-12T02:02:17.673+0530][92091.121s][info][gc,cpu         ] GC(90) User=0.00s Sys=0.00s Real=0.00s
[2025-06-12T02:02:17.673+0530][92091.121s][info][gc,marking     ] GC(90) Concurrent Mark 19.175ms
[2025-06-12T02:02:17.673+0530][92091.122s][info][gc,marking     ] GC(90) Concurrent Rebuild Remembered Sets and Scrub Regions
[2025-06-12T02:02:17.678+0530][92091.126s][info][gc,marking     ] GC(90) Concurrent Rebuild Remembered Sets and Scrub Regions 4.049ms
[2025-06-12T02:02:17.678+0530][92091.126s][info][gc,start       ] GC(90) Pause Cleanup
[2025-06-12T02:02:17.678+0530][92091.126s][info][gc             ] GC(90) Pause Cleanup 30M->30M(80M) 0.092ms
[2025-06-12T02:02:17.678+0530][92091.126s][info][gc,cpu         ] GC(90) User=0.00s Sys=0.00s Real=0.00s
[2025-06-12T02:02:17.678+0530][92091.126s][info][gc,marking     ] GC(90) Concurrent Clear Claimed Marks
[2025-06-12T02:02:17.678+0530][92091.126s][info][gc,marking     ] GC(90) Concurrent Clear Claimed Marks 0.061ms
[2025-06-12T02:02:17.678+0530][92091.126s][info][gc,marking     ] GC(90) Concurrent Cleanup for Next Mark
[2025-06-12T02:02:17.678+0530][92091.126s][info][gc,marking     ] GC(90) Concurrent Cleanup for Next Mark 0.095ms
[2025-06-12T02:02:17.678+0530][92091.126s][info][gc             ] GC(90) Concurrent Mark Cycle 26.582ms
[2025-06-12T02:02:24.451+0530][92097.899s][info][gc,start       ] GC(91) Pause Full (System.gc())
[2025-06-12T02:02:24.451+0530][92097.899s][info][gc,task        ] GC(91) Using 2 workers of 13 for full compaction
[2025-06-12T02:02:24.452+0530][92097.899s][info][gc,phases,start] GC(91) Phase 1: Mark live objects
[2025-06-12T02:02:24.479+0530][92097.927s][info][gc,phases      ] GC(91) Phase 1: Mark live objects 28.013ms
[2025-06-12T02:02:24.479+0530][92097.927s][info][gc,phases,start] GC(91) Phase 2: Prepare compaction
[2025-06-12T02:02:24.482+0530][92097.929s][info][gc,phases      ] GC(91) Phase 2: Prepare compaction 2.439ms
[2025-06-12T02:02:24.482+0530][92097.929s][info][gc,phases,start] GC(91) Phase 3: Adjust pointers
[2025-06-12T02:02:24.492+0530][92097.940s][info][gc,phases      ] GC(91) Phase 3: Adjust pointers 10.267ms
[2025-06-12T02:02:24.492+0530][92097.940s][info][gc,phases,start] GC(91) Phase 4: Compact heap
[2025-06-12T02:02:24.497+0530][92097.945s][info][gc,phases      ] GC(91) Phase 4: Compact heap 5.112ms
[2025-06-12T02:02:24.497+0530][92097.945s][info][gc,phases,start] GC(91) Phase 5: Reset Metadata
[2025-06-12T02:02:24.499+0530][92097.947s][info][gc,phases      ] GC(91) Phase 5: Reset Metadata 2.301ms
[2025-06-12T02:02:24.504+0530][92097.952s][info][gc,heap        ] GC(91) Eden regions: 8->0(9)
[2025-06-12T02:02:24.504+0530][92097.952s][info][gc,heap        ] GC(91) Survivor regions: 1->0(2)
[2025-06-12T02:02:24.504+0530][92097.952s][info][gc,heap        ] GC(91) Old regions: 7->8
[2025-06-12T02:02:24.504+0530][92097.952s][info][gc,heap        ] GC(91) Humongous regions: 0->0
[2025-06-12T02:02:24.504+0530][92097.952s][info][gc,metaspace   ] GC(91) Metaspace: 65784K(66496K)->65784K(66496K) NonClass: 58018K(58304K)->58018K(58304K) Class: 7766K(8192K)->7766K(8192K)
[2025-06-12T02:02:24.504+0530][92097.952s][info][gc             ] GC(91) Pause Full (System.gc()) 57M->26M(80M) 53.170ms
[2025-06-12T02:02:24.504+0530][92097.952s][info][gc,cpu         ] GC(91) User=0.05s Sys=0.00s Real=0.05s
[2025-06-12T02:02:24.893+0530][92098.341s][info][gc,start       ] GC(92) Pause Young (Concurrent Start) (G1 Evacuation Pause)
[2025-06-12T02:02:24.893+0530][92098.341s][info][gc,task        ] GC(92) Using 6 workers of 13 for evacuation
[2025-06-12T02:02:24.896+0530][92098.344s][info][gc,phases      ] GC(92)   Pre Evacuate Collection Set: 0.1ms
[2025-06-12T02:02:24.896+0530][92098.344s][info][gc,phases      ] GC(92)   Merge Heap Roots: 0.0ms
[2025-06-12T02:02:24.896+0530][92098.344s][info][gc,phases      ] GC(92)   Evacuate Collection Set: 1.9ms
[2025-06-12T02:02:24.896+0530][92098.344s][info][gc,phases      ] GC(92)   Post Evacuate Collection Set: 0.3ms
[2025-06-12T02:02:24.896+0530][92098.344s][info][gc,phases      ] GC(92)   Other: 0.1ms
[2025-06-12T02:02:24.896+0530][92098.344s][info][gc,heap        ] GC(92) Eden regions: 9->0(8)
[2025-06-12T02:02:24.896+0530][92098.344s][info][gc,heap        ] GC(92) Survivor regions: 0->1(2)
[2025-06-12T02:02:24.896+0530][92098.344s][info][gc,heap        ] GC(92) Old regions: 8->8
[2025-06-12T02:02:24.896+0530][92098.344s][info][gc,heap        ] GC(92) Humongous regions: 0->0
[2025-06-12T02:02:24.896+0530][92098.344s][info][gc,metaspace   ] GC(92) Metaspace: 65912K(66624K)->65912K(66624K) NonClass: 58139K(58432K)->58139K(58432K) Class: 7773K(8192K)->7773K(8192K)
[2025-06-12T02:02:24.896+0530][92098.344s][info][gc             ] GC(92) Pause Young (Concurrent Start) (G1 Evacuation Pause) 62M->30M(80M) 2.624ms
[2025-06-12T02:02:24.896+0530][92098.344s][info][gc             ] GC(93) Concurrent Mark Cycle
[2025-06-12T02:02:24.896+0530][92098.344s][info][gc,cpu         ] GC(92) User=0.00s Sys=0.00s Real=0.00s
[2025-06-12T02:02:24.896+0530][92098.344s][info][gc,marking     ] GC(93) Concurrent Scan Root Regions
[2025-06-12T02:02:24.899+0530][92098.347s][info][gc,marking     ] GC(93) Concurrent Scan Root Regions 2.950ms
[2025-06-12T02:02:24.899+0530][92098.347s][info][gc,marking     ] GC(93) Concurrent Mark
[2025-06-12T02:02:24.899+0530][92098.347s][info][gc,marking     ] GC(93) Concurrent Mark From Roots
[2025-06-12T02:02:24.899+0530][92098.347s][info][gc,task        ] GC(93) Using 3 workers of 3 for marking
[2025-06-12T02:02:24.918+0530][92098.365s][info][gc,marking     ] GC(93) Concurrent Mark From Roots 18.438ms
[2025-06-12T02:02:24.918+0530][92098.365s][info][gc,marking     ] GC(93) Concurrent Preclean
[2025-06-12T02:02:24.918+0530][92098.366s][info][gc,marking     ] GC(93) Concurrent Preclean 0.399ms
[2025-06-12T02:02:24.918+0530][92098.366s][info][gc,start       ] GC(93) Pause Remark
[2025-06-12T02:02:24.922+0530][92098.369s][info][gc             ] GC(93) Pause Remark 33M->33M(80M) 3.522ms
[2025-06-12T02:02:24.922+0530][92098.369s][info][gc,cpu         ] GC(93) User=0.00s Sys=0.00s Real=0.00s
[2025-06-12T02:02:24.922+0530][92098.369s][info][gc,marking     ] GC(93) Concurrent Mark 22.661ms
[2025-06-12T02:02:24.922+0530][92098.369s][info][gc,marking     ] GC(93) Concurrent Rebuild Remembered Sets and Scrub Regions
[2025-06-12T02:02:24.927+0530][92098.375s][info][gc,marking     ] GC(93) Concurrent Rebuild Remembered Sets and Scrub Regions 5.126ms
[2025-06-12T02:02:24.927+0530][92098.375s][info][gc,start       ] GC(93) Pause Cleanup
[2025-06-12T02:02:24.927+0530][92098.375s][info][gc             ] GC(93) Pause Cleanup 34M->34M(80M) 0.097ms
[2025-06-12T02:02:24.927+0530][92098.375s][info][gc,cpu         ] GC(93) User=0.00s Sys=0.00s Real=0.00s
[2025-06-12T02:02:24.927+0530][92098.375s][info][gc,marking     ] GC(93) Concurrent Clear Claimed Marks
[2025-06-12T02:02:24.927+0530][92098.375s][info][gc,marking     ] GC(93) Concurrent Clear Claimed Marks 0.070ms
[2025-06-12T02:02:24.927+0530][92098.375s][info][gc,marking     ] GC(93) Concurrent Cleanup for Next Mark
[2025-06-12T02:02:24.927+0530][92098.375s][info][gc,marking     ] GC(93) Concurrent Cleanup for Next Mark 0.121ms
[2025-06-12T02:02:24.927+0530][92098.375s][info][gc             ] GC(93) Concurrent Mark Cycle 31.367ms
[2025-06-12T02:02:25.242+0530][92098.690s][info][gc,start       ] GC(94) Pause Young (Prepare Mixed) (G1 Evacuation Pause)
[2025-06-12T02:02:25.243+0530][92098.690s][info][gc,task        ] GC(94) Using 12 workers of 13 for evacuation
[2025-06-12T02:02:25.246+0530][92098.693s][info][gc,phases      ] GC(94)   Pre Evacuate Collection Set: 0.1ms
[2025-06-12T02:02:25.246+0530][92098.693s][info][gc,phases      ] GC(94)   Merge Heap Roots: 0.0ms
[2025-06-12T02:02:25.246+0530][92098.693s][info][gc,phases      ] GC(94)   Evacuate Collection Set: 1.7ms
[2025-06-12T02:02:25.246+0530][92098.693s][info][gc,phases      ] GC(94)   Post Evacuate Collection Set: 0.3ms
[2025-06-12T02:02:25.246+0530][92098.693s][info][gc,phases      ] GC(94)   Other: 0.1ms
[2025-06-12T02:02:25.246+0530][92098.693s][info][gc,heap        ] GC(94) Eden regions: 8->0(7)
[2025-06-12T02:02:25.246+0530][92098.693s][info][gc,heap        ] GC(94) Survivor regions: 1->2(2)
[2025-06-12T02:02:25.246+0530][92098.693s][info][gc,heap        ] GC(94) Old regions: 8->8
[2025-06-12T02:02:25.246+0530][92098.693s][info][gc,heap        ] GC(94) Humongous regions: 0->0
[2025-06-12T02:02:25.246+0530][92098.693s][info][gc,metaspace   ] GC(94) Metaspace: 66179K(66944K)->66179K(66944K) NonClass: 58395K(58752K)->58395K(58752K) Class: 7784K(8192K)->7784K(8192K)
[2025-06-12T02:02:25.246+0530][92098.693s][info][gc             ] GC(94) Pause Young (Prepare Mixed) (G1 Evacuation Pause) 62M->32M(80M) 2.465ms
[2025-06-12T02:02:25.246+0530][92098.693s][info][gc,cpu         ] GC(94) User=0.00s Sys=0.00s Real=0.00s
[2025-06-12T12:17:16.905+0530][128994.690s][info][gc,start       ] GC(95) Pause Young (Mixed) (G1 Evacuation Pause)
[2025-06-12T12:17:16.905+0530][128994.690s][info][gc,task        ] GC(95) Using 10 workers of 13 for evacuation
[2025-06-12T12:17:16.919+0530][128994.703s][info][gc,phases      ] GC(95)   Pre Evacuate Collection Set: 0.2ms
[2025-06-12T12:17:16.919+0530][128994.703s][info][gc,phases      ] GC(95)   Merge Heap Roots: 0.1ms
[2025-06-12T12:17:16.919+0530][128994.703s][info][gc,phases      ] GC(95)   Evacuate Collection Set: 12.9ms
[2025-06-12T12:17:16.919+0530][128994.703s][info][gc,phases      ] GC(95)   Post Evacuate Collection Set: 0.3ms
[2025-06-12T12:17:16.919+0530][128994.703s][info][gc,phases      ] GC(95)   Other: 0.1ms
[2025-06-12T12:17:16.919+0530][128994.703s][info][gc,heap        ] GC(95) Eden regions: 7->0(9)
[2025-06-12T12:17:16.919+0530][128994.703s][info][gc,heap        ] GC(95) Survivor regions: 2->1(2)
[2025-06-12T12:17:16.919+0530][128994.703s][info][gc,heap        ] GC(95) Old regions: 8->8
[2025-06-12T12:17:16.919+0530][128994.703s][info][gc,heap        ] GC(95) Humongous regions: 0->0
[2025-06-12T12:17:16.919+0530][128994.703s][info][gc,metaspace   ] GC(95) Metaspace: 66223K(66944K)->66223K(66944K) NonClass: 58433K(58752K)->58433K(58752K) Class: 7790K(8192K)->7790K(8192K)
[2025-06-12T12:17:16.919+0530][128994.703s][info][gc             ] GC(95) Pause Young (Mixed) (G1 Evacuation Pause) 60M->31M(80M) 13.840ms
[2025-06-12T12:17:16.919+0530][128994.703s][info][gc,cpu         ] GC(95) User=0.00s Sys=0.00s Real=0.01s
[2025-06-12T12:36:02.199+0530][130119.809s][info][gc,start       ] GC(96) Pause Young (Concurrent Start) (G1 Evacuation Pause)
[2025-06-12T12:36:02.199+0530][130119.809s][info][gc,task        ] GC(96) Using 9 workers of 13 for evacuation
[2025-06-12T12:36:02.201+0530][130119.811s][info][gc,phases      ] GC(96)   Pre Evacuate Collection Set: 0.2ms
[2025-06-12T12:36:02.201+0530][130119.811s][info][gc,phases      ] GC(96)   Merge Heap Roots: 0.1ms
[2025-06-12T12:36:02.201+0530][130119.811s][info][gc,phases      ] GC(96)   Evacuate Collection Set: 1.1ms
[2025-06-12T12:36:02.201+0530][130119.811s][info][gc,phases      ] GC(96)   Post Evacuate Collection Set: 0.3ms
[2025-06-12T12:36:02.201+0530][130119.811s][info][gc,phases      ] GC(96)   Other: 0.1ms
[2025-06-12T12:36:02.201+0530][130119.811s][info][gc,heap        ] GC(96) Eden regions: 9->0(9)
[2025-06-12T12:36:02.201+0530][130119.811s][info][gc,heap        ] GC(96) Survivor regions: 1->1(2)
[2025-06-12T12:36:02.201+0530][130119.811s][info][gc,heap        ] GC(96) Old regions: 8->8
[2025-06-12T12:36:02.201+0530][130119.811s][info][gc,heap        ] GC(96) Humongous regions: 0->0
[2025-06-12T12:36:02.201+0530][130119.811s][info][gc,metaspace   ] GC(96) Metaspace: 66224K(66944K)->66224K(66944K) NonClass: 58434K(58752K)->58434K(58752K) Class: 7790K(8192K)->7790K(8192K)
[2025-06-12T12:36:02.201+0530][130119.811s][info][gc             ] GC(96) Pause Young (Concurrent Start) (G1 Evacuation Pause) 67M->31M(80M) 2.118ms
[2025-06-12T12:36:02.201+0530][130119.811s][info][gc,cpu         ] GC(96) User=0.00s Sys=0.00s Real=0.00s
[2025-06-12T12:36:02.201+0530][130119.811s][info][gc             ] GC(97) Concurrent Mark Cycle
[2025-06-12T12:36:02.201+0530][130119.811s][info][gc,marking     ] GC(97) Concurrent Scan Root Regions
[2025-06-12T12:36:02.204+0530][130119.814s][info][gc,marking     ] GC(97) Concurrent Scan Root Regions 3.461ms
[2025-06-12T12:36:02.204+0530][130119.814s][info][gc,marking     ] GC(97) Concurrent Mark
[2025-06-12T12:36:02.204+0530][130119.814s][info][gc,marking     ] GC(97) Concurrent Mark From Roots
[2025-06-12T12:36:02.204+0530][130119.814s][info][gc,task        ] GC(97) Using 3 workers of 3 for marking
[2025-06-12T12:36:02.215+0530][130119.824s][info][gc,marking     ] GC(97) Concurrent Mark From Roots 10.222ms
[2025-06-12T12:36:02.215+0530][130119.825s][info][gc,marking     ] GC(97) Concurrent Preclean
[2025-06-12T12:36:02.215+0530][130119.825s][info][gc,marking     ] GC(97) Concurrent Preclean 0.260ms
[2025-06-12T12:36:02.216+0530][130119.825s][info][gc,start       ] GC(97) Pause Remark
[2025-06-12T12:36:02.232+0530][130119.842s][info][gc             ] GC(97) Pause Remark 31M->31M(80M) 17.547ms
[2025-06-12T12:36:02.232+0530][130119.842s][info][gc,cpu         ] GC(97) User=0.00s Sys=0.00s Real=0.02s
[2025-06-12T12:36:02.232+0530][130119.843s][info][gc,marking     ] GC(97) Concurrent Mark 28.276ms
[2025-06-12T12:36:02.232+0530][130119.843s][info][gc,marking     ] GC(97) Concurrent Rebuild Remembered Sets and Scrub Regions
[2025-06-12T12:36:02.237+0530][130119.847s][info][gc,marking     ] GC(97) Concurrent Rebuild Remembered Sets and Scrub Regions 4.370ms
[2025-06-12T12:36:02.237+0530][130119.847s][info][gc,start       ] GC(97) Pause Cleanup
[2025-06-12T12:36:02.237+0530][130119.847s][info][gc             ] GC(97) Pause Cleanup 31M->31M(80M) 0.091ms
[2025-06-12T12:36:02.237+0530][130119.847s][info][gc,cpu         ] GC(97) User=0.00s Sys=0.00s Real=0.00s
[2025-06-12T12:36:02.237+0530][130119.847s][info][gc,marking     ] GC(97) Concurrent Clear Claimed Marks
[2025-06-12T12:36:02.237+0530][130119.847s][info][gc,marking     ] GC(97) Concurrent Clear Claimed Marks 0.061ms
[2025-06-12T12:36:02.237+0530][130119.847s][info][gc,marking     ] GC(97) Concurrent Cleanup for Next Mark
[2025-06-12T12:36:02.237+0530][130119.847s][info][gc,marking     ] GC(97) Concurrent Cleanup for Next Mark 0.206ms
[2025-06-12T12:36:02.237+0530][130119.848s][info][gc             ] GC(97) Concurrent Mark Cycle 36.769ms
[2025-06-12T12:54:46.762+0530][131244.179s][info][gc,start       ] GC(98) Pause Young (Prepare Mixed) (G1 Evacuation Pause)
[2025-06-12T12:54:46.762+0530][131244.179s][info][gc,task        ] GC(98) Using 8 workers of 13 for evacuation
[2025-06-12T12:54:46.764+0530][131244.181s][info][gc,phases      ] GC(98)   Pre Evacuate Collection Set: 0.1ms
[2025-06-12T12:54:46.764+0530][131244.181s][info][gc,phases      ] GC(98)   Merge Heap Roots: 0.1ms
[2025-06-12T12:54:46.764+0530][131244.181s][info][gc,phases      ] GC(98)   Evacuate Collection Set: 1.2ms
[2025-06-12T12:54:46.764+0530][131244.181s][info][gc,phases      ] GC(98)   Post Evacuate Collection Set: 0.2ms
[2025-06-12T12:54:46.764+0530][131244.181s][info][gc,phases      ] GC(98)   Other: 0.1ms
[2025-06-12T12:54:46.764+0530][131244.181s][info][gc,heap        ] GC(98) Eden regions: 9->0(9)
[2025-06-12T12:54:46.764+0530][131244.181s][info][gc,heap        ] GC(98) Survivor regions: 1->1(2)
[2025-06-12T12:54:46.764+0530][131244.181s][info][gc,heap        ] GC(98) Old regions: 8->8
[2025-06-12T12:54:46.764+0530][131244.181s][info][gc,heap        ] GC(98) Humongous regions: 0->0
[2025-06-12T12:54:46.764+0530][131244.181s][info][gc,metaspace   ] GC(98) Metaspace: 66191K(66944K)->66191K(66944K) NonClass: 58408K(58752K)->58408K(58752K) Class: 7782K(8192K)->7782K(8192K)
[2025-06-12T12:54:46.764+0530][131244.181s][info][gc             ] GC(98) Pause Young (Prepare Mixed) (G1 Evacuation Pause) 67M->31M(80M) 1.981ms
[2025-06-12T12:54:46.764+0530][131244.181s][info][gc,cpu         ] GC(98) User=0.00s Sys=0.00s Real=0.00s
[2025-06-12T13:13:34.093+0530][132371.376s][info][gc,start       ] GC(99) Pause Young (Mixed) (G1 Evacuation Pause)
[2025-06-12T13:13:34.093+0530][132371.376s][info][gc,task        ] GC(99) Using 8 workers of 13 for evacuation
[2025-06-12T13:13:34.095+0530][132371.379s][info][gc,phases      ] GC(99)   Pre Evacuate Collection Set: 0.1ms
[2025-06-12T13:13:34.096+0530][132371.379s][info][gc,phases      ] GC(99)   Merge Heap Roots: 0.1ms
[2025-06-12T13:13:34.096+0530][132371.379s][info][gc,phases      ] GC(99)   Evacuate Collection Set: 1.9ms
[2025-06-12T13:13:34.096+0530][132371.379s][info][gc,phases      ] GC(99)   Post Evacuate Collection Set: 0.3ms
[2025-06-12T13:13:34.096+0530][132371.379s][info][gc,phases      ] GC(99)   Other: 0.1ms
[2025-06-12T13:13:34.096+0530][132371.379s][info][gc,heap        ] GC(99) Eden regions: 9->0(11)
[2025-06-12T13:13:34.096+0530][132371.379s][info][gc,heap        ] GC(99) Survivor regions: 1->1(2)
[2025-06-12T13:13:34.096+0530][132371.379s][info][gc,heap        ] GC(99) Old regions: 8->6
[2025-06-12T13:13:34.096+0530][132371.379s][info][gc,heap        ] GC(99) Humongous regions: 0->0
[2025-06-12T13:13:34.096+0530][132371.379s][info][gc,metaspace   ] GC(99) Metaspace: 66193K(66944K)->66193K(66944K) NonClass: 58410K(58752K)->58410K(58752K) Class: 7782K(8192K)->7782K(8192K)
[2025-06-12T13:13:34.096+0530][132371.379s][info][gc             ] GC(99) Pause Young (Mixed) (G1 Evacuation Pause) 67M->26M(80M) 2.845ms
[2025-06-12T13:13:34.096+0530][132371.379s][info][gc,cpu         ] GC(99) User=0.00s Sys=0.00s Real=0.00s
[2025-06-12T13:36:25.290+0530][133742.469s][info][gc,start       ] GC(100) Pause Young (Concurrent Start) (G1 Evacuation Pause)
[2025-06-12T13:36:25.290+0530][133742.469s][info][gc,task        ] GC(100) Using 8 workers of 13 for evacuation
[2025-06-12T13:36:25.292+0530][133742.471s][info][gc,phases      ] GC(100)   Pre Evacuate Collection Set: 0.2ms
[2025-06-12T13:36:25.292+0530][133742.471s][info][gc,phases      ] GC(100)   Merge Heap Roots: 0.1ms
[2025-06-12T13:36:25.292+0530][133742.471s][info][gc,phases      ] GC(100)   Evacuate Collection Set: 1.6ms
[2025-06-12T13:36:25.292+0530][133742.471s][info][gc,phases      ] GC(100)   Post Evacuate Collection Set: 0.3ms
[2025-06-12T13:36:25.292+0530][133742.471s][info][gc,phases      ] GC(100)   Other: 0.1ms
[2025-06-12T13:36:25.292+0530][133742.471s][info][gc,heap        ] GC(100) Eden regions: 11->0(11)
[2025-06-12T13:36:25.292+0530][133742.471s][info][gc,heap        ] GC(100) Survivor regions: 1->1(2)
[2025-06-12T13:36:25.292+0530][133742.471s][info][gc,heap        ] GC(100) Old regions: 6->6
[2025-06-12T13:36:25.292+0530][133742.471s][info][gc,heap        ] GC(100) Humongous regions: 0->0
[2025-06-12T13:36:25.292+0530][133742.471s][info][gc,metaspace   ] GC(100) Metaspace: 66193K(66944K)->66193K(66944K) NonClass: 58410K(58752K)->58410K(58752K) Class: 7782K(8192K)->7782K(8192K)
[2025-06-12T13:36:25.292+0530][133742.471s][info][gc             ] GC(100) Pause Young (Concurrent Start) (G1 Evacuation Pause) 70M->26M(80M) 2.675ms
[2025-06-12T13:36:25.292+0530][133742.471s][info][gc,cpu         ] GC(100) User=0.00s Sys=0.00s Real=0.00s
[2025-06-12T13:36:25.292+0530][133742.471s][info][gc             ] GC(101) Concurrent Mark Cycle
[2025-06-12T13:36:25.292+0530][133742.471s][info][gc,marking     ] GC(101) Concurrent Scan Root Regions
[2025-06-12T13:36:25.298+0530][133742.477s][info][gc,marking     ] GC(101) Concurrent Scan Root Regions 5.514ms
[2025-06-12T13:36:25.298+0530][133742.477s][info][gc,marking     ] GC(101) Concurrent Mark
[2025-06-12T13:36:25.298+0530][133742.477s][info][gc,marking     ] GC(101) Concurrent Mark From Roots
[2025-06-12T13:36:25.298+0530][133742.477s][info][gc,task        ] GC(101) Using 3 workers of 3 for marking
[2025-06-12T13:36:25.310+0530][133742.489s][info][gc,marking     ] GC(101) Concurrent Mark From Roots 12.182ms
[2025-06-12T13:36:25.310+0530][133742.489s][info][gc,marking     ] GC(101) Concurrent Preclean
[2025-06-12T13:36:25.310+0530][133742.489s][info][gc,marking     ] GC(101) Concurrent Preclean 0.232ms
[2025-06-12T13:36:25.310+0530][133742.489s][info][gc,start       ] GC(101) Pause Remark
[2025-06-12T13:36:25.316+0530][133742.496s][info][gc             ] GC(101) Pause Remark 26M->26M(80M) 6.175ms
[2025-06-12T13:36:25.316+0530][133742.496s][info][gc,cpu         ] GC(101) User=0.00s Sys=0.00s Real=0.01s
[2025-06-12T13:36:25.317+0530][133742.496s][info][gc,marking     ] GC(101) Concurrent Mark 18.831ms
[2025-06-12T13:36:25.317+0530][133742.496s][info][gc,marking     ] GC(101) Concurrent Rebuild Remembered Sets and Scrub Regions
[2025-06-12T13:36:25.322+0530][133742.500s][info][gc,marking     ] GC(101) Concurrent Rebuild Remembered Sets and Scrub Regions 4.418ms
[2025-06-12T13:36:25.322+0530][133742.500s][info][gc,start       ] GC(101) Pause Cleanup
[2025-06-12T13:36:25.322+0530][133742.500s][info][gc             ] GC(101) Pause Cleanup 26M->26M(80M) 0.102ms
[2025-06-12T13:36:25.322+0530][133742.500s][info][gc,cpu         ] GC(101) User=0.00s Sys=0.00s Real=0.00s
[2025-06-12T13:36:25.322+0530][133742.500s][info][gc,marking     ] GC(101) Concurrent Clear Claimed Marks
[2025-06-12T13:36:25.322+0530][133742.501s][info][gc,marking     ] GC(101) Concurrent Clear Claimed Marks 0.065ms
[2025-06-12T13:36:25.322+0530][133742.501s][info][gc,marking     ] GC(101) Concurrent Cleanup for Next Mark
[2025-06-12T13:36:25.322+0530][133742.501s][info][gc,marking     ] GC(101) Concurrent Cleanup for Next Mark 0.253ms
[2025-06-12T13:36:25.322+0530][133742.501s][info][gc             ] GC(101) Concurrent Mark Cycle 29.510ms
[2025-06-12T13:59:16.672+0530][135113.782s][info][gc,start       ] GC(102) Pause Young (Prepare Mixed) (G1 Evacuation Pause)
[2025-06-12T13:59:16.672+0530][135113.782s][info][gc,task        ] GC(102) Using 8 workers of 13 for evacuation
[2025-06-12T13:59:16.674+0530][135113.784s][info][gc,phases      ] GC(102)   Pre Evacuate Collection Set: 0.3ms
[2025-06-12T13:59:16.674+0530][135113.784s][info][gc,phases      ] GC(102)   Merge Heap Roots: 0.1ms
[2025-06-12T13:59:16.674+0530][135113.784s][info][gc,phases      ] GC(102)   Evacuate Collection Set: 0.9ms
[2025-06-12T13:59:16.674+0530][135113.784s][info][gc,phases      ] GC(102)   Post Evacuate Collection Set: 0.4ms
[2025-06-12T13:59:16.674+0530][135113.784s][info][gc,phases      ] GC(102)   Other: 0.1ms
[2025-06-12T13:59:16.674+0530][135113.784s][info][gc,heap        ] GC(102) Eden regions: 11->0(11)
[2025-06-12T13:59:16.674+0530][135113.784s][info][gc,heap        ] GC(102) Survivor regions: 1->1(2)
[2025-06-12T13:59:16.674+0530][135113.784s][info][gc,heap        ] GC(102) Old regions: 6->6
[2025-06-12T13:59:16.674+0530][135113.784s][info][gc,heap        ] GC(102) Humongous regions: 0->0
[2025-06-12T13:59:16.674+0530][135113.784s][info][gc,metaspace   ] GC(102) Metaspace: 66204K(66944K)->66204K(66944K) NonClass: 58421K(58752K)->58421K(58752K) Class: 7782K(8192K)->7782K(8192K)
[2025-06-12T13:59:16.674+0530][135113.784s][info][gc             ] GC(102) Pause Young (Prepare Mixed) (G1 Evacuation Pause) 70M->26M(80M) 2.120ms
[2025-06-12T13:59:16.674+0530][135113.784s][info][gc,cpu         ] GC(102) User=0.00s Sys=0.00s Real=0.00s
[2025-06-12T14:22:03.096+0530][136480.161s][info][gc,start       ] GC(103) Pause Young (Mixed) (G1 Evacuation Pause)
[2025-06-12T14:22:03.096+0530][136480.161s][info][gc,task        ] GC(103) Using 8 workers of 13 for evacuation
[2025-06-12T14:22:03.100+0530][136480.166s][info][gc,phases      ] GC(103)   Pre Evacuate Collection Set: 0.2ms
[2025-06-12T14:22:03.100+0530][136480.166s][info][gc,phases      ] GC(103)   Merge Heap Roots: 0.2ms
[2025-06-12T14:22:03.100+0530][136480.166s][info][gc,phases      ] GC(103)   Evacuate Collection Set: 3.9ms
[2025-06-12T14:22:03.100+0530][136480.166s][info][gc,phases      ] GC(103)   Post Evacuate Collection Set: 0.4ms
[2025-06-12T14:22:03.100+0530][136480.166s][info][gc,phases      ] GC(103)   Other: 0.1ms
[2025-06-12T14:22:03.100+0530][136480.166s][info][gc,heap        ] GC(103) Eden regions: 11->0(11)
[2025-06-12T14:22:03.100+0530][136480.166s][info][gc,heap        ] GC(103) Survivor regions: 1->1(2)
[2025-06-12T14:22:03.100+0530][136480.166s][info][gc,heap        ] GC(103) Old regions: 6->6
[2025-06-12T14:22:03.100+0530][136480.166s][info][gc,heap        ] GC(103) Humongous regions: 0->0
[2025-06-12T14:22:03.100+0530][136480.166s][info][gc,metaspace   ] GC(103) Metaspace: 66204K(66944K)->66204K(66944K) NonClass: 58422K(58752K)->58422K(58752K) Class: 7782K(8192K)->7782K(8192K)
[2025-06-12T14:22:03.100+0530][136480.166s][info][gc             ] GC(103) Pause Young (Mixed) (G1 Evacuation Pause) 70M->23M(80M) 5.067ms
[2025-06-12T14:22:03.100+0530][136480.166s][info][gc,cpu         ] GC(103) User=0.00s Sys=0.00s Real=0.00s
[2025-06-12T14:44:25.422+0530][137822.462s][info][gc,start       ] GC(104) Pause Young (Concurrent Start) (G1 Evacuation Pause)
[2025-06-12T14:44:25.422+0530][137822.462s][info][gc,task        ] GC(104) Using 8 workers of 13 for evacuation
[2025-06-12T14:44:25.425+0530][137822.464s][info][gc,phases      ] GC(104)   Pre Evacuate Collection Set: 0.2ms
[2025-06-12T14:44:25.425+0530][137822.464s][info][gc,phases      ] GC(104)   Merge Heap Roots: 0.1ms
[2025-06-12T14:44:25.425+0530][137822.464s][info][gc,phases      ] GC(104)   Evacuate Collection Set: 1.5ms
[2025-06-12T14:44:25.425+0530][137822.464s][info][gc,phases      ] GC(104)   Post Evacuate Collection Set: 0.3ms
[2025-06-12T14:44:25.425+0530][137822.464s][info][gc,phases      ] GC(104)   Other: 0.1ms
[2025-06-12T14:44:25.425+0530][137822.464s][info][gc,heap        ] GC(104) Eden regions: 11->0(11)
[2025-06-12T14:44:25.425+0530][137822.464s][info][gc,heap        ] GC(104) Survivor regions: 1->1(2)
[2025-06-12T14:44:25.425+0530][137822.464s][info][gc,heap        ] GC(104) Old regions: 6->6
[2025-06-12T14:44:25.425+0530][137822.464s][info][gc,heap        ] GC(104) Humongous regions: 0->0
[2025-06-12T14:44:25.425+0530][137822.464s][info][gc,metaspace   ] GC(104) Metaspace: 66234K(67008K)->66234K(67008K) NonClass: 58448K(58816K)->58448K(58816K) Class: 7785K(8192K)->7785K(8192K)
[2025-06-12T14:44:25.425+0530][137822.464s][info][gc             ] GC(104) Pause Young (Concurrent Start) (G1 Evacuation Pause) 67M->24M(80M) 2.543ms
[2025-06-12T14:44:25.425+0530][137822.464s][info][gc,cpu         ] GC(104) User=0.00s Sys=0.00s Real=0.00s
[2025-06-12T14:44:25.425+0530][137822.464s][info][gc             ] GC(105) Concurrent Mark Cycle
[2025-06-12T14:44:25.425+0530][137822.464s][info][gc,marking     ] GC(105) Concurrent Scan Root Regions
[2025-06-12T14:44:25.430+0530][137822.468s][info][gc,marking     ] GC(105) Concurrent Scan Root Regions 4.059ms
[2025-06-12T14:44:25.430+0530][137822.468s][info][gc,marking     ] GC(105) Concurrent Mark
[2025-06-12T14:44:25.430+0530][137822.468s][info][gc,marking     ] GC(105) Concurrent Mark From Roots
[2025-06-12T14:44:25.430+0530][137822.468s][info][gc,task        ] GC(105) Using 3 workers of 3 for marking
[2025-06-12T14:44:25.440+0530][137822.479s][info][gc,marking     ] GC(105) Concurrent Mark From Roots 10.236ms
[2025-06-12T14:44:25.440+0530][137822.479s][info][gc,marking     ] GC(105) Concurrent Preclean
[2025-06-12T14:44:25.440+0530][137822.479s][info][gc,marking     ] GC(105) Concurrent Preclean 0.245ms
[2025-06-12T14:44:25.440+0530][137822.479s][info][gc,start       ] GC(105) Pause Remark
[2025-06-12T14:44:25.459+0530][137822.497s][info][gc             ] GC(105) Pause Remark 24M->24M(80M) 18.572ms
[2025-06-12T14:44:25.459+0530][137822.498s][info][gc,cpu         ] GC(105) User=0.00s Sys=0.00s Real=0.02s
[2025-06-12T14:44:25.459+0530][137822.498s][info][gc,marking     ] GC(105) Concurrent Mark 29.302ms
[2025-06-12T14:44:25.459+0530][137822.498s][info][gc,marking     ] GC(105) Concurrent Rebuild Remembered Sets and Scrub Regions
[2025-06-12T14:44:25.463+0530][137822.502s][info][gc,marking     ] GC(105) Concurrent Rebuild Remembered Sets and Scrub Regions 4.128ms
[2025-06-12T14:44:25.464+0530][137822.502s][info][gc,start       ] GC(105) Pause Cleanup
[2025-06-12T14:44:25.464+0530][137822.502s][info][gc             ] GC(105) Pause Cleanup 24M->24M(80M) 0.102ms
[2025-06-12T14:44:25.464+0530][137822.502s][info][gc,cpu         ] GC(105) User=0.00s Sys=0.00s Real=0.00s
[2025-06-12T14:44:25.464+0530][137822.502s][info][gc,marking     ] GC(105) Concurrent Clear Claimed Marks
[2025-06-12T14:44:25.464+0530][137822.502s][info][gc,marking     ] GC(105) Concurrent Clear Claimed Marks 0.069ms
[2025-06-12T14:44:25.464+0530][137822.502s][info][gc,marking     ] GC(105) Concurrent Cleanup for Next Mark
[2025-06-12T14:44:25.464+0530][137822.502s][info][gc,marking     ] GC(105) Concurrent Cleanup for Next Mark 0.416ms
[2025-06-12T14:44:25.464+0530][137822.503s][info][gc             ] GC(105) Concurrent Mark Cycle 38.411ms
[2025-06-12T15:07:07.353+0530][139184.374s][info][gc,start       ] GC(106) Pause Young (Prepare Mixed) (G1 Evacuation Pause)
[2025-06-12T15:07:07.353+0530][139184.374s][info][gc,task        ] GC(106) Using 8 workers of 13 for evacuation
[2025-06-12T15:07:07.355+0530][139184.376s][info][gc,phases      ] GC(106)   Pre Evacuate Collection Set: 0.3ms
[2025-06-12T15:07:07.355+0530][139184.376s][info][gc,phases      ] GC(106)   Merge Heap Roots: 0.1ms
[2025-06-12T15:07:07.355+0530][139184.376s][info][gc,phases      ] GC(106)   Evacuate Collection Set: 1.2ms
[2025-06-12T15:07:07.355+0530][139184.376s][info][gc,phases      ] GC(106)   Post Evacuate Collection Set: 0.3ms
[2025-06-12T15:07:07.355+0530][139184.376s][info][gc,phases      ] GC(106)   Other: 0.1ms
[2025-06-12T15:07:07.355+0530][139184.376s][info][gc,heap        ] GC(106) Eden regions: 11->0(11)
[2025-06-12T15:07:07.355+0530][139184.376s][info][gc,heap        ] GC(106) Survivor regions: 1->1(2)
[2025-06-12T15:07:07.355+0530][139184.376s][info][gc,heap        ] GC(106) Old regions: 6->6
[2025-06-12T15:07:07.355+0530][139184.376s][info][gc,heap        ] GC(106) Humongous regions: 0->0
[2025-06-12T15:07:07.355+0530][139184.376s][info][gc,metaspace   ] GC(106) Metaspace: 66238K(67008K)->66238K(67008K) NonClass: 58452K(58816K)->58452K(58816K) Class: 7785K(8192K)->7785K(8192K)
[2025-06-12T15:07:07.355+0530][139184.376s][info][gc             ] GC(106) Pause Young (Prepare Mixed) (G1 Evacuation Pause) 68M->24M(80M) 2.446ms
[2025-06-12T15:07:07.355+0530][139184.376s][info][gc,cpu         ] GC(106) User=0.00s Sys=0.00s Real=0.00s
[2025-06-12T15:29:50.958+0530][140547.967s][info][gc,start       ] GC(107) Pause Young (Mixed) (G1 Evacuation Pause)
[2025-06-12T15:29:50.958+0530][140547.967s][info][gc,task        ] GC(107) Using 8 workers of 13 for evacuation
[2025-06-12T15:29:50.962+0530][140547.971s][info][gc,phases      ] GC(107)   Pre Evacuate Collection Set: 0.2ms
[2025-06-12T15:29:50.962+0530][140547.971s][info][gc,phases      ] GC(107)   Merge Heap Roots: 0.1ms
[2025-06-12T15:29:50.962+0530][140547.971s][info][gc,phases      ] GC(107)   Evacuate Collection Set: 3.6ms
[2025-06-12T15:29:50.962+0530][140547.971s][info][gc,phases      ] GC(107)   Post Evacuate Collection Set: 0.3ms
[2025-06-12T15:29:50.962+0530][140547.971s][info][gc,phases      ] GC(107)   Other: 0.1ms
[2025-06-12T15:29:50.962+0530][140547.971s][info][gc,heap        ] GC(107) Eden regions: 11->0(11)
[2025-06-12T15:29:50.962+0530][140547.971s][info][gc,heap        ] GC(107) Survivor regions: 1->1(2)
[2025-06-12T15:29:50.962+0530][140547.971s][info][gc,heap        ] GC(107) Old regions: 6->5
[2025-06-12T15:29:50.962+0530][140547.971s][info][gc,heap        ] GC(107) Humongous regions: 0->0
[2025-06-12T15:29:50.962+0530][140547.971s][info][gc,metaspace   ] GC(107) Metaspace: 66243K(67008K)->66243K(67008K) NonClass: 58455K(58816K)->58455K(58816K) Class: 7787K(8192K)->7787K(8192K)
[2025-06-12T15:29:50.962+0530][140547.971s][info][gc             ] GC(107) Pause Young (Mixed) (G1 Evacuation Pause) 68M->22M(80M) 4.590ms
[2025-06-12T15:29:50.962+0530][140547.971s][info][gc,cpu         ] GC(107) User=0.00s Sys=0.00s Real=0.00s
[2025-06-12T15:52:47.172+0530][141924.174s][info][gc,start       ] GC(108) Pause Young (Concurrent Start) (G1 Evacuation Pause)
[2025-06-12T15:52:47.173+0530][141924.174s][info][gc,task        ] GC(108) Using 8 workers of 13 for evacuation
[2025-06-12T15:52:47.176+0530][141924.178s][info][gc,phases      ] GC(108)   Pre Evacuate Collection Set: 0.5ms
[2025-06-12T15:52:47.176+0530][141924.178s][info][gc,phases      ] GC(108)   Merge Heap Roots: 0.1ms
[2025-06-12T15:52:47.176+0530][141924.178s][info][gc,phases      ] GC(108)   Evacuate Collection Set: 2.6ms
[2025-06-12T15:52:47.176+0530][141924.178s][info][gc,phases      ] GC(108)   Post Evacuate Collection Set: 0.3ms
[2025-06-12T15:52:47.176+0530][141924.178s][info][gc,phases      ] GC(108)   Other: 0.1ms
[2025-06-12T15:52:47.176+0530][141924.178s][info][gc,heap        ] GC(108) Eden regions: 11->0(11)
[2025-06-12T15:52:47.176+0530][141924.178s][info][gc,heap        ] GC(108) Survivor regions: 1->1(2)
[2025-06-12T15:52:47.176+0530][141924.178s][info][gc,heap        ] GC(108) Old regions: 5->5
[2025-06-12T15:52:47.176+0530][141924.178s][info][gc,heap        ] GC(108) Humongous regions: 0->0
[2025-06-12T15:52:47.176+0530][141924.178s][info][gc,metaspace   ] GC(108) Metaspace: 66243K(67008K)->66243K(67008K) NonClass: 58455K(58816K)->58455K(58816K) Class: 7787K(8192K)->7787K(8192K)
[2025-06-12T15:52:47.176+0530][141924.178s][info][gc             ] GC(108) Pause Young (Concurrent Start) (G1 Evacuation Pause) 66M->22M(80M) 3.961ms
[2025-06-12T15:52:47.176+0530][141924.178s][info][gc,cpu         ] GC(108) User=0.00s Sys=0.00s Real=0.00s
[2025-06-12T15:52:47.176+0530][141924.178s][info][gc             ] GC(109) Concurrent Mark Cycle
[2025-06-12T15:52:47.176+0530][141924.178s][info][gc,marking     ] GC(109) Concurrent Scan Root Regions
[2025-06-12T15:52:47.184+0530][141924.185s][info][gc,marking     ] GC(109) Concurrent Scan Root Regions 7.254ms
[2025-06-12T15:52:47.184+0530][141924.185s][info][gc,marking     ] GC(109) Concurrent Mark
[2025-06-12T15:52:47.184+0530][141924.185s][info][gc,marking     ] GC(109) Concurrent Mark From Roots
[2025-06-12T15:52:47.184+0530][141924.185s][info][gc,task        ] GC(109) Using 3 workers of 3 for marking
[2025-06-12T15:52:47.199+0530][141924.200s][info][gc,marking     ] GC(109) Concurrent Mark From Roots 14.956ms
[2025-06-12T15:52:47.199+0530][141924.200s][info][gc,marking     ] GC(109) Concurrent Preclean
[2025-06-12T15:52:47.199+0530][141924.201s][info][gc,marking     ] GC(109) Concurrent Preclean 0.182ms
[2025-06-12T15:52:47.199+0530][141924.201s][info][gc,start       ] GC(109) Pause Remark
[2025-06-12T15:52:47.222+0530][141924.223s][info][gc             ] GC(109) Pause Remark 22M->22M(80M) 22.765ms
[2025-06-12T15:52:47.222+0530][141924.224s][info][gc,cpu         ] GC(109) User=0.00s Sys=0.02s Real=0.02s
[2025-06-12T15:52:47.222+0530][141924.224s][info][gc,marking     ] GC(109) Concurrent Mark 38.145ms
[2025-06-12T15:52:47.222+0530][141924.224s][info][gc,marking     ] GC(109) Concurrent Rebuild Remembered Sets and Scrub Regions
[2025-06-12T15:52:47.226+0530][141924.228s][info][gc,marking     ] GC(109) Concurrent Rebuild Remembered Sets and Scrub Regions 3.996ms
[2025-06-12T15:52:47.226+0530][141924.228s][info][gc,start       ] GC(109) Pause Cleanup
[2025-06-12T15:52:47.226+0530][141924.228s][info][gc             ] GC(109) Pause Cleanup 22M->22M(80M) 0.167ms
[2025-06-12T15:52:47.226+0530][141924.228s][info][gc,cpu         ] GC(109) User=0.00s Sys=0.00s Real=0.00s
[2025-06-12T15:52:47.226+0530][141924.228s][info][gc,marking     ] GC(109) Concurrent Clear Claimed Marks
[2025-06-12T15:52:47.226+0530][141924.228s][info][gc,marking     ] GC(109) Concurrent Clear Claimed Marks 0.088ms
[2025-06-12T15:52:47.226+0530][141924.228s][info][gc,marking     ] GC(109) Concurrent Cleanup for Next Mark
[2025-06-12T15:52:47.229+0530][141924.231s][info][gc,marking     ] GC(109) Concurrent Cleanup for Next Mark 2.466ms
[2025-06-12T15:52:47.229+0530][141924.231s][info][gc             ] GC(109) Concurrent Mark Cycle 52.509ms
[2025-06-12T16:15:33.218+0530][143290.215s][info][gc,start       ] GC(110) Pause Young (Prepare Mixed) (G1 Evacuation Pause)
[2025-06-12T16:15:33.218+0530][143290.215s][info][gc,task        ] GC(110) Using 8 workers of 13 for evacuation
[2025-06-12T16:15:33.220+0530][143290.216s][info][gc,phases      ] GC(110)   Pre Evacuate Collection Set: 0.2ms
[2025-06-12T16:15:33.220+0530][143290.216s][info][gc,phases      ] GC(110)   Merge Heap Roots: 0.1ms
[2025-06-12T16:15:33.220+0530][143290.216s][info][gc,phases      ] GC(110)   Evacuate Collection Set: 0.9ms
[2025-06-12T16:15:33.220+0530][143290.217s][info][gc,phases      ] GC(110)   Post Evacuate Collection Set: 0.3ms
[2025-06-12T16:15:33.220+0530][143290.217s][info][gc,phases      ] GC(110)   Other: 0.1ms
[2025-06-12T16:15:33.220+0530][143290.217s][info][gc,heap        ] GC(110) Eden regions: 11->0(11)
[2025-06-12T16:15:33.220+0530][143290.217s][info][gc,heap        ] GC(110) Survivor regions: 1->1(2)
[2025-06-12T16:15:33.220+0530][143290.217s][info][gc,heap        ] GC(110) Old regions: 5->5
[2025-06-12T16:15:33.220+0530][143290.217s][info][gc,heap        ] GC(110) Humongous regions: 0->0
[2025-06-12T16:15:33.220+0530][143290.217s][info][gc,metaspace   ] GC(110) Metaspace: 66243K(67008K)->66243K(67008K) NonClass: 58456K(58816K)->58456K(58816K) Class: 7787K(8192K)->7787K(8192K)
[2025-06-12T16:15:33.220+0530][143290.217s][info][gc             ] GC(110) Pause Young (Prepare Mixed) (G1 Evacuation Pause) 66M->22M(80M) 1.821ms
[2025-06-12T16:15:33.220+0530][143290.217s][info][gc,cpu         ] GC(110) User=0.00s Sys=0.00s Real=0.00s
[2025-06-12T16:38:24.412+0530][144661.406s][info][gc,start       ] GC(111) Pause Young (Mixed) (G1 Evacuation Pause)
[2025-06-12T16:38:24.412+0530][144661.406s][info][gc,task        ] GC(111) Using 8 workers of 13 for evacuation
[2025-06-12T16:38:24.417+0530][144661.411s][info][gc,phases      ] GC(111)   Pre Evacuate Collection Set: 0.1ms
[2025-06-12T16:38:24.417+0530][144661.411s][info][gc,phases      ] GC(111)   Merge Heap Roots: 0.2ms
[2025-06-12T16:38:24.417+0530][144661.411s][info][gc,phases      ] GC(111)   Evacuate Collection Set: 4.1ms
[2025-06-12T16:38:24.417+0530][144661.411s][info][gc,phases      ] GC(111)   Post Evacuate Collection Set: 0.4ms
[2025-06-12T16:38:24.417+0530][144661.411s][info][gc,phases      ] GC(111)   Other: 0.1ms
[2025-06-12T16:38:24.417+0530][144661.411s][info][gc,heap        ] GC(111) Eden regions: 11->0(11)
[2025-06-12T16:38:24.417+0530][144661.411s][info][gc,heap        ] GC(111) Survivor regions: 1->1(2)
[2025-06-12T16:38:24.417+0530][144661.411s][info][gc,heap        ] GC(111) Old regions: 5->5
[2025-06-12T16:38:24.417+0530][144661.411s][info][gc,heap        ] GC(111) Humongous regions: 0->0
[2025-06-12T16:38:24.417+0530][144661.411s][info][gc,metaspace   ] GC(111) Metaspace: 66244K(67008K)->66244K(67008K) NonClass: 58457K(58816K)->58457K(58816K) Class: 7787K(8192K)->7787K(8192K)
[2025-06-12T16:38:24.417+0530][144661.411s][info][gc             ] GC(111) Pause Young (Mixed) (G1 Evacuation Pause) 66M->21M(80M) 5.191ms
[2025-06-12T16:38:24.417+0530][144661.411s][info][gc,cpu         ] GC(111) User=0.00s Sys=0.00s Real=0.01s
[2025-06-12T17:01:18.764+0530][146035.756s][info][gc,start       ] GC(112) Pause Young (Concurrent Start) (G1 Evacuation Pause)
[2025-06-12T17:01:18.764+0530][146035.756s][info][gc,task        ] GC(112) Using 8 workers of 13 for evacuation
[2025-06-12T17:01:18.766+0530][146035.758s][info][gc,phases      ] GC(112)   Pre Evacuate Collection Set: 0.3ms
[2025-06-12T17:01:18.766+0530][146035.758s][info][gc,phases      ] GC(112)   Merge Heap Roots: 0.1ms
[2025-06-12T17:01:18.766+0530][146035.758s][info][gc,phases      ] GC(112)   Evacuate Collection Set: 1.0ms
[2025-06-12T17:01:18.766+0530][146035.758s][info][gc,phases      ] GC(112)   Post Evacuate Collection Set: 0.3ms
[2025-06-12T17:01:18.766+0530][146035.758s][info][gc,phases      ] GC(112)   Other: 0.2ms
[2025-06-12T17:01:18.766+0530][146035.758s][info][gc,heap        ] GC(112) Eden regions: 11->0(11)
[2025-06-12T17:01:18.766+0530][146035.758s][info][gc,heap        ] GC(112) Survivor regions: 1->1(2)
[2025-06-12T17:01:18.766+0530][146035.758s][info][gc,heap        ] GC(112) Old regions: 5->5
[2025-06-12T17:01:18.766+0530][146035.758s][info][gc,heap        ] GC(112) Humongous regions: 0->0
[2025-06-12T17:01:18.766+0530][146035.758s][info][gc,metaspace   ] GC(112) Metaspace: 66245K(67008K)->66245K(67008K) NonClass: 58458K(58816K)->58458K(58816K) Class: 7787K(8192K)->7787K(8192K)
[2025-06-12T17:01:18.766+0530][146035.758s][info][gc             ] GC(112) Pause Young (Concurrent Start) (G1 Evacuation Pause) 65M->21M(80M) 2.164ms
[2025-06-12T17:01:18.766+0530][146035.758s][info][gc,cpu         ] GC(112) User=0.00s Sys=0.00s Real=0.00s
[2025-06-12T17:01:18.766+0530][146035.758s][info][gc             ] GC(113) Concurrent Mark Cycle
[2025-06-12T17:01:18.766+0530][146035.758s][info][gc,marking     ] GC(113) Concurrent Scan Root Regions
[2025-06-12T17:01:18.768+0530][146035.761s][info][gc,marking     ] GC(113) Concurrent Scan Root Regions 2.536ms
[2025-06-12T17:01:18.769+0530][146035.761s][info][gc,marking     ] GC(113) Concurrent Mark
[2025-06-12T17:01:18.769+0530][146035.761s][info][gc,marking     ] GC(113) Concurrent Mark From Roots
[2025-06-12T17:01:18.769+0530][146035.761s][info][gc,task        ] GC(113) Using 3 workers of 3 for marking
[2025-06-12T17:01:18.777+0530][146035.770s][info][gc,marking     ] GC(113) Concurrent Mark From Roots 8.814ms
[2025-06-12T17:01:18.778+0530][146035.770s][info][gc,marking     ] GC(113) Concurrent Preclean
[2025-06-12T17:01:18.778+0530][146035.770s][info][gc,marking     ] GC(113) Concurrent Preclean 0.192ms
[2025-06-12T17:01:18.778+0530][146035.770s][info][gc,start       ] GC(113) Pause Remark
[2025-06-12T17:01:18.781+0530][146035.772s][info][gc             ] GC(113) Pause Remark 21M->21M(80M) 2.325ms
[2025-06-12T17:01:18.781+0530][146035.772s][info][gc,cpu         ] GC(113) User=0.03s Sys=0.00s Real=0.00s
[2025-06-12T17:01:18.781+0530][146035.772s][info][gc,marking     ] GC(113) Concurrent Mark 11.507ms
[2025-06-12T17:01:18.781+0530][146035.772s][info][gc,marking     ] GC(113) Concurrent Rebuild Remembered Sets and Scrub Regions
[2025-06-12T17:01:18.784+0530][146035.775s][info][gc,marking     ] GC(113) Concurrent Rebuild Remembered Sets and Scrub Regions 3.060ms
[2025-06-12T17:01:18.784+0530][146035.776s][info][gc,start       ] GC(113) Pause Cleanup
[2025-06-12T17:01:18.784+0530][146035.776s][info][gc             ] GC(113) Pause Cleanup 21M->21M(80M) 0.086ms
[2025-06-12T17:01:18.784+0530][146035.776s][info][gc,cpu         ] GC(113) User=0.00s Sys=0.00s Real=0.00s
[2025-06-12T17:01:18.784+0530][146035.776s][info][gc,marking     ] GC(113) Concurrent Clear Claimed Marks
[2025-06-12T17:01:18.784+0530][146035.776s][info][gc,marking     ] GC(113) Concurrent Clear Claimed Marks 0.049ms
[2025-06-12T17:01:18.784+0530][146035.776s][info][gc,marking     ] GC(113) Concurrent Cleanup for Next Mark
[2025-06-12T17:01:18.784+0530][146035.776s][info][gc,marking     ] GC(113) Concurrent Cleanup for Next Mark 0.204ms
[2025-06-12T17:01:18.784+0530][146035.776s][info][gc             ] GC(113) Concurrent Mark Cycle 17.687ms
[2025-06-12T17:24:02.688+0530][147399.679s][info][gc,start       ] GC(114) Pause Young (Prepare Mixed) (G1 Evacuation Pause)
[2025-06-12T17:24:02.688+0530][147399.679s][info][gc,task        ] GC(114) Using 8 workers of 13 for evacuation
[2025-06-12T17:24:02.690+0530][147399.681s][info][gc,phases      ] GC(114)   Pre Evacuate Collection Set: 0.3ms
[2025-06-12T17:24:02.690+0530][147399.681s][info][gc,phases      ] GC(114)   Merge Heap Roots: 0.1ms
[2025-06-12T17:24:02.690+0530][147399.681s][info][gc,phases      ] GC(114)   Evacuate Collection Set: 0.9ms
[2025-06-12T17:24:02.690+0530][147399.681s][info][gc,phases      ] GC(114)   Post Evacuate Collection Set: 0.3ms
[2025-06-12T17:24:02.690+0530][147399.681s][info][gc,phases      ] GC(114)   Other: 0.1ms
[2025-06-12T17:24:02.690+0530][147399.681s][info][gc,heap        ] GC(114) Eden regions: 11->0(11)
[2025-06-12T17:24:02.690+0530][147399.681s][info][gc,heap        ] GC(114) Survivor regions: 1->1(2)
[2025-06-12T17:24:02.690+0530][147399.681s][info][gc,heap        ] GC(114) Old regions: 5->6
[2025-06-12T17:24:02.690+0530][147399.681s][info][gc,heap        ] GC(114) Humongous regions: 0->0
[2025-06-12T17:24:02.690+0530][147399.681s][info][gc,metaspace   ] GC(114) Metaspace: 66245K(67008K)->66245K(67008K) NonClass: 58458K(58816K)->58458K(58816K) Class: 7787K(8192K)->7787K(8192K)
[2025-06-12T17:24:02.690+0530][147399.681s][info][gc             ] GC(114) Pause Young (Prepare Mixed) (G1 Evacuation Pause) 65M->21M(80M) 2.317ms
[2025-06-12T17:24:02.690+0530][147399.681s][info][gc,cpu         ] GC(114) User=0.00s Sys=0.00s Real=0.00s
[2025-06-12T17:46:48.981+0530][148765.971s][info][gc,start       ] GC(115) Pause Young (Mixed) (G1 Evacuation Pause)
[2025-06-12T17:46:48.981+0530][148765.971s][info][gc,task        ] GC(115) Using 8 workers of 13 for evacuation
[2025-06-12T17:46:48.984+0530][148765.974s][info][gc,phases      ] GC(115)   Pre Evacuate Collection Set: 0.3ms
[2025-06-12T17:46:48.984+0530][148765.974s][info][gc,phases      ] GC(115)   Merge Heap Roots: 0.2ms
[2025-06-12T17:46:48.984+0530][148765.974s][info][gc,phases      ] GC(115)   Evacuate Collection Set: 1.8ms
[2025-06-12T17:46:48.984+0530][148765.974s][info][gc,phases      ] GC(115)   Post Evacuate Collection Set: 0.4ms
[2025-06-12T17:46:48.984+0530][148765.974s][info][gc,phases      ] GC(115)   Other: 0.1ms
[2025-06-12T17:46:48.984+0530][148765.974s][info][gc,heap        ] GC(115) Eden regions: 11->0(11)
[2025-06-12T17:46:48.984+0530][148765.974s][info][gc,heap        ] GC(115) Survivor regions: 1->1(2)
[2025-06-12T17:46:48.984+0530][148765.974s][info][gc,heap        ] GC(115) Old regions: 6->6
[2025-06-12T17:46:48.984+0530][148765.974s][info][gc,heap        ] GC(115) Humongous regions: 0->0
[2025-06-12T17:46:48.984+0530][148765.974s][info][gc,metaspace   ] GC(115) Metaspace: 66255K(67008K)->66255K(67008K) NonClass: 58468K(58816K)->58468K(58816K) Class: 7787K(8192K)->7787K(8192K)
[2025-06-12T17:46:48.984+0530][148765.974s][info][gc             ] GC(115) Pause Young (Mixed) (G1 Evacuation Pause) 65M->21M(80M) 2.893ms
[2025-06-12T17:46:48.984+0530][148765.974s][info][gc,cpu         ] GC(115) User=0.03s Sys=0.00s Real=0.00s
[2025-06-12T18:09:34.879+0530][150131.868s][info][gc,start       ] GC(116) Pause Young (Concurrent Start) (G1 Evacuation Pause)
[2025-06-12T18:09:34.879+0530][150131.869s][info][gc,task        ] GC(116) Using 8 workers of 13 for evacuation
[2025-06-12T18:09:34.881+0530][150131.870s][info][gc,phases      ] GC(116)   Pre Evacuate Collection Set: 0.5ms
[2025-06-12T18:09:34.881+0530][150131.870s][info][gc,phases      ] GC(116)   Merge Heap Roots: 0.1ms
[2025-06-12T18:09:34.881+0530][150131.870s][info][gc,phases      ] GC(116)   Evacuate Collection Set: 0.6ms
[2025-06-12T18:09:34.881+0530][150131.870s][info][gc,phases      ] GC(116)   Post Evacuate Collection Set: 0.2ms
[2025-06-12T18:09:34.881+0530][150131.870s][info][gc,phases      ] GC(116)   Other: 0.2ms
[2025-06-12T18:09:34.881+0530][150131.870s][info][gc,heap        ] GC(116) Eden regions: 11->0(11)
[2025-06-12T18:09:34.881+0530][150131.870s][info][gc,heap        ] GC(116) Survivor regions: 1->1(2)
[2025-06-12T18:09:34.881+0530][150131.870s][info][gc,heap        ] GC(116) Old regions: 6->6
[2025-06-12T18:09:34.881+0530][150131.870s][info][gc,heap        ] GC(116) Humongous regions: 0->0
[2025-06-12T18:09:34.881+0530][150131.870s][info][gc,metaspace   ] GC(116) Metaspace: 66256K(67008K)->66256K(67008K) NonClass: 58469K(58816K)->58469K(58816K) Class: 7787K(8192K)->7787K(8192K)
[2025-06-12T18:09:34.881+0530][150131.870s][info][gc             ] GC(116) Pause Young (Concurrent Start) (G1 Evacuation Pause) 65M->21M(80M) 2.082ms
[2025-06-12T18:09:34.881+0530][150131.870s][info][gc,cpu         ] GC(116) User=0.00s Sys=0.00s Real=0.00s
[2025-06-12T18:09:34.881+0530][150131.870s][info][gc             ] GC(117) Concurrent Mark Cycle
[2025-06-12T18:09:34.881+0530][150131.871s][info][gc,marking     ] GC(117) Concurrent Scan Root Regions
[2025-06-12T18:09:34.882+0530][150131.871s][info][gc,marking     ] GC(117) Concurrent Scan Root Regions 0.783ms
[2025-06-12T18:09:34.882+0530][150131.871s][info][gc,marking     ] GC(117) Concurrent Mark
[2025-06-12T18:09:34.882+0530][150131.871s][info][gc,marking     ] GC(117) Concurrent Mark From Roots
[2025-06-12T18:09:34.882+0530][150131.871s][info][gc,task        ] GC(117) Using 3 workers of 3 for marking
[2025-06-12T18:09:34.892+0530][150131.881s][info][gc,marking     ] GC(117) Concurrent Mark From Roots 9.789ms
[2025-06-12T18:09:34.892+0530][150131.881s][info][gc,marking     ] GC(117) Concurrent Preclean
[2025-06-12T18:09:34.892+0530][150131.881s][info][gc,marking     ] GC(117) Concurrent Preclean 0.150ms
[2025-06-12T18:09:34.892+0530][150131.881s][info][gc,start       ] GC(117) Pause Remark
[2025-06-12T18:09:34.944+0530][150131.933s][info][gc             ] GC(117) Pause Remark 21M->21M(80M) 51.909ms
[2025-06-12T18:09:34.944+0530][150131.933s][info][gc,cpu         ] GC(117) User=0.02s Sys=0.03s Real=0.05s
[2025-06-12T18:09:34.944+0530][150131.933s][info][gc,marking     ] GC(117) Concurrent Mark 62.073ms
[2025-06-12T18:09:34.944+0530][150131.933s][info][gc,marking     ] GC(117) Concurrent Rebuild Remembered Sets and Scrub Regions
[2025-06-12T18:09:34.947+0530][150131.936s][info][gc,marking     ] GC(117) Concurrent Rebuild Remembered Sets and Scrub Regions 3.052ms
[2025-06-12T18:09:34.947+0530][150131.937s][info][gc,start       ] GC(117) Pause Cleanup
[2025-06-12T18:09:34.947+0530][150131.937s][info][gc             ] GC(117) Pause Cleanup 21M->21M(80M) 0.107ms
[2025-06-12T18:09:34.947+0530][150131.937s][info][gc,cpu         ] GC(117) User=0.00s Sys=0.00s Real=0.00s
[2025-06-12T18:09:34.947+0530][150131.937s][info][gc,marking     ] GC(117) Concurrent Clear Claimed Marks
[2025-06-12T18:09:34.947+0530][150131.937s][info][gc,marking     ] GC(117) Concurrent Clear Claimed Marks 0.057ms
[2025-06-12T18:09:34.947+0530][150131.937s][info][gc,marking     ] GC(117) Concurrent Cleanup for Next Mark
[2025-06-12T18:09:34.948+0530][150131.937s][info][gc,marking     ] GC(117) Concurrent Cleanup for Next Mark 0.276ms
[2025-06-12T18:09:34.948+0530][150131.937s][info][gc             ] GC(117) Concurrent Mark Cycle 66.939ms
[2025-06-12T18:32:28.710+0530][151505.699s][info][gc,start       ] GC(118) Pause Young (Normal) (G1 Evacuation Pause)
[2025-06-12T18:32:28.710+0530][151505.699s][info][gc,task        ] GC(118) Using 8 workers of 13 for evacuation
[2025-06-12T18:32:28.712+0530][151505.701s][info][gc,phases      ] GC(118)   Pre Evacuate Collection Set: 0.2ms
[2025-06-12T18:32:28.712+0530][151505.701s][info][gc,phases      ] GC(118)   Merge Heap Roots: 0.1ms
[2025-06-12T18:32:28.712+0530][151505.701s][info][gc,phases      ] GC(118)   Evacuate Collection Set: 0.8ms
[2025-06-12T18:32:28.712+0530][151505.701s][info][gc,phases      ] GC(118)   Post Evacuate Collection Set: 0.4ms
[2025-06-12T18:32:28.712+0530][151505.701s][info][gc,phases      ] GC(118)   Other: 0.2ms
[2025-06-12T18:32:28.712+0530][151505.701s][info][gc,heap        ] GC(118) Eden regions: 11->0(13)
[2025-06-12T18:32:28.712+0530][151505.701s][info][gc,heap        ] GC(118) Survivor regions: 1->1(2)
[2025-06-12T18:32:28.712+0530][151505.701s][info][gc,heap        ] GC(118) Old regions: 6->6
[2025-06-12T18:32:28.712+0530][151505.701s][info][gc,heap        ] GC(118) Humongous regions: 0->0
[2025-06-12T18:32:28.712+0530][151505.701s][info][gc,metaspace   ] GC(118) Metaspace: 66052K(67008K)->66052K(67008K) NonClass: 58287K(58816K)->58287K(58816K) Class: 7764K(8192K)->7764K(8192K)
[2025-06-12T18:32:28.712+0530][151505.701s][info][gc             ] GC(118) Pause Young (Normal) (G1 Evacuation Pause) 65M->21M(96M) 1.960ms
[2025-06-12T18:32:28.712+0530][151505.701s][info][gc,cpu         ] GC(118) User=0.00s Sys=0.00s Real=0.00s
[2025-06-12T18:59:29.273+0530][153126.262s][info][gc,start       ] GC(119) Pause Young (Concurrent Start) (G1 Evacuation Pause)
[2025-06-12T18:59:29.273+0530][153126.262s][info][gc,task        ] GC(119) Using 8 workers of 13 for evacuation
[2025-06-12T18:59:29.287+0530][153126.275s][info][gc,phases      ] GC(119)   Pre Evacuate Collection Set: 0.5ms
[2025-06-12T18:59:29.287+0530][153126.276s][info][gc,phases      ] GC(119)   Merge Heap Roots: 0.1ms
[2025-06-12T18:59:29.287+0530][153126.276s][info][gc,phases      ] GC(119)   Evacuate Collection Set: 0.7ms
[2025-06-12T18:59:29.287+0530][153126.276s][info][gc,phases      ] GC(119)   Post Evacuate Collection Set: 0.3ms
[2025-06-12T18:59:29.287+0530][153126.276s][info][gc,phases      ] GC(119)   Other: 11.8ms
[2025-06-12T18:59:29.287+0530][153126.276s][info][gc,heap        ] GC(119) Eden regions: 13->0(13)
[2025-06-12T18:59:29.287+0530][153126.276s][info][gc,heap        ] GC(119) Survivor regions: 1->1(2)
[2025-06-12T18:59:29.287+0530][153126.276s][info][gc,heap        ] GC(119) Old regions: 6->6
[2025-06-12T18:59:29.287+0530][153126.276s][info][gc,heap        ] GC(119) Humongous regions: 0->0
[2025-06-12T18:59:29.287+0530][153126.276s][info][gc,metaspace   ] GC(119) Metaspace: 66052K(67008K)->66052K(67008K) NonClass: 58287K(58816K)->58287K(58816K) Class: 7764K(8192K)->7764K(8192K)
[2025-06-12T18:59:29.287+0530][153126.276s][info][gc             ] GC(119) Pause Young (Concurrent Start) (G1 Evacuation Pause) 73M->21M(96M) 13.869ms
[2025-06-12T18:59:29.287+0530][153126.276s][info][gc,cpu         ] GC(119) User=0.00s Sys=0.00s Real=0.01s
[2025-06-12T18:59:29.287+0530][153126.276s][info][gc             ] GC(120) Concurrent Mark Cycle
[2025-06-12T18:59:29.287+0530][153126.276s][info][gc,marking     ] GC(120) Concurrent Scan Root Regions
[2025-06-12T18:59:29.288+0530][153126.277s][info][gc,marking     ] GC(120) Concurrent Scan Root Regions 0.737ms
[2025-06-12T18:59:29.288+0530][153126.277s][info][gc,marking     ] GC(120) Concurrent Mark
[2025-06-12T18:59:29.288+0530][153126.277s][info][gc,marking     ] GC(120) Concurrent Mark From Roots
[2025-06-12T18:59:29.288+0530][153126.277s][info][gc,task        ] GC(120) Using 3 workers of 3 for marking
[2025-06-12T18:59:29.298+0530][153126.287s][info][gc,marking     ] GC(120) Concurrent Mark From Roots 10.124ms
[2025-06-12T18:59:29.298+0530][153126.287s][info][gc,marking     ] GC(120) Concurrent Preclean
[2025-06-12T18:59:29.298+0530][153126.287s][info][gc,marking     ] GC(120) Concurrent Preclean 0.142ms
[2025-06-12T18:59:29.298+0530][153126.287s][info][gc,start       ] GC(120) Pause Remark
[2025-06-12T18:59:29.299+0530][153126.288s][info][gc             ] GC(120) Pause Remark 21M->21M(96M) 1.418ms
[2025-06-12T18:59:29.299+0530][153126.288s][info][gc,cpu         ] GC(120) User=0.00s Sys=0.00s Real=0.00s
[2025-06-12T18:59:29.299+0530][153126.288s][info][gc,marking     ] GC(120) Concurrent Mark 11.875ms
[2025-06-12T18:59:29.299+0530][153126.288s][info][gc,marking     ] GC(120) Concurrent Rebuild Remembered Sets and Scrub Regions
[2025-06-12T18:59:29.302+0530][153126.291s][info][gc,marking     ] GC(120) Concurrent Rebuild Remembered Sets and Scrub Regions 2.873ms
[2025-06-12T18:59:29.302+0530][153126.291s][info][gc,start       ] GC(120) Pause Cleanup
[2025-06-12T18:59:29.302+0530][153126.292s][info][gc             ] GC(120) Pause Cleanup 21M->21M(96M) 0.069ms
[2025-06-12T18:59:29.302+0530][153126.292s][info][gc,cpu         ] GC(120) User=0.00s Sys=0.00s Real=0.00s
[2025-06-12T18:59:29.302+0530][153126.292s][info][gc,marking     ] GC(120) Concurrent Clear Claimed Marks
[2025-06-12T18:59:29.302+0530][153126.292s][info][gc,marking     ] GC(120) Concurrent Clear Claimed Marks 0.052ms
[2025-06-12T18:59:29.302+0530][153126.292s][info][gc,marking     ] GC(120) Concurrent Cleanup for Next Mark
[2025-06-12T18:59:29.303+0530][153126.292s][info][gc,marking     ] GC(120) Concurrent Cleanup for Next Mark 0.264ms
[2025-06-12T18:59:29.303+0530][153126.292s][info][gc             ] GC(120) Concurrent Mark Cycle 16.127ms
[2025-06-12T19:26:26.713+0530][154743.701s][info][gc,start       ] GC(121) Pause Young (Prepare Mixed) (G1 Evacuation Pause)
[2025-06-12T19:26:26.713+0530][154743.702s][info][gc,task        ] GC(121) Using 8 workers of 13 for evacuation
[2025-06-12T19:26:26.714+0530][154743.703s][info][gc,phases      ] GC(121)   Pre Evacuate Collection Set: 0.2ms
[2025-06-12T19:26:26.714+0530][154743.703s][info][gc,phases      ] GC(121)   Merge Heap Roots: 0.1ms
[2025-06-12T19:26:26.714+0530][154743.703s][info][gc,phases      ] GC(121)   Evacuate Collection Set: 0.4ms
[2025-06-12T19:26:26.714+0530][154743.703s][info][gc,phases      ] GC(121)   Post Evacuate Collection Set: 0.3ms
[2025-06-12T19:26:26.714+0530][154743.703s][info][gc,phases      ] GC(121)   Other: 0.1ms
[2025-06-12T19:26:26.714+0530][154743.703s][info][gc,heap        ] GC(121) Eden regions: 13->0(13)
[2025-06-12T19:26:26.714+0530][154743.703s][info][gc,heap        ] GC(121) Survivor regions: 1->1(2)
[2025-06-12T19:26:26.714+0530][154743.703s][info][gc,heap        ] GC(121) Old regions: 6->6
[2025-06-12T19:26:26.714+0530][154743.703s][info][gc,heap        ] GC(121) Humongous regions: 0->0
[2025-06-12T19:26:26.714+0530][154743.703s][info][gc,metaspace   ] GC(121) Metaspace: 66052K(67008K)->66052K(67008K) NonClass: 58287K(58816K)->58287K(58816K) Class: 7764K(8192K)->7764K(8192K)
[2025-06-12T19:26:26.714+0530][154743.703s][info][gc             ] GC(121) Pause Young (Prepare Mixed) (G1 Evacuation Pause) 73M->21M(96M) 1.499ms
[2025-06-12T19:26:26.714+0530][154743.703s][info][gc,cpu         ] GC(121) User=0.00s Sys=0.00s Real=0.00s
[2025-06-12T19:53:29.504+0530][156366.493s][info][gc,start       ] GC(122) Pause Young (Mixed) (G1 Evacuation Pause)
[2025-06-12T19:53:29.505+0530][156366.493s][info][gc,task        ] GC(122) Using 8 workers of 13 for evacuation
[2025-06-12T19:53:29.506+0530][156366.495s][info][gc,phases      ] GC(122)   Pre Evacuate Collection Set: 0.2ms
[2025-06-12T19:53:29.506+0530][156366.495s][info][gc,phases      ] GC(122)   Merge Heap Roots: 0.1ms
[2025-06-12T19:53:29.506+0530][156366.495s][info][gc,phases      ] GC(122)   Evacuate Collection Set: 0.7ms
[2025-06-12T19:53:29.506+0530][156366.495s][info][gc,phases      ] GC(122)   Post Evacuate Collection Set: 0.4ms
[2025-06-12T19:53:29.506+0530][156366.495s][info][gc,phases      ] GC(122)   Other: 0.2ms
[2025-06-12T19:53:29.506+0530][156366.495s][info][gc,heap        ] GC(122) Eden regions: 13->0(13)
[2025-06-12T19:53:29.506+0530][156366.495s][info][gc,heap        ] GC(122) Survivor regions: 1->1(2)
[2025-06-12T19:53:29.506+0530][156366.495s][info][gc,heap        ] GC(122) Old regions: 6->6
[2025-06-12T19:53:29.506+0530][156366.495s][info][gc,heap        ] GC(122) Humongous regions: 0->0
[2025-06-12T19:53:29.506+0530][156366.495s][info][gc,metaspace   ] GC(122) Metaspace: 66052K(67008K)->66052K(67008K) NonClass: 58287K(58816K)->58287K(58816K) Class: 7764K(8192K)->7764K(8192K)
[2025-06-12T19:53:29.506+0530][156366.495s][info][gc             ] GC(122) Pause Young (Mixed) (G1 Evacuation Pause) 73M->21M(96M) 1.960ms
[2025-06-12T19:53:29.506+0530][156366.495s][info][gc,cpu         ] GC(122) User=0.00s Sys=0.00s Real=0.00s
[2025-06-12T20:20:21.113+0530][157978.101s][info][gc,start       ] GC(123) Pause Young (Concurrent Start) (G1 Evacuation Pause)
[2025-06-12T20:20:21.113+0530][157978.102s][info][gc,task        ] GC(123) Using 8 workers of 13 for evacuation
[2025-06-12T20:20:21.115+0530][157978.103s][info][gc,phases      ] GC(123)   Pre Evacuate Collection Set: 0.4ms
[2025-06-12T20:20:21.115+0530][157978.103s][info][gc,phases      ] GC(123)   Merge Heap Roots: 0.1ms
[2025-06-12T20:20:21.115+0530][157978.104s][info][gc,phases      ] GC(123)   Evacuate Collection Set: 0.6ms
[2025-06-12T20:20:21.115+0530][157978.104s][info][gc,phases      ] GC(123)   Post Evacuate Collection Set: 0.3ms
[2025-06-12T20:20:21.115+0530][157978.104s][info][gc,phases      ] GC(123)   Other: 0.3ms
[2025-06-12T20:20:21.115+0530][157978.104s][info][gc,heap        ] GC(123) Eden regions: 13->0(13)
[2025-06-12T20:20:21.115+0530][157978.104s][info][gc,heap        ] GC(123) Survivor regions: 1->1(2)
[2025-06-12T20:20:21.115+0530][157978.104s][info][gc,heap        ] GC(123) Old regions: 6->6
[2025-06-12T20:20:21.115+0530][157978.104s][info][gc,heap        ] GC(123) Humongous regions: 0->0
[2025-06-12T20:20:21.115+0530][157978.104s][info][gc,metaspace   ] GC(123) Metaspace: 66052K(67008K)->66052K(67008K) NonClass: 58287K(58816K)->58287K(58816K) Class: 7764K(8192K)->7764K(8192K)
[2025-06-12T20:20:21.115+0530][157978.104s][info][gc             ] GC(123) Pause Young (Concurrent Start) (G1 Evacuation Pause) 73M->21M(96M) 2.143ms
[2025-06-12T20:20:21.115+0530][157978.104s][info][gc,cpu         ] GC(123) User=0.00s Sys=0.00s Real=0.00s
[2025-06-12T20:20:21.115+0530][157978.104s][info][gc             ] GC(124) Concurrent Mark Cycle
[2025-06-12T20:20:21.115+0530][157978.104s][info][gc,marking     ] GC(124) Concurrent Scan Root Regions
[2025-06-12T20:20:21.116+0530][157978.105s][info][gc,marking     ] GC(124) Concurrent Scan Root Regions 0.816ms
[2025-06-12T20:20:21.116+0530][157978.105s][info][gc,marking     ] GC(124) Concurrent Mark
[2025-06-12T20:20:21.116+0530][157978.105s][info][gc,marking     ] GC(124) Concurrent Mark From Roots
[2025-06-12T20:20:21.116+0530][157978.105s][info][gc,task        ] GC(124) Using 3 workers of 3 for marking
[2025-06-12T20:20:21.127+0530][157978.116s][info][gc,marking     ] GC(124) Concurrent Mark From Roots 11.001ms
[2025-06-12T20:20:21.127+0530][157978.116s][info][gc,marking     ] GC(124) Concurrent Preclean
[2025-06-12T20:20:21.127+0530][157978.116s][info][gc,marking     ] GC(124) Concurrent Preclean 0.158ms
[2025-06-12T20:20:21.127+0530][157978.116s][info][gc,start       ] GC(124) Pause Remark
[2025-06-12T20:20:21.128+0530][157978.117s][info][gc             ] GC(124) Pause Remark 21M->21M(96M) 1.305ms
[2025-06-12T20:20:21.128+0530][157978.117s][info][gc,cpu         ] GC(124) User=0.00s Sys=0.00s Real=0.00s
[2025-06-12T20:20:21.128+0530][157978.117s][info][gc,marking     ] GC(124) Concurrent Mark 12.664ms
[2025-06-12T20:20:21.128+0530][157978.117s][info][gc,marking     ] GC(124) Concurrent Rebuild Remembered Sets and Scrub Regions
[2025-06-12T20:20:21.131+0530][157978.120s][info][gc,marking     ] GC(124) Concurrent Rebuild Remembered Sets and Scrub Regions 2.742ms
[2025-06-12T20:20:21.131+0530][157978.120s][info][gc,start       ] GC(124) Pause Cleanup
[2025-06-12T20:20:21.131+0530][157978.120s][info][gc             ] GC(124) Pause Cleanup 21M->21M(96M) 0.068ms
[2025-06-12T20:20:21.131+0530][157978.120s][info][gc,cpu         ] GC(124) User=0.00s Sys=0.00s Real=0.00s
[2025-06-12T20:20:21.131+0530][157978.120s][info][gc,marking     ] GC(124) Concurrent Clear Claimed Marks
[2025-06-12T20:20:21.131+0530][157978.120s][info][gc,marking     ] GC(124) Concurrent Clear Claimed Marks 0.058ms
[2025-06-12T20:20:21.131+0530][157978.120s][info][gc,marking     ] GC(124) Concurrent Cleanup for Next Mark
[2025-06-12T20:20:21.132+0530][157978.121s][info][gc,marking     ] GC(124) Concurrent Cleanup for Next Mark 0.315ms
[2025-06-12T20:20:21.132+0530][157978.121s][info][gc             ] GC(124) Concurrent Mark Cycle 16.893ms
[2025-06-12T20:47:09.161+0530][159586.149s][info][gc,start       ] GC(125) Pause Young (Prepare Mixed) (G1 Evacuation Pause)
[2025-06-12T20:47:09.161+0530][159586.149s][info][gc,task        ] GC(125) Using 8 workers of 13 for evacuation
[2025-06-12T20:47:09.162+0530][159586.150s][info][gc,phases      ] GC(125)   Pre Evacuate Collection Set: 0.2ms
[2025-06-12T20:47:09.162+0530][159586.150s][info][gc,phases      ] GC(125)   Merge Heap Roots: 0.2ms
[2025-06-12T20:47:09.162+0530][159586.150s][info][gc,phases      ] GC(125)   Evacuate Collection Set: 0.4ms
[2025-06-12T20:47:09.162+0530][159586.150s][info][gc,phases      ] GC(125)   Post Evacuate Collection Set: 0.3ms
[2025-06-12T20:47:09.162+0530][159586.150s][info][gc,phases      ] GC(125)   Other: 0.1ms
[2025-06-12T20:47:09.162+0530][159586.150s][info][gc,heap        ] GC(125) Eden regions: 13->0(13)
[2025-06-12T20:47:09.162+0530][159586.150s][info][gc,heap        ] GC(125) Survivor regions: 1->1(2)
[2025-06-12T20:47:09.162+0530][159586.150s][info][gc,heap        ] GC(125) Old regions: 6->7
[2025-06-12T20:47:09.162+0530][159586.150s][info][gc,heap        ] GC(125) Humongous regions: 0->0
[2025-06-12T20:47:09.162+0530][159586.150s][info][gc,metaspace   ] GC(125) Metaspace: 66052K(67008K)->66052K(67008K) NonClass: 58287K(58816K)->58287K(58816K) Class: 7764K(8192K)->7764K(8192K)
[2025-06-12T20:47:09.162+0530][159586.150s][info][gc             ] GC(125) Pause Young (Prepare Mixed) (G1 Evacuation Pause) 73M->21M(96M) 1.524ms
[2025-06-12T20:47:09.162+0530][159586.151s][info][gc,cpu         ] GC(125) User=0.00s Sys=0.00s Real=0.00s
[2025-06-12T21:14:03.783+0530][161200.774s][info][gc,start       ] GC(126) Pause Young (Mixed) (G1 Evacuation Pause)
[2025-06-12T21:14:03.783+0530][161200.775s][info][gc,task        ] GC(126) Using 8 workers of 13 for evacuation
[2025-06-12T21:14:03.784+0530][161200.776s][info][gc,phases      ] GC(126)   Pre Evacuate Collection Set: 0.1ms
[2025-06-12T21:14:03.784+0530][161200.776s][info][gc,phases      ] GC(126)   Merge Heap Roots: 0.1ms
[2025-06-12T21:14:03.784+0530][161200.776s][info][gc,phases      ] GC(126)   Evacuate Collection Set: 0.8ms
[2025-06-12T21:14:03.784+0530][161200.776s][info][gc,phases      ] GC(126)   Post Evacuate Collection Set: 0.3ms
[2025-06-12T21:14:03.784+0530][161200.776s][info][gc,phases      ] GC(126)   Other: 0.1ms
[2025-06-12T21:14:03.784+0530][161200.776s][info][gc,heap        ] GC(126) Eden regions: 13->0(13)
[2025-06-12T21:14:03.784+0530][161200.776s][info][gc,heap        ] GC(126) Survivor regions: 1->1(2)
[2025-06-12T21:14:03.784+0530][161200.776s][info][gc,heap        ] GC(126) Old regions: 7->6
[2025-06-12T21:14:03.784+0530][161200.776s][info][gc,heap        ] GC(126) Humongous regions: 0->0
[2025-06-12T21:14:03.784+0530][161200.776s][info][gc,metaspace   ] GC(126) Metaspace: 66052K(67008K)->66052K(67008K) NonClass: 58287K(58816K)->58287K(58816K) Class: 7764K(8192K)->7764K(8192K)
[2025-06-12T21:14:03.784+0530][161200.776s][info][gc             ] GC(126) Pause Young (Mixed) (G1 Evacuation Pause) 73M->21M(96M) 1.610ms
[2025-06-12T21:14:03.784+0530][161200.776s][info][gc,cpu         ] GC(126) User=0.00s Sys=0.00s Real=0.00s
[2025-06-12T21:40:57.587+0530][162814.614s][info][gc,start       ] GC(127) Pause Young (Concurrent Start) (G1 Evacuation Pause)
[2025-06-12T21:40:57.588+0530][162814.614s][info][gc,task        ] GC(127) Using 8 workers of 13 for evacuation
[2025-06-12T21:40:57.590+0530][162814.616s][info][gc,phases      ] GC(127)   Pre Evacuate Collection Set: 0.6ms
[2025-06-12T21:40:57.590+0530][162814.616s][info][gc,phases      ] GC(127)   Merge Heap Roots: 0.2ms
[2025-06-12T21:40:57.590+0530][162814.616s][info][gc,phases      ] GC(127)   Evacuate Collection Set: 0.8ms
[2025-06-12T21:40:57.590+0530][162814.616s][info][gc,phases      ] GC(127)   Post Evacuate Collection Set: 0.3ms
[2025-06-12T21:40:57.590+0530][162814.616s][info][gc,phases      ] GC(127)   Other: 0.2ms
[2025-06-12T21:40:57.590+0530][162814.616s][info][gc,heap        ] GC(127) Eden regions: 13->0(13)
[2025-06-12T21:40:57.590+0530][162814.616s][info][gc,heap        ] GC(127) Survivor regions: 1->1(2)
[2025-06-12T21:40:57.590+0530][162814.616s][info][gc,heap        ] GC(127) Old regions: 6->6
[2025-06-12T21:40:57.590+0530][162814.616s][info][gc,heap        ] GC(127) Humongous regions: 0->0
[2025-06-12T21:40:57.590+0530][162814.616s][info][gc,metaspace   ] GC(127) Metaspace: 66052K(67008K)->66052K(67008K) NonClass: 58287K(58816K)->58287K(58816K) Class: 7764K(8192K)->7764K(8192K)
[2025-06-12T21:40:57.590+0530][162814.616s][info][gc             ] GC(127) Pause Young (Concurrent Start) (G1 Evacuation Pause) 73M->21M(96M) 2.329ms
[2025-06-12T21:40:57.590+0530][162814.616s][info][gc,cpu         ] GC(127) User=0.00s Sys=0.00s Real=0.00s
[2025-06-12T21:40:57.590+0530][162814.616s][info][gc             ] GC(128) Concurrent Mark Cycle
[2025-06-12T21:40:57.590+0530][162814.616s][info][gc,marking     ] GC(128) Concurrent Scan Root Regions
[2025-06-12T21:40:57.590+0530][162814.617s][info][gc,marking     ] GC(128) Concurrent Scan Root Regions 0.743ms
[2025-06-12T21:40:57.590+0530][162814.617s][info][gc,marking     ] GC(128) Concurrent Mark
[2025-06-12T21:40:57.590+0530][162814.617s][info][gc,marking     ] GC(128) Concurrent Mark From Roots
[2025-06-12T21:40:57.590+0530][162814.617s][info][gc,task        ] GC(128) Using 3 workers of 3 for marking
[2025-06-12T21:40:57.600+0530][162814.627s][info][gc,marking     ] GC(128) Concurrent Mark From Roots 9.790ms
[2025-06-12T21:40:57.601+0530][162814.627s][info][gc,marking     ] GC(128) Concurrent Preclean
[2025-06-12T21:40:57.601+0530][162814.627s][info][gc,marking     ] GC(128) Concurrent Preclean 0.147ms
[2025-06-12T21:40:57.601+0530][162814.627s][info][gc,start       ] GC(128) Pause Remark
[2025-06-12T21:40:57.607+0530][162814.634s][info][gc             ] GC(128) Pause Remark 21M->21M(96M) 6.335ms
[2025-06-12T21:40:57.607+0530][162814.634s][info][gc,cpu         ] GC(128) User=0.03s Sys=0.00s Real=0.01s
[2025-06-12T21:40:57.607+0530][162814.634s][info][gc,marking     ] GC(128) Concurrent Mark 16.506ms
[2025-06-12T21:40:57.607+0530][162814.634s][info][gc,marking     ] GC(128) Concurrent Rebuild Remembered Sets and Scrub Regions
[2025-06-12T21:40:57.610+0530][162814.637s][info][gc,marking     ] GC(128) Concurrent Rebuild Remembered Sets and Scrub Regions 2.867ms
[2025-06-12T21:40:57.610+0530][162814.637s][info][gc,start       ] GC(128) Pause Cleanup
[2025-06-12T21:40:57.610+0530][162814.637s][info][gc             ] GC(128) Pause Cleanup 21M->21M(96M) 0.079ms
[2025-06-12T21:40:57.610+0530][162814.637s][info][gc,cpu         ] GC(128) User=0.00s Sys=0.00s Real=0.00s
[2025-06-12T21:40:57.610+0530][162814.637s][info][gc,marking     ] GC(128) Concurrent Clear Claimed Marks
[2025-06-12T21:40:57.610+0530][162814.637s][info][gc,marking     ] GC(128) Concurrent Clear Claimed Marks 0.062ms
[2025-06-12T21:40:57.610+0530][162814.637s][info][gc,marking     ] GC(128) Concurrent Cleanup for Next Mark
[2025-06-12T21:40:57.610+0530][162814.637s][info][gc,marking     ] GC(128) Concurrent Cleanup for Next Mark 0.274ms
[2025-06-12T21:40:57.610+0530][162814.637s][info][gc             ] GC(128) Concurrent Mark Cycle 20.814ms
[2025-06-12T22:07:51.220+0530][164428.268s][info][gc,start       ] GC(129) Pause Young (Prepare Mixed) (G1 Evacuation Pause)
[2025-06-12T22:07:51.220+0530][164428.269s][info][gc,task        ] GC(129) Using 8 workers of 13 for evacuation
[2025-06-12T22:07:51.221+0530][164428.270s][info][gc,phases      ] GC(129)   Pre Evacuate Collection Set: 0.2ms
[2025-06-12T22:07:51.221+0530][164428.270s][info][gc,phases      ] GC(129)   Merge Heap Roots: 0.1ms
[2025-06-12T22:07:51.221+0530][164428.270s][info][gc,phases      ] GC(129)   Evacuate Collection Set: 0.3ms
[2025-06-12T22:07:51.221+0530][164428.270s][info][gc,phases      ] GC(129)   Post Evacuate Collection Set: 0.3ms
[2025-06-12T22:07:51.221+0530][164428.270s][info][gc,phases      ] GC(129)   Other: 0.1ms
[2025-06-12T22:07:51.221+0530][164428.270s][info][gc,heap        ] GC(129) Eden regions: 13->0(13)
[2025-06-12T22:07:51.221+0530][164428.270s][info][gc,heap        ] GC(129) Survivor regions: 1->1(2)
[2025-06-12T22:07:51.221+0530][164428.270s][info][gc,heap        ] GC(129) Old regions: 6->7
[2025-06-12T22:07:51.221+0530][164428.270s][info][gc,heap        ] GC(129) Humongous regions: 0->0
[2025-06-12T22:07:51.221+0530][164428.270s][info][gc,metaspace   ] GC(129) Metaspace: 66048K(67008K)->66048K(67008K) NonClass: 58285K(58816K)->58285K(58816K) Class: 7763K(8192K)->7763K(8192K)
[2025-06-12T22:07:51.221+0530][164428.270s][info][gc             ] GC(129) Pause Young (Prepare Mixed) (G1 Evacuation Pause) 73M->21M(96M) 1.308ms
[2025-06-12T22:07:51.221+0530][164428.270s][info][gc,cpu         ] GC(129) User=0.00s Sys=0.00s Real=0.00s
[2025-06-12T22:34:57.433+0530][166054.496s][info][gc,start       ] GC(130) Pause Young (Mixed) (G1 Evacuation Pause)
[2025-06-12T22:34:57.433+0530][166054.496s][info][gc,task        ] GC(130) Using 8 workers of 13 for evacuation
[2025-06-12T22:34:57.434+0530][166054.497s][info][gc,phases      ] GC(130)   Pre Evacuate Collection Set: 0.3ms
[2025-06-12T22:34:57.434+0530][166054.497s][info][gc,phases      ] GC(130)   Merge Heap Roots: 0.2ms
[2025-06-12T22:34:57.434+0530][166054.497s][info][gc,phases      ] GC(130)   Evacuate Collection Set: 0.6ms
[2025-06-12T22:34:57.434+0530][166054.497s][info][gc,phases      ] GC(130)   Post Evacuate Collection Set: 0.3ms
[2025-06-12T22:34:57.434+0530][166054.497s][info][gc,phases      ] GC(130)   Other: 0.1ms
[2025-06-12T22:34:57.434+0530][166054.497s][info][gc,heap        ] GC(130) Eden regions: 13->0(13)
[2025-06-12T22:34:57.434+0530][166054.497s][info][gc,heap        ] GC(130) Survivor regions: 1->1(2)
[2025-06-12T22:34:57.434+0530][166054.497s][info][gc,heap        ] GC(130) Old regions: 7->6
[2025-06-12T22:34:57.434+0530][166054.497s][info][gc,heap        ] GC(130) Humongous regions: 0->0
[2025-06-12T22:34:57.434+0530][166054.497s][info][gc,metaspace   ] GC(130) Metaspace: 66048K(67008K)->66048K(67008K) NonClass: 58285K(58816K)->58285K(58816K) Class: 7763K(8192K)->7763K(8192K)
[2025-06-12T22:34:57.434+0530][166054.497s][info][gc             ] GC(130) Pause Young (Mixed) (G1 Evacuation Pause) 73M->21M(96M) 1.656ms
[2025-06-12T22:34:57.434+0530][166054.497s][info][gc,cpu         ] GC(130) User=0.00s Sys=0.00s Real=0.00s
[2025-06-12T23:01:48.656+0530][167665.728s][info][gc,start       ] GC(131) Pause Young (Concurrent Start) (G1 Evacuation Pause)
[2025-06-12T23:01:48.656+0530][167665.728s][info][gc,task        ] GC(131) Using 8 workers of 13 for evacuation
[2025-06-12T23:01:48.658+0530][167665.730s][info][gc,phases      ] GC(131)   Pre Evacuate Collection Set: 0.5ms
[2025-06-12T23:01:48.658+0530][167665.730s][info][gc,phases      ] GC(131)   Merge Heap Roots: 0.1ms
[2025-06-12T23:01:48.658+0530][167665.730s][info][gc,phases      ] GC(131)   Evacuate Collection Set: 0.9ms
[2025-06-12T23:01:48.658+0530][167665.730s][info][gc,phases      ] GC(131)   Post Evacuate Collection Set: 0.3ms
[2025-06-12T23:01:48.658+0530][167665.730s][info][gc,phases      ] GC(131)   Other: 0.2ms
[2025-06-12T23:01:48.658+0530][167665.730s][info][gc,heap        ] GC(131) Eden regions: 13->0(13)
[2025-06-12T23:01:48.658+0530][167665.730s][info][gc,heap        ] GC(131) Survivor regions: 1->1(2)
[2025-06-12T23:01:48.658+0530][167665.730s][info][gc,heap        ] GC(131) Old regions: 6->6
[2025-06-12T23:01:48.658+0530][167665.730s][info][gc,heap        ] GC(131) Humongous regions: 0->0
[2025-06-12T23:01:48.658+0530][167665.730s][info][gc,metaspace   ] GC(131) Metaspace: 66048K(67008K)->66048K(67008K) NonClass: 58285K(58816K)->58285K(58816K) Class: 7763K(8192K)->7763K(8192K)
[2025-06-12T23:01:48.658+0530][167665.730s][info][gc             ] GC(131) Pause Young (Concurrent Start) (G1 Evacuation Pause) 73M->21M(96M) 2.249ms
[2025-06-12T23:01:48.658+0530][167665.730s][info][gc,cpu         ] GC(131) User=0.00s Sys=0.00s Real=0.00s
[2025-06-12T23:01:48.658+0530][167665.730s][info][gc             ] GC(132) Concurrent Mark Cycle
[2025-06-12T23:01:48.658+0530][167665.730s][info][gc,marking     ] GC(132) Concurrent Scan Root Regions
[2025-06-12T23:01:48.660+0530][167665.731s][info][gc,marking     ] GC(132) Concurrent Scan Root Regions 1.372ms
[2025-06-12T23:01:48.660+0530][167665.731s][info][gc,marking     ] GC(132) Concurrent Mark
[2025-06-12T23:01:48.660+0530][167665.731s][info][gc,marking     ] GC(132) Concurrent Mark From Roots
[2025-06-12T23:01:48.660+0530][167665.731s][info][gc,task        ] GC(132) Using 3 workers of 3 for marking
[2025-06-12T23:01:48.670+0530][167665.742s][info][gc,marking     ] GC(132) Concurrent Mark From Roots 10.479ms
[2025-06-12T23:01:48.670+0530][167665.742s][info][gc,marking     ] GC(132) Concurrent Preclean
[2025-06-12T23:01:48.670+0530][167665.742s][info][gc,marking     ] GC(132) Concurrent Preclean 0.166ms
[2025-06-12T23:01:48.670+0530][167665.742s][info][gc,start       ] GC(132) Pause Remark
[2025-06-12T23:01:48.673+0530][167665.744s][info][gc             ] GC(132) Pause Remark 21M->21M(96M) 2.270ms
[2025-06-12T23:01:48.673+0530][167665.744s][info][gc,cpu         ] GC(132) User=0.00s Sys=0.00s Real=0.00s
[2025-06-12T23:01:48.673+0530][167665.744s][info][gc,marking     ] GC(132) Concurrent Mark 13.122ms
[2025-06-12T23:01:48.673+0530][167665.744s][info][gc,marking     ] GC(132) Concurrent Rebuild Remembered Sets and Scrub Regions
[2025-06-12T23:01:48.676+0530][167665.748s][info][gc,marking     ] GC(132) Concurrent Rebuild Remembered Sets and Scrub Regions 3.281ms
[2025-06-12T23:01:48.687+0530][167665.758s][info][gc,start       ] GC(132) Pause Cleanup
[2025-06-12T23:01:48.687+0530][167665.758s][info][gc             ] GC(132) Pause Cleanup 21M->21M(96M) 0.148ms
[2025-06-12T23:01:48.687+0530][167665.758s][info][gc,cpu         ] GC(132) User=0.00s Sys=0.00s Real=0.00s
[2025-06-12T23:01:48.687+0530][167665.758s][info][gc,marking     ] GC(132) Concurrent Clear Claimed Marks
[2025-06-12T23:01:48.687+0530][167665.758s][info][gc,marking     ] GC(132) Concurrent Clear Claimed Marks 0.070ms
[2025-06-12T23:01:48.687+0530][167665.758s][info][gc,marking     ] GC(132) Concurrent Cleanup for Next Mark
[2025-06-12T23:01:48.687+0530][167665.759s][info][gc,marking     ] GC(132) Concurrent Cleanup for Next Mark 0.353ms
[2025-06-12T23:01:48.687+0530][167665.759s][info][gc             ] GC(132) Concurrent Mark Cycle 28.986ms
[2025-06-12T23:28:39.960+0530][169277.037s][info][gc,start       ] GC(133) Pause Young (Prepare Mixed) (G1 Evacuation Pause)
[2025-06-12T23:28:39.960+0530][169277.038s][info][gc,task        ] GC(133) Using 8 workers of 13 for evacuation
[2025-06-12T23:28:39.960+0530][169277.039s][info][gc,phases      ] GC(133)   Pre Evacuate Collection Set: 0.3ms
[2025-06-12T23:28:39.960+0530][169277.039s][info][gc,phases      ] GC(133)   Merge Heap Roots: 0.1ms
[2025-06-12T23:28:39.960+0530][169277.039s][info][gc,phases      ] GC(133)   Evacuate Collection Set: 0.4ms
[2025-06-12T23:28:39.960+0530][169277.039s][info][gc,phases      ] GC(133)   Post Evacuate Collection Set: 0.3ms
[2025-06-12T23:28:39.960+0530][169277.039s][info][gc,phases      ] GC(133)   Other: 0.1ms
[2025-06-12T23:28:39.960+0530][169277.039s][info][gc,heap        ] GC(133) Eden regions: 13->0(13)
[2025-06-12T23:28:39.960+0530][169277.039s][info][gc,heap        ] GC(133) Survivor regions: 1->1(2)
[2025-06-12T23:28:39.960+0530][169277.039s][info][gc,heap        ] GC(133) Old regions: 6->7
[2025-06-12T23:28:39.960+0530][169277.039s][info][gc,heap        ] GC(133) Humongous regions: 0->0
[2025-06-12T23:28:39.960+0530][169277.039s][info][gc,metaspace   ] GC(133) Metaspace: 66053K(67008K)->66053K(67008K) NonClass: 58289K(58816K)->58289K(58816K) Class: 7763K(8192K)->7763K(8192K)
[2025-06-12T23:28:39.960+0530][169277.039s][info][gc             ] GC(133) Pause Young (Prepare Mixed) (G1 Evacuation Pause) 73M->21M(96M) 1.651ms
[2025-06-12T23:28:39.960+0530][169277.039s][info][gc,cpu         ] GC(133) User=0.00s Sys=0.00s Real=0.00s
[2025-06-12T23:55:34.546+0530][170891.629s][info][gc,start       ] GC(134) Pause Young (Mixed) (G1 Evacuation Pause)
[2025-06-12T23:55:34.546+0530][170891.629s][info][gc,task        ] GC(134) Using 8 workers of 13 for evacuation
[2025-06-12T23:55:34.552+0530][170891.634s][info][gc,phases      ] GC(134)   Pre Evacuate Collection Set: 0.4ms
[2025-06-12T23:55:34.552+0530][170891.634s][info][gc,phases      ] GC(134)   Merge Heap Roots: 0.1ms
[2025-06-12T23:55:34.552+0530][170891.634s][info][gc,phases      ] GC(134)   Evacuate Collection Set: 4.7ms
[2025-06-12T23:55:34.552+0530][170891.634s][info][gc,phases      ] GC(134)   Post Evacuate Collection Set: 0.3ms
[2025-06-12T23:55:34.552+0530][170891.634s][info][gc,phases      ] GC(134)   Other: 0.2ms
[2025-06-12T23:55:34.552+0530][170891.635s][info][gc,heap        ] GC(134) Eden regions: 13->0(13)
[2025-06-12T23:55:34.552+0530][170891.635s][info][gc,heap        ] GC(134) Survivor regions: 1->1(2)
[2025-06-12T23:55:34.552+0530][170891.635s][info][gc,heap        ] GC(134) Old regions: 7->6
[2025-06-12T23:55:34.552+0530][170891.635s][info][gc,heap        ] GC(134) Humongous regions: 0->0
[2025-06-12T23:55:34.552+0530][170891.635s][info][gc,metaspace   ] GC(134) Metaspace: 66053K(67008K)->66053K(67008K) NonClass: 58289K(58816K)->58289K(58816K) Class: 7763K(8192K)->7763K(8192K)
[2025-06-12T23:55:34.552+0530][170891.635s][info][gc             ] GC(134) Pause Young (Mixed) (G1 Evacuation Pause) 73M->21M(96M) 6.078ms
[2025-06-12T23:55:34.552+0530][170891.635s][info][gc,cpu         ] GC(134) User=0.00s Sys=0.02s Real=0.01s
[2025-06-13T00:22:29.617+0530][172506.702s][info][gc,start       ] GC(135) Pause Young (Concurrent Start) (G1 Evacuation Pause)
[2025-06-13T00:22:29.617+0530][172506.703s][info][gc,task        ] GC(135) Using 8 workers of 13 for evacuation
[2025-06-13T00:22:29.638+0530][172506.723s][info][gc,phases      ] GC(135)   Pre Evacuate Collection Set: 1.9ms
[2025-06-13T00:22:29.638+0530][172506.723s][info][gc,phases      ] GC(135)   Merge Heap Roots: 0.1ms
[2025-06-13T00:22:29.638+0530][172506.723s][info][gc,phases      ] GC(135)   Evacuate Collection Set: 17.5ms
[2025-06-13T00:22:29.638+0530][172506.723s][info][gc,phases      ] GC(135)   Post Evacuate Collection Set: 0.8ms
[2025-06-13T00:22:29.638+0530][172506.723s][info][gc,phases      ] GC(135)   Other: 0.1ms
[2025-06-13T00:22:29.638+0530][172506.723s][info][gc,heap        ] GC(135) Eden regions: 13->0(13)
[2025-06-13T00:22:29.638+0530][172506.723s][info][gc,heap        ] GC(135) Survivor regions: 1->1(2)
[2025-06-13T00:22:29.638+0530][172506.723s][info][gc,heap        ] GC(135) Old regions: 6->6
[2025-06-13T00:22:29.638+0530][172506.723s][info][gc,heap        ] GC(135) Humongous regions: 0->0
[2025-06-13T00:22:29.638+0530][172506.723s][info][gc,metaspace   ] GC(135) Metaspace: 66053K(67008K)->66053K(67008K) NonClass: 58289K(58816K)->58289K(58816K) Class: 7763K(8192K)->7763K(8192K)
[2025-06-13T00:22:29.638+0530][172506.723s][info][gc             ] GC(135) Pause Young (Concurrent Start) (G1 Evacuation Pause) 73M->21M(96M) 21.040ms
[2025-06-13T00:22:29.638+0530][172506.724s][info][gc,cpu         ] GC(135) User=0.00s Sys=0.00s Real=0.02s
[2025-06-13T00:22:29.638+0530][172506.724s][info][gc             ] GC(136) Concurrent Mark Cycle
[2025-06-13T00:22:29.638+0530][172506.724s][info][gc,marking     ] GC(136) Concurrent Scan Root Regions
[2025-06-13T00:22:29.653+0530][172506.739s][info][gc,marking     ] GC(136) Concurrent Scan Root Regions 15.249ms
[2025-06-13T00:22:29.653+0530][172506.739s][info][gc,marking     ] GC(136) Concurrent Mark
[2025-06-13T00:22:29.653+0530][172506.739s][info][gc,marking     ] GC(136) Concurrent Mark From Roots
[2025-06-13T00:22:29.653+0530][172506.739s][info][gc,task        ] GC(136) Using 3 workers of 3 for marking
[2025-06-13T00:22:29.680+0530][172506.766s][info][gc,marking     ] GC(136) Concurrent Mark From Roots 26.714ms
[2025-06-13T00:22:29.680+0530][172506.766s][info][gc,marking     ] GC(136) Concurrent Preclean
[2025-06-13T00:22:29.681+0530][172506.766s][info][gc,marking     ] GC(136) Concurrent Preclean 0.267ms
[2025-06-13T00:22:29.681+0530][172506.766s][info][gc,start       ] GC(136) Pause Remark
[2025-06-13T00:22:29.717+0530][172506.803s][info][gc             ] GC(136) Pause Remark 21M->21M(96M) 36.846ms
[2025-06-13T00:22:29.717+0530][172506.803s][info][gc,cpu         ] GC(136) User=0.02s Sys=0.02s Real=0.04s
[2025-06-13T00:22:29.717+0530][172506.803s][info][gc,marking     ] GC(136) Concurrent Mark 64.076ms
[2025-06-13T00:22:29.717+0530][172506.803s][info][gc,marking     ] GC(136) Concurrent Rebuild Remembered Sets and Scrub Regions
[2025-06-13T00:22:29.722+0530][172506.807s][info][gc,marking     ] GC(136) Concurrent Rebuild Remembered Sets and Scrub Regions 3.929ms
[2025-06-13T00:22:29.722+0530][172506.807s][info][gc,start       ] GC(136) Pause Cleanup
[2025-06-13T00:22:29.722+0530][172506.808s][info][gc             ] GC(136) Pause Cleanup 21M->21M(96M) 0.680ms
[2025-06-13T00:22:29.722+0530][172506.808s][info][gc,cpu         ] GC(136) User=0.00s Sys=0.00s Real=0.00s
[2025-06-13T00:22:29.722+0530][172506.808s][info][gc,marking     ] GC(136) Concurrent Clear Claimed Marks
[2025-06-13T00:22:29.722+0530][172506.808s][info][gc,marking     ] GC(136) Concurrent Clear Claimed Marks 0.063ms
[2025-06-13T00:22:29.722+0530][172506.808s][info][gc,marking     ] GC(136) Concurrent Cleanup for Next Mark
[2025-06-13T00:22:29.722+0530][172506.809s][info][gc,marking     ] GC(136) Concurrent Cleanup for Next Mark 0.345ms
[2025-06-13T00:22:29.722+0530][172506.809s][info][gc             ] GC(136) Concurrent Mark Cycle 84.660ms
[2025-06-13T00:49:33.885+0530][174130.973s][info][gc,start       ] GC(137) Pause Young (Prepare Mixed) (G1 Evacuation Pause)
[2025-06-13T00:49:33.885+0530][174130.974s][info][gc,task        ] GC(137) Using 8 workers of 13 for evacuation
[2025-06-13T00:49:33.887+0530][174130.976s][info][gc,phases      ] GC(137)   Pre Evacuate Collection Set: 1.2ms
[2025-06-13T00:49:33.887+0530][174130.976s][info][gc,phases      ] GC(137)   Merge Heap Roots: 0.1ms
[2025-06-13T00:49:33.887+0530][174130.976s][info][gc,phases      ] GC(137)   Evacuate Collection Set: 0.6ms
[2025-06-13T00:49:33.887+0530][174130.976s][info][gc,phases      ] GC(137)   Post Evacuate Collection Set: 0.3ms
[2025-06-13T00:49:33.887+0530][174130.976s][info][gc,phases      ] GC(137)   Other: 0.1ms
[2025-06-13T00:49:33.887+0530][174130.976s][info][gc,heap        ] GC(137) Eden regions: 13->0(13)
[2025-06-13T00:49:33.887+0530][174130.976s][info][gc,heap        ] GC(137) Survivor regions: 1->1(2)
[2025-06-13T00:49:33.888+0530][174130.976s][info][gc,heap        ] GC(137) Old regions: 6->6
[2025-06-13T00:49:33.888+0530][174130.976s][info][gc,heap        ] GC(137) Humongous regions: 0->0
[2025-06-13T00:49:33.888+0530][174130.976s][info][gc,metaspace   ] GC(137) Metaspace: 66053K(67008K)->66053K(67008K) NonClass: 58289K(58816K)->58289K(58816K) Class: 7763K(8192K)->7763K(8192K)
[2025-06-13T00:49:33.888+0530][174130.976s][info][gc             ] GC(137) Pause Young (Prepare Mixed) (G1 Evacuation Pause) 73M->21M(96M) 2.761ms
[2025-06-13T00:49:33.888+0530][174130.976s][info][gc,cpu         ] GC(137) User=0.00s Sys=0.00s Real=0.00s
[2025-06-13T01:16:30.882+0530][175747.974s][info][gc,start       ] GC(138) Pause Young (Mixed) (G1 Evacuation Pause)
[2025-06-13T01:16:30.882+0530][175747.974s][info][gc,task        ] GC(138) Using 8 workers of 13 for evacuation
[2025-06-13T01:16:30.898+0530][175747.989s][info][gc,phases      ] GC(138)   Pre Evacuate Collection Set: 0.3ms
[2025-06-13T01:16:30.898+0530][175747.989s][info][gc,phases      ] GC(138)   Merge Heap Roots: 0.1ms
[2025-06-13T01:16:30.898+0530][175747.989s][info][gc,phases      ] GC(138)   Evacuate Collection Set: 1.6ms
[2025-06-13T01:16:30.898+0530][175747.989s][info][gc,phases      ] GC(138)   Post Evacuate Collection Set: 0.7ms
[2025-06-13T01:16:30.898+0530][175747.989s][info][gc,phases      ] GC(138)   Other: 12.8ms
[2025-06-13T01:16:30.898+0530][175747.989s][info][gc,heap        ] GC(138) Eden regions: 13->0(13)
[2025-06-13T01:16:30.898+0530][175747.989s][info][gc,heap        ] GC(138) Survivor regions: 1->1(2)
[2025-06-13T01:16:30.898+0530][175747.989s][info][gc,heap        ] GC(138) Old regions: 6->6
[2025-06-13T01:16:30.898+0530][175747.989s][info][gc,heap        ] GC(138) Humongous regions: 0->0
[2025-06-13T01:16:30.898+0530][175747.989s][info][gc,metaspace   ] GC(138) Metaspace: 66053K(67008K)->66053K(67008K) NonClass: 58289K(58816K)->58289K(58816K) Class: 7763K(8192K)->7763K(8192K)
[2025-06-13T01:16:30.898+0530][175747.990s][info][gc             ] GC(138) Pause Young (Mixed) (G1 Evacuation Pause) 73M->21M(96M) 16.215ms
[2025-06-13T01:16:30.898+0530][175747.990s][info][gc,cpu         ] GC(138) User=0.00s Sys=0.00s Real=0.02s
[2025-06-13T12:09:39.790+0530][214941.138s][info][gc,start       ] GC(139) Pause Young (Concurrent Start) (G1 Evacuation Pause)
[2025-06-13T12:09:39.790+0530][214941.139s][info][gc,task        ] GC(139) Using 8 workers of 13 for evacuation
[2025-06-13T12:09:39.802+0530][214941.151s][info][gc,phases      ] GC(139)   Pre Evacuate Collection Set: 0.7ms
[2025-06-13T12:09:39.802+0530][214941.152s][info][gc,phases      ] GC(139)   Merge Heap Roots: 0.1ms
[2025-06-13T12:09:39.802+0530][214941.152s][info][gc,phases      ] GC(139)   Evacuate Collection Set: 11.6ms
[2025-06-13T12:09:39.802+0530][214941.152s][info][gc,phases      ] GC(139)   Post Evacuate Collection Set: 0.4ms
[2025-06-13T12:09:39.802+0530][214941.152s][info][gc,phases      ] GC(139)   Other: 0.2ms
[2025-06-13T12:09:39.802+0530][214941.152s][info][gc,heap        ] GC(139) Eden regions: 13->0(13)
[2025-06-13T12:09:39.802+0530][214941.152s][info][gc,heap        ] GC(139) Survivor regions: 1->1(2)
[2025-06-13T12:09:39.802+0530][214941.152s][info][gc,heap        ] GC(139) Old regions: 6->6
[2025-06-13T12:09:39.802+0530][214941.152s][info][gc,heap        ] GC(139) Humongous regions: 0->0
[2025-06-13T12:09:39.802+0530][214941.152s][info][gc,metaspace   ] GC(139) Metaspace: 66053K(67008K)->66053K(67008K) NonClass: 58289K(58816K)->58289K(58816K) Class: 7763K(8192K)->7763K(8192K)
[2025-06-13T12:09:39.802+0530][214941.152s][info][gc             ] GC(139) Pause Young (Concurrent Start) (G1 Evacuation Pause) 73M->21M(96M) 13.233ms
[2025-06-13T12:09:39.802+0530][214941.152s][info][gc,cpu         ] GC(139) User=0.00s Sys=0.00s Real=0.01s
[2025-06-13T12:09:39.802+0530][214941.152s][info][gc             ] GC(140) Concurrent Mark Cycle
[2025-06-13T12:09:39.803+0530][214941.152s][info][gc,marking     ] GC(140) Concurrent Scan Root Regions
[2025-06-13T12:09:39.810+0530][214941.160s][info][gc,marking     ] GC(140) Concurrent Scan Root Regions 7.921ms
[2025-06-13T12:09:39.810+0530][214941.160s][info][gc,marking     ] GC(140) Concurrent Mark
[2025-06-13T12:09:39.810+0530][214941.160s][info][gc,marking     ] GC(140) Concurrent Mark From Roots
[2025-06-13T12:09:39.810+0530][214941.160s][info][gc,task        ] GC(140) Using 3 workers of 3 for marking
[2025-06-13T12:09:39.832+0530][214941.181s][info][gc,marking     ] GC(140) Concurrent Mark From Roots 21.333ms
[2025-06-13T12:09:39.832+0530][214941.181s][info][gc,marking     ] GC(140) Concurrent Preclean
[2025-06-13T12:09:39.833+0530][214941.181s][info][gc,marking     ] GC(140) Concurrent Preclean 0.212ms
[2025-06-13T12:09:39.833+0530][214941.181s][info][gc,start       ] GC(140) Pause Remark
[2025-06-13T12:09:39.965+0530][214941.314s][info][gc             ] GC(140) Pause Remark 21M->21M(96M) 132.695ms
[2025-06-13T12:09:39.965+0530][214941.314s][info][gc,cpu         ] GC(140) User=0.00s Sys=0.03s Real=0.13s
[2025-06-13T12:09:39.965+0530][214941.314s][info][gc,marking     ] GC(140) Concurrent Mark 154.499ms
[2025-06-13T12:09:39.965+0530][214941.314s][info][gc,marking     ] GC(140) Concurrent Rebuild Remembered Sets and Scrub Regions
[2025-06-13T12:09:39.970+0530][214941.319s][info][gc,marking     ] GC(140) Concurrent Rebuild Remembered Sets and Scrub Regions 4.687ms
[2025-06-13T12:09:39.977+0530][214941.326s][info][gc,start       ] GC(140) Pause Cleanup
[2025-06-13T12:09:39.977+0530][214941.326s][info][gc             ] GC(140) Pause Cleanup 21M->21M(96M) 0.194ms
[2025-06-13T12:09:39.977+0530][214941.326s][info][gc,cpu         ] GC(140) User=0.00s Sys=0.00s Real=0.00s
[2025-06-13T12:09:39.977+0530][214941.326s][info][gc,marking     ] GC(140) Concurrent Clear Claimed Marks
[2025-06-13T12:09:39.977+0530][214941.326s][info][gc,marking     ] GC(140) Concurrent Clear Claimed Marks 0.067ms
[2025-06-13T12:09:39.977+0530][214941.326s][info][gc,marking     ] GC(140) Concurrent Cleanup for Next Mark
[2025-06-13T12:09:39.977+0530][214941.327s][info][gc,marking     ] GC(140) Concurrent Cleanup for Next Mark 0.348ms
[2025-06-13T12:09:39.977+0530][214941.327s][info][gc             ] GC(140) Concurrent Mark Cycle 174.914ms
[2025-06-13T12:36:37.369+0530][216559.076s][info][gc,start       ] GC(141) Pause Young (Prepare Mixed) (G1 Evacuation Pause)
[2025-06-13T12:36:37.369+0530][216559.076s][info][gc,task        ] GC(141) Using 8 workers of 13 for evacuation
[2025-06-13T12:36:37.370+0530][216559.077s][info][gc,phases      ] GC(141)   Pre Evacuate Collection Set: 0.2ms
[2025-06-13T12:36:37.370+0530][216559.077s][info][gc,phases      ] GC(141)   Merge Heap Roots: 0.1ms
[2025-06-13T12:36:37.370+0530][216559.077s][info][gc,phases      ] GC(141)   Evacuate Collection Set: 0.4ms
[2025-06-13T12:36:37.370+0530][216559.077s][info][gc,phases      ] GC(141)   Post Evacuate Collection Set: 0.3ms
[2025-06-13T12:36:37.370+0530][216559.077s][info][gc,phases      ] GC(141)   Other: 0.1ms
[2025-06-13T12:36:37.370+0530][216559.077s][info][gc,heap        ] GC(141) Eden regions: 13->0(13)
[2025-06-13T12:36:37.370+0530][216559.077s][info][gc,heap        ] GC(141) Survivor regions: 1->1(2)
[2025-06-13T12:36:37.370+0530][216559.077s][info][gc,heap        ] GC(141) Old regions: 6->6
[2025-06-13T12:36:37.370+0530][216559.077s][info][gc,heap        ] GC(141) Humongous regions: 0->0
[2025-06-13T12:36:37.370+0530][216559.077s][info][gc,metaspace   ] GC(141) Metaspace: 66052K(67008K)->66052K(67008K) NonClass: 58288K(58816K)->58288K(58816K) Class: 7763K(8192K)->7763K(8192K)
[2025-06-13T12:36:37.370+0530][216559.077s][info][gc             ] GC(141) Pause Young (Prepare Mixed) (G1 Evacuation Pause) 73M->21M(96M) 1.522ms
[2025-06-13T12:36:37.370+0530][216559.077s][info][gc,cpu         ] GC(141) User=0.00s Sys=0.00s Real=0.00s
[2025-06-13T13:03:35.069+0530][218177.003s][info][gc,start       ] GC(142) Pause Young (Mixed) (G1 Evacuation Pause)
[2025-06-13T13:03:35.069+0530][218177.003s][info][gc,task        ] GC(142) Using 8 workers of 13 for evacuation
[2025-06-13T13:03:35.072+0530][218177.006s][info][gc,phases      ] GC(142)   Pre Evacuate Collection Set: 1.0ms
[2025-06-13T13:03:35.072+0530][218177.006s][info][gc,phases      ] GC(142)   Merge Heap Roots: 0.1ms
[2025-06-13T13:03:35.072+0530][218177.006s][info][gc,phases      ] GC(142)   Evacuate Collection Set: 1.4ms
[2025-06-13T13:03:35.072+0530][218177.006s][info][gc,phases      ] GC(142)   Post Evacuate Collection Set: 0.3ms
[2025-06-13T13:03:35.072+0530][218177.006s][info][gc,phases      ] GC(142)   Other: 0.1ms
[2025-06-13T13:03:35.072+0530][218177.006s][info][gc,heap        ] GC(142) Eden regions: 13->0(13)
[2025-06-13T13:03:35.072+0530][218177.006s][info][gc,heap        ] GC(142) Survivor regions: 1->1(2)
[2025-06-13T13:03:35.072+0530][218177.006s][info][gc,heap        ] GC(142) Old regions: 6->6
[2025-06-13T13:03:35.072+0530][218177.006s][info][gc,heap        ] GC(142) Humongous regions: 0->0
[2025-06-13T13:03:35.072+0530][218177.006s][info][gc,metaspace   ] GC(142) Metaspace: 66052K(67008K)->66052K(67008K) NonClass: 58288K(58816K)->58288K(58816K) Class: 7763K(8192K)->7763K(8192K)
[2025-06-13T13:03:35.072+0530][218177.006s][info][gc             ] GC(142) Pause Young (Mixed) (G1 Evacuation Pause) 73M->21M(96M) 3.315ms
[2025-06-13T13:03:35.072+0530][218177.006s][info][gc,cpu         ] GC(142) User=0.00s Sys=0.00s Real=0.00s
[2025-06-13T13:30:36.729+0530][219798.793s][info][gc,start       ] GC(143) Pause Young (Concurrent Start) (G1 Evacuation Pause)
[2025-06-13T13:30:36.729+0530][219798.794s][info][gc,task        ] GC(143) Using 8 workers of 13 for evacuation
[2025-06-13T13:30:36.735+0530][219798.799s][info][gc,phases      ] GC(143)   Pre Evacuate Collection Set: 1.0ms
[2025-06-13T13:30:36.735+0530][219798.799s][info][gc,phases      ] GC(143)   Merge Heap Roots: 0.1ms
[2025-06-13T13:30:36.735+0530][219798.799s][info][gc,phases      ] GC(143)   Evacuate Collection Set: 3.6ms
[2025-06-13T13:30:36.735+0530][219798.799s][info][gc,phases      ] GC(143)   Post Evacuate Collection Set: 0.3ms
[2025-06-13T13:30:36.735+0530][219798.799s][info][gc,phases      ] GC(143)   Other: 0.2ms
[2025-06-13T13:30:36.735+0530][219798.799s][info][gc,heap        ] GC(143) Eden regions: 13->0(13)
[2025-06-13T13:30:36.735+0530][219798.799s][info][gc,heap        ] GC(143) Survivor regions: 1->1(2)
[2025-06-13T13:30:36.735+0530][219798.799s][info][gc,heap        ] GC(143) Old regions: 6->6
[2025-06-13T13:30:36.735+0530][219798.799s][info][gc,heap        ] GC(143) Humongous regions: 0->0
[2025-06-13T13:30:36.735+0530][219798.799s][info][gc,metaspace   ] GC(143) Metaspace: 66052K(67008K)->66052K(67008K) NonClass: 58288K(58816K)->58288K(58816K) Class: 7763K(8192K)->7763K(8192K)
[2025-06-13T13:30:36.735+0530][219798.799s][info][gc             ] GC(143) Pause Young (Concurrent Start) (G1 Evacuation Pause) 73M->21M(96M) 5.389ms
[2025-06-13T13:30:36.735+0530][219798.799s][info][gc,cpu         ] GC(143) User=0.00s Sys=0.00s Real=0.01s
[2025-06-13T13:30:36.735+0530][219798.799s][info][gc             ] GC(144) Concurrent Mark Cycle
[2025-06-13T13:30:36.735+0530][219798.799s][info][gc,marking     ] GC(144) Concurrent Scan Root Regions
[2025-06-13T13:30:36.741+0530][219798.805s][info][gc,marking     ] GC(144) Concurrent Scan Root Regions 6.216ms
[2025-06-13T13:30:36.741+0530][219798.805s][info][gc,marking     ] GC(144) Concurrent Mark
[2025-06-13T13:30:36.741+0530][219798.805s][info][gc,marking     ] GC(144) Concurrent Mark From Roots
[2025-06-13T13:30:36.741+0530][219798.805s][info][gc,task        ] GC(144) Using 3 workers of 3 for marking
[2025-06-13T13:30:36.759+0530][219798.823s][info][gc,marking     ] GC(144) Concurrent Mark From Roots 17.454ms
[2025-06-13T13:30:36.759+0530][219798.823s][info][gc,marking     ] GC(144) Concurrent Preclean
[2025-06-13T13:30:36.759+0530][219798.823s][info][gc,marking     ] GC(144) Concurrent Preclean 0.196ms
[2025-06-13T13:30:36.759+0530][219798.823s][info][gc,start       ] GC(144) Pause Remark
[2025-06-13T13:30:36.764+0530][219798.828s][info][gc             ] GC(144) Pause Remark 21M->21M(96M) 5.359ms
[2025-06-13T13:30:36.764+0530][219798.828s][info][gc,cpu         ] GC(144) User=0.02s Sys=0.00s Real=0.00s
[2025-06-13T13:30:36.764+0530][219798.828s][info][gc,marking     ] GC(144) Concurrent Mark 23.235ms
[2025-06-13T13:30:36.764+0530][219798.828s][info][gc,marking     ] GC(144) Concurrent Rebuild Remembered Sets and Scrub Regions
[2025-06-13T13:30:36.767+0530][219798.832s][info][gc,marking     ] GC(144) Concurrent Rebuild Remembered Sets and Scrub Regions 3.281ms
[2025-06-13T13:30:36.768+0530][219798.832s][info][gc,start       ] GC(144) Pause Cleanup
[2025-06-13T13:30:36.768+0530][219798.832s][info][gc             ] GC(144) Pause Cleanup 21M->21M(96M) 0.082ms
[2025-06-13T13:30:36.768+0530][219798.832s][info][gc,cpu         ] GC(144) User=0.00s Sys=0.00s Real=0.00s
[2025-06-13T13:30:36.768+0530][219798.832s][info][gc,marking     ] GC(144) Concurrent Clear Claimed Marks
[2025-06-13T13:30:36.768+0530][219798.832s][info][gc,marking     ] GC(144) Concurrent Clear Claimed Marks 0.066ms
[2025-06-13T13:30:36.768+0530][219798.832s][info][gc,marking     ] GC(144) Concurrent Cleanup for Next Mark
[2025-06-13T13:30:36.768+0530][219798.832s][info][gc,marking     ] GC(144) Concurrent Cleanup for Next Mark 0.314ms
[2025-06-13T13:30:36.768+0530][219798.832s][info][gc             ] GC(144) Concurrent Mark Cycle 33.485ms
[2025-06-13T13:36:48.780+0530][220170.868s][info][gc,start       ] GC(145) Pause Full (System.gc())
[2025-06-13T13:36:48.780+0530][220170.868s][info][gc,task        ] GC(145) Using 2 workers of 13 for full compaction
[2025-06-13T13:36:48.780+0530][220170.868s][info][gc,phases,start] GC(145) Phase 1: Mark live objects
[2025-06-13T13:36:48.835+0530][220170.922s][info][gc,phases      ] GC(145) Phase 1: Mark live objects 54.457ms
[2025-06-13T13:36:48.835+0530][220170.922s][info][gc,phases,start] GC(145) Phase 2: Prepare compaction
[2025-06-13T13:36:48.837+0530][220170.924s][info][gc,phases      ] GC(145) Phase 2: Prepare compaction 1.551ms
[2025-06-13T13:36:48.837+0530][220170.924s][info][gc,phases,start] GC(145) Phase 3: Adjust pointers
[2025-06-13T13:36:48.842+0530][220170.930s][info][gc,phases      ] GC(145) Phase 3: Adjust pointers 5.649ms
[2025-06-13T13:36:48.842+0530][220170.930s][info][gc,phases,start] GC(145) Phase 4: Compact heap
[2025-06-13T13:36:48.852+0530][220170.939s][info][gc,phases      ] GC(145) Phase 4: Compact heap 9.635ms
[2025-06-13T13:36:48.852+0530][220170.939s][info][gc,phases,start] GC(145) Phase 5: Reset Metadata
[2025-06-13T13:36:48.853+0530][220170.941s][info][gc,phases      ] GC(145) Phase 5: Reset Metadata 1.369ms
[2025-06-13T13:36:48.854+0530][220170.942s][info][gc,heap        ] GC(145) Eden regions: 4->0(12)
[2025-06-13T13:36:48.854+0530][220170.943s][info][gc,heap        ] GC(145) Survivor regions: 1->0(2)
[2025-06-13T13:36:48.854+0530][220170.943s][info][gc,heap        ] GC(145) Old regions: 6->6
[2025-06-13T13:36:48.854+0530][220170.943s][info][gc,heap        ] GC(145) Humongous regions: 0->0
[2025-06-13T13:36:48.854+0530][220170.943s][info][gc,metaspace   ] GC(145) Metaspace: 66064K(67008K)->66052K(67008K) NonClass: 58299K(58816K)->58290K(58816K) Class: 7764K(8192K)->7761K(8192K)
[2025-06-13T13:36:48.854+0530][220170.943s][info][gc             ] GC(145) Pause Full (System.gc()) 34M->19M(80M) 75.105ms
[2025-06-13T13:36:48.854+0530][220170.943s][info][gc,cpu         ] GC(145) User=0.00s Sys=0.02s Real=0.07s
[2025-06-13T13:36:50.526+0530][220172.613s][info][gc,start       ] GC(146) Pause Young (Concurrent Start) (G1 Evacuation Pause)
[2025-06-13T13:36:50.526+0530][220172.613s][info][gc,task        ] GC(146) Using 12 workers of 13 for evacuation
[2025-06-13T13:36:50.537+0530][220172.624s][info][gc,phases      ] GC(146)   Pre Evacuate Collection Set: 0.2ms
[2025-06-13T13:36:50.537+0530][220172.624s][info][gc,phases      ] GC(146)   Merge Heap Roots: 0.1ms
[2025-06-13T13:36:50.537+0530][220172.625s][info][gc,phases      ] GC(146)   Evacuate Collection Set: 10.6ms
[2025-06-13T13:36:50.537+0530][220172.625s][info][gc,phases      ] GC(146)   Post Evacuate Collection Set: 0.3ms
[2025-06-13T13:36:50.537+0530][220172.625s][info][gc,phases      ] GC(146)   Other: 0.1ms
[2025-06-13T13:36:50.537+0530][220172.625s][info][gc,heap        ] GC(146) Eden regions: 12->0(9)
[2025-06-13T13:36:50.537+0530][220172.625s][info][gc,heap        ] GC(146) Survivor regions: 0->2(2)
[2025-06-13T13:36:50.537+0530][220172.625s][info][gc,heap        ] GC(146) Old regions: 6->6
[2025-06-13T13:36:50.537+0530][220172.625s][info][gc,heap        ] GC(146) Humongous regions: 0->0
[2025-06-13T13:36:50.537+0530][220172.625s][info][gc,metaspace   ] GC(146) Metaspace: 66234K(67072K)->66234K(67072K) NonClass: 58434K(58880K)->58434K(58880K) Class: 7800K(8192K)->7800K(8192K)
[2025-06-13T13:36:50.537+0530][220172.625s][info][gc             ] GC(146) Pause Young (Concurrent Start) (G1 Evacuation Pause) 67M->24M(80M) 11.629ms
[2025-06-13T13:36:50.537+0530][220172.625s][info][gc             ] GC(147) Concurrent Mark Cycle
[2025-06-13T13:36:50.537+0530][220172.625s][info][gc,cpu         ] GC(146) User=0.00s Sys=0.00s Real=0.01s
[2025-06-13T13:36:50.537+0530][220172.625s][info][gc,marking     ] GC(147) Concurrent Scan Root Regions
[2025-06-13T13:36:50.542+0530][220172.629s][info][gc,marking     ] GC(147) Concurrent Scan Root Regions 4.280ms
[2025-06-13T13:36:50.542+0530][220172.629s][info][gc,marking     ] GC(147) Concurrent Mark
[2025-06-13T13:36:50.542+0530][220172.629s][info][gc,marking     ] GC(147) Concurrent Mark From Roots
[2025-06-13T13:36:50.542+0530][220172.629s][info][gc,task        ] GC(147) Using 3 workers of 3 for marking
[2025-06-13T13:36:50.556+0530][220172.644s][info][gc,marking     ] GC(147) Concurrent Mark From Roots 14.624ms
[2025-06-13T13:36:50.556+0530][220172.644s][info][gc,marking     ] GC(147) Concurrent Preclean
[2025-06-13T13:36:50.557+0530][220172.644s][info][gc,marking     ] GC(147) Concurrent Preclean 0.348ms
[2025-06-13T13:36:50.557+0530][220172.644s][info][gc,start       ] GC(147) Pause Remark
[2025-06-13T13:36:50.560+0530][220172.648s][info][gc             ] GC(147) Pause Remark 25M->25M(80M) 4.052ms
[2025-06-13T13:36:50.561+0530][220172.648s][info][gc,cpu         ] GC(147) User=0.00s Sys=0.00s Real=0.00s
[2025-06-13T13:36:50.561+0530][220172.648s][info][gc,marking     ] GC(147) Concurrent Mark 19.412ms
[2025-06-13T13:36:50.561+0530][220172.648s][info][gc,marking     ] GC(147) Concurrent Rebuild Remembered Sets and Scrub Regions
[2025-06-13T13:36:50.566+0530][220172.654s][info][gc,marking     ] GC(147) Concurrent Rebuild Remembered Sets and Scrub Regions 5.144ms
[2025-06-13T13:36:50.566+0530][220172.654s][info][gc,start       ] GC(147) Pause Cleanup
[2025-06-13T13:36:50.566+0530][220172.654s][info][gc             ] GC(147) Pause Cleanup 25M->25M(80M) 0.120ms
[2025-06-13T13:36:50.566+0530][220172.654s][info][gc,cpu         ] GC(147) User=0.00s Sys=0.00s Real=0.00s
[2025-06-13T13:36:50.566+0530][220172.654s][info][gc,marking     ] GC(147) Concurrent Clear Claimed Marks
[2025-06-13T13:36:50.566+0530][220172.654s][info][gc,marking     ] GC(147) Concurrent Clear Claimed Marks 0.108ms
[2025-06-13T13:36:50.566+0530][220172.654s][info][gc,marking     ] GC(147) Concurrent Cleanup for Next Mark
[2025-06-13T13:36:50.567+0530][220172.654s][info][gc,marking     ] GC(147) Concurrent Cleanup for Next Mark 0.164ms
[2025-06-13T13:36:50.567+0530][220172.654s][info][gc             ] GC(147) Concurrent Mark Cycle 29.750ms
[2025-06-13T13:39:25.913+0530][220328.008s][info][gc,start       ] GC(148) Pause Young (Prepare Mixed) (G1 Evacuation Pause)
[2025-06-13T13:39:25.913+0530][220328.008s][info][gc,task        ] GC(148) Using 10 workers of 13 for evacuation
[2025-06-13T13:39:25.915+0530][220328.010s][info][gc,phases      ] GC(148)   Pre Evacuate Collection Set: 0.1ms
[2025-06-13T13:39:25.915+0530][220328.010s][info][gc,phases      ] GC(148)   Merge Heap Roots: 0.0ms
[2025-06-13T13:39:25.916+0530][220328.010s][info][gc,phases      ] GC(148)   Evacuate Collection Set: 2.1ms
[2025-06-13T13:39:25.916+0530][220328.010s][info][gc,phases      ] GC(148)   Post Evacuate Collection Set: 0.3ms
[2025-06-13T13:39:25.916+0530][220328.010s][info][gc,phases      ] GC(148)   Other: 0.1ms
[2025-06-13T13:39:25.916+0530][220328.010s][info][gc,heap        ] GC(148) Eden regions: 9->0(8)
[2025-06-13T13:39:25.916+0530][220328.010s][info][gc,heap        ] GC(148) Survivor regions: 2->2(2)
[2025-06-13T13:39:25.916+0530][220328.010s][info][gc,heap        ] GC(148) Old regions: 6->7
[2025-06-13T13:39:25.916+0530][220328.010s][info][gc,heap        ] GC(148) Humongous regions: 0->0
[2025-06-13T13:39:25.916+0530][220328.010s][info][gc,metaspace   ] GC(148) Metaspace: 66587K(67328K)->66587K(67328K) NonClass: 58734K(59136K)->58734K(59136K) Class: 7853K(8192K)->7853K(8192K)
[2025-06-13T13:39:25.916+0530][220328.010s][info][gc             ] GC(148) Pause Young (Prepare Mixed) (G1 Evacuation Pause) 60M->27M(80M) 2.850ms
[2025-06-13T13:39:25.916+0530][220328.010s][info][gc,cpu         ] GC(148) User=0.00s Sys=0.00s Real=0.00s
[2025-06-13T13:47:58.686+0530][220840.805s][info][gc,start       ] GC(149) Pause Full (System.gc())
[2025-06-13T13:47:58.686+0530][220840.805s][info][gc,task        ] GC(149) Using 2 workers of 13 for full compaction
[2025-06-13T13:47:58.686+0530][220840.805s][info][gc,phases,start] GC(149) Phase 1: Mark live objects
[2025-06-13T13:47:58.715+0530][220840.835s][info][gc,phases      ] GC(149) Phase 1: Mark live objects 29.764ms
[2025-06-13T13:47:58.715+0530][220840.835s][info][gc,phases,start] GC(149) Phase 2: Prepare compaction
[2025-06-13T13:47:58.717+0530][220840.837s][info][gc,phases      ] GC(149) Phase 2: Prepare compaction 1.937ms
[2025-06-13T13:47:58.717+0530][220840.837s][info][gc,phases,start] GC(149) Phase 3: Adjust pointers
[2025-06-13T13:47:58.725+0530][220840.844s][info][gc,phases      ] GC(149) Phase 3: Adjust pointers 7.490ms
[2025-06-13T13:47:58.725+0530][220840.844s][info][gc,phases,start] GC(149) Phase 4: Compact heap
[2025-06-13T13:47:58.740+0530][220840.859s][info][gc,phases      ] GC(149) Phase 4: Compact heap 14.793ms
[2025-06-13T13:47:58.740+0530][220840.859s][info][gc,phases,start] GC(149) Phase 5: Reset Metadata
[2025-06-13T13:47:58.742+0530][220840.861s][info][gc,phases      ] GC(149) Phase 5: Reset Metadata 1.615ms
[2025-06-13T13:47:58.746+0530][220840.865s][info][gc,heap        ] GC(149) Eden regions: 5->0(10)
[2025-06-13T13:47:58.746+0530][220840.865s][info][gc,heap        ] GC(149) Survivor regions: 2->0(2)
[2025-06-13T13:47:58.746+0530][220840.865s][info][gc,heap        ] GC(149) Old regions: 7->7
[2025-06-13T13:47:58.746+0530][220840.865s][info][gc,heap        ] GC(149) Humongous regions: 0->0
[2025-06-13T13:47:58.746+0530][220840.865s][info][gc,metaspace   ] GC(149) Metaspace: 66611K(67456K)->66149K(67456K) NonClass: 58755K(59200K)->58355K(59200K) Class: 7856K(8256K)->7794K(8256K)
[2025-06-13T13:47:58.746+0530][220840.865s][info][gc             ] GC(149) Pause Full (System.gc()) 45M->21M(80M) 60.261ms
[2025-06-13T13:47:58.746+0530][220840.865s][info][gc,cpu         ] GC(149) User=0.02s Sys=0.00s Real=0.06s
[2025-06-13T13:47:59.485+0530][220841.605s][info][gc,start       ] GC(150) Pause Young (Concurrent Start) (G1 Evacuation Pause)
[2025-06-13T13:47:59.486+0530][220841.605s][info][gc,task        ] GC(150) Using 6 workers of 13 for evacuation
[2025-06-13T13:47:59.488+0530][220841.608s][info][gc,phases      ] GC(150)   Pre Evacuate Collection Set: 0.1ms
[2025-06-13T13:47:59.488+0530][220841.608s][info][gc,phases      ] GC(150)   Merge Heap Roots: 0.1ms
[2025-06-13T13:47:59.488+0530][220841.608s][info][gc,phases      ] GC(150)   Evacuate Collection Set: 2.6ms
[2025-06-13T13:47:59.488+0530][220841.608s][info][gc,phases      ] GC(150)   Post Evacuate Collection Set: 0.3ms
[2025-06-13T13:47:59.488+0530][220841.608s][info][gc,phases      ] GC(150)   Other: 0.1ms
[2025-06-13T13:47:59.488+0530][220841.608s][info][gc,heap        ] GC(150) Eden regions: 10->0(9)
[2025-06-13T13:47:59.488+0530][220841.608s][info][gc,heap        ] GC(150) Survivor regions: 0->1(2)
[2025-06-13T13:47:59.490+0530][220841.608s][info][gc,heap        ] GC(150) Old regions: 7->7
[2025-06-13T13:47:59.490+0530][220841.608s][info][gc,heap        ] GC(150) Humongous regions: 0->0
[2025-06-13T13:47:59.490+0530][220841.608s][info][gc,metaspace   ] GC(150) Metaspace: 66247K(67456K)->66247K(67456K) NonClass: 58446K(59200K)->58446K(59200K) Class: 7800K(8256K)->7800K(8256K)
[2025-06-13T13:47:59.490+0530][220841.608s][info][gc             ] GC(150) Pause Young (Concurrent Start) (G1 Evacuation Pause) 61M->25M(80M) 3.521ms
[2025-06-13T13:47:59.490+0530][220841.609s][info][gc,cpu         ] GC(150) User=0.00s Sys=0.00s Real=0.01s
[2025-06-13T13:47:59.490+0530][220841.609s][info][gc             ] GC(151) Concurrent Mark Cycle
[2025-06-13T13:47:59.490+0530][220841.609s][info][gc,marking     ] GC(151) Concurrent Scan Root Regions
[2025-06-13T13:47:59.493+0530][220841.612s][info][gc,marking     ] GC(151) Concurrent Scan Root Regions 3.485ms
[2025-06-13T13:47:59.493+0530][220841.612s][info][gc,marking     ] GC(151) Concurrent Mark
[2025-06-13T13:47:59.493+0530][220841.612s][info][gc,marking     ] GC(151) Concurrent Mark From Roots
[2025-06-13T13:47:59.493+0530][220841.612s][info][gc,task        ] GC(151) Using 3 workers of 3 for marking
[2025-06-13T13:47:59.511+0530][220841.630s][info][gc,marking     ] GC(151) Concurrent Mark From Roots 17.763ms
[2025-06-13T13:47:59.511+0530][220841.630s][info][gc,marking     ] GC(151) Concurrent Preclean
[2025-06-13T13:47:59.511+0530][220841.630s][info][gc,marking     ] GC(151) Concurrent Preclean 0.292ms
[2025-06-13T13:47:59.511+0530][220841.630s][info][gc,start       ] GC(151) Pause Remark
[2025-06-13T13:47:59.517+0530][220841.636s][info][gc             ] GC(151) Pause Remark 26M->26M(80M) 5.861ms
[2025-06-13T13:47:59.517+0530][220841.636s][info][gc,cpu         ] GC(151) User=0.02s Sys=0.00s Real=0.01s
[2025-06-13T13:47:59.517+0530][220841.636s][info][gc,marking     ] GC(151) Concurrent Mark 24.209ms
[2025-06-13T13:47:59.517+0530][220841.636s][info][gc,marking     ] GC(151) Concurrent Rebuild Remembered Sets and Scrub Regions
[2025-06-13T13:47:59.522+0530][220841.642s][info][gc,marking     ] GC(151) Concurrent Rebuild Remembered Sets and Scrub Regions 5.586ms
[2025-06-13T13:47:59.522+0530][220841.642s][info][gc,start       ] GC(151) Pause Cleanup
[2025-06-13T13:47:59.524+0530][220841.642s][info][gc             ] GC(151) Pause Cleanup 26M->26M(80M) 0.124ms
[2025-06-13T13:47:59.524+0530][220841.642s][info][gc,cpu         ] GC(151) User=0.00s Sys=0.00s Real=0.00s
[2025-06-13T13:47:59.524+0530][220841.642s][info][gc,marking     ] GC(151) Concurrent Clear Claimed Marks
[2025-06-13T13:47:59.524+0530][220841.642s][info][gc,marking     ] GC(151) Concurrent Clear Claimed Marks 0.083ms
[2025-06-13T13:47:59.524+0530][220841.642s][info][gc,marking     ] GC(151) Concurrent Cleanup for Next Mark
[2025-06-13T13:47:59.524+0530][220841.643s][info][gc,marking     ] GC(151) Concurrent Cleanup for Next Mark 0.196ms
[2025-06-13T13:47:59.524+0530][220841.643s][info][gc             ] GC(151) Concurrent Mark Cycle 34.118ms
[2025-06-13T13:51:29.181+0530][221051.310s][info][gc,start       ] GC(152) Pause Young (Prepare Mixed) (G1 Evacuation Pause)
[2025-06-13T13:51:29.181+0530][221051.310s][info][gc,task        ] GC(152) Using 8 workers of 13 for evacuation
[2025-06-13T13:51:29.183+0530][221051.313s][info][gc,phases      ] GC(152)   Pre Evacuate Collection Set: 0.1ms
[2025-06-13T13:51:29.183+0530][221051.313s][info][gc,phases      ] GC(152)   Merge Heap Roots: 0.1ms
[2025-06-13T13:51:29.183+0530][221051.313s][info][gc,phases      ] GC(152)   Evacuate Collection Set: 1.8ms
[2025-06-13T13:51:29.183+0530][221051.313s][info][gc,phases      ] GC(152)   Post Evacuate Collection Set: 0.3ms
[2025-06-13T13:51:29.183+0530][221051.313s][info][gc,phases      ] GC(152)   Other: 0.2ms
[2025-06-13T13:51:29.183+0530][221051.313s][info][gc,heap        ] GC(152) Eden regions: 9->0(8)
[2025-06-13T13:51:29.183+0530][221051.313s][info][gc,heap        ] GC(152) Survivor regions: 1->2(2)
[2025-06-13T13:51:29.183+0530][221051.313s][info][gc,heap        ] GC(152) Old regions: 7->7
[2025-06-13T13:51:29.183+0530][221051.313s][info][gc,heap        ] GC(152) Humongous regions: 0->0
[2025-06-13T13:51:29.183+0530][221051.313s][info][gc,metaspace   ] GC(152) Metaspace: 66469K(67456K)->66469K(67456K) NonClass: 58657K(59200K)->58657K(59200K) Class: 7811K(8256K)->7811K(8256K)
[2025-06-13T13:51:29.184+0530][221051.313s][info][gc             ] GC(152) Pause Young (Prepare Mixed) (G1 Evacuation Pause) 61M->26M(80M) 2.773ms
[2025-06-13T13:51:29.184+0530][221051.313s][info][gc,cpu         ] GC(152) User=0.00s Sys=0.00s Real=0.00s
[2025-06-13T14:08:01.412+0530][222043.575s][info][gc,start       ] GC(153) Pause Young (Mixed) (G1 Evacuation Pause)
[2025-06-13T14:08:01.412+0530][222043.575s][info][gc,task        ] GC(153) Using 8 workers of 13 for evacuation
[2025-06-13T14:08:01.414+0530][222043.578s][info][gc,phases      ] GC(153)   Pre Evacuate Collection Set: 0.2ms
[2025-06-13T14:08:01.414+0530][222043.578s][info][gc,phases      ] GC(153)   Merge Heap Roots: 0.1ms
[2025-06-13T14:08:01.414+0530][222043.578s][info][gc,phases      ] GC(153)   Evacuate Collection Set: 1.6ms
[2025-06-13T14:08:01.414+0530][222043.578s][info][gc,phases      ] GC(153)   Post Evacuate Collection Set: 0.3ms
[2025-06-13T14:08:01.414+0530][222043.578s][info][gc,phases      ] GC(153)   Other: 0.1ms
[2025-06-13T14:08:01.414+0530][222043.578s][info][gc,heap        ] GC(153) Eden regions: 8->0(10)
[2025-06-13T14:08:01.414+0530][222043.578s][info][gc,heap        ] GC(153) Survivor regions: 2->1(2)
[2025-06-13T14:08:01.414+0530][222043.578s][info][gc,heap        ] GC(153) Old regions: 7->7
[2025-06-13T14:08:01.414+0530][222043.578s][info][gc,heap        ] GC(153) Humongous regions: 0->0
[2025-06-13T14:08:01.414+0530][222043.578s][info][gc,metaspace   ] GC(153) Metaspace: 66469K(67456K)->66469K(67456K) NonClass: 58657K(59200K)->58657K(59200K) Class: 7811K(8256K)->7811K(8256K)
[2025-06-13T14:08:01.414+0530][222043.578s][info][gc             ] GC(153) Pause Young (Mixed) (G1 Evacuation Pause) 58M->26M(80M) 2.730ms
[2025-06-13T14:08:01.414+0530][222043.578s][info][gc,cpu         ] GC(153) User=0.00s Sys=0.00s Real=0.00s
[2025-06-13T14:28:51.607+0530][223293.801s][info][gc,start       ] GC(154) Pause Young (Concurrent Start) (G1 Evacuation Pause)
[2025-06-13T14:28:51.607+0530][223293.801s][info][gc,task        ] GC(154) Using 8 workers of 13 for evacuation
[2025-06-13T14:28:51.610+0530][223293.804s][info][gc,phases      ] GC(154)   Pre Evacuate Collection Set: 0.2ms
[2025-06-13T14:28:51.610+0530][223293.804s][info][gc,phases      ] GC(154)   Merge Heap Roots: 0.1ms
[2025-06-13T14:28:51.610+0530][223293.804s][info][gc,phases      ] GC(154)   Evacuate Collection Set: 1.0ms
[2025-06-13T14:28:51.610+0530][223293.804s][info][gc,phases      ] GC(154)   Post Evacuate Collection Set: 0.3ms
[2025-06-13T14:28:51.610+0530][223293.804s][info][gc,phases      ] GC(154)   Other: 1.0ms
[2025-06-13T14:28:51.610+0530][223293.804s][info][gc,heap        ] GC(154) Eden regions: 10->0(10)
[2025-06-13T14:28:51.610+0530][223293.804s][info][gc,heap        ] GC(154) Survivor regions: 1->1(2)
[2025-06-13T14:28:51.610+0530][223293.804s][info][gc,heap        ] GC(154) Old regions: 7->7
[2025-06-13T14:28:51.610+0530][223293.804s][info][gc,heap        ] GC(154) Humongous regions: 0->0
[2025-06-13T14:28:51.610+0530][223293.804s][info][gc,metaspace   ] GC(154) Metaspace: 66469K(67456K)->66469K(67456K) NonClass: 58657K(59200K)->58657K(59200K) Class: 7811K(8256K)->7811K(8256K)
[2025-06-13T14:28:51.610+0530][223293.804s][info][gc             ] GC(154) Pause Young (Concurrent Start) (G1 Evacuation Pause) 66M->26M(80M) 2.908ms
[2025-06-13T14:28:51.610+0530][223293.804s][info][gc,cpu         ] GC(154) User=0.00s Sys=0.00s Real=0.00s
[2025-06-13T14:28:51.610+0530][223293.804s][info][gc             ] GC(155) Concurrent Mark Cycle
[2025-06-13T14:28:51.610+0530][223293.804s][info][gc,marking     ] GC(155) Concurrent Scan Root Regions
[2025-06-13T14:28:51.613+0530][223293.807s][info][gc,marking     ] GC(155) Concurrent Scan Root Regions 3.054ms
[2025-06-13T14:28:51.613+0530][223293.807s][info][gc,marking     ] GC(155) Concurrent Mark
[2025-06-13T14:28:51.613+0530][223293.807s][info][gc,marking     ] GC(155) Concurrent Mark From Roots
[2025-06-13T14:28:51.613+0530][223293.807s][info][gc,task        ] GC(155) Using 3 workers of 3 for marking
[2025-06-13T14:28:51.627+0530][223293.821s][info][gc,marking     ] GC(155) Concurrent Mark From Roots 14.091ms
[2025-06-13T14:28:51.627+0530][223293.821s][info][gc,marking     ] GC(155) Concurrent Preclean
[2025-06-13T14:28:51.627+0530][223293.821s][info][gc,marking     ] GC(155) Concurrent Preclean 0.192ms
[2025-06-13T14:28:51.627+0530][223293.821s][info][gc,start       ] GC(155) Pause Remark
[2025-06-13T14:28:51.632+0530][223293.825s][info][gc             ] GC(155) Pause Remark 26M->26M(80M) 3.832ms
[2025-06-13T14:28:51.632+0530][223293.825s][info][gc,cpu         ] GC(155) User=0.02s Sys=0.00s Real=0.00s
[2025-06-13T14:28:51.632+0530][223293.825s][info][gc,marking     ] GC(155) Concurrent Mark 18.332ms
[2025-06-13T14:28:51.632+0530][223293.825s][info][gc,marking     ] GC(155) Concurrent Rebuild Remembered Sets and Scrub Regions
[2025-06-13T14:28:51.635+0530][223293.829s][info][gc,marking     ] GC(155) Concurrent Rebuild Remembered Sets and Scrub Regions 3.856ms
[2025-06-13T14:28:51.635+0530][223293.829s][info][gc,start       ] GC(155) Pause Cleanup
[2025-06-13T14:28:51.635+0530][223293.829s][info][gc             ] GC(155) Pause Cleanup 26M->26M(80M) 0.069ms
[2025-06-13T14:28:51.635+0530][223293.829s][info][gc,cpu         ] GC(155) User=0.00s Sys=0.00s Real=0.00s
[2025-06-13T14:28:51.635+0530][223293.829s][info][gc,marking     ] GC(155) Concurrent Clear Claimed Marks
[2025-06-13T14:28:51.635+0530][223293.830s][info][gc,marking     ] GC(155) Concurrent Clear Claimed Marks 0.065ms
[2025-06-13T14:28:51.635+0530][223293.830s][info][gc,marking     ] GC(155) Concurrent Cleanup for Next Mark
[2025-06-13T14:28:51.636+0530][223293.830s][info][gc,marking     ] GC(155) Concurrent Cleanup for Next Mark 0.297ms
[2025-06-13T14:28:51.636+0530][223293.830s][info][gc             ] GC(155) Concurrent Mark Cycle 25.987ms
[2025-06-13T14:49:34.428+0530][224536.642s][info][gc,start       ] GC(156) Pause Young (Prepare Mixed) (G1 Evacuation Pause)
[2025-06-13T14:49:34.428+0530][224536.642s][info][gc,task        ] GC(156) Using 8 workers of 13 for evacuation
[2025-06-13T14:49:34.442+0530][224536.655s][info][gc,phases      ] GC(156)   Pre Evacuate Collection Set: 0.2ms
[2025-06-13T14:49:34.442+0530][224536.655s][info][gc,phases      ] GC(156)   Merge Heap Roots: 0.6ms
[2025-06-13T14:49:34.442+0530][224536.655s][info][gc,phases      ] GC(156)   Evacuate Collection Set: 1.2ms
[2025-06-13T14:49:34.442+0530][224536.655s][info][gc,phases      ] GC(156)   Post Evacuate Collection Set: 0.4ms
[2025-06-13T14:49:34.442+0530][224536.655s][info][gc,phases      ] GC(156)   Other: 11.2ms
[2025-06-13T14:49:34.442+0530][224536.656s][info][gc,heap        ] GC(156) Eden regions: 10->0(10)
[2025-06-13T14:49:34.442+0530][224536.656s][info][gc,heap        ] GC(156) Survivor regions: 1->1(2)
[2025-06-13T14:49:34.442+0530][224536.656s][info][gc,heap        ] GC(156) Old regions: 7->7
[2025-06-13T14:49:34.442+0530][224536.656s][info][gc,heap        ] GC(156) Humongous regions: 0->0
[2025-06-13T14:49:34.442+0530][224536.656s][info][gc,metaspace   ] GC(156) Metaspace: 66471K(67456K)->66471K(67456K) NonClass: 58660K(59200K)->58660K(59200K) Class: 7811K(8256K)->7811K(8256K)
[2025-06-13T14:49:34.442+0530][224536.656s][info][gc             ] GC(156) Pause Young (Prepare Mixed) (G1 Evacuation Pause) 66M->26M(80M) 13.876ms
[2025-06-13T14:49:34.442+0530][224536.656s][info][gc,cpu         ] GC(156) User=0.00s Sys=0.00s Real=0.01s
[2025-06-13T15:10:24.040+0530][225786.266s][info][gc,start       ] GC(157) Pause Young (Mixed) (G1 Evacuation Pause)
[2025-06-13T15:10:24.040+0530][225786.266s][info][gc,task        ] GC(157) Using 8 workers of 13 for evacuation
[2025-06-13T15:10:24.053+0530][225786.281s][info][gc,phases      ] GC(157)   Pre Evacuate Collection Set: 0.2ms
[2025-06-13T15:10:24.053+0530][225786.281s][info][gc,phases      ] GC(157)   Merge Heap Roots: 0.3ms
[2025-06-13T15:10:24.053+0530][225786.281s][info][gc,phases      ] GC(157)   Evacuate Collection Set: 3.0ms
[2025-06-13T15:10:24.053+0530][225786.281s][info][gc,phases      ] GC(157)   Post Evacuate Collection Set: 0.4ms
[2025-06-13T15:10:24.053+0530][225786.281s][info][gc,phases      ] GC(157)   Other: 10.9ms
[2025-06-13T15:10:24.053+0530][225786.281s][info][gc,heap        ] GC(157) Eden regions: 10->0(10)
[2025-06-13T15:10:24.053+0530][225786.281s][info][gc,heap        ] GC(157) Survivor regions: 1->1(2)
[2025-06-13T15:10:24.053+0530][225786.281s][info][gc,heap        ] GC(157) Old regions: 7->7
[2025-06-13T15:10:24.053+0530][225786.281s][info][gc,heap        ] GC(157) Humongous regions: 0->0
[2025-06-13T15:10:24.053+0530][225786.281s][info][gc,metaspace   ] GC(157) Metaspace: 66471K(67456K)->66471K(67456K) NonClass: 58660K(59200K)->58660K(59200K) Class: 7811K(8256K)->7811K(8256K)
[2025-06-13T15:10:24.053+0530][225786.281s][info][gc             ] GC(157) Pause Young (Mixed) (G1 Evacuation Pause) 66M->26M(80M) 15.011ms
[2025-06-13T15:10:24.053+0530][225786.281s][info][gc,cpu         ] GC(157) User=0.00s Sys=0.00s Real=0.01s
[2025-06-13T15:31:04.603+0530][227026.838s][info][gc,start       ] GC(158) Pause Young (Concurrent Start) (G1 Evacuation Pause)
[2025-06-13T15:31:04.603+0530][227026.839s][info][gc,task        ] GC(158) Using 8 workers of 13 for evacuation
[2025-06-13T15:31:04.605+0530][227026.840s][info][gc,phases      ] GC(158)   Pre Evacuate Collection Set: 0.3ms
[2025-06-13T15:31:04.605+0530][227026.841s][info][gc,phases      ] GC(158)   Merge Heap Roots: 0.1ms
[2025-06-13T15:31:04.605+0530][227026.841s][info][gc,phases      ] GC(158)   Evacuate Collection Set: 0.9ms
[2025-06-13T15:31:04.605+0530][227026.841s][info][gc,phases      ] GC(158)   Post Evacuate Collection Set: 0.3ms
[2025-06-13T15:31:04.605+0530][227026.841s][info][gc,phases      ] GC(158)   Other: 0.2ms
[2025-06-13T15:31:04.605+0530][227026.841s][info][gc,heap        ] GC(158) Eden regions: 10->0(10)
[2025-06-13T15:31:04.605+0530][227026.841s][info][gc,heap        ] GC(158) Survivor regions: 1->1(2)
[2025-06-13T15:31:04.605+0530][227026.841s][info][gc,heap        ] GC(158) Old regions: 7->7
[2025-06-13T15:31:04.605+0530][227026.841s][info][gc,heap        ] GC(158) Humongous regions: 0->0
[2025-06-13T15:31:04.605+0530][227026.841s][info][gc,metaspace   ] GC(158) Metaspace: 66471K(67456K)->66471K(67456K) NonClass: 58660K(59200K)->58660K(59200K) Class: 7811K(8256K)->7811K(8256K)
[2025-06-13T15:31:04.605+0530][227026.841s][info][gc             ] GC(158) Pause Young (Concurrent Start) (G1 Evacuation Pause) 66M->26M(80M) 2.300ms
[2025-06-13T15:31:04.605+0530][227026.841s][info][gc,cpu         ] GC(158) User=0.02s Sys=0.00s Real=0.00s
[2025-06-13T15:31:04.605+0530][227026.841s][info][gc             ] GC(159) Concurrent Mark Cycle
[2025-06-13T15:31:04.605+0530][227026.841s][info][gc,marking     ] GC(159) Concurrent Scan Root Regions
[2025-06-13T15:31:04.607+0530][227026.843s][info][gc,marking     ] GC(159) Concurrent Scan Root Regions 2.438ms
[2025-06-13T15:31:04.607+0530][227026.843s][info][gc,marking     ] GC(159) Concurrent Mark
[2025-06-13T15:31:04.607+0530][227026.843s][info][gc,marking     ] GC(159) Concurrent Mark From Roots
[2025-06-13T15:31:04.607+0530][227026.843s][info][gc,task        ] GC(159) Using 3 workers of 3 for marking
[2025-06-13T15:31:04.621+0530][227026.857s][info][gc,marking     ] GC(159) Concurrent Mark From Roots 13.546ms
[2025-06-13T15:31:04.621+0530][227026.857s][info][gc,marking     ] GC(159) Concurrent Preclean
[2025-06-13T15:31:04.621+0530][227026.857s][info][gc,marking     ] GC(159) Concurrent Preclean 0.309ms
[2025-06-13T15:31:04.621+0530][227026.857s][info][gc,start       ] GC(159) Pause Remark
[2025-06-13T15:31:04.627+0530][227026.863s][info][gc             ] GC(159) Pause Remark 26M->26M(80M) 5.940ms
[2025-06-13T15:31:04.627+0530][227026.863s][info][gc,cpu         ] GC(159) User=0.00s Sys=0.00s Real=0.01s
[2025-06-13T15:31:04.627+0530][227026.863s][info][gc,marking     ] GC(159) Concurrent Mark 20.017ms
[2025-06-13T15:31:04.627+0530][227026.863s][info][gc,marking     ] GC(159) Concurrent Rebuild Remembered Sets and Scrub Regions
[2025-06-13T15:31:04.631+0530][227026.867s][info][gc,marking     ] GC(159) Concurrent Rebuild Remembered Sets and Scrub Regions 4.147ms
[2025-06-13T15:31:04.631+0530][227026.868s][info][gc,start       ] GC(159) Pause Cleanup
[2025-06-13T15:31:04.632+0530][227026.868s][info][gc             ] GC(159) Pause Cleanup 26M->26M(80M) 0.099ms
[2025-06-13T15:31:04.632+0530][227026.868s][info][gc,cpu         ] GC(159) User=0.00s Sys=0.00s Real=0.00s
[2025-06-13T15:31:04.632+0530][227026.868s][info][gc,marking     ] GC(159) Concurrent Clear Claimed Marks
[2025-06-13T15:31:04.632+0530][227026.868s][info][gc,marking     ] GC(159) Concurrent Clear Claimed Marks 0.066ms
[2025-06-13T15:31:04.632+0530][227026.868s][info][gc,marking     ] GC(159) Concurrent Cleanup for Next Mark
[2025-06-13T15:31:04.632+0530][227026.868s][info][gc,marking     ] GC(159) Concurrent Cleanup for Next Mark 0.233ms
[2025-06-13T15:31:04.632+0530][227026.868s][info][gc             ] GC(159) Concurrent Mark Cycle 27.339ms
[2025-06-13T15:51:54.259+0530][228276.501s][info][gc,start       ] GC(160) Pause Young (Prepare Mixed) (G1 Evacuation Pause)
[2025-06-13T15:51:54.259+0530][228276.501s][info][gc,task        ] GC(160) Using 8 workers of 13 for evacuation
[2025-06-13T15:51:54.260+0530][228276.503s][info][gc,phases      ] GC(160)   Pre Evacuate Collection Set: 0.2ms
[2025-06-13T15:51:54.260+0530][228276.503s][info][gc,phases      ] GC(160)   Merge Heap Roots: 0.1ms
[2025-06-13T15:51:54.260+0530][228276.503s][info][gc,phases      ] GC(160)   Evacuate Collection Set: 0.9ms
[2025-06-13T15:51:54.260+0530][228276.503s][info][gc,phases      ] GC(160)   Post Evacuate Collection Set: 0.3ms
[2025-06-13T15:51:54.260+0530][228276.503s][info][gc,phases      ] GC(160)   Other: 0.1ms
[2025-06-13T15:51:54.260+0530][228276.503s][info][gc,heap        ] GC(160) Eden regions: 10->0(10)
[2025-06-13T15:51:54.260+0530][228276.503s][info][gc,heap        ] GC(160) Survivor regions: 1->1(2)
[2025-06-13T15:51:54.260+0530][228276.503s][info][gc,heap        ] GC(160) Old regions: 7->7
[2025-06-13T15:51:54.260+0530][228276.503s][info][gc,heap        ] GC(160) Humongous regions: 0->0
[2025-06-13T15:51:54.260+0530][228276.503s][info][gc,metaspace   ] GC(160) Metaspace: 66290K(67392K)->66290K(67392K) NonClass: 58526K(59200K)->58526K(59200K) Class: 7764K(8192K)->7764K(8192K)
[2025-06-13T15:51:54.260+0530][228276.503s][info][gc             ] GC(160) Pause Young (Prepare Mixed) (G1 Evacuation Pause) 66M->26M(80M) 1.791ms
[2025-06-13T15:51:54.260+0530][228276.503s][info][gc,cpu         ] GC(160) User=0.00s Sys=0.00s Real=0.00s
[2025-06-13T16:12:47.394+0530][229529.640s][info][gc,start       ] GC(161) Pause Young (Mixed) (G1 Evacuation Pause)
[2025-06-13T16:12:47.394+0530][229529.640s][info][gc,task        ] GC(161) Using 8 workers of 13 for evacuation
[2025-06-13T16:12:47.396+0530][229529.642s][info][gc,phases      ] GC(161)   Pre Evacuate Collection Set: 0.3ms
[2025-06-13T16:12:47.396+0530][229529.642s][info][gc,phases      ] GC(161)   Merge Heap Roots: 0.2ms
[2025-06-13T16:12:47.396+0530][229529.642s][info][gc,phases      ] GC(161)   Evacuate Collection Set: 1.0ms
[2025-06-13T16:12:47.396+0530][229529.642s][info][gc,phases      ] GC(161)   Post Evacuate Collection Set: 0.3ms
[2025-06-13T16:12:47.396+0530][229529.642s][info][gc,phases      ] GC(161)   Other: 0.1ms
[2025-06-13T16:12:47.396+0530][229529.642s][info][gc,heap        ] GC(161) Eden regions: 10->0(11)
[2025-06-13T16:12:47.396+0530][229529.642s][info][gc,heap        ] GC(161) Survivor regions: 1->1(2)
[2025-06-13T16:12:47.396+0530][229529.642s][info][gc,heap        ] GC(161) Old regions: 7->6
[2025-06-13T16:12:47.396+0530][229529.642s][info][gc,heap        ] GC(161) Humongous regions: 0->0
[2025-06-13T16:12:47.396+0530][229529.642s][info][gc,metaspace   ] GC(161) Metaspace: 66290K(67392K)->66290K(67392K) NonClass: 58526K(59200K)->58526K(59200K) Class: 7764K(8192K)->7764K(8192K)
[2025-06-13T16:12:47.396+0530][229529.642s][info][gc             ] GC(161) Pause Young (Mixed) (G1 Evacuation Pause) 66M->22M(80M) 2.162ms
[2025-06-13T16:12:47.396+0530][229529.642s][info][gc,cpu         ] GC(161) User=0.00s Sys=0.00s Real=0.00s
[2025-06-13T16:35:47.070+0530][230909.319s][info][gc,start       ] GC(162) Pause Young (Concurrent Start) (G1 Evacuation Pause)
[2025-06-13T16:35:47.070+0530][230909.319s][info][gc,task        ] GC(162) Using 8 workers of 13 for evacuation
[2025-06-13T16:35:47.071+0530][230909.320s][info][gc,phases      ] GC(162)   Pre Evacuate Collection Set: 0.2ms
[2025-06-13T16:35:47.071+0530][230909.320s][info][gc,phases      ] GC(162)   Merge Heap Roots: 0.1ms
[2025-06-13T16:35:47.071+0530][230909.320s][info][gc,phases      ] GC(162)   Evacuate Collection Set: 0.9ms
[2025-06-13T16:35:47.071+0530][230909.320s][info][gc,phases      ] GC(162)   Post Evacuate Collection Set: 0.3ms
[2025-06-13T16:35:47.071+0530][230909.320s][info][gc,phases      ] GC(162)   Other: 0.1ms
[2025-06-13T16:35:47.071+0530][230909.321s][info][gc,heap        ] GC(162) Eden regions: 11->0(11)
[2025-06-13T16:35:47.071+0530][230909.321s][info][gc,heap        ] GC(162) Survivor regions: 1->1(2)
[2025-06-13T16:35:47.072+0530][230909.321s][info][gc,heap        ] GC(162) Old regions: 6->6
[2025-06-13T16:35:47.072+0530][230909.321s][info][gc,heap        ] GC(162) Humongous regions: 0->0
[2025-06-13T16:35:47.072+0530][230909.321s][info][gc,metaspace   ] GC(162) Metaspace: 66290K(67392K)->66290K(67392K) NonClass: 58526K(59200K)->58526K(59200K) Class: 7764K(8192K)->7764K(8192K)
[2025-06-13T16:35:47.072+0530][230909.321s][info][gc             ] GC(162) Pause Young (Concurrent Start) (G1 Evacuation Pause) 66M->22M(80M) 2.032ms
[2025-06-13T16:35:47.072+0530][230909.321s][info][gc,cpu         ] GC(162) User=0.00s Sys=0.00s Real=0.00s
[2025-06-13T16:35:47.072+0530][230909.321s][info][gc             ] GC(163) Concurrent Mark Cycle
[2025-06-13T16:35:47.072+0530][230909.321s][info][gc,marking     ] GC(163) Concurrent Scan Root Regions
[2025-06-13T16:35:47.074+0530][230909.323s][info][gc,marking     ] GC(163) Concurrent Scan Root Regions 2.351ms
[2025-06-13T16:35:47.074+0530][230909.323s][info][gc,marking     ] GC(163) Concurrent Mark
[2025-06-13T16:35:47.074+0530][230909.323s][info][gc,marking     ] GC(163) Concurrent Mark From Roots
[2025-06-13T16:35:47.074+0530][230909.323s][info][gc,task        ] GC(163) Using 3 workers of 3 for marking
[2025-06-13T16:35:47.087+0530][230909.336s][info][gc,marking     ] GC(163) Concurrent Mark From Roots 12.557ms
[2025-06-13T16:35:47.087+0530][230909.336s][info][gc,marking     ] GC(163) Concurrent Preclean
[2025-06-13T16:35:47.087+0530][230909.336s][info][gc,marking     ] GC(163) Concurrent Preclean 0.153ms
[2025-06-13T16:35:47.087+0530][230909.336s][info][gc,start       ] GC(163) Pause Remark
[2025-06-13T16:35:47.090+0530][230909.338s][info][gc             ] GC(163) Pause Remark 22M->22M(80M) 2.488ms
[2025-06-13T16:35:47.090+0530][230909.338s][info][gc,cpu         ] GC(163) User=0.00s Sys=0.00s Real=0.00s
[2025-06-13T16:35:47.090+0530][230909.338s][info][gc,marking     ] GC(163) Concurrent Mark 15.406ms
[2025-06-13T16:35:47.090+0530][230909.338s][info][gc,marking     ] GC(163) Concurrent Rebuild Remembered Sets and Scrub Regions
[2025-06-13T16:35:47.093+0530][230909.342s][info][gc,marking     ] GC(163) Concurrent Rebuild Remembered Sets and Scrub Regions 3.252ms
[2025-06-13T16:35:47.093+0530][230909.342s][info][gc,start       ] GC(163) Pause Cleanup
[2025-06-13T16:35:47.093+0530][230909.342s][info][gc             ] GC(163) Pause Cleanup 22M->22M(80M) 0.110ms
[2025-06-13T16:35:47.093+0530][230909.342s][info][gc,cpu         ] GC(163) User=0.00s Sys=0.00s Real=0.00s
[2025-06-13T16:35:47.093+0530][230909.342s][info][gc,marking     ] GC(163) Concurrent Clear Claimed Marks
[2025-06-13T16:35:47.093+0530][230909.342s][info][gc,marking     ] GC(163) Concurrent Clear Claimed Marks 0.064ms
[2025-06-13T16:35:47.093+0530][230909.342s][info][gc,marking     ] GC(163) Concurrent Cleanup for Next Mark
[2025-06-13T16:35:47.093+0530][230909.342s][info][gc,marking     ] GC(163) Concurrent Cleanup for Next Mark 0.244ms
[2025-06-13T16:35:47.093+0530][230909.342s][info][gc             ] GC(163) Concurrent Mark Cycle 21.707ms
[2025-06-13T16:58:34.530+0530][232276.780s][info][gc,start       ] GC(164) Pause Young (Prepare Mixed) (G1 Evacuation Pause)
[2025-06-13T16:58:34.530+0530][232276.780s][info][gc,task        ] GC(164) Using 8 workers of 13 for evacuation
[2025-06-13T16:58:34.532+0530][232276.782s][info][gc,phases      ] GC(164)   Pre Evacuate Collection Set: 0.2ms
[2025-06-13T16:58:34.532+0530][232276.782s][info][gc,phases      ] GC(164)   Merge Heap Roots: 0.1ms
[2025-06-13T16:58:34.532+0530][232276.782s][info][gc,phases      ] GC(164)   Evacuate Collection Set: 1.0ms
[2025-06-13T16:58:34.532+0530][232276.782s][info][gc,phases      ] GC(164)   Post Evacuate Collection Set: 0.3ms
[2025-06-13T16:58:34.532+0530][232276.782s][info][gc,phases      ] GC(164)   Other: 0.1ms
[2025-06-13T16:58:34.532+0530][232276.782s][info][gc,heap        ] GC(164) Eden regions: 11->0(11)
[2025-06-13T16:58:34.532+0530][232276.782s][info][gc,heap        ] GC(164) Survivor regions: 1->1(2)
[2025-06-13T16:58:34.532+0530][232276.782s][info][gc,heap        ] GC(164) Old regions: 6->6
[2025-06-13T16:58:34.532+0530][232276.782s][info][gc,heap        ] GC(164) Humongous regions: 0->0
[2025-06-13T16:58:34.532+0530][232276.782s][info][gc,metaspace   ] GC(164) Metaspace: 66298K(67392K)->66298K(67392K) NonClass: 58534K(59200K)->58534K(59200K) Class: 7764K(8192K)->7764K(8192K)
[2025-06-13T16:58:34.532+0530][232276.782s][info][gc             ] GC(164) Pause Young (Prepare Mixed) (G1 Evacuation Pause) 66M->22M(80M) 2.050ms
[2025-06-13T16:58:34.532+0530][232276.782s][info][gc,cpu         ] GC(164) User=0.00s Sys=0.00s Real=0.00s
[2025-06-13T17:21:29.643+0530][233651.894s][info][gc,start       ] GC(165) Pause Young (Mixed) (G1 Evacuation Pause)
[2025-06-13T17:21:29.643+0530][233651.895s][info][gc,task        ] GC(165) Using 8 workers of 13 for evacuation
[2025-06-13T17:21:29.648+0530][233651.900s][info][gc,phases      ] GC(165)   Pre Evacuate Collection Set: 0.2ms
[2025-06-13T17:21:29.648+0530][233651.900s][info][gc,phases      ] GC(165)   Merge Heap Roots: 0.1ms
[2025-06-13T17:21:29.648+0530][233651.900s][info][gc,phases      ] GC(165)   Evacuate Collection Set: 4.3ms
[2025-06-13T17:21:29.648+0530][233651.900s][info][gc,phases      ] GC(165)   Post Evacuate Collection Set: 0.4ms
[2025-06-13T17:21:29.648+0530][233651.900s][info][gc,phases      ] GC(165)   Other: 0.1ms
[2025-06-13T17:21:29.648+0530][233651.900s][info][gc,heap        ] GC(165) Eden regions: 11->0(11)
[2025-06-13T17:21:29.648+0530][233651.900s][info][gc,heap        ] GC(165) Survivor regions: 1->1(2)
[2025-06-13T17:21:29.648+0530][233651.900s][info][gc,heap        ] GC(165) Old regions: 6->5
[2025-06-13T17:21:29.648+0530][233651.900s][info][gc,heap        ] GC(165) Humongous regions: 0->0
[2025-06-13T17:21:29.648+0530][233651.900s][info][gc,metaspace   ] GC(165) Metaspace: 66298K(67392K)->66298K(67392K) NonClass: 58534K(59200K)->58534K(59200K) Class: 7764K(8192K)->7764K(8192K)
[2025-06-13T17:21:29.648+0530][233651.900s][info][gc             ] GC(165) Pause Young (Mixed) (G1 Evacuation Pause) 66M->21M(80M) 5.416ms
[2025-06-13T17:21:29.648+0530][233651.900s][info][gc,cpu         ] GC(165) User=0.00s Sys=0.00s Real=0.01s
[2025-06-13T17:44:28.733+0530][235030.985s][info][gc,start       ] GC(166) Pause Young (Concurrent Start) (G1 Evacuation Pause)
[2025-06-13T17:44:28.733+0530][235030.985s][info][gc,task        ] GC(166) Using 8 workers of 13 for evacuation
[2025-06-13T17:44:28.735+0530][235030.987s][info][gc,phases      ] GC(166)   Pre Evacuate Collection Set: 0.3ms
[2025-06-13T17:44:28.735+0530][235030.987s][info][gc,phases      ] GC(166)   Merge Heap Roots: 0.1ms
[2025-06-13T17:44:28.735+0530][235030.987s][info][gc,phases      ] GC(166)   Evacuate Collection Set: 0.9ms
[2025-06-13T17:44:28.735+0530][235030.987s][info][gc,phases      ] GC(166)   Post Evacuate Collection Set: 0.3ms
[2025-06-13T17:44:28.735+0530][235030.987s][info][gc,phases      ] GC(166)   Other: 0.1ms
[2025-06-13T17:44:28.735+0530][235030.987s][info][gc,heap        ] GC(166) Eden regions: 11->0(11)
[2025-06-13T17:44:28.735+0530][235030.987s][info][gc,heap        ] GC(166) Survivor regions: 1->1(2)
[2025-06-13T17:44:28.735+0530][235030.987s][info][gc,heap        ] GC(166) Old regions: 5->5
[2025-06-13T17:44:28.735+0530][235030.987s][info][gc,heap        ] GC(166) Humongous regions: 0->0
[2025-06-13T17:44:28.735+0530][235030.987s][info][gc,metaspace   ] GC(166) Metaspace: 66298K(67392K)->66298K(67392K) NonClass: 58534K(59200K)->58534K(59200K) Class: 7764K(8192K)->7764K(8192K)
[2025-06-13T17:44:28.735+0530][235030.987s][info][gc             ] GC(166) Pause Young (Concurrent Start) (G1 Evacuation Pause) 65M->21M(80M) 2.069ms
[2025-06-13T17:44:28.735+0530][235030.987s][info][gc,cpu         ] GC(166) User=0.00s Sys=0.00s Real=0.00s
[2025-06-13T17:44:28.735+0530][235030.988s][info][gc             ] GC(167) Concurrent Mark Cycle
[2025-06-13T17:44:28.735+0530][235030.988s][info][gc,marking     ] GC(167) Concurrent Scan Root Regions
[2025-06-13T17:44:28.738+0530][235030.990s][info][gc,marking     ] GC(167) Concurrent Scan Root Regions 2.402ms
[2025-06-13T17:44:28.738+0530][235030.990s][info][gc,marking     ] GC(167) Concurrent Mark
[2025-06-13T17:44:28.738+0530][235030.990s][info][gc,marking     ] GC(167) Concurrent Mark From Roots
[2025-06-13T17:44:28.738+0530][235030.990s][info][gc,task        ] GC(167) Using 3 workers of 3 for marking
[2025-06-13T17:44:28.747+0530][235030.999s][info][gc,marking     ] GC(167) Concurrent Mark From Roots 9.048ms
[2025-06-13T17:44:28.747+0530][235030.999s][info][gc,marking     ] GC(167) Concurrent Preclean
[2025-06-13T17:44:28.747+0530][235030.999s][info][gc,marking     ] GC(167) Concurrent Preclean 0.299ms
[2025-06-13T17:44:28.747+0530][235030.999s][info][gc,start       ] GC(167) Pause Remark
[2025-06-13T17:44:28.758+0530][235031.010s][info][gc             ] GC(167) Pause Remark 22M->22M(80M) 10.584ms
[2025-06-13T17:44:28.758+0530][235031.010s][info][gc,cpu         ] GC(167) User=0.00s Sys=0.00s Real=0.01s
[2025-06-13T17:44:28.758+0530][235031.010s][info][gc,marking     ] GC(167) Concurrent Mark 20.196ms
[2025-06-13T17:44:28.758+0530][235031.010s][info][gc,marking     ] GC(167) Concurrent Rebuild Remembered Sets and Scrub Regions
[2025-06-13T17:44:28.762+0530][235031.015s][info][gc,marking     ] GC(167) Concurrent Rebuild Remembered Sets and Scrub Regions 4.563ms
[2025-06-13T17:44:28.763+0530][235031.015s][info][gc,start       ] GC(167) Pause Cleanup
[2025-06-13T17:44:28.763+0530][235031.015s][info][gc             ] GC(167) Pause Cleanup 22M->22M(80M) 0.101ms
[2025-06-13T17:44:28.763+0530][235031.015s][info][gc,cpu         ] GC(167) User=0.00s Sys=0.00s Real=0.00s
[2025-06-13T17:44:28.763+0530][235031.015s][info][gc,marking     ] GC(167) Concurrent Clear Claimed Marks
[2025-06-13T17:44:28.763+0530][235031.015s][info][gc,marking     ] GC(167) Concurrent Clear Claimed Marks 0.058ms
[2025-06-13T17:44:28.763+0530][235031.015s][info][gc,marking     ] GC(167) Concurrent Cleanup for Next Mark
[2025-06-13T17:44:28.763+0530][235031.015s][info][gc,marking     ] GC(167) Concurrent Cleanup for Next Mark 0.278ms
[2025-06-13T17:44:28.763+0530][235031.015s][info][gc             ] GC(167) Concurrent Mark Cycle 27.978ms
[2025-06-13T18:07:28.787+0530][236411.039s][info][gc,start       ] GC(168) Pause Young (Prepare Mixed) (G1 Evacuation Pause)
[2025-06-13T18:07:28.787+0530][236411.040s][info][gc,task        ] GC(168) Using 8 workers of 13 for evacuation
[2025-06-13T18:07:28.789+0530][236411.041s][info][gc,phases      ] GC(168)   Pre Evacuate Collection Set: 0.3ms
[2025-06-13T18:07:28.789+0530][236411.041s][info][gc,phases      ] GC(168)   Merge Heap Roots: 0.1ms
[2025-06-13T18:07:28.789+0530][236411.041s][info][gc,phases      ] GC(168)   Evacuate Collection Set: 1.0ms
[2025-06-13T18:07:28.789+0530][236411.041s][info][gc,phases      ] GC(168)   Post Evacuate Collection Set: 0.3ms
[2025-06-13T18:07:28.789+0530][236411.041s][info][gc,phases      ] GC(168)   Other: 0.1ms
[2025-06-13T18:07:28.789+0530][236411.042s][info][gc,heap        ] GC(168) Eden regions: 11->0(11)
[2025-06-13T18:07:28.789+0530][236411.042s][info][gc,heap        ] GC(168) Survivor regions: 1->1(2)
[2025-06-13T18:07:28.789+0530][236411.042s][info][gc,heap        ] GC(168) Old regions: 5->5
[2025-06-13T18:07:28.789+0530][236411.042s][info][gc,heap        ] GC(168) Humongous regions: 0->0
[2025-06-13T18:07:28.789+0530][236411.042s][info][gc,metaspace   ] GC(168) Metaspace: 66298K(67392K)->66298K(67392K) NonClass: 58534K(59200K)->58534K(59200K) Class: 7764K(8192K)->7764K(8192K)
[2025-06-13T18:07:28.789+0530][236411.042s][info][gc             ] GC(168) Pause Young (Prepare Mixed) (G1 Evacuation Pause) 65M->21M(80M) 2.106ms
[2025-06-13T18:07:28.789+0530][236411.042s][info][gc,cpu         ] GC(168) User=0.00s Sys=0.00s Real=0.00s
[2025-06-13T18:30:18.110+0530][237780.363s][info][gc,start       ] GC(169) Pause Young (Mixed) (G1 Evacuation Pause)
[2025-06-13T18:30:18.110+0530][237780.363s][info][gc,task        ] GC(169) Using 8 workers of 13 for evacuation
[2025-06-13T18:30:18.113+0530][237780.367s][info][gc,phases      ] GC(169)   Pre Evacuate Collection Set: 0.3ms
[2025-06-13T18:30:18.113+0530][237780.367s][info][gc,phases      ] GC(169)   Merge Heap Roots: 0.2ms
[2025-06-13T18:30:18.113+0530][237780.367s][info][gc,phases      ] GC(169)   Evacuate Collection Set: 2.7ms
[2025-06-13T18:30:18.113+0530][237780.367s][info][gc,phases      ] GC(169)   Post Evacuate Collection Set: 0.3ms
[2025-06-13T18:30:18.113+0530][237780.367s][info][gc,phases      ] GC(169)   Other: 0.1ms
[2025-06-13T18:30:18.113+0530][237780.367s][info][gc,heap        ] GC(169) Eden regions: 11->0(11)
[2025-06-13T18:30:18.113+0530][237780.367s][info][gc,heap        ] GC(169) Survivor regions: 1->1(2)
[2025-06-13T18:30:18.113+0530][237780.367s][info][gc,heap        ] GC(169) Old regions: 5->5
[2025-06-13T18:30:18.113+0530][237780.367s][info][gc,heap        ] GC(169) Humongous regions: 0->0
[2025-06-13T18:30:18.113+0530][237780.367s][info][gc,metaspace   ] GC(169) Metaspace: 66298K(67392K)->66298K(67392K) NonClass: 58534K(59200K)->58534K(59200K) Class: 7764K(8192K)->7764K(8192K)
[2025-06-13T18:30:18.113+0530][237780.367s][info][gc             ] GC(169) Pause Young (Mixed) (G1 Evacuation Pause) 65M->21M(80M) 3.720ms
[2025-06-13T18:30:18.114+0530][237780.367s][info][gc,cpu         ] GC(169) User=0.00s Sys=0.00s Real=0.00s
[2025-06-13T18:53:09.847+0530][239152.100s][info][gc,start       ] GC(170) Pause Young (Concurrent Start) (G1 Evacuation Pause)
[2025-06-13T18:53:09.847+0530][239152.100s][info][gc,task        ] GC(170) Using 8 workers of 13 for evacuation
[2025-06-13T18:53:09.848+0530][239152.102s][info][gc,phases      ] GC(170)   Pre Evacuate Collection Set: 0.3ms
[2025-06-13T18:53:09.848+0530][239152.102s][info][gc,phases      ] GC(170)   Merge Heap Roots: 0.1ms
[2025-06-13T18:53:09.848+0530][239152.102s][info][gc,phases      ] GC(170)   Evacuate Collection Set: 0.8ms
[2025-06-13T18:53:09.848+0530][239152.102s][info][gc,phases      ] GC(170)   Post Evacuate Collection Set: 0.3ms
[2025-06-13T18:53:09.848+0530][239152.102s][info][gc,phases      ] GC(170)   Other: 0.2ms
[2025-06-13T18:53:09.848+0530][239152.102s][info][gc,heap        ] GC(170) Eden regions: 11->0(11)
[2025-06-13T18:53:09.848+0530][239152.102s][info][gc,heap        ] GC(170) Survivor regions: 1->1(2)
[2025-06-13T18:53:09.848+0530][239152.102s][info][gc,heap        ] GC(170) Old regions: 5->5
[2025-06-13T18:53:09.848+0530][239152.102s][info][gc,heap        ] GC(170) Humongous regions: 0->0
[2025-06-13T18:53:09.848+0530][239152.102s][info][gc,metaspace   ] GC(170) Metaspace: 66298K(67392K)->66298K(67392K) NonClass: 58534K(59200K)->58534K(59200K) Class: 7764K(8192K)->7764K(8192K)
[2025-06-13T18:53:09.848+0530][239152.102s][info][gc             ] GC(170) Pause Young (Concurrent Start) (G1 Evacuation Pause) 65M->21M(80M) 2.144ms
[2025-06-13T18:53:09.848+0530][239152.102s][info][gc,cpu         ] GC(170) User=0.00s Sys=0.00s Real=0.00s
[2025-06-13T18:53:09.848+0530][239152.102s][info][gc             ] GC(171) Concurrent Mark Cycle
[2025-06-13T18:53:09.848+0530][239152.102s][info][gc,marking     ] GC(171) Concurrent Scan Root Regions
[2025-06-13T18:53:09.851+0530][239152.105s][info][gc,marking     ] GC(171) Concurrent Scan Root Regions 2.976ms
[2025-06-13T18:53:09.852+0530][239152.105s][info][gc,marking     ] GC(171) Concurrent Mark
[2025-06-13T18:53:09.852+0530][239152.105s][info][gc,marking     ] GC(171) Concurrent Mark From Roots
[2025-06-13T18:53:09.852+0530][239152.105s][info][gc,task        ] GC(171) Using 3 workers of 3 for marking
[2025-06-13T18:53:09.861+0530][239152.115s][info][gc,marking     ] GC(171) Concurrent Mark From Roots 9.781ms
[2025-06-13T18:53:09.861+0530][239152.115s][info][gc,marking     ] GC(171) Concurrent Preclean
[2025-06-13T18:53:09.862+0530][239152.115s][info][gc,marking     ] GC(171) Concurrent Preclean 0.179ms
[2025-06-13T18:53:09.862+0530][239152.115s][info][gc,start       ] GC(171) Pause Remark
[2025-06-13T18:53:09.864+0530][239152.117s][info][gc             ] GC(171) Pause Remark 21M->21M(80M) 1.291ms
[2025-06-13T18:53:09.864+0530][239152.117s][info][gc,cpu         ] GC(171) User=0.00s Sys=0.00s Real=0.00s
[2025-06-13T18:53:09.864+0530][239152.117s][info][gc,marking     ] GC(171) Concurrent Mark 11.491ms
[2025-06-13T18:53:09.864+0530][239152.117s][info][gc,marking     ] GC(171) Concurrent Rebuild Remembered Sets and Scrub Regions
[2025-06-13T18:53:09.867+0530][239152.120s][info][gc,marking     ] GC(171) Concurrent Rebuild Remembered Sets and Scrub Regions 3.516ms
[2025-06-13T18:53:09.867+0530][239152.120s][info][gc,start       ] GC(171) Pause Cleanup
[2025-06-13T18:53:09.867+0530][239152.120s][info][gc             ] GC(171) Pause Cleanup 21M->21M(80M) 0.088ms
[2025-06-13T18:53:09.867+0530][239152.120s][info][gc,cpu         ] GC(171) User=0.00s Sys=0.00s Real=0.00s
[2025-06-13T18:53:09.867+0530][239152.120s][info][gc,marking     ] GC(171) Concurrent Clear Claimed Marks
[2025-06-13T18:53:09.867+0530][239152.120s][info][gc,marking     ] GC(171) Concurrent Clear Claimed Marks 0.051ms
[2025-06-13T18:53:09.867+0530][239152.120s][info][gc,marking     ] GC(171) Concurrent Cleanup for Next Mark
[2025-06-13T18:53:09.867+0530][239152.121s][info][gc,marking     ] GC(171) Concurrent Cleanup for Next Mark 0.204ms
[2025-06-13T18:53:09.867+0530][239152.121s][info][gc             ] GC(171) Concurrent Mark Cycle 18.626ms
[2025-06-13T19:16:05.469+0530][240527.723s][info][gc,start       ] GC(172) Pause Young (Prepare Mixed) (G1 Evacuation Pause)
[2025-06-13T19:16:05.469+0530][240527.723s][info][gc,task        ] GC(172) Using 8 workers of 13 for evacuation
[2025-06-13T19:16:05.472+0530][240527.725s][info][gc,phases      ] GC(172)   Pre Evacuate Collection Set: 0.2ms
[2025-06-13T19:16:05.472+0530][240527.725s][info][gc,phases      ] GC(172)   Merge Heap Roots: 0.1ms
[2025-06-13T19:16:05.472+0530][240527.725s][info][gc,phases      ] GC(172)   Evacuate Collection Set: 0.9ms
[2025-06-13T19:16:05.472+0530][240527.725s][info][gc,phases      ] GC(172)   Post Evacuate Collection Set: 0.3ms
[2025-06-13T19:16:05.472+0530][240527.725s][info][gc,phases      ] GC(172)   Other: 0.1ms
[2025-06-13T19:16:05.472+0530][240527.725s][info][gc,heap        ] GC(172) Eden regions: 11->0(11)
[2025-06-13T19:16:05.472+0530][240527.725s][info][gc,heap        ] GC(172) Survivor regions: 1->1(2)
[2025-06-13T19:16:05.472+0530][240527.725s][info][gc,heap        ] GC(172) Old regions: 5->6
[2025-06-13T19:16:05.472+0530][240527.725s][info][gc,heap        ] GC(172) Humongous regions: 0->0
[2025-06-13T19:16:05.472+0530][240527.725s][info][gc,metaspace   ] GC(172) Metaspace: 66298K(67392K)->66298K(67392K) NonClass: 58534K(59200K)->58534K(59200K) Class: 7764K(8192K)->7764K(8192K)
[2025-06-13T19:16:05.472+0530][240527.725s][info][gc             ] GC(172) Pause Young (Prepare Mixed) (G1 Evacuation Pause) 65M->21M(80M) 1.943ms
[2025-06-13T19:16:05.472+0530][240527.725s][info][gc,cpu         ] GC(172) User=0.00s Sys=0.00s Real=0.00s
[2025-06-13T19:39:01.116+0530][241903.369s][info][gc,start       ] GC(173) Pause Young (Mixed) (G1 Evacuation Pause)
[2025-06-13T19:39:01.116+0530][241903.369s][info][gc,task        ] GC(173) Using 8 workers of 13 for evacuation
[2025-06-13T19:39:01.118+0530][241903.372s][info][gc,phases      ] GC(173)   Pre Evacuate Collection Set: 0.3ms
[2025-06-13T19:39:01.118+0530][241903.372s][info][gc,phases      ] GC(173)   Merge Heap Roots: 0.2ms
[2025-06-13T19:39:01.118+0530][241903.372s][info][gc,phases      ] GC(173)   Evacuate Collection Set: 1.5ms
[2025-06-13T19:39:01.118+0530][241903.372s][info][gc,phases      ] GC(173)   Post Evacuate Collection Set: 0.5ms
[2025-06-13T19:39:01.118+0530][241903.372s][info][gc,phases      ] GC(173)   Other: 0.1ms
[2025-06-13T19:39:01.118+0530][241903.372s][info][gc,heap        ] GC(173) Eden regions: 11->0(11)
[2025-06-13T19:39:01.118+0530][241903.372s][info][gc,heap        ] GC(173) Survivor regions: 1->1(2)
[2025-06-13T19:39:01.118+0530][241903.372s][info][gc,heap        ] GC(173) Old regions: 6->6
[2025-06-13T19:39:01.118+0530][241903.372s][info][gc,heap        ] GC(173) Humongous regions: 0->0
[2025-06-13T19:39:01.118+0530][241903.372s][info][gc,metaspace   ] GC(173) Metaspace: 66300K(67392K)->66300K(67392K) NonClass: 58536K(59200K)->58536K(59200K) Class: 7764K(8192K)->7764K(8192K)
[2025-06-13T19:39:01.118+0530][241903.372s][info][gc             ] GC(173) Pause Young (Mixed) (G1 Evacuation Pause) 65M->21M(80M) 2.803ms
[2025-06-13T19:39:01.118+0530][241903.372s][info][gc,cpu         ] GC(173) User=0.00s Sys=0.00s Real=0.00s
[2025-06-13T20:01:51.223+0530][243273.477s][info][gc,start       ] GC(174) Pause Young (Concurrent Start) (G1 Evacuation Pause)
[2025-06-13T20:01:51.223+0530][243273.477s][info][gc,task        ] GC(174) Using 8 workers of 13 for evacuation
[2025-06-13T20:01:51.224+0530][243273.479s][info][gc,phases      ] GC(174)   Pre Evacuate Collection Set: 0.4ms
[2025-06-13T20:01:51.224+0530][243273.479s][info][gc,phases      ] GC(174)   Merge Heap Roots: 0.1ms
[2025-06-13T20:01:51.224+0530][243273.479s][info][gc,phases      ] GC(174)   Evacuate Collection Set: 0.6ms
[2025-06-13T20:01:51.224+0530][243273.479s][info][gc,phases      ] GC(174)   Post Evacuate Collection Set: 0.3ms
[2025-06-13T20:01:51.224+0530][243273.479s][info][gc,phases      ] GC(174)   Other: 0.2ms
[2025-06-13T20:01:51.224+0530][243273.479s][info][gc,heap        ] GC(174) Eden regions: 11->0(11)
[2025-06-13T20:01:51.224+0530][243273.479s][info][gc,heap        ] GC(174) Survivor regions: 1->1(2)
[2025-06-13T20:01:51.226+0530][243273.479s][info][gc,heap        ] GC(174) Old regions: 6->6
[2025-06-13T20:01:51.226+0530][243273.479s][info][gc,heap        ] GC(174) Humongous regions: 0->0
[2025-06-13T20:01:51.226+0530][243273.479s][info][gc,metaspace   ] GC(174) Metaspace: 66300K(67392K)->66300K(67392K) NonClass: 58536K(59200K)->58536K(59200K) Class: 7764K(8192K)->7764K(8192K)
[2025-06-13T20:01:51.226+0530][243273.479s][info][gc             ] GC(174) Pause Young (Concurrent Start) (G1 Evacuation Pause) 65M->21M(80M) 1.996ms
[2025-06-13T20:01:51.226+0530][243273.479s][info][gc,cpu         ] GC(174) User=0.00s Sys=0.00s Real=0.00s
[2025-06-13T20:01:51.226+0530][243273.479s][info][gc             ] GC(175) Concurrent Mark Cycle
[2025-06-13T20:01:51.226+0530][243273.479s][info][gc,marking     ] GC(175) Concurrent Scan Root Regions
[2025-06-13T20:01:51.226+0530][243273.480s][info][gc,marking     ] GC(175) Concurrent Scan Root Regions 0.668ms
[2025-06-13T20:01:51.226+0530][243273.480s][info][gc,marking     ] GC(175) Concurrent Mark
[2025-06-13T20:01:51.226+0530][243273.480s][info][gc,marking     ] GC(175) Concurrent Mark From Roots
[2025-06-13T20:01:51.226+0530][243273.480s][info][gc,task        ] GC(175) Using 3 workers of 3 for marking
[2025-06-13T20:01:51.240+0530][243273.493s][info][gc,marking     ] GC(175) Concurrent Mark From Roots 13.383ms
[2025-06-13T20:01:51.240+0530][243273.493s][info][gc,marking     ] GC(175) Concurrent Preclean
[2025-06-13T20:01:51.240+0530][243273.493s][info][gc,marking     ] GC(175) Concurrent Preclean 0.153ms
[2025-06-13T20:01:51.240+0530][243273.493s][info][gc,start       ] GC(175) Pause Remark
[2025-06-13T20:01:51.243+0530][243273.497s][info][gc             ] GC(175) Pause Remark 21M->21M(80M) 3.903ms
[2025-06-13T20:01:51.243+0530][243273.497s][info][gc,cpu         ] GC(175) User=0.00s Sys=0.00s Real=0.00s
[2025-06-13T20:01:51.243+0530][243273.497s][info][gc,marking     ] GC(175) Concurrent Mark 17.686ms
[2025-06-13T20:01:51.243+0530][243273.497s][info][gc,marking     ] GC(175) Concurrent Rebuild Remembered Sets and Scrub Regions
[2025-06-13T20:01:51.247+0530][243273.501s][info][gc,marking     ] GC(175) Concurrent Rebuild Remembered Sets and Scrub Regions 3.982ms
[2025-06-13T20:01:51.247+0530][243273.502s][info][gc,start       ] GC(175) Pause Cleanup
[2025-06-13T20:01:51.247+0530][243273.502s][info][gc             ] GC(175) Pause Cleanup 21M->21M(80M) 0.082ms
[2025-06-13T20:01:51.247+0530][243273.502s][info][gc,cpu         ] GC(175) User=0.00s Sys=0.00s Real=0.00s
[2025-06-13T20:01:51.247+0530][243273.502s][info][gc,marking     ] GC(175) Concurrent Clear Claimed Marks
[2025-06-13T20:01:51.248+0530][243273.502s][info][gc,marking     ] GC(175) Concurrent Clear Claimed Marks 0.069ms
[2025-06-13T20:01:51.248+0530][243273.502s][info][gc,marking     ] GC(175) Concurrent Cleanup for Next Mark
[2025-06-13T20:01:51.248+0530][243273.502s][info][gc,marking     ] GC(175) Concurrent Cleanup for Next Mark 0.261ms
[2025-06-13T20:01:51.248+0530][243273.502s][info][gc             ] GC(175) Concurrent Mark Cycle 23.067ms
[2025-06-13T20:24:48.724+0530][244650.978s][info][gc,start       ] GC(176) Pause Young (Prepare Mixed) (G1 Evacuation Pause)
[2025-06-13T20:24:48.724+0530][244650.978s][info][gc,task        ] GC(176) Using 8 workers of 13 for evacuation
[2025-06-13T20:24:48.726+0530][244650.980s][info][gc,phases      ] GC(176)   Pre Evacuate Collection Set: 0.2ms
[2025-06-13T20:24:48.726+0530][244650.980s][info][gc,phases      ] GC(176)   Merge Heap Roots: 0.1ms
[2025-06-13T20:24:48.726+0530][244650.980s][info][gc,phases      ] GC(176)   Evacuate Collection Set: 0.4ms
[2025-06-13T20:24:48.726+0530][244650.980s][info][gc,phases      ] GC(176)   Post Evacuate Collection Set: 0.4ms
[2025-06-13T20:24:48.726+0530][244650.980s][info][gc,phases      ] GC(176)   Other: 0.1ms
[2025-06-13T20:24:48.726+0530][244650.980s][info][gc,heap        ] GC(176) Eden regions: 11->0(11)
[2025-06-13T20:24:48.726+0530][244650.980s][info][gc,heap        ] GC(176) Survivor regions: 1->1(2)
[2025-06-13T20:24:48.726+0530][244650.980s][info][gc,heap        ] GC(176) Old regions: 6->6
[2025-06-13T20:24:48.726+0530][244650.980s][info][gc,heap        ] GC(176) Humongous regions: 0->0
[2025-06-13T20:24:48.726+0530][244650.980s][info][gc,metaspace   ] GC(176) Metaspace: 66128K(67392K)->66128K(67392K) NonClass: 58381K(59200K)->58381K(59200K) Class: 7746K(8192K)->7746K(8192K)
[2025-06-13T20:24:48.726+0530][244650.980s][info][gc             ] GC(176) Pause Young (Prepare Mixed) (G1 Evacuation Pause) 65M->21M(80M) 1.406ms
[2025-06-13T20:24:48.726+0530][244650.980s][info][gc,cpu         ] GC(176) User=0.00s Sys=0.00s Real=0.00s
[2025-06-13T20:47:41.405+0530][246023.659s][info][gc,start       ] GC(177) Pause Young (Mixed) (G1 Evacuation Pause)
[2025-06-13T20:47:41.405+0530][246023.659s][info][gc,task        ] GC(177) Using 8 workers of 13 for evacuation
[2025-06-13T20:47:41.407+0530][246023.661s][info][gc,phases      ] GC(177)   Pre Evacuate Collection Set: 0.2ms
[2025-06-13T20:47:41.407+0530][246023.661s][info][gc,phases      ] GC(177)   Merge Heap Roots: 0.1ms
[2025-06-13T20:47:41.407+0530][246023.661s][info][gc,phases      ] GC(177)   Evacuate Collection Set: 1.7ms
[2025-06-13T20:47:41.407+0530][246023.661s][info][gc,phases      ] GC(177)   Post Evacuate Collection Set: 0.2ms
[2025-06-13T20:47:41.407+0530][246023.662s][info][gc,phases      ] GC(177)   Other: 0.1ms
[2025-06-13T20:47:41.407+0530][246023.662s][info][gc,heap        ] GC(177) Eden regions: 11->0(11)
[2025-06-13T20:47:41.407+0530][246023.662s][info][gc,heap        ] GC(177) Survivor regions: 1->1(2)
[2025-06-13T20:47:41.407+0530][246023.662s][info][gc,heap        ] GC(177) Old regions: 6->6
[2025-06-13T20:47:41.407+0530][246023.662s][info][gc,heap        ] GC(177) Humongous regions: 0->0
[2025-06-13T20:47:41.407+0530][246023.662s][info][gc,metaspace   ] GC(177) Metaspace: 66128K(67392K)->66128K(67392K) NonClass: 58381K(59200K)->58381K(59200K) Class: 7746K(8192K)->7746K(8192K)
[2025-06-13T20:47:41.407+0530][246023.662s][info][gc             ] GC(177) Pause Young (Mixed) (G1 Evacuation Pause) 65M->21M(80M) 2.656ms
[2025-06-13T20:47:41.407+0530][246023.662s][info][gc,cpu         ] GC(177) User=0.00s Sys=0.00s Real=0.00s
[2025-06-14T10:05:48.542+0530][293915.088s][info][gc,start       ] GC(178) Pause Young (Concurrent Start) (G1 Evacuation Pause)
[2025-06-14T10:05:48.542+0530][293915.088s][info][gc,task        ] GC(178) Using 8 workers of 13 for evacuation
[2025-06-14T10:05:48.544+0530][293915.089s][info][gc,phases      ] GC(178)   Pre Evacuate Collection Set: 0.4ms
[2025-06-14T10:05:48.544+0530][293915.089s][info][gc,phases      ] GC(178)   Merge Heap Roots: 0.1ms
[2025-06-14T10:05:48.544+0530][293915.089s][info][gc,phases      ] GC(178)   Evacuate Collection Set: 0.5ms
[2025-06-14T10:05:48.544+0530][293915.089s][info][gc,phases      ] GC(178)   Post Evacuate Collection Set: 0.2ms
[2025-06-14T10:05:48.544+0530][293915.089s][info][gc,phases      ] GC(178)   Other: 0.1ms
[2025-06-14T10:05:48.544+0530][293915.089s][info][gc,heap        ] GC(178) Eden regions: 11->0(11)
[2025-06-14T10:05:48.544+0530][293915.089s][info][gc,heap        ] GC(178) Survivor regions: 1->1(2)
[2025-06-14T10:05:48.544+0530][293915.089s][info][gc,heap        ] GC(178) Old regions: 6->6
[2025-06-14T10:05:48.544+0530][293915.089s][info][gc,heap        ] GC(178) Humongous regions: 0->0
[2025-06-14T10:05:48.544+0530][293915.089s][info][gc,metaspace   ] GC(178) Metaspace: 66128K(67392K)->66128K(67392K) NonClass: 58381K(59200K)->58381K(59200K) Class: 7746K(8192K)->7746K(8192K)
[2025-06-14T10:05:48.544+0530][293915.089s][info][gc             ] GC(178) Pause Young (Concurrent Start) (G1 Evacuation Pause) 65M->21M(80M) 1.514ms
[2025-06-14T10:05:48.544+0530][293915.090s][info][gc,cpu         ] GC(178) User=0.00s Sys=0.00s Real=0.00s
[2025-06-14T10:05:48.544+0530][293915.090s][info][gc             ] GC(179) Concurrent Mark Cycle
[2025-06-14T10:05:48.544+0530][293915.090s][info][gc,marking     ] GC(179) Concurrent Scan Root Regions
[2025-06-14T10:05:48.545+0530][293915.090s][info][gc,marking     ] GC(179) Concurrent Scan Root Regions 0.804ms
[2025-06-14T10:05:48.545+0530][293915.090s][info][gc,marking     ] GC(179) Concurrent Mark
[2025-06-14T10:05:48.545+0530][293915.090s][info][gc,marking     ] GC(179) Concurrent Mark From Roots
[2025-06-14T10:05:48.545+0530][293915.090s][info][gc,task        ] GC(179) Using 3 workers of 3 for marking
[2025-06-14T10:05:48.553+0530][293915.100s][info][gc,marking     ] GC(179) Concurrent Mark From Roots 9.710ms
[2025-06-14T10:05:48.553+0530][293915.100s][info][gc,marking     ] GC(179) Concurrent Preclean
[2025-06-14T10:05:48.554+0530][293915.100s][info][gc,marking     ] GC(179) Concurrent Preclean 0.196ms
[2025-06-14T10:05:48.554+0530][293915.100s][info][gc,start       ] GC(179) Pause Remark
[2025-06-14T10:05:48.557+0530][293915.104s][info][gc             ] GC(179) Pause Remark 21M->21M(80M) 3.665ms
[2025-06-14T10:05:48.557+0530][293915.104s][info][gc,cpu         ] GC(179) User=0.00s Sys=0.00s Real=0.00s
[2025-06-14T10:05:48.557+0530][293915.104s][info][gc,marking     ] GC(179) Concurrent Mark 13.802ms
[2025-06-14T10:05:48.557+0530][293915.104s][info][gc,marking     ] GC(179) Concurrent Rebuild Remembered Sets and Scrub Regions
[2025-06-14T10:05:48.561+0530][293915.107s][info][gc,marking     ] GC(179) Concurrent Rebuild Remembered Sets and Scrub Regions 3.067ms
[2025-06-14T10:05:48.561+0530][293915.107s][info][gc,start       ] GC(179) Pause Cleanup
[2025-06-14T10:05:48.562+0530][293915.107s][info][gc             ] GC(179) Pause Cleanup 21M->21M(80M) 0.090ms
[2025-06-14T10:05:48.562+0530][293915.108s][info][gc,cpu         ] GC(179) User=0.00s Sys=0.00s Real=0.00s
[2025-06-14T10:05:48.562+0530][293915.108s][info][gc,marking     ] GC(179) Concurrent Clear Claimed Marks
[2025-06-14T10:05:48.562+0530][293915.108s][info][gc,marking     ] GC(179) Concurrent Clear Claimed Marks 0.063ms
[2025-06-14T10:05:48.562+0530][293915.108s][info][gc,marking     ] GC(179) Concurrent Cleanup for Next Mark
[2025-06-14T10:05:48.562+0530][293915.108s][info][gc,marking     ] GC(179) Concurrent Cleanup for Next Mark 0.215ms
[2025-06-14T10:05:48.562+0530][293915.108s][info][gc             ] GC(179) Concurrent Mark Cycle 18.346ms
[2025-06-14T10:28:32.531+0530][295279.096s][info][gc,start       ] GC(180) Pause Young (Normal) (G1 Evacuation Pause)
[2025-06-14T10:28:32.531+0530][295279.096s][info][gc,task        ] GC(180) Using 8 workers of 13 for evacuation
[2025-06-14T10:28:32.531+0530][295279.097s][info][gc,phases      ] GC(180)   Pre Evacuate Collection Set: 0.2ms
[2025-06-14T10:28:32.531+0530][295279.097s][info][gc,phases      ] GC(180)   Merge Heap Roots: 0.1ms
[2025-06-14T10:28:32.531+0530][295279.097s][info][gc,phases      ] GC(180)   Evacuate Collection Set: 0.3ms
[2025-06-14T10:28:32.531+0530][295279.097s][info][gc,phases      ] GC(180)   Post Evacuate Collection Set: 0.3ms
[2025-06-14T10:28:32.531+0530][295279.097s][info][gc,phases      ] GC(180)   Other: 0.1ms
[2025-06-14T10:28:32.531+0530][295279.097s][info][gc,heap        ] GC(180) Eden regions: 11->0(11)
[2025-06-14T10:28:32.531+0530][295279.097s][info][gc,heap        ] GC(180) Survivor regions: 1->1(2)
[2025-06-14T10:28:32.531+0530][295279.097s][info][gc,heap        ] GC(180) Old regions: 6->6
[2025-06-14T10:28:32.531+0530][295279.097s][info][gc,heap        ] GC(180) Humongous regions: 0->0
[2025-06-14T10:28:32.531+0530][295279.097s][info][gc,metaspace   ] GC(180) Metaspace: 66128K(67392K)->66128K(67392K) NonClass: 58381K(59200K)->58381K(59200K) Class: 7746K(8192K)->7746K(8192K)
[2025-06-14T10:28:32.531+0530][295279.097s][info][gc             ] GC(180) Pause Young (Normal) (G1 Evacuation Pause) 65M->21M(80M) 1.212ms
[2025-06-14T10:28:32.532+0530][295279.097s][info][gc,cpu         ] GC(180) User=0.00s Sys=0.00s Real=0.00s
[2025-06-14T10:51:24.013+0530][296650.614s][info][gc,start       ] GC(181) Pause Young (Concurrent Start) (G1 Evacuation Pause)
[2025-06-14T10:51:24.013+0530][296650.614s][info][gc,task        ] GC(181) Using 8 workers of 13 for evacuation
[2025-06-14T10:51:24.015+0530][296650.616s][info][gc,phases      ] GC(181)   Pre Evacuate Collection Set: 0.4ms
[2025-06-14T10:51:24.015+0530][296650.616s][info][gc,phases      ] GC(181)   Merge Heap Roots: 0.1ms
[2025-06-14T10:51:24.015+0530][296650.616s][info][gc,phases      ] GC(181)   Evacuate Collection Set: 1.0ms
[2025-06-14T10:51:24.015+0530][296650.616s][info][gc,phases      ] GC(181)   Post Evacuate Collection Set: 0.3ms
[2025-06-14T10:51:24.015+0530][296650.616s][info][gc,phases      ] GC(181)   Other: 0.1ms
[2025-06-14T10:51:24.015+0530][296650.616s][info][gc,heap        ] GC(181) Eden regions: 11->0(11)
[2025-06-14T10:51:24.015+0530][296650.616s][info][gc,heap        ] GC(181) Survivor regions: 1->1(2)
[2025-06-14T10:51:24.015+0530][296650.616s][info][gc,heap        ] GC(181) Old regions: 6->6
[2025-06-14T10:51:24.015+0530][296650.616s][info][gc,heap        ] GC(181) Humongous regions: 0->0
[2025-06-14T10:51:24.015+0530][296650.616s][info][gc,metaspace   ] GC(181) Metaspace: 66128K(67392K)->66128K(67392K) NonClass: 58381K(59200K)->58381K(59200K) Class: 7746K(8192K)->7746K(8192K)
[2025-06-14T10:51:24.015+0530][296650.616s][info][gc             ] GC(181) Pause Young (Concurrent Start) (G1 Evacuation Pause) 65M->21M(80M) 2.228ms
[2025-06-14T10:51:24.015+0530][296650.616s][info][gc,cpu         ] GC(181) User=0.00s Sys=0.00s Real=0.00s
[2025-06-14T10:51:24.015+0530][296650.616s][info][gc             ] GC(182) Concurrent Mark Cycle
[2025-06-14T10:51:24.015+0530][296650.616s][info][gc,marking     ] GC(182) Concurrent Scan Root Regions
[2025-06-14T10:51:24.016+0530][296650.618s][info][gc,marking     ] GC(182) Concurrent Scan Root Regions 1.519ms
[2025-06-14T10:51:24.016+0530][296650.618s][info][gc,marking     ] GC(182) Concurrent Mark
[2025-06-14T10:51:24.016+0530][296650.618s][info][gc,marking     ] GC(182) Concurrent Mark From Roots
[2025-06-14T10:51:24.016+0530][296650.618s][info][gc,task        ] GC(182) Using 3 workers of 3 for marking
[2025-06-14T10:51:24.026+0530][296650.628s][info][gc,marking     ] GC(182) Concurrent Mark From Roots 9.888ms
[2025-06-14T10:51:24.026+0530][296650.628s][info][gc,marking     ] GC(182) Concurrent Preclean
[2025-06-14T10:51:24.026+0530][296650.628s][info][gc,marking     ] GC(182) Concurrent Preclean 0.144ms
[2025-06-14T10:51:24.027+0530][296650.628s][info][gc,start       ] GC(182) Pause Remark
[2025-06-14T10:51:24.027+0530][296650.629s][info][gc             ] GC(182) Pause Remark 21M->21M(80M) 0.978ms
[2025-06-14T10:51:24.027+0530][296650.629s][info][gc,cpu         ] GC(182) User=0.00s Sys=0.00s Real=0.00s
[2025-06-14T10:51:24.027+0530][296650.629s][info][gc,marking     ] GC(182) Concurrent Mark 11.226ms
[2025-06-14T10:51:24.027+0530][296650.629s][info][gc,marking     ] GC(182) Concurrent Rebuild Remembered Sets and Scrub Regions
[2025-06-14T10:51:24.031+0530][296650.632s][info][gc,marking     ] GC(182) Concurrent Rebuild Remembered Sets and Scrub Regions 3.177ms
[2025-06-14T10:51:24.031+0530][296650.633s][info][gc,start       ] GC(182) Pause Cleanup
[2025-06-14T10:51:24.031+0530][296650.633s][info][gc             ] GC(182) Pause Cleanup 21M->21M(80M) 0.106ms
[2025-06-14T10:51:24.031+0530][296650.633s][info][gc,cpu         ] GC(182) User=0.00s Sys=0.00s Real=0.00s
[2025-06-14T10:51:24.031+0530][296650.633s][info][gc,marking     ] GC(182) Concurrent Clear Claimed Marks
[2025-06-14T10:51:24.031+0530][296650.633s][info][gc,marking     ] GC(182) Concurrent Clear Claimed Marks 0.052ms
[2025-06-14T10:51:24.031+0530][296650.633s][info][gc,marking     ] GC(182) Concurrent Cleanup for Next Mark
[2025-06-14T10:51:24.031+0530][296650.633s][info][gc,marking     ] GC(182) Concurrent Cleanup for Next Mark 0.191ms
[2025-06-14T10:51:24.031+0530][296650.633s][info][gc             ] GC(182) Concurrent Mark Cycle 16.523ms
[2025-06-14T11:14:15.344+0530][298021.968s][info][gc,start       ] GC(183) Pause Young (Normal) (G1 Evacuation Pause)
[2025-06-14T11:14:15.344+0530][298021.968s][info][gc,task        ] GC(183) Using 8 workers of 13 for evacuation
[2025-06-14T11:14:15.345+0530][298021.969s][info][gc,phases      ] GC(183)   Pre Evacuate Collection Set: 0.2ms
[2025-06-14T11:14:15.345+0530][298021.969s][info][gc,phases      ] GC(183)   Merge Heap Roots: 0.1ms
[2025-06-14T11:14:15.345+0530][298021.969s][info][gc,phases      ] GC(183)   Evacuate Collection Set: 0.4ms
[2025-06-14T11:14:15.345+0530][298021.969s][info][gc,phases      ] GC(183)   Post Evacuate Collection Set: 0.2ms
[2025-06-14T11:14:15.345+0530][298021.969s][info][gc,phases      ] GC(183)   Other: 0.1ms
[2025-06-14T11:14:15.345+0530][298021.969s][info][gc,heap        ] GC(183) Eden regions: 11->0(11)
[2025-06-14T11:14:15.345+0530][298021.969s][info][gc,heap        ] GC(183) Survivor regions: 1->1(2)
[2025-06-14T11:14:15.345+0530][298021.969s][info][gc,heap        ] GC(183) Old regions: 6->6
[2025-06-14T11:14:15.345+0530][298021.969s][info][gc,heap        ] GC(183) Humongous regions: 0->0
[2025-06-14T11:14:15.345+0530][298021.969s][info][gc,metaspace   ] GC(183) Metaspace: 66128K(67392K)->66128K(67392K) NonClass: 58381K(59200K)->58381K(59200K) Class: 7746K(8192K)->7746K(8192K)
[2025-06-14T11:14:15.345+0530][298021.969s][info][gc             ] GC(183) Pause Young (Normal) (G1 Evacuation Pause) 65M->21M(80M) 1.257ms
[2025-06-14T11:14:15.345+0530][298021.969s][info][gc,cpu         ] GC(183) User=0.00s Sys=0.00s Real=0.00s
[2025-06-14T11:37:06.894+0530][299393.533s][info][gc,start       ] GC(184) Pause Young (Concurrent Start) (G1 Evacuation Pause)
[2025-06-14T11:37:06.894+0530][299393.533s][info][gc,task        ] GC(184) Using 8 workers of 13 for evacuation
[2025-06-14T11:37:06.895+0530][299393.534s][info][gc,phases      ] GC(184)   Pre Evacuate Collection Set: 0.2ms
[2025-06-14T11:37:06.895+0530][299393.534s][info][gc,phases      ] GC(184)   Merge Heap Roots: 0.1ms
[2025-06-14T11:37:06.895+0530][299393.534s][info][gc,phases      ] GC(184)   Evacuate Collection Set: 0.6ms
[2025-06-14T11:37:06.895+0530][299393.534s][info][gc,phases      ] GC(184)   Post Evacuate Collection Set: 0.2ms
[2025-06-14T11:37:06.895+0530][299393.534s][info][gc,phases      ] GC(184)   Other: 0.1ms
[2025-06-14T11:37:06.895+0530][299393.534s][info][gc,heap        ] GC(184) Eden regions: 11->0(11)
[2025-06-14T11:37:06.895+0530][299393.534s][info][gc,heap        ] GC(184) Survivor regions: 1->1(2)
[2025-06-14T11:37:06.895+0530][299393.534s][info][gc,heap        ] GC(184) Old regions: 6->6
[2025-06-14T11:37:06.895+0530][299393.534s][info][gc,heap        ] GC(184) Humongous regions: 0->0
[2025-06-14T11:37:06.895+0530][299393.534s][info][gc,metaspace   ] GC(184) Metaspace: 66128K(67392K)->66128K(67392K) NonClass: 58381K(59200K)->58381K(59200K) Class: 7746K(8192K)->7746K(8192K)
[2025-06-14T11:37:06.895+0530][299393.534s][info][gc             ] GC(184) Pause Young (Concurrent Start) (G1 Evacuation Pause) 65M->21M(80M) 1.432ms
[2025-06-14T11:37:06.895+0530][299393.534s][info][gc,cpu         ] GC(184) User=0.00s Sys=0.00s Real=0.00s
[2025-06-14T11:37:06.895+0530][299393.534s][info][gc             ] GC(185) Concurrent Mark Cycle
[2025-06-14T11:37:06.896+0530][299393.534s][info][gc,marking     ] GC(185) Concurrent Scan Root Regions
[2025-06-14T11:37:06.896+0530][299393.535s][info][gc,marking     ] GC(185) Concurrent Scan Root Regions 0.713ms
[2025-06-14T11:37:06.896+0530][299393.535s][info][gc,marking     ] GC(185) Concurrent Mark
[2025-06-14T11:37:06.896+0530][299393.535s][info][gc,marking     ] GC(185) Concurrent Mark From Roots
[2025-06-14T11:37:06.896+0530][299393.535s][info][gc,task        ] GC(185) Using 3 workers of 3 for marking
[2025-06-14T11:37:06.906+0530][299393.545s][info][gc,marking     ] GC(185) Concurrent Mark From Roots 9.629ms
[2025-06-14T11:37:06.906+0530][299393.545s][info][gc,marking     ] GC(185) Concurrent Preclean
[2025-06-14T11:37:06.906+0530][299393.545s][info][gc,marking     ] GC(185) Concurrent Preclean 0.162ms
[2025-06-14T11:37:06.906+0530][299393.545s][info][gc,start       ] GC(185) Pause Remark
[2025-06-14T11:37:06.936+0530][299393.575s][info][gc             ] GC(185) Pause Remark 21M->21M(80M) 29.479ms
[2025-06-14T11:37:06.936+0530][299393.575s][info][gc,cpu         ] GC(185) User=0.00s Sys=0.00s Real=0.03s
[2025-06-14T11:37:06.936+0530][299393.575s][info][gc,marking     ] GC(185) Concurrent Mark 39.474ms
[2025-06-14T11:37:06.936+0530][299393.575s][info][gc,marking     ] GC(185) Concurrent Rebuild Remembered Sets and Scrub Regions
[2025-06-14T11:37:06.939+0530][299393.578s][info][gc,marking     ] GC(185) Concurrent Rebuild Remembered Sets and Scrub Regions 3.128ms
[2025-06-14T11:37:06.939+0530][299393.578s][info][gc,start       ] GC(185) Pause Cleanup
[2025-06-14T11:37:06.939+0530][299393.578s][info][gc             ] GC(185) Pause Cleanup 21M->21M(80M) 0.098ms
[2025-06-14T11:37:06.939+0530][299393.578s][info][gc,cpu         ] GC(185) User=0.00s Sys=0.00s Real=0.00s
[2025-06-14T11:37:06.939+0530][299393.578s][info][gc,marking     ] GC(185) Concurrent Clear Claimed Marks
[2025-06-14T11:37:06.939+0530][299393.578s][info][gc,marking     ] GC(185) Concurrent Clear Claimed Marks 0.058ms
[2025-06-14T11:37:06.939+0530][299393.578s][info][gc,marking     ] GC(185) Concurrent Cleanup for Next Mark
[2025-06-14T11:37:06.940+0530][299393.578s][info][gc,marking     ] GC(185) Concurrent Cleanup for Next Mark 0.238ms
[2025-06-14T11:37:06.940+0530][299393.578s][info][gc             ] GC(185) Concurrent Mark Cycle 44.074ms
[2025-06-14T11:59:54.808+0530][300761.456s][info][gc,start       ] GC(186) Pause Young (Normal) (G1 Evacuation Pause)
[2025-06-14T11:59:54.808+0530][300761.456s][info][gc,task        ] GC(186) Using 8 workers of 13 for evacuation
[2025-06-14T11:59:54.809+0530][300761.457s][info][gc,phases      ] GC(186)   Pre Evacuate Collection Set: 0.2ms
[2025-06-14T11:59:54.809+0530][300761.457s][info][gc,phases      ] GC(186)   Merge Heap Roots: 0.1ms
[2025-06-14T11:59:54.809+0530][300761.457s][info][gc,phases      ] GC(186)   Evacuate Collection Set: 0.5ms
[2025-06-14T11:59:54.809+0530][300761.457s][info][gc,phases      ] GC(186)   Post Evacuate Collection Set: 0.3ms
[2025-06-14T11:59:54.809+0530][300761.457s][info][gc,phases      ] GC(186)   Other: 0.1ms
[2025-06-14T11:59:54.809+0530][300761.457s][info][gc,heap        ] GC(186) Eden regions: 11->0(11)
[2025-06-14T11:59:54.809+0530][300761.457s][info][gc,heap        ] GC(186) Survivor regions: 1->1(2)
[2025-06-14T11:59:54.809+0530][300761.457s][info][gc,heap        ] GC(186) Old regions: 6->6
[2025-06-14T11:59:54.809+0530][300761.457s][info][gc,heap        ] GC(186) Humongous regions: 0->0
[2025-06-14T11:59:54.809+0530][300761.457s][info][gc,metaspace   ] GC(186) Metaspace: 66128K(67392K)->66128K(67392K) NonClass: 58381K(59200K)->58381K(59200K) Class: 7746K(8192K)->7746K(8192K)
[2025-06-14T11:59:54.809+0530][300761.457s][info][gc             ] GC(186) Pause Young (Normal) (G1 Evacuation Pause) 65M->21M(80M) 1.465ms
[2025-06-14T11:59:54.809+0530][300761.457s][info][gc,cpu         ] GC(186) User=0.00s Sys=0.00s Real=0.00s
[2025-06-14T12:22:48.414+0530][302135.068s][info][gc,start       ] GC(187) Pause Young (Concurrent Start) (G1 Evacuation Pause)
[2025-06-14T12:22:48.414+0530][302135.068s][info][gc,task        ] GC(187) Using 8 workers of 13 for evacuation
[2025-06-14T12:22:48.416+0530][302135.070s][info][gc,phases      ] GC(187)   Pre Evacuate Collection Set: 0.4ms
[2025-06-14T12:22:48.416+0530][302135.070s][info][gc,phases      ] GC(187)   Merge Heap Roots: 0.1ms
[2025-06-14T12:22:48.416+0530][302135.070s][info][gc,phases      ] GC(187)   Evacuate Collection Set: 0.6ms
[2025-06-14T12:22:48.416+0530][302135.070s][info][gc,phases      ] GC(187)   Post Evacuate Collection Set: 0.3ms
[2025-06-14T12:22:48.416+0530][302135.070s][info][gc,phases      ] GC(187)   Other: 0.1ms
[2025-06-14T12:22:48.416+0530][302135.070s][info][gc,heap        ] GC(187) Eden regions: 11->0(11)
[2025-06-14T12:22:48.416+0530][302135.070s][info][gc,heap        ] GC(187) Survivor regions: 1->1(2)
[2025-06-14T12:22:48.416+0530][302135.070s][info][gc,heap        ] GC(187) Old regions: 6->6
[2025-06-14T12:22:48.416+0530][302135.070s][info][gc,heap        ] GC(187) Humongous regions: 0->0
[2025-06-14T12:22:48.416+0530][302135.070s][info][gc,metaspace   ] GC(187) Metaspace: 66128K(67392K)->66128K(67392K) NonClass: 58381K(59200K)->58381K(59200K) Class: 7746K(8192K)->7746K(8192K)
[2025-06-14T12:22:48.416+0530][302135.070s][info][gc             ] GC(187) Pause Young (Concurrent Start) (G1 Evacuation Pause) 65M->21M(80M) 1.809ms
[2025-06-14T12:22:48.416+0530][302135.070s][info][gc,cpu         ] GC(187) User=0.00s Sys=0.00s Real=0.00s
[2025-06-14T12:22:48.416+0530][302135.070s][info][gc             ] GC(188) Concurrent Mark Cycle
[2025-06-14T12:22:48.416+0530][302135.070s][info][gc,marking     ] GC(188) Concurrent Scan Root Regions
[2025-06-14T12:22:48.417+0530][302135.071s][info][gc,marking     ] GC(188) Concurrent Scan Root Regions 0.719ms
[2025-06-14T12:22:48.417+0530][302135.071s][info][gc,marking     ] GC(188) Concurrent Mark
[2025-06-14T12:22:48.417+0530][302135.071s][info][gc,marking     ] GC(188) Concurrent Mark From Roots
[2025-06-14T12:22:48.417+0530][302135.071s][info][gc,task        ] GC(188) Using 3 workers of 3 for marking
[2025-06-14T12:22:48.428+0530][302135.081s][info][gc,marking     ] GC(188) Concurrent Mark From Roots 10.116ms
[2025-06-14T12:22:48.428+0530][302135.081s][info][gc,marking     ] GC(188) Concurrent Preclean
[2025-06-14T12:22:48.428+0530][302135.081s][info][gc,marking     ] GC(188) Concurrent Preclean 0.187ms
[2025-06-14T12:22:48.428+0530][302135.081s][info][gc,start       ] GC(188) Pause Remark
[2025-06-14T12:22:48.428+0530][302135.082s][info][gc             ] GC(188) Pause Remark 21M->21M(80M) 0.989ms
[2025-06-14T12:22:48.428+0530][302135.082s][info][gc,cpu         ] GC(188) User=0.00s Sys=0.00s Real=0.00s
[2025-06-14T12:22:48.429+0530][302135.082s][info][gc,marking     ] GC(188) Concurrent Mark 11.484ms
[2025-06-14T12:22:48.429+0530][302135.082s][info][gc,marking     ] GC(188) Concurrent Rebuild Remembered Sets and Scrub Regions
[2025-06-14T12:22:48.433+0530][302135.087s][info][gc,marking     ] GC(188) Concurrent Rebuild Remembered Sets and Scrub Regions 4.327ms
[2025-06-14T12:22:48.433+0530][302135.087s][info][gc,start       ] GC(188) Pause Cleanup
[2025-06-14T12:22:48.433+0530][302135.087s][info][gc             ] GC(188) Pause Cleanup 21M->21M(80M) 0.099ms
[2025-06-14T12:22:48.433+0530][302135.087s][info][gc,cpu         ] GC(188) User=0.00s Sys=0.00s Real=0.00s
[2025-06-14T12:22:48.434+0530][302135.087s][info][gc,marking     ] GC(188) Concurrent Clear Claimed Marks
[2025-06-14T12:22:48.434+0530][302135.087s][info][gc,marking     ] GC(188) Concurrent Clear Claimed Marks 0.070ms
[2025-06-14T12:22:48.434+0530][302135.087s][info][gc,marking     ] GC(188) Concurrent Cleanup for Next Mark
[2025-06-14T12:22:48.434+0530][302135.087s][info][gc,marking     ] GC(188) Concurrent Cleanup for Next Mark 0.324ms
[2025-06-14T12:22:48.434+0530][302135.087s][info][gc             ] GC(188) Concurrent Mark Cycle 17.344ms
[2025-06-14T12:45:39.292+0530][303505.949s][info][gc,start       ] GC(189) Pause Young (Normal) (G1 Evacuation Pause)
[2025-06-14T12:45:39.292+0530][303505.949s][info][gc,task        ] GC(189) Using 8 workers of 13 for evacuation
[2025-06-14T12:45:39.293+0530][303505.951s][info][gc,phases      ] GC(189)   Pre Evacuate Collection Set: 0.3ms
[2025-06-14T12:45:39.293+0530][303505.951s][info][gc,phases      ] GC(189)   Merge Heap Roots: 0.2ms
[2025-06-14T12:45:39.293+0530][303505.951s][info][gc,phases      ] GC(189)   Evacuate Collection Set: 0.6ms
[2025-06-14T12:45:39.293+0530][303505.951s][info][gc,phases      ] GC(189)   Post Evacuate Collection Set: 0.4ms
[2025-06-14T12:45:39.293+0530][303505.951s][info][gc,phases      ] GC(189)   Other: 0.2ms
[2025-06-14T12:45:39.293+0530][303505.951s][info][gc,heap        ] GC(189) Eden regions: 11->0(11)
[2025-06-14T12:45:39.293+0530][303505.951s][info][gc,heap        ] GC(189) Survivor regions: 1->1(2)
[2025-06-14T12:45:39.293+0530][303505.951s][info][gc,heap        ] GC(189) Old regions: 6->6
[2025-06-14T12:45:39.293+0530][303505.951s][info][gc,heap        ] GC(189) Humongous regions: 0->0
[2025-06-14T12:45:39.294+0530][303505.951s][info][gc,metaspace   ] GC(189) Metaspace: 66141K(67392K)->66141K(67392K) NonClass: 58394K(59200K)->58394K(59200K) Class: 7746K(8192K)->7746K(8192K)
[2025-06-14T12:45:39.294+0530][303505.951s][info][gc             ] GC(189) Pause Young (Normal) (G1 Evacuation Pause) 65M->21M(80M) 1.969ms
[2025-06-14T12:45:39.294+0530][303505.951s][info][gc,cpu         ] GC(189) User=0.00s Sys=0.00s Real=0.00s
[2025-06-14T13:08:29.403+0530][304876.063s][info][gc,start       ] GC(190) Pause Young (Concurrent Start) (G1 Evacuation Pause)
[2025-06-14T13:08:29.403+0530][304876.063s][info][gc,task        ] GC(190) Using 8 workers of 13 for evacuation
[2025-06-14T13:08:29.405+0530][304876.064s][info][gc,phases      ] GC(190)   Pre Evacuate Collection Set: 0.5ms
[2025-06-14T13:08:29.405+0530][304876.064s][info][gc,phases      ] GC(190)   Merge Heap Roots: 0.1ms
[2025-06-14T13:08:29.405+0530][304876.064s][info][gc,phases      ] GC(190)   Evacuate Collection Set: 0.6ms
[2025-06-14T13:08:29.405+0530][304876.064s][info][gc,phases      ] GC(190)   Post Evacuate Collection Set: 0.3ms
[2025-06-14T13:08:29.405+0530][304876.064s][info][gc,phases      ] GC(190)   Other: 0.3ms
[2025-06-14T13:08:29.405+0530][304876.065s][info][gc,heap        ] GC(190) Eden regions: 11->0(11)
[2025-06-14T13:08:29.405+0530][304876.065s][info][gc,heap        ] GC(190) Survivor regions: 1->1(2)
[2025-06-14T13:08:29.405+0530][304876.065s][info][gc,heap        ] GC(190) Old regions: 6->6
[2025-06-14T13:08:29.405+0530][304876.065s][info][gc,heap        ] GC(190) Humongous regions: 0->0
[2025-06-14T13:08:29.405+0530][304876.065s][info][gc,metaspace   ] GC(190) Metaspace: 66141K(67392K)->66141K(67392K) NonClass: 58394K(59200K)->58394K(59200K) Class: 7746K(8192K)->7746K(8192K)
[2025-06-14T13:08:29.405+0530][304876.065s][info][gc             ] GC(190) Pause Young (Concurrent Start) (G1 Evacuation Pause) 65M->21M(80M) 2.110ms
[2025-06-14T13:08:29.405+0530][304876.065s][info][gc,cpu         ] GC(190) User=0.00s Sys=0.00s Real=0.00s
[2025-06-14T13:08:29.405+0530][304876.065s][info][gc             ] GC(191) Concurrent Mark Cycle
[2025-06-14T13:08:29.405+0530][304876.065s][info][gc,marking     ] GC(191) Concurrent Scan Root Regions
[2025-06-14T13:08:29.406+0530][304876.066s][info][gc,marking     ] GC(191) Concurrent Scan Root Regions 0.758ms
[2025-06-14T13:08:29.406+0530][304876.066s][info][gc,marking     ] GC(191) Concurrent Mark
[2025-06-14T13:08:29.406+0530][304876.066s][info][gc,marking     ] GC(191) Concurrent Mark From Roots
[2025-06-14T13:08:29.406+0530][304876.066s][info][gc,task        ] GC(191) Using 3 workers of 3 for marking
[2025-06-14T13:08:29.416+0530][304876.076s][info][gc,marking     ] GC(191) Concurrent Mark From Roots 10.452ms
[2025-06-14T13:08:29.416+0530][304876.076s][info][gc,marking     ] GC(191) Concurrent Preclean
[2025-06-14T13:08:29.416+0530][304876.076s][info][gc,marking     ] GC(191) Concurrent Preclean 0.166ms
[2025-06-14T13:08:29.432+0530][304876.092s][info][gc,start       ] GC(191) Pause Remark
[2025-06-14T13:08:29.433+0530][304876.093s][info][gc             ] GC(191) Pause Remark 21M->21M(80M) 1.377ms
[2025-06-14T13:08:29.433+0530][304876.093s][info][gc,cpu         ] GC(191) User=0.00s Sys=0.00s Real=0.00s
[2025-06-14T13:08:29.433+0530][304876.093s][info][gc,marking     ] GC(191) Concurrent Mark 27.723ms
[2025-06-14T13:08:29.433+0530][304876.093s][info][gc,marking     ] GC(191) Concurrent Rebuild Remembered Sets and Scrub Regions
[2025-06-14T13:08:29.437+0530][304876.096s][info][gc,marking     ] GC(191) Concurrent Rebuild Remembered Sets and Scrub Regions 3.208ms
[2025-06-14T13:08:29.437+0530][304876.097s][info][gc,start       ] GC(191) Pause Cleanup
[2025-06-14T13:08:29.437+0530][304876.097s][info][gc             ] GC(191) Pause Cleanup 21M->21M(80M) 0.101ms
[2025-06-14T13:08:29.437+0530][304876.097s][info][gc,cpu         ] GC(191) User=0.00s Sys=0.00s Real=0.00s
[2025-06-14T13:08:29.437+0530][304876.097s][info][gc,marking     ] GC(191) Concurrent Clear Claimed Marks
[2025-06-14T13:08:29.437+0530][304876.097s][info][gc,marking     ] GC(191) Concurrent Clear Claimed Marks 0.077ms
[2025-06-14T13:08:29.437+0530][304876.097s][info][gc,marking     ] GC(191) Concurrent Cleanup for Next Mark
[2025-06-14T13:08:29.437+0530][304876.097s][info][gc,marking     ] GC(191) Concurrent Cleanup for Next Mark 0.282ms
[2025-06-14T13:08:29.437+0530][304876.097s][info][gc             ] GC(191) Concurrent Mark Cycle 32.450ms
[2025-06-14T13:31:17.434+0530][306244.095s][info][gc,start       ] GC(192) Pause Young (Normal) (G1 Evacuation Pause)
[2025-06-14T13:31:17.434+0530][306244.096s][info][gc,task        ] GC(192) Using 8 workers of 13 for evacuation
[2025-06-14T13:31:17.436+0530][306244.097s][info][gc,phases      ] GC(192)   Pre Evacuate Collection Set: 0.3ms
[2025-06-14T13:31:17.436+0530][306244.097s][info][gc,phases      ] GC(192)   Merge Heap Roots: 0.1ms
[2025-06-14T13:31:17.436+0530][306244.097s][info][gc,phases      ] GC(192)   Evacuate Collection Set: 0.4ms
[2025-06-14T13:31:17.436+0530][306244.097s][info][gc,phases      ] GC(192)   Post Evacuate Collection Set: 0.5ms
[2025-06-14T13:31:17.436+0530][306244.097s][info][gc,phases      ] GC(192)   Other: 0.1ms
[2025-06-14T13:31:17.436+0530][306244.097s][info][gc,heap        ] GC(192) Eden regions: 11->0(13)
[2025-06-14T13:31:17.436+0530][306244.097s][info][gc,heap        ] GC(192) Survivor regions: 1->1(2)
[2025-06-14T13:31:17.436+0530][306244.097s][info][gc,heap        ] GC(192) Old regions: 6->6
[2025-06-14T13:31:17.436+0530][306244.097s][info][gc,heap        ] GC(192) Humongous regions: 0->0
[2025-06-14T13:31:17.436+0530][306244.097s][info][gc,metaspace   ] GC(192) Metaspace: 66141K(67392K)->66141K(67392K) NonClass: 58394K(59200K)->58394K(59200K) Class: 7746K(8192K)->7746K(8192K)
[2025-06-14T13:31:17.436+0530][306244.097s][info][gc             ] GC(192) Pause Young (Normal) (G1 Evacuation Pause) 65M->21M(96M) 1.781ms
[2025-06-14T13:31:17.436+0530][306244.097s][info][gc,cpu         ] GC(192) User=0.00s Sys=0.00s Real=0.00s
[2025-06-14T13:58:20.382+0530][307867.045s][info][gc,start       ] GC(193) Pause Young (Concurrent Start) (G1 Evacuation Pause)
[2025-06-14T13:58:20.382+0530][307867.045s][info][gc,task        ] GC(193) Using 8 workers of 13 for evacuation
[2025-06-14T13:58:20.384+0530][307867.047s][info][gc,phases      ] GC(193)   Pre Evacuate Collection Set: 0.4ms
[2025-06-14T13:58:20.384+0530][307867.047s][info][gc,phases      ] GC(193)   Merge Heap Roots: 0.1ms
[2025-06-14T13:58:20.384+0530][307867.047s][info][gc,phases      ] GC(193)   Evacuate Collection Set: 1.0ms
[2025-06-14T13:58:20.384+0530][307867.047s][info][gc,phases      ] GC(193)   Post Evacuate Collection Set: 0.3ms
[2025-06-14T13:58:20.384+0530][307867.047s][info][gc,phases      ] GC(193)   Other: 0.2ms
[2025-06-14T13:58:20.385+0530][307867.047s][info][gc,heap        ] GC(193) Eden regions: 13->0(13)
[2025-06-14T13:58:20.385+0530][307867.047s][info][gc,heap        ] GC(193) Survivor regions: 1->1(2)
[2025-06-14T13:58:20.385+0530][307867.047s][info][gc,heap        ] GC(193) Old regions: 6->6
[2025-06-14T13:58:20.385+0530][307867.047s][info][gc,heap        ] GC(193) Humongous regions: 0->0
[2025-06-14T13:58:20.385+0530][307867.047s][info][gc,metaspace   ] GC(193) Metaspace: 66141K(67392K)->66141K(67392K) NonClass: 58394K(59200K)->58394K(59200K) Class: 7746K(8192K)->7746K(8192K)
[2025-06-14T13:58:20.385+0530][307867.047s][info][gc             ] GC(193) Pause Young (Concurrent Start) (G1 Evacuation Pause) 73M->21M(96M) 2.339ms
[2025-06-14T13:58:20.385+0530][307867.047s][info][gc,cpu         ] GC(193) User=0.00s Sys=0.00s Real=0.00s
[2025-06-14T13:58:20.385+0530][307867.047s][info][gc             ] GC(194) Concurrent Mark Cycle
[2025-06-14T13:58:20.385+0530][307867.047s][info][gc,marking     ] GC(194) Concurrent Scan Root Regions
[2025-06-14T13:58:20.385+0530][307867.048s][info][gc,marking     ] GC(194) Concurrent Scan Root Regions 0.682ms
[2025-06-14T13:58:20.385+0530][307867.048s][info][gc,marking     ] GC(194) Concurrent Mark
[2025-06-14T13:58:20.385+0530][307867.048s][info][gc,marking     ] GC(194) Concurrent Mark From Roots
[2025-06-14T13:58:20.385+0530][307867.048s][info][gc,task        ] GC(194) Using 3 workers of 3 for marking
[2025-06-14T13:58:20.394+0530][307867.057s][info][gc,marking     ] GC(194) Concurrent Mark From Roots 8.905ms
[2025-06-14T13:58:20.394+0530][307867.057s][info][gc,marking     ] GC(194) Concurrent Preclean
[2025-06-14T13:58:20.394+0530][307867.057s][info][gc,marking     ] GC(194) Concurrent Preclean 0.155ms
[2025-06-14T13:58:20.405+0530][307867.067s][info][gc,start       ] GC(194) Pause Remark
[2025-06-14T13:58:20.406+0530][307867.069s][info][gc             ] GC(194) Pause Remark 21M->21M(96M) 2.080ms
[2025-06-14T13:58:20.407+0530][307867.069s][info][gc,cpu         ] GC(194) User=0.00s Sys=0.00s Real=0.00s
[2025-06-14T13:58:20.407+0530][307867.069s][info][gc,marking     ] GC(194) Concurrent Mark 21.298ms
[2025-06-14T13:58:20.407+0530][307867.069s][info][gc,marking     ] GC(194) Concurrent Rebuild Remembered Sets and Scrub Regions
[2025-06-14T13:58:20.408+0530][307867.072s][info][gc,marking     ] GC(194) Concurrent Rebuild Remembered Sets and Scrub Regions 2.843ms
[2025-06-14T13:58:20.408+0530][307867.072s][info][gc,start       ] GC(194) Pause Cleanup
[2025-06-14T13:58:20.410+0530][307867.072s][info][gc             ] GC(194) Pause Cleanup 21M->21M(96M) 0.116ms
[2025-06-14T13:58:20.410+0530][307867.072s][info][gc,cpu         ] GC(194) User=0.00s Sys=0.00s Real=0.00s
[2025-06-14T13:58:20.410+0530][307867.072s][info][gc,marking     ] GC(194) Concurrent Clear Claimed Marks
[2025-06-14T13:58:20.410+0530][307867.072s][info][gc,marking     ] GC(194) Concurrent Clear Claimed Marks 0.050ms
[2025-06-14T13:58:20.410+0530][307867.072s][info][gc,marking     ] GC(194) Concurrent Cleanup for Next Mark
[2025-06-14T13:58:20.410+0530][307867.073s][info][gc,marking     ] GC(194) Concurrent Cleanup for Next Mark 0.301ms
[2025-06-14T13:58:20.410+0530][307867.073s][info][gc             ] GC(194) Concurrent Mark Cycle 25.533ms
[2025-06-14T14:25:08.531+0530][309475.194s][info][gc,start       ] GC(195) Pause Young (Prepare Mixed) (G1 Evacuation Pause)
[2025-06-14T14:25:08.531+0530][309475.194s][info][gc,task        ] GC(195) Using 8 workers of 13 for evacuation
[2025-06-14T14:25:08.532+0530][309475.195s][info][gc,phases      ] GC(195)   Pre Evacuate Collection Set: 0.4ms
[2025-06-14T14:25:08.532+0530][309475.195s][info][gc,phases      ] GC(195)   Merge Heap Roots: 0.1ms
[2025-06-14T14:25:08.532+0530][309475.195s][info][gc,phases      ] GC(195)   Evacuate Collection Set: 0.3ms
[2025-06-14T14:25:08.532+0530][309475.195s][info][gc,phases      ] GC(195)   Post Evacuate Collection Set: 0.3ms
[2025-06-14T14:25:08.532+0530][309475.195s][info][gc,phases      ] GC(195)   Other: 0.2ms
[2025-06-14T14:25:08.532+0530][309475.195s][info][gc,heap        ] GC(195) Eden regions: 13->0(13)
[2025-06-14T14:25:08.532+0530][309475.195s][info][gc,heap        ] GC(195) Survivor regions: 1->1(2)
[2025-06-14T14:25:08.532+0530][309475.195s][info][gc,heap        ] GC(195) Old regions: 6->6
[2025-06-14T14:25:08.532+0530][309475.195s][info][gc,heap        ] GC(195) Humongous regions: 0->0
[2025-06-14T14:25:08.532+0530][309475.195s][info][gc,metaspace   ] GC(195) Metaspace: 66141K(67392K)->66141K(67392K) NonClass: 58394K(59200K)->58394K(59200K) Class: 7746K(8192K)->7746K(8192K)
[2025-06-14T14:25:08.532+0530][309475.195s][info][gc             ] GC(195) Pause Young (Prepare Mixed) (G1 Evacuation Pause) 73M->21M(96M) 1.635ms
[2025-06-14T14:25:08.532+0530][309475.195s][info][gc,cpu         ] GC(195) User=0.00s Sys=0.00s Real=0.00s
[2025-06-14T14:52:02.677+0530][311089.341s][info][gc,start       ] GC(196) Pause Young (Mixed) (G1 Evacuation Pause)
[2025-06-14T14:52:02.677+0530][311089.341s][info][gc,task        ] GC(196) Using 8 workers of 13 for evacuation
[2025-06-14T14:52:02.680+0530][311089.343s][info][gc,phases      ] GC(196)   Pre Evacuate Collection Set: 0.1ms
[2025-06-14T14:52:02.680+0530][311089.343s][info][gc,phases      ] GC(196)   Merge Heap Roots: 0.1ms
[2025-06-14T14:52:02.680+0530][311089.343s][info][gc,phases      ] GC(196)   Evacuate Collection Set: 1.7ms
[2025-06-14T14:52:02.680+0530][311089.343s][info][gc,phases      ] GC(196)   Post Evacuate Collection Set: 0.4ms
[2025-06-14T14:52:02.680+0530][311089.343s][info][gc,phases      ] GC(196)   Other: 0.1ms
[2025-06-14T14:52:02.680+0530][311089.343s][info][gc,heap        ] GC(196) Eden regions: 13->0(13)
[2025-06-14T14:52:02.680+0530][311089.343s][info][gc,heap        ] GC(196) Survivor regions: 1->1(2)
[2025-06-14T14:52:02.680+0530][311089.343s][info][gc,heap        ] GC(196) Old regions: 6->6
[2025-06-14T14:52:02.680+0530][311089.343s][info][gc,heap        ] GC(196) Humongous regions: 0->0
[2025-06-14T14:52:02.680+0530][311089.343s][info][gc,metaspace   ] GC(196) Metaspace: 66141K(67392K)->66141K(67392K) NonClass: 58394K(59200K)->58394K(59200K) Class: 7746K(8192K)->7746K(8192K)
[2025-06-14T14:52:02.680+0530][311089.343s][info][gc             ] GC(196) Pause Young (Mixed) (G1 Evacuation Pause) 73M->20M(96M) 2.701ms
[2025-06-14T14:52:02.680+0530][311089.343s][info][gc,cpu         ] GC(196) User=0.00s Sys=0.00s Real=0.00s
[2025-06-14T15:18:54.137+0530][312700.801s][info][gc,start       ] GC(197) Pause Young (Concurrent Start) (G1 Evacuation Pause)
[2025-06-14T15:18:54.137+0530][312700.801s][info][gc,task        ] GC(197) Using 8 workers of 13 for evacuation
[2025-06-14T15:18:54.138+0530][312700.803s][info][gc,phases      ] GC(197)   Pre Evacuate Collection Set: 0.3ms
[2025-06-14T15:18:54.138+0530][312700.803s][info][gc,phases      ] GC(197)   Merge Heap Roots: 0.1ms
[2025-06-14T15:18:54.138+0530][312700.803s][info][gc,phases      ] GC(197)   Evacuate Collection Set: 0.5ms
[2025-06-14T15:18:54.138+0530][312700.803s][info][gc,phases      ] GC(197)   Post Evacuate Collection Set: 0.2ms
[2025-06-14T15:18:54.138+0530][312700.803s][info][gc,phases      ] GC(197)   Other: 0.1ms
[2025-06-14T15:18:54.138+0530][312700.803s][info][gc,heap        ] GC(197) Eden regions: 13->0(13)
[2025-06-14T15:18:54.138+0530][312700.803s][info][gc,heap        ] GC(197) Survivor regions: 1->1(2)
[2025-06-14T15:18:54.138+0530][312700.803s][info][gc,heap        ] GC(197) Old regions: 6->6
[2025-06-14T15:18:54.138+0530][312700.803s][info][gc,heap        ] GC(197) Humongous regions: 0->0
[2025-06-14T15:18:54.138+0530][312700.803s][info][gc,metaspace   ] GC(197) Metaspace: 66142K(67392K)->66142K(67392K) NonClass: 58395K(59200K)->58395K(59200K) Class: 7746K(8192K)->7746K(8192K)
[2025-06-14T15:18:54.138+0530][312700.803s][info][gc             ] GC(197) Pause Young (Concurrent Start) (G1 Evacuation Pause) 72M->20M(96M) 1.519ms
[2025-06-14T15:18:54.138+0530][312700.803s][info][gc,cpu         ] GC(197) User=0.00s Sys=0.00s Real=0.00s
[2025-06-14T15:18:54.138+0530][312700.803s][info][gc             ] GC(198) Concurrent Mark Cycle
[2025-06-14T15:18:54.138+0530][312700.803s][info][gc,marking     ] GC(198) Concurrent Scan Root Regions
[2025-06-14T15:18:54.140+0530][312700.804s][info][gc,marking     ] GC(198) Concurrent Scan Root Regions 0.891ms
[2025-06-14T15:18:54.140+0530][312700.804s][info][gc,marking     ] GC(198) Concurrent Mark
[2025-06-14T15:18:54.140+0530][312700.804s][info][gc,marking     ] GC(198) Concurrent Mark From Roots
[2025-06-14T15:18:54.140+0530][312700.804s][info][gc,task        ] GC(198) Using 3 workers of 3 for marking
[2025-06-14T15:18:54.150+0530][312700.813s][info][gc,marking     ] GC(198) Concurrent Mark From Roots 9.537ms
[2025-06-14T15:18:54.150+0530][312700.813s][info][gc,marking     ] GC(198) Concurrent Preclean
[2025-06-14T15:18:54.150+0530][312700.814s][info][gc,marking     ] GC(198) Concurrent Preclean 0.216ms
[2025-06-14T15:18:54.150+0530][312700.814s][info][gc,start       ] GC(198) Pause Remark
[2025-06-14T15:18:54.150+0530][312700.815s][info][gc             ] GC(198) Pause Remark 20M->20M(96M) 0.970ms
[2025-06-14T15:18:54.150+0530][312700.815s][info][gc,cpu         ] GC(198) User=0.00s Sys=0.00s Real=0.00s
[2025-06-14T15:18:54.150+0530][312700.815s][info][gc,marking     ] GC(198) Concurrent Mark 10.927ms
[2025-06-14T15:18:54.150+0530][312700.815s][info][gc,marking     ] GC(198) Concurrent Rebuild Remembered Sets and Scrub Regions
[2025-06-14T15:18:54.154+0530][312700.818s][info][gc,marking     ] GC(198) Concurrent Rebuild Remembered Sets and Scrub Regions 3.159ms
[2025-06-14T15:18:54.154+0530][312700.818s][info][gc,start       ] GC(198) Pause Cleanup
[2025-06-14T15:18:54.154+0530][312700.818s][info][gc             ] GC(198) Pause Cleanup 21M->21M(96M) 0.077ms
[2025-06-14T15:18:54.154+0530][312700.818s][info][gc,cpu         ] GC(198) User=0.00s Sys=0.00s Real=0.00s
[2025-06-14T15:18:54.154+0530][312700.818s][info][gc,marking     ] GC(198) Concurrent Clear Claimed Marks
[2025-06-14T15:18:54.154+0530][312700.818s][info][gc,marking     ] GC(198) Concurrent Clear Claimed Marks 0.061ms
[2025-06-14T15:18:54.154+0530][312700.818s][info][gc,marking     ] GC(198) Concurrent Cleanup for Next Mark
[2025-06-14T15:18:54.154+0530][312700.818s][info][gc,marking     ] GC(198) Concurrent Cleanup for Next Mark 0.280ms
[2025-06-14T15:18:54.154+0530][312700.819s][info][gc             ] GC(198) Concurrent Mark Cycle 15.726ms
[2025-06-14T15:45:47.434+0530][314314.098s][info][gc,start       ] GC(199) Pause Young (Prepare Mixed) (G1 Evacuation Pause)
[2025-06-14T15:45:47.434+0530][314314.098s][info][gc,task        ] GC(199) Using 8 workers of 13 for evacuation
[2025-06-14T15:45:47.436+0530][314314.100s][info][gc,phases      ] GC(199)   Pre Evacuate Collection Set: 0.2ms
[2025-06-14T15:45:47.436+0530][314314.100s][info][gc,phases      ] GC(199)   Merge Heap Roots: 0.1ms
[2025-06-14T15:45:47.436+0530][314314.100s][info][gc,phases      ] GC(199)   Evacuate Collection Set: 0.3ms
[2025-06-14T15:45:47.436+0530][314314.100s][info][gc,phases      ] GC(199)   Post Evacuate Collection Set: 0.3ms
[2025-06-14T15:45:47.436+0530][314314.100s][info][gc,phases      ] GC(199)   Other: 1.2ms
[2025-06-14T15:45:47.436+0530][314314.100s][info][gc,heap        ] GC(199) Eden regions: 13->0(13)
[2025-06-14T15:45:47.436+0530][314314.100s][info][gc,heap        ] GC(199) Survivor regions: 1->1(2)
[2025-06-14T15:45:47.436+0530][314314.100s][info][gc,heap        ] GC(199) Old regions: 6->6
[2025-06-14T15:45:47.436+0530][314314.100s][info][gc,heap        ] GC(199) Humongous regions: 0->0
[2025-06-14T15:45:47.436+0530][314314.100s][info][gc,metaspace   ] GC(199) Metaspace: 66142K(67392K)->66142K(67392K) NonClass: 58395K(59200K)->58395K(59200K) Class: 7746K(8192K)->7746K(8192K)
[2025-06-14T15:45:47.436+0530][314314.100s][info][gc             ] GC(199) Pause Young (Prepare Mixed) (G1 Evacuation Pause) 72M->20M(96M) 2.384ms
[2025-06-14T15:45:47.436+0530][314314.100s][info][gc,cpu         ] GC(199) User=0.00s Sys=0.00s Real=0.00s
[2025-06-14T16:12:48.430+0530][315935.094s][info][gc,start       ] GC(200) Pause Young (Mixed) (G1 Evacuation Pause)
[2025-06-14T16:12:48.430+0530][315935.094s][info][gc,task        ] GC(200) Using 8 workers of 13 for evacuation
[2025-06-14T16:12:48.431+0530][315935.095s][info][gc,phases      ] GC(200)   Pre Evacuate Collection Set: 0.3ms
[2025-06-14T16:12:48.431+0530][315935.095s][info][gc,phases      ] GC(200)   Merge Heap Roots: 0.1ms
[2025-06-14T16:12:48.431+0530][315935.095s][info][gc,phases      ] GC(200)   Evacuate Collection Set: 0.7ms
[2025-06-14T16:12:48.431+0530][315935.095s][info][gc,phases      ] GC(200)   Post Evacuate Collection Set: 0.3ms
[2025-06-14T16:12:48.431+0530][315935.095s][info][gc,phases      ] GC(200)   Other: 0.1ms
[2025-06-14T16:12:48.431+0530][315935.095s][info][gc,heap        ] GC(200) Eden regions: 13->0(13)
[2025-06-14T16:12:48.431+0530][315935.096s][info][gc,heap        ] GC(200) Survivor regions: 1->1(2)
[2025-06-14T16:12:48.431+0530][315935.096s][info][gc,heap        ] GC(200) Old regions: 6->6
[2025-06-14T16:12:48.431+0530][315935.096s][info][gc,heap        ] GC(200) Humongous regions: 0->0
[2025-06-14T16:12:48.431+0530][315935.096s][info][gc,metaspace   ] GC(200) Metaspace: 66142K(67392K)->66142K(67392K) NonClass: 58395K(59200K)->58395K(59200K) Class: 7746K(8192K)->7746K(8192K)
[2025-06-14T16:12:48.431+0530][315935.096s][info][gc             ] GC(200) Pause Young (Mixed) (G1 Evacuation Pause) 72M->20M(96M) 1.873ms
[2025-06-14T16:12:48.431+0530][315935.096s][info][gc,cpu         ] GC(200) User=0.00s Sys=0.00s Real=0.00s
[2025-06-14T16:39:48.099+0530][317554.763s][info][gc,start       ] GC(201) Pause Young (Concurrent Start) (G1 Evacuation Pause)
[2025-06-14T16:39:48.099+0530][317554.763s][info][gc,task        ] GC(201) Using 8 workers of 13 for evacuation
[2025-06-14T16:39:48.100+0530][317554.765s][info][gc,phases      ] GC(201)   Pre Evacuate Collection Set: 0.4ms
[2025-06-14T16:39:48.100+0530][317554.765s][info][gc,phases      ] GC(201)   Merge Heap Roots: 0.1ms
[2025-06-14T16:39:48.100+0530][317554.765s][info][gc,phases      ] GC(201)   Evacuate Collection Set: 0.6ms
[2025-06-14T16:39:48.100+0530][317554.765s][info][gc,phases      ] GC(201)   Post Evacuate Collection Set: 0.2ms
[2025-06-14T16:39:48.100+0530][317554.765s][info][gc,phases      ] GC(201)   Other: 0.2ms
[2025-06-14T16:39:48.100+0530][317554.765s][info][gc,heap        ] GC(201) Eden regions: 13->0(13)
[2025-06-14T16:39:48.100+0530][317554.765s][info][gc,heap        ] GC(201) Survivor regions: 1->1(2)
[2025-06-14T16:39:48.100+0530][317554.765s][info][gc,heap        ] GC(201) Old regions: 6->6
[2025-06-14T16:39:48.100+0530][317554.765s][info][gc,heap        ] GC(201) Humongous regions: 0->0
[2025-06-14T16:39:48.100+0530][317554.765s][info][gc,metaspace   ] GC(201) Metaspace: 66142K(67392K)->66142K(67392K) NonClass: 58395K(59200K)->58395K(59200K) Class: 7746K(8192K)->7746K(8192K)
[2025-06-14T16:39:48.101+0530][317554.765s][info][gc             ] GC(201) Pause Young (Concurrent Start) (G1 Evacuation Pause) 72M->21M(96M) 1.872ms
[2025-06-14T16:39:48.101+0530][317554.765s][info][gc,cpu         ] GC(201) User=0.00s Sys=0.00s Real=0.00s
[2025-06-14T16:39:48.101+0530][317554.765s][info][gc             ] GC(202) Concurrent Mark Cycle
[2025-06-14T16:39:48.101+0530][317554.765s][info][gc,marking     ] GC(202) Concurrent Scan Root Regions
[2025-06-14T16:39:48.101+0530][317554.766s][info][gc,marking     ] GC(202) Concurrent Scan Root Regions 0.918ms
[2025-06-14T16:39:48.101+0530][317554.766s][info][gc,marking     ] GC(202) Concurrent Mark
[2025-06-14T16:39:48.101+0530][317554.766s][info][gc,marking     ] GC(202) Concurrent Mark From Roots
[2025-06-14T16:39:48.101+0530][317554.766s][info][gc,task        ] GC(202) Using 3 workers of 3 for marking
[2025-06-14T16:39:48.115+0530][317554.779s][info][gc,marking     ] GC(202) Concurrent Mark From Roots 13.506ms
[2025-06-14T16:39:48.115+0530][317554.779s][info][gc,marking     ] GC(202) Concurrent Preclean
[2025-06-14T16:39:48.115+0530][317554.780s][info][gc,marking     ] GC(202) Concurrent Preclean 0.224ms
[2025-06-14T16:39:48.115+0530][317554.780s][info][gc,start       ] GC(202) Pause Remark
[2025-06-14T16:39:48.117+0530][317554.781s][info][gc             ] GC(202) Pause Remark 21M->21M(96M) 1.407ms
[2025-06-14T16:39:48.117+0530][317554.781s][info][gc,cpu         ] GC(202) User=0.00s Sys=0.00s Real=0.00s
[2025-06-14T16:39:48.117+0530][317554.781s][info][gc,marking     ] GC(202) Concurrent Mark 15.335ms
[2025-06-14T16:39:48.117+0530][317554.781s][info][gc,marking     ] GC(202) Concurrent Rebuild Remembered Sets and Scrub Regions
[2025-06-14T16:39:48.121+0530][317554.786s][info][gc,marking     ] GC(202) Concurrent Rebuild Remembered Sets and Scrub Regions 4.400ms
[2025-06-14T16:39:48.121+0530][317554.786s][info][gc,start       ] GC(202) Pause Cleanup
[2025-06-14T16:39:48.122+0530][317554.786s][info][gc             ] GC(202) Pause Cleanup 21M->21M(96M) 0.106ms
[2025-06-14T16:39:48.122+0530][317554.786s][info][gc,cpu         ] GC(202) User=0.00s Sys=0.00s Real=0.00s
[2025-06-14T16:39:48.122+0530][317554.786s][info][gc,marking     ] GC(202) Concurrent Clear Claimed Marks
[2025-06-14T16:39:48.122+0530][317554.786s][info][gc,marking     ] GC(202) Concurrent Clear Claimed Marks 0.064ms
[2025-06-14T16:39:48.122+0530][317554.786s][info][gc,marking     ] GC(202) Concurrent Cleanup for Next Mark
[2025-06-14T16:39:48.122+0530][317554.786s][info][gc,marking     ] GC(202) Concurrent Cleanup for Next Mark 0.391ms
[2025-06-14T16:39:48.122+0530][317554.786s][info][gc             ] GC(202) Concurrent Mark Cycle 21.529ms
[2025-06-14T17:06:49.422+0530][319176.086s][info][gc,start       ] GC(203) Pause Young (Prepare Mixed) (G1 Evacuation Pause)
[2025-06-14T17:06:49.422+0530][319176.086s][info][gc,task        ] GC(203) Using 8 workers of 13 for evacuation
[2025-06-14T17:06:49.423+0530][319176.087s][info][gc,phases      ] GC(203)   Pre Evacuate Collection Set: 0.5ms
[2025-06-14T17:06:49.423+0530][319176.087s][info][gc,phases      ] GC(203)   Merge Heap Roots: 0.1ms
[2025-06-14T17:06:49.423+0530][319176.087s][info][gc,phases      ] GC(203)   Evacuate Collection Set: 0.4ms
[2025-06-14T17:06:49.423+0530][319176.087s][info][gc,phases      ] GC(203)   Post Evacuate Collection Set: 0.4ms
[2025-06-14T17:06:49.423+0530][319176.087s][info][gc,phases      ] GC(203)   Other: 0.1ms
[2025-06-14T17:06:49.423+0530][319176.087s][info][gc,heap        ] GC(203) Eden regions: 13->0(13)
[2025-06-14T17:06:49.423+0530][319176.087s][info][gc,heap        ] GC(203) Survivor regions: 1->1(2)
[2025-06-14T17:06:49.423+0530][319176.087s][info][gc,heap        ] GC(203) Old regions: 6->6
[2025-06-14T17:06:49.423+0530][319176.087s][info][gc,heap        ] GC(203) Humongous regions: 0->0
[2025-06-14T17:06:49.423+0530][319176.087s][info][gc,metaspace   ] GC(203) Metaspace: 66142K(67392K)->66142K(67392K) NonClass: 58395K(59200K)->58395K(59200K) Class: 7746K(8192K)->7746K(8192K)
[2025-06-14T17:06:49.423+0530][319176.088s][info][gc             ] GC(203) Pause Young (Prepare Mixed) (G1 Evacuation Pause) 73M->21M(96M) 1.866ms
[2025-06-14T17:06:49.423+0530][319176.088s][info][gc,cpu         ] GC(203) User=0.00s Sys=0.00s Real=0.00s
[2025-06-14T17:20:41.274+0530][320007.938s][info][gc,start       ] GC(204) Pause Full (System.gc())
[2025-06-14T17:20:41.274+0530][320007.939s][info][gc,task        ] GC(204) Using 2 workers of 13 for full compaction
[2025-06-14T17:20:41.276+0530][320007.940s][info][gc,phases,start] GC(204) Phase 1: Mark live objects
[2025-06-14T17:20:41.332+0530][320007.996s][info][gc,phases      ] GC(204) Phase 1: Mark live objects 56.130ms
[2025-06-14T17:20:41.332+0530][320007.996s][info][gc,phases,start] GC(204) Phase 2: Prepare compaction
[2025-06-14T17:20:41.334+0530][320007.998s][info][gc,phases      ] GC(204) Phase 2: Prepare compaction 2.223ms
[2025-06-14T17:20:41.334+0530][320007.998s][info][gc,phases,start] GC(204) Phase 3: Adjust pointers
[2025-06-14T17:20:41.340+0530][320008.005s][info][gc,phases      ] GC(204) Phase 3: Adjust pointers 6.212ms
[2025-06-14T17:20:41.340+0530][320008.005s][info][gc,phases,start] GC(204) Phase 4: Compact heap
[2025-06-14T17:20:41.343+0530][320008.008s][info][gc,phases      ] GC(204) Phase 4: Compact heap 3.564ms
[2025-06-14T17:20:41.344+0530][320008.008s][info][gc,phases,start] GC(204) Phase 5: Reset Metadata
[2025-06-14T17:20:41.345+0530][320008.010s][info][gc,phases      ] GC(204) Phase 5: Reset Metadata 1.355ms
[2025-06-14T17:20:41.346+0530][320008.011s][info][gc,heap        ] GC(204) Eden regions: 8->0(12)
[2025-06-14T17:20:41.346+0530][320008.011s][info][gc,heap        ] GC(204) Survivor regions: 1->0(2)
[2025-06-14T17:20:41.346+0530][320008.011s][info][gc,heap        ] GC(204) Old regions: 6->6
[2025-06-14T17:20:41.346+0530][320008.011s][info][gc,heap        ] GC(204) Humongous regions: 0->0
[2025-06-14T17:20:41.346+0530][320008.011s][info][gc,metaspace   ] GC(204) Metaspace: 66149K(67392K)->66138K(67392K) NonClass: 58401K(59200K)->58393K(59200K) Class: 7747K(8192K)->7744K(8192K)
[2025-06-14T17:20:41.346+0530][320008.011s][info][gc             ] GC(204) Pause Full (System.gc()) 49M->18M(80M) 72.826ms
[2025-06-14T17:20:41.346+0530][320008.011s][info][gc,cpu         ] GC(204) User=0.03s Sys=0.00s Real=0.07s
[2025-06-14T17:20:43.320+0530][320009.984s][info][gc,start       ] GC(205) Pause Young (Concurrent Start) (G1 Evacuation Pause)
[2025-06-14T17:20:43.321+0530][320009.985s][info][gc,task        ] GC(205) Using 6 workers of 13 for evacuation
[2025-06-14T17:20:43.331+0530][320009.995s][info][gc,phases      ] GC(205)   Pre Evacuate Collection Set: 0.7ms
[2025-06-14T17:20:43.331+0530][320009.995s][info][gc,phases      ] GC(205)   Merge Heap Roots: 0.1ms
[2025-06-14T17:20:43.331+0530][320009.995s][info][gc,phases      ] GC(205)   Evacuate Collection Set: 8.6ms
[2025-06-14T17:20:43.331+0530][320009.995s][info][gc,phases      ] GC(205)   Post Evacuate Collection Set: 0.5ms
[2025-06-14T17:20:43.331+0530][320009.995s][info][gc,phases      ] GC(205)   Other: 0.2ms
[2025-06-14T17:20:43.331+0530][320009.995s][info][gc,heap        ] GC(205) Eden regions: 12->0(9)
[2025-06-14T17:20:43.331+0530][320009.995s][info][gc,heap        ] GC(205) Survivor regions: 0->2(2)
[2025-06-14T17:20:43.331+0530][320009.995s][info][gc,heap        ] GC(205) Old regions: 6->6
[2025-06-14T17:20:43.331+0530][320009.995s][info][gc,heap        ] GC(205) Humongous regions: 0->0
[2025-06-14T17:20:43.331+0530][320009.995s][info][gc,metaspace   ] GC(205) Metaspace: 66339K(67392K)->66339K(67392K) NonClass: 58555K(59200K)->58555K(59200K) Class: 7783K(8192K)->7783K(8192K)
[2025-06-14T17:20:43.331+0530][320009.995s][info][gc             ] GC(205) Pause Young (Concurrent Start) (G1 Evacuation Pause) 66M->23M(80M) 10.686ms
[2025-06-14T17:20:43.331+0530][320009.995s][info][gc,cpu         ] GC(205) User=0.05s Sys=0.02s Real=0.01s
[2025-06-14T17:20:43.331+0530][320009.995s][info][gc             ] GC(206) Concurrent Mark Cycle
[2025-06-14T17:20:43.331+0530][320009.995s][info][gc,marking     ] GC(206) Concurrent Scan Root Regions
[2025-06-14T17:20:43.337+0530][320010.001s][info][gc,marking     ] GC(206) Concurrent Scan Root Regions 5.070ms
[2025-06-14T17:20:43.337+0530][320010.001s][info][gc,marking     ] GC(206) Concurrent Mark
[2025-06-14T17:20:43.337+0530][320010.001s][info][gc,marking     ] GC(206) Concurrent Mark From Roots
[2025-06-14T17:20:43.337+0530][320010.001s][info][gc,task        ] GC(206) Using 3 workers of 3 for marking
[2025-06-14T17:20:43.352+0530][320010.016s][info][gc,marking     ] GC(206) Concurrent Mark From Roots 14.858ms
[2025-06-14T17:20:43.352+0530][320010.016s][info][gc,marking     ] GC(206) Concurrent Preclean
[2025-06-14T17:20:43.352+0530][320010.016s][info][gc,marking     ] GC(206) Concurrent Preclean 0.347ms
[2025-06-14T17:20:43.352+0530][320010.016s][info][gc,start       ] GC(206) Pause Remark
[2025-06-14T17:20:43.354+0530][320010.019s][info][gc             ] GC(206) Pause Remark 24M->24M(80M) 2.756ms
[2025-06-14T17:20:43.354+0530][320010.019s][info][gc,cpu         ] GC(206) User=0.00s Sys=0.00s Real=0.00s
[2025-06-14T17:20:43.354+0530][320010.019s][info][gc,marking     ] GC(206) Concurrent Mark 18.276ms
[2025-06-14T17:20:43.354+0530][320010.019s][info][gc,marking     ] GC(206) Concurrent Rebuild Remembered Sets and Scrub Regions
[2025-06-14T17:20:43.360+0530][320010.024s][info][gc,marking     ] GC(206) Concurrent Rebuild Remembered Sets and Scrub Regions 4.626ms
[2025-06-14T17:20:43.360+0530][320010.024s][info][gc,start       ] GC(206) Pause Cleanup
[2025-06-14T17:20:43.360+0530][320010.024s][info][gc             ] GC(206) Pause Cleanup 24M->24M(80M) 0.095ms
[2025-06-14T17:20:43.360+0530][320010.024s][info][gc,cpu         ] GC(206) User=0.00s Sys=0.00s Real=0.00s
[2025-06-14T17:20:43.360+0530][320010.024s][info][gc,marking     ] GC(206) Concurrent Clear Claimed Marks
[2025-06-14T17:20:43.360+0530][320010.024s][info][gc,marking     ] GC(206) Concurrent Clear Claimed Marks 0.110ms
[2025-06-14T17:20:43.360+0530][320010.024s][info][gc,marking     ] GC(206) Concurrent Cleanup for Next Mark
[2025-06-14T17:20:43.361+0530][320010.025s][info][gc,marking     ] GC(206) Concurrent Cleanup for Next Mark 0.124ms
[2025-06-14T17:20:43.361+0530][320010.025s][info][gc             ] GC(206) Concurrent Mark Cycle 29.187ms
[2025-06-14T17:22:48.590+0530][320135.255s][info][gc,start       ] GC(207) Pause Young (Prepare Mixed) (G1 Evacuation Pause)
[2025-06-14T17:22:48.590+0530][320135.255s][info][gc,task        ] GC(207) Using 8 workers of 13 for evacuation
[2025-06-14T17:22:48.594+0530][320135.258s][info][gc,phases      ] GC(207)   Pre Evacuate Collection Set: 0.1ms
[2025-06-14T17:22:48.594+0530][320135.258s][info][gc,phases      ] GC(207)   Merge Heap Roots: 0.1ms
[2025-06-14T17:22:48.594+0530][320135.258s][info][gc,phases      ] GC(207)   Evacuate Collection Set: 2.8ms
[2025-06-14T17:22:48.594+0530][320135.258s][info][gc,phases      ] GC(207)   Post Evacuate Collection Set: 0.4ms
[2025-06-14T17:22:48.594+0530][320135.259s][info][gc,phases      ] GC(207)   Other: 0.1ms
[2025-06-14T17:22:48.594+0530][320135.259s][info][gc,heap        ] GC(207) Eden regions: 9->0(8)
[2025-06-14T17:22:48.594+0530][320135.259s][info][gc,heap        ] GC(207) Survivor regions: 2->2(2)
[2025-06-14T17:22:48.594+0530][320135.259s][info][gc,heap        ] GC(207) Old regions: 6->7
[2025-06-14T17:22:48.594+0530][320135.259s][info][gc,heap        ] GC(207) Humongous regions: 0->0
[2025-06-14T17:22:48.594+0530][320135.259s][info][gc,metaspace   ] GC(207) Metaspace: 66704K(67456K)->66704K(67456K) NonClass: 58866K(59264K)->58866K(59264K) Class: 7838K(8192K)->7838K(8192K)
[2025-06-14T17:22:48.594+0530][320135.259s][info][gc             ] GC(207) Pause Young (Prepare Mixed) (G1 Evacuation Pause) 59M->27M(80M) 3.673ms
[2025-06-14T17:22:48.594+0530][320135.259s][info][gc,cpu         ] GC(207) User=0.02s Sys=0.00s Real=0.00s
[2025-06-14T17:27:26.564+0530][320413.228s][info][gc,start       ] GC(208) Pause Full (System.gc())
[2025-06-14T17:27:26.564+0530][320413.228s][info][gc,task        ] GC(208) Using 2 workers of 13 for full compaction
[2025-06-14T17:27:26.564+0530][320413.228s][info][gc,phases,start] GC(208) Phase 1: Mark live objects
[2025-06-14T17:27:26.593+0530][320413.257s][info][gc,phases      ] GC(208) Phase 1: Mark live objects 29.188ms
[2025-06-14T17:27:26.593+0530][320413.257s][info][gc,phases,start] GC(208) Phase 2: Prepare compaction
[2025-06-14T17:27:26.595+0530][320413.259s][info][gc,phases      ] GC(208) Phase 2: Prepare compaction 1.897ms
[2025-06-14T17:27:26.595+0530][320413.259s][info][gc,phases,start] GC(208) Phase 3: Adjust pointers
[2025-06-14T17:27:26.604+0530][320413.268s][info][gc,phases      ] GC(208) Phase 3: Adjust pointers 9.064ms
[2025-06-14T17:27:26.604+0530][320413.269s][info][gc,phases,start] GC(208) Phase 4: Compact heap
[2025-06-14T17:27:26.610+0530][320413.274s][info][gc,phases      ] GC(208) Phase 4: Compact heap 5.373ms
[2025-06-14T17:27:26.610+0530][320413.274s][info][gc,phases,start] GC(208) Phase 5: Reset Metadata
[2025-06-14T17:27:26.611+0530][320413.276s][info][gc,phases      ] GC(208) Phase 5: Reset Metadata 2.177ms
[2025-06-14T17:27:26.618+0530][320413.283s][info][gc,heap        ] GC(208) Eden regions: 3->0(10)
[2025-06-14T17:27:26.618+0530][320413.283s][info][gc,heap        ] GC(208) Survivor regions: 2->0(2)
[2025-06-14T17:27:26.618+0530][320413.283s][info][gc,heap        ] GC(208) Old regions: 7->7
[2025-06-14T17:27:26.618+0530][320413.283s][info][gc,heap        ] GC(208) Humongous regions: 0->0
[2025-06-14T17:27:26.619+0530][320413.283s][info][gc,metaspace   ] GC(208) Metaspace: 66713K(67520K)->66431K(67520K) NonClass: 58874K(59328K)->58635K(59328K) Class: 7839K(8192K)->7795K(8192K)
[2025-06-14T17:27:26.619+0530][320413.283s][info][gc             ] GC(208) Pause Full (System.gc()) 37M->21M(80M) 55.039ms
[2025-06-14T17:27:26.619+0530][320413.283s][info][gc,cpu         ] GC(208) User=0.02s Sys=0.00s Real=0.06s
[2025-06-14T17:27:27.421+0530][320414.085s][info][gc,start       ] GC(209) Pause Young (Concurrent Start) (G1 Evacuation Pause)
[2025-06-14T17:27:27.421+0530][320414.085s][info][gc,task        ] GC(209) Using 6 workers of 13 for evacuation
[2025-06-14T17:27:27.424+0530][320414.088s][info][gc,phases      ] GC(209)   Pre Evacuate Collection Set: 0.1ms
[2025-06-14T17:27:27.424+0530][320414.088s][info][gc,phases      ] GC(209)   Merge Heap Roots: 0.0ms
[2025-06-14T17:27:27.424+0530][320414.089s][info][gc,phases      ] GC(209)   Evacuate Collection Set: 2.8ms
[2025-06-14T17:27:27.424+0530][320414.089s][info][gc,phases      ] GC(209)   Post Evacuate Collection Set: 0.4ms
[2025-06-14T17:27:27.424+0530][320414.089s][info][gc,phases      ] GC(209)   Other: 0.1ms
[2025-06-14T17:27:27.424+0530][320414.089s][info][gc,heap        ] GC(209) Eden regions: 10->0(9)
[2025-06-14T17:27:27.424+0530][320414.089s][info][gc,heap        ] GC(209) Survivor regions: 0->1(2)
[2025-06-14T17:27:27.425+0530][320414.089s][info][gc,heap        ] GC(209) Old regions: 7->7
[2025-06-14T17:27:27.425+0530][320414.089s][info][gc,heap        ] GC(209) Humongous regions: 0->0
[2025-06-14T17:27:27.425+0530][320414.089s][info][gc,metaspace   ] GC(209) Metaspace: 66505K(67520K)->66505K(67520K) NonClass: 58701K(59328K)->58701K(59328K) Class: 7803K(8192K)->7803K(8192K)
[2025-06-14T17:27:27.425+0530][320414.089s][info][gc             ] GC(209) Pause Young (Concurrent Start) (G1 Evacuation Pause) 61M->25M(80M) 3.935ms
[2025-06-14T17:27:27.425+0530][320414.089s][info][gc             ] GC(210) Concurrent Mark Cycle
[2025-06-14T17:27:27.425+0530][320414.089s][info][gc,cpu         ] GC(209) User=0.02s Sys=0.00s Real=0.00s
[2025-06-14T17:27:27.425+0530][320414.089s][info][gc,marking     ] GC(210) Concurrent Scan Root Regions
[2025-06-14T17:27:27.429+0530][320414.093s][info][gc,marking     ] GC(210) Concurrent Scan Root Regions 4.345ms
[2025-06-14T17:27:27.429+0530][320414.093s][info][gc,marking     ] GC(210) Concurrent Mark
[2025-06-14T17:27:27.429+0530][320414.093s][info][gc,marking     ] GC(210) Concurrent Mark From Roots
[2025-06-14T17:27:27.429+0530][320414.093s][info][gc,task        ] GC(210) Using 3 workers of 3 for marking
[2025-06-14T17:27:27.446+0530][320414.111s][info][gc,marking     ] GC(210) Concurrent Mark From Roots 17.475ms
[2025-06-14T17:27:27.446+0530][320414.111s][info][gc,marking     ] GC(210) Concurrent Preclean
[2025-06-14T17:27:27.447+0530][320414.111s][info][gc,marking     ] GC(210) Concurrent Preclean 0.300ms
[2025-06-14T17:27:27.457+0530][320414.121s][info][gc,start       ] GC(210) Pause Remark
[2025-06-14T17:27:27.460+0530][320414.125s][info][gc             ] GC(210) Pause Remark 26M->26M(80M) 4.194ms
[2025-06-14T17:27:27.460+0530][320414.125s][info][gc,cpu         ] GC(210) User=0.02s Sys=0.00s Real=0.00s
[2025-06-14T17:27:27.460+0530][320414.125s][info][gc,marking     ] GC(210) Concurrent Mark 31.998ms
[2025-06-14T17:27:27.460+0530][320414.125s][info][gc,marking     ] GC(210) Concurrent Rebuild Remembered Sets and Scrub Regions
[2025-06-14T17:27:27.466+0530][320414.130s][info][gc,marking     ] GC(210) Concurrent Rebuild Remembered Sets and Scrub Regions 4.572ms
[2025-06-14T17:27:27.466+0530][320414.130s][info][gc,start       ] GC(210) Pause Cleanup
[2025-06-14T17:27:27.466+0530][320414.130s][info][gc             ] GC(210) Pause Cleanup 26M->26M(80M) 0.086ms
[2025-06-14T17:27:27.466+0530][320414.130s][info][gc,cpu         ] GC(210) User=0.00s Sys=0.00s Real=0.00s
[2025-06-14T17:27:27.466+0530][320414.130s][info][gc,marking     ] GC(210) Concurrent Clear Claimed Marks
[2025-06-14T17:27:27.466+0530][320414.130s][info][gc,marking     ] GC(210) Concurrent Clear Claimed Marks 0.086ms
[2025-06-14T17:27:27.466+0530][320414.130s][info][gc,marking     ] GC(210) Concurrent Cleanup for Next Mark
[2025-06-14T17:27:27.466+0530][320414.130s][info][gc,marking     ] GC(210) Concurrent Cleanup for Next Mark 0.131ms
[2025-06-14T17:27:27.466+0530][320414.130s][info][gc             ] GC(210) Concurrent Mark Cycle 41.669ms
[2025-06-14T17:28:22.116+0530][320468.780s][info][gc,start       ] GC(211) Pause Full (System.gc())
[2025-06-14T17:28:22.116+0530][320468.780s][info][gc,task        ] GC(211) Using 2 workers of 13 for full compaction
[2025-06-14T17:28:22.116+0530][320468.780s][info][gc,phases,start] GC(211) Phase 1: Mark live objects
[2025-06-14T17:28:22.144+0530][320468.808s][info][gc,phases      ] GC(211) Phase 1: Mark live objects 28.384ms
[2025-06-14T17:28:22.144+0530][320468.808s][info][gc,phases,start] GC(211) Phase 2: Prepare compaction
[2025-06-14T17:28:22.145+0530][320468.810s][info][gc,phases      ] GC(211) Phase 2: Prepare compaction 1.209ms
[2025-06-14T17:28:22.145+0530][320468.810s][info][gc,phases,start] GC(211) Phase 3: Adjust pointers
[2025-06-14T17:28:22.153+0530][320468.817s][info][gc,phases      ] GC(211) Phase 3: Adjust pointers 7.659ms
[2025-06-14T17:28:22.153+0530][320468.817s][info][gc,phases,start] GC(211) Phase 4: Compact heap
[2025-06-14T17:28:22.157+0530][320468.821s][info][gc,phases      ] GC(211) Phase 4: Compact heap 4.005ms
[2025-06-14T17:28:22.157+0530][320468.821s][info][gc,phases,start] GC(211) Phase 5: Reset Metadata
[2025-06-14T17:28:22.160+0530][320468.824s][info][gc,phases      ] GC(211) Phase 5: Reset Metadata 2.333ms
[2025-06-14T17:28:22.164+0530][320468.829s][info][gc,heap        ] GC(211) Eden regions: 9->0(10)
[2025-06-14T17:28:22.164+0530][320468.829s][info][gc,heap        ] GC(211) Survivor regions: 1->0(2)
[2025-06-14T17:28:22.164+0530][320468.829s][info][gc,heap        ] GC(211) Old regions: 7->7
[2025-06-14T17:28:22.164+0530][320468.829s][info][gc,heap        ] GC(211) Humongous regions: 0->0
[2025-06-14T17:28:22.164+0530][320468.829s][info][gc,metaspace   ] GC(211) Metaspace: 66742K(67520K)->66571K(67520K) NonClass: 58928K(59328K)->58774K(59328K) Class: 7813K(8192K)->7797K(8192K)
[2025-06-14T17:28:22.164+0530][320468.829s][info][gc             ] GC(211) Pause Full (System.gc()) 57M->24M(80M) 48.981ms
[2025-06-14T17:28:22.164+0530][320468.829s][info][gc,cpu         ] GC(211) User=0.00s Sys=0.00s Real=0.05s
[2025-06-14T17:28:22.669+0530][320469.333s][info][gc,start       ] GC(212) Pause Young (Concurrent Start) (G1 Evacuation Pause)
[2025-06-14T17:28:22.669+0530][320469.333s][info][gc,task        ] GC(212) Using 6 workers of 13 for evacuation
[2025-06-14T17:28:22.671+0530][320469.336s][info][gc,phases      ] GC(212)   Pre Evacuate Collection Set: 0.1ms
[2025-06-14T17:28:22.671+0530][320469.336s][info][gc,phases      ] GC(212)   Merge Heap Roots: 0.0ms
[2025-06-14T17:28:22.671+0530][320469.336s][info][gc,phases      ] GC(212)   Evacuate Collection Set: 2.0ms
[2025-06-14T17:28:22.671+0530][320469.336s][info][gc,phases      ] GC(212)   Post Evacuate Collection Set: 0.3ms
[2025-06-14T17:28:22.671+0530][320469.336s][info][gc,phases      ] GC(212)   Other: 0.1ms
[2025-06-14T17:28:22.671+0530][320469.336s][info][gc,heap        ] GC(212) Eden regions: 10->0(9)
[2025-06-14T17:28:22.671+0530][320469.336s][info][gc,heap        ] GC(212) Survivor regions: 0->1(2)
[2025-06-14T17:28:22.671+0530][320469.336s][info][gc,heap        ] GC(212) Old regions: 7->7
[2025-06-14T17:28:22.671+0530][320469.336s][info][gc,heap        ] GC(212) Humongous regions: 0->0
[2025-06-14T17:28:22.671+0530][320469.336s][info][gc,metaspace   ] GC(212) Metaspace: 66658K(67520K)->66658K(67520K) NonClass: 58853K(59328K)->58853K(59328K) Class: 7805K(8192K)->7805K(8192K)
[2025-06-14T17:28:22.671+0530][320469.336s][info][gc             ] GC(212) Pause Young (Concurrent Start) (G1 Evacuation Pause) 64M->28M(80M) 2.681ms
[2025-06-14T17:28:22.671+0530][320469.336s][info][gc             ] GC(213) Concurrent Mark Cycle
[2025-06-14T17:28:22.671+0530][320469.336s][info][gc,cpu         ] GC(212) User=0.02s Sys=0.00s Real=0.00s
[2025-06-14T17:28:22.671+0530][320469.336s][info][gc,marking     ] GC(213) Concurrent Scan Root Regions
[2025-06-14T17:28:22.675+0530][320469.339s][info][gc,marking     ] GC(213) Concurrent Scan Root Regions 3.209ms
[2025-06-14T17:28:22.675+0530][320469.339s][info][gc,marking     ] GC(213) Concurrent Mark
[2025-06-14T17:28:22.675+0530][320469.339s][info][gc,marking     ] GC(213) Concurrent Mark From Roots
[2025-06-14T17:28:22.675+0530][320469.339s][info][gc,task        ] GC(213) Using 3 workers of 3 for marking
[2025-06-14T17:28:22.688+0530][320469.352s][info][gc,marking     ] GC(213) Concurrent Mark From Roots 12.978ms
[2025-06-14T17:28:22.688+0530][320469.352s][info][gc,marking     ] GC(213) Concurrent Preclean
[2025-06-14T17:28:22.688+0530][320469.353s][info][gc,marking     ] GC(213) Concurrent Preclean 0.334ms
[2025-06-14T17:28:22.688+0530][320469.353s][info][gc,start       ] GC(213) Pause Remark
[2025-06-14T17:28:22.691+0530][320469.357s][info][gc             ] GC(213) Pause Remark 30M->30M(80M) 3.737ms
[2025-06-14T17:28:22.691+0530][320469.357s][info][gc,cpu         ] GC(213) User=0.00s Sys=0.00s Real=0.00s
[2025-06-14T17:28:22.693+0530][320469.357s][info][gc,marking     ] GC(213) Concurrent Mark 17.360ms
[2025-06-14T17:28:22.693+0530][320469.357s][info][gc,marking     ] GC(213) Concurrent Rebuild Remembered Sets and Scrub Regions
[2025-06-14T17:28:22.706+0530][320469.371s][info][gc,marking     ] GC(213) Concurrent Rebuild Remembered Sets and Scrub Regions 14.141ms
[2025-06-14T17:28:22.708+0530][320469.372s][info][gc,start       ] GC(213) Pause Cleanup
[2025-06-14T17:28:22.709+0530][320469.373s][info][gc             ] GC(213) Pause Cleanup 31M->31M(80M) 0.330ms
[2025-06-14T17:28:22.709+0530][320469.373s][info][gc,cpu         ] GC(213) User=0.00s Sys=0.00s Real=0.00s
[2025-06-14T17:28:22.709+0530][320469.373s][info][gc,marking     ] GC(213) Concurrent Clear Claimed Marks
[2025-06-14T17:28:22.709+0530][320469.373s][info][gc,marking     ] GC(213) Concurrent Clear Claimed Marks 0.096ms
[2025-06-14T17:28:22.709+0530][320469.373s][info][gc,marking     ] GC(213) Concurrent Cleanup for Next Mark
[2025-06-14T17:28:22.709+0530][320469.373s][info][gc,marking     ] GC(213) Concurrent Cleanup for Next Mark 0.198ms
[2025-06-14T17:28:22.709+0530][320469.373s][info][gc             ] GC(213) Concurrent Mark Cycle 36.952ms
[2025-06-14T17:29:54.739+0530][320561.403s][info][gc,start       ] GC(214) Pause Full (System.gc())
[2025-06-14T17:29:54.739+0530][320561.403s][info][gc,task        ] GC(214) Using 2 workers of 13 for full compaction
[2025-06-14T17:29:54.739+0530][320561.403s][info][gc,phases,start] GC(214) Phase 1: Mark live objects
[2025-06-14T17:29:54.775+0530][320561.439s][info][gc,phases      ] GC(214) Phase 1: Mark live objects 36.067ms
[2025-06-14T17:29:54.775+0530][320561.439s][info][gc,phases,start] GC(214) Phase 2: Prepare compaction
[2025-06-14T17:29:54.777+0530][320561.442s][info][gc,phases      ] GC(214) Phase 2: Prepare compaction 2.212ms
[2025-06-14T17:29:54.777+0530][320561.442s][info][gc,phases,start] GC(214) Phase 3: Adjust pointers
[2025-06-14T17:29:54.787+0530][320561.451s][info][gc,phases      ] GC(214) Phase 3: Adjust pointers 9.073ms
[2025-06-14T17:29:54.787+0530][320561.451s][info][gc,phases,start] GC(214) Phase 4: Compact heap
[2025-06-14T17:29:54.800+0530][320561.464s][info][gc,phases      ] GC(214) Phase 4: Compact heap 13.659ms
[2025-06-14T17:29:54.800+0530][320561.464s][info][gc,phases,start] GC(214) Phase 5: Reset Metadata
[2025-06-14T17:29:54.802+0530][320561.466s][info][gc,phases      ] GC(214) Phase 5: Reset Metadata 1.872ms
[2025-06-14T17:29:54.807+0530][320561.471s][info][gc,heap        ] GC(214) Eden regions: 9->0(9)
[2025-06-14T17:29:54.807+0530][320561.471s][info][gc,heap        ] GC(214) Survivor regions: 1->0(2)
[2025-06-14T17:29:54.807+0530][320561.471s][info][gc,heap        ] GC(214) Old regions: 7->8
[2025-06-14T17:29:54.807+0530][320561.471s][info][gc,heap        ] GC(214) Humongous regions: 0->0
[2025-06-14T17:29:54.807+0530][320561.471s][info][gc,metaspace   ] GC(214) Metaspace: 66928K(67712K)->66746K(67712K) NonClass: 59111K(59520K)->58948K(59520K) Class: 7817K(8192K)->7797K(8192K)
[2025-06-14T17:29:54.807+0530][320561.471s][info][gc             ] GC(214) Pause Full (System.gc()) 61M->27M(80M) 68.357ms
[2025-06-14T17:29:54.807+0530][320561.472s][info][gc,cpu         ] GC(214) User=0.06s Sys=0.00s Real=0.07s
[2025-06-14T17:29:55.096+0530][320561.760s][info][gc,start       ] GC(215) Pause Young (Concurrent Start) (G1 Evacuation Pause)
[2025-06-14T17:29:55.096+0530][320561.760s][info][gc,task        ] GC(215) Using 6 workers of 13 for evacuation
[2025-06-14T17:29:55.098+0530][320561.762s][info][gc,phases      ] GC(215)   Pre Evacuate Collection Set: 0.1ms
[2025-06-14T17:29:55.098+0530][320561.762s][info][gc,phases      ] GC(215)   Merge Heap Roots: 0.0ms
[2025-06-14T17:29:55.098+0530][320561.762s][info][gc,phases      ] GC(215)   Evacuate Collection Set: 1.9ms
[2025-06-14T17:29:55.098+0530][320561.763s][info][gc,phases      ] GC(215)   Post Evacuate Collection Set: 0.3ms
[2025-06-14T17:29:55.098+0530][320561.763s][info][gc,phases      ] GC(215)   Other: 0.1ms
[2025-06-14T17:29:55.098+0530][320561.763s][info][gc,heap        ] GC(215) Eden regions: 9->0(8)
[2025-06-14T17:29:55.098+0530][320561.763s][info][gc,heap        ] GC(215) Survivor regions: 0->1(2)
[2025-06-14T17:29:55.098+0530][320561.763s][info][gc,heap        ] GC(215) Old regions: 8->8
[2025-06-14T17:29:55.098+0530][320561.763s][info][gc,heap        ] GC(215) Humongous regions: 0->0
[2025-06-14T17:29:55.098+0530][320561.763s][info][gc,metaspace   ] GC(215) Metaspace: 66832K(67712K)->66832K(67712K) NonClass: 59026K(59520K)->59026K(59520K) Class: 7805K(8192K)->7805K(8192K)
[2025-06-14T17:29:55.098+0530][320561.763s][info][gc             ] GC(215) Pause Young (Concurrent Start) (G1 Evacuation Pause) 63M->30M(80M) 2.614ms
[2025-06-14T17:29:55.098+0530][320561.763s][info][gc             ] GC(216) Concurrent Mark Cycle
[2025-06-14T17:29:55.098+0530][320561.763s][info][gc,cpu         ] GC(215) User=0.00s Sys=0.00s Real=0.00s
[2025-06-14T17:29:55.098+0530][320561.763s][info][gc,marking     ] GC(216) Concurrent Scan Root Regions
[2025-06-14T17:29:55.101+0530][320561.765s][info][gc,marking     ] GC(216) Concurrent Scan Root Regions 2.568ms
[2025-06-14T17:29:55.101+0530][320561.765s][info][gc,marking     ] GC(216) Concurrent Mark
[2025-06-14T17:29:55.101+0530][320561.765s][info][gc,marking     ] GC(216) Concurrent Mark From Roots
[2025-06-14T17:29:55.101+0530][320561.765s][info][gc,task        ] GC(216) Using 3 workers of 3 for marking
[2025-06-14T17:29:55.116+0530][320561.780s][info][gc,marking     ] GC(216) Concurrent Mark From Roots 14.524ms
[2025-06-14T17:29:55.116+0530][320561.780s][info][gc,marking     ] GC(216) Concurrent Preclean
[2025-06-14T17:29:55.116+0530][320561.780s][info][gc,marking     ] GC(216) Concurrent Preclean 0.232ms
[2025-06-14T17:29:55.116+0530][320561.780s][info][gc,start       ] GC(216) Pause Remark
[2025-06-14T17:29:55.120+0530][320561.784s][info][gc             ] GC(216) Pause Remark 33M->33M(80M) 3.915ms
[2025-06-14T17:29:55.120+0530][320561.784s][info][gc,cpu         ] GC(216) User=0.00s Sys=0.00s Real=0.00s
[2025-06-14T17:29:55.120+0530][320561.784s][info][gc,marking     ] GC(216) Concurrent Mark 18.926ms
[2025-06-14T17:29:55.120+0530][320561.784s][info][gc,marking     ] GC(216) Concurrent Rebuild Remembered Sets and Scrub Regions
[2025-06-14T17:29:55.124+0530][320561.789s][info][gc,marking     ] GC(216) Concurrent Rebuild Remembered Sets and Scrub Regions 4.554ms
[2025-06-14T17:29:55.124+0530][320561.789s][info][gc,start       ] GC(216) Pause Cleanup
[2025-06-14T17:29:55.125+0530][320561.789s][info][gc             ] GC(216) Pause Cleanup 34M->34M(80M) 0.094ms
[2025-06-14T17:29:55.125+0530][320561.789s][info][gc,cpu         ] GC(216) User=0.00s Sys=0.00s Real=0.00s
[2025-06-14T17:29:55.125+0530][320561.789s][info][gc,marking     ] GC(216) Concurrent Clear Claimed Marks
[2025-06-14T17:29:55.125+0530][320561.789s][info][gc,marking     ] GC(216) Concurrent Clear Claimed Marks 0.073ms
[2025-06-14T17:29:55.125+0530][320561.789s][info][gc,marking     ] GC(216) Concurrent Cleanup for Next Mark
[2025-06-14T17:29:55.125+0530][320561.789s][info][gc,marking     ] GC(216) Concurrent Cleanup for Next Mark 0.100ms
[2025-06-14T17:29:55.125+0530][320561.789s][info][gc             ] GC(216) Concurrent Mark Cycle 26.641ms
[2025-06-14T17:29:55.364+0530][320562.029s][info][gc,start       ] GC(217) Pause Young (Prepare Mixed) (G1 Evacuation Pause)
[2025-06-14T17:29:55.364+0530][320562.029s][info][gc,task        ] GC(217) Using 12 workers of 13 for evacuation
[2025-06-14T17:29:55.367+0530][320562.032s][info][gc,phases      ] GC(217)   Pre Evacuate Collection Set: 0.1ms
[2025-06-14T17:29:55.367+0530][320562.032s][info][gc,phases      ] GC(217)   Merge Heap Roots: 0.1ms
[2025-06-14T17:29:55.367+0530][320562.032s][info][gc,phases      ] GC(217)   Evacuate Collection Set: 2.1ms
[2025-06-14T17:29:55.367+0530][320562.032s][info][gc,phases      ] GC(217)   Post Evacuate Collection Set: 0.4ms
[2025-06-14T17:29:55.367+0530][320562.032s][info][gc,phases      ] GC(217)   Other: 0.1ms
[2025-06-14T17:29:55.367+0530][320562.032s][info][gc,heap        ] GC(217) Eden regions: 8->0(7)
[2025-06-14T17:29:55.367+0530][320562.032s][info][gc,heap        ] GC(217) Survivor regions: 1->2(2)
[2025-06-14T17:29:55.367+0530][320562.032s][info][gc,heap        ] GC(217) Old regions: 8->8
[2025-06-14T17:29:55.367+0530][320562.032s][info][gc,heap        ] GC(217) Humongous regions: 0->0
[2025-06-14T17:29:55.367+0530][320562.032s][info][gc,metaspace   ] GC(217) Metaspace: 67026K(67776K)->67026K(67776K) NonClass: 59209K(59584K)->59209K(59584K) Class: 7816K(8192K)->7816K(8192K)
[2025-06-14T17:29:55.367+0530][320562.032s][info][gc             ] GC(217) Pause Young (Prepare Mixed) (G1 Evacuation Pause) 62M->33M(80M) 3.011ms
[2025-06-14T17:29:55.367+0530][320562.032s][info][gc,cpu         ] GC(217) User=0.00s Sys=0.00s Real=0.00s
[2025-06-14T17:42:05.760+0530][321292.424s][info][gc,start       ] GC(218) Pause Young (Mixed) (G1 Evacuation Pause)
[2025-06-14T17:42:05.760+0530][321292.424s][info][gc,task        ] GC(218) Using 10 workers of 13 for evacuation
[2025-06-14T17:42:05.761+0530][321292.426s][info][gc,phases      ] GC(218)   Pre Evacuate Collection Set: 0.2ms
[2025-06-14T17:42:05.761+0530][321292.426s][info][gc,phases      ] GC(218)   Merge Heap Roots: 0.1ms
[2025-06-14T17:42:05.761+0530][321292.426s][info][gc,phases      ] GC(218)   Evacuate Collection Set: 1.5ms
[2025-06-14T17:42:05.761+0530][321292.426s][info][gc,phases      ] GC(218)   Post Evacuate Collection Set: 0.3ms
[2025-06-14T17:42:05.761+0530][321292.426s][info][gc,phases      ] GC(218)   Other: 0.1ms
[2025-06-14T17:42:05.762+0530][321292.426s][info][gc,heap        ] GC(218) Eden regions: 7->0(9)
[2025-06-14T17:42:05.762+0530][321292.426s][info][gc,heap        ] GC(218) Survivor regions: 2->1(2)
[2025-06-14T17:42:05.762+0530][321292.426s][info][gc,heap        ] GC(218) Old regions: 8->8
[2025-06-14T17:42:05.762+0530][321292.426s][info][gc,heap        ] GC(218) Humongous regions: 0->0
[2025-06-14T17:42:05.762+0530][321292.426s][info][gc,metaspace   ] GC(218) Metaspace: 67041K(67776K)->67041K(67776K) NonClass: 59225K(59584K)->59225K(59584K) Class: 7816K(8192K)->7816K(8192K)
[2025-06-14T17:42:05.762+0530][321292.426s][info][gc             ] GC(218) Pause Young (Mixed) (G1 Evacuation Pause) 61M->32M(80M) 2.534ms
[2025-06-14T17:42:05.762+0530][321292.426s][info][gc,cpu         ] GC(218) User=0.00s Sys=0.00s Real=0.00s
[2025-06-14T17:59:24.281+0530][322330.946s][info][gc,start       ] GC(219) Pause Young (Concurrent Start) (G1 Evacuation Pause)
[2025-06-14T17:59:24.281+0530][322330.946s][info][gc,task        ] GC(219) Using 9 workers of 13 for evacuation
[2025-06-14T17:59:24.283+0530][322330.947s][info][gc,phases      ] GC(219)   Pre Evacuate Collection Set: 0.3ms
[2025-06-14T17:59:24.284+0530][322330.947s][info][gc,phases      ] GC(219)   Merge Heap Roots: 0.2ms
[2025-06-14T17:59:24.284+0530][322330.947s][info][gc,phases      ] GC(219)   Evacuate Collection Set: 0.9ms
[2025-06-14T17:59:24.284+0530][322330.947s][info][gc,phases      ] GC(219)   Post Evacuate Collection Set: 0.2ms
[2025-06-14T17:59:24.284+0530][322330.947s][info][gc,phases      ] GC(219)   Other: 0.1ms
[2025-06-14T17:59:24.284+0530][322330.947s][info][gc,heap        ] GC(219) Eden regions: 9->0(9)
[2025-06-14T17:59:24.284+0530][322330.947s][info][gc,heap        ] GC(219) Survivor regions: 1->1(2)
[2025-06-14T17:59:24.284+0530][322330.947s][info][gc,heap        ] GC(219) Old regions: 8->8
[2025-06-14T17:59:24.284+0530][322330.947s][info][gc,heap        ] GC(219) Humongous regions: 0->0
[2025-06-14T17:59:24.284+0530][322330.947s][info][gc,metaspace   ] GC(219) Metaspace: 67041K(67776K)->67041K(67776K) NonClass: 59225K(59584K)->59225K(59584K) Class: 7816K(8192K)->7816K(8192K)
[2025-06-14T17:59:24.284+0530][322330.947s][info][gc             ] GC(219) Pause Young (Concurrent Start) (G1 Evacuation Pause) 68M->31M(80M) 1.961ms
[2025-06-14T17:59:24.284+0530][322330.948s][info][gc,cpu         ] GC(219) User=0.00s Sys=0.00s Real=0.00s
[2025-06-14T17:59:24.284+0530][322330.948s][info][gc             ] GC(220) Concurrent Mark Cycle
[2025-06-14T17:59:24.284+0530][322330.948s][info][gc,marking     ] GC(220) Concurrent Scan Root Regions
[2025-06-14T17:59:24.287+0530][322330.951s][info][gc,marking     ] GC(220) Concurrent Scan Root Regions 3.659ms
[2025-06-14T17:59:24.287+0530][322330.951s][info][gc,marking     ] GC(220) Concurrent Mark
[2025-06-14T17:59:24.287+0530][322330.951s][info][gc,marking     ] GC(220) Concurrent Mark From Roots
[2025-06-14T17:59:24.287+0530][322330.951s][info][gc,task        ] GC(220) Using 3 workers of 3 for marking
[2025-06-14T17:59:24.303+0530][322330.967s][info][gc,marking     ] GC(220) Concurrent Mark From Roots 15.509ms
[2025-06-14T17:59:24.303+0530][322330.967s][info][gc,marking     ] GC(220) Concurrent Preclean
[2025-06-14T17:59:24.303+0530][322330.967s][info][gc,marking     ] GC(220) Concurrent Preclean 0.226ms
[2025-06-14T17:59:24.303+0530][322330.967s][info][gc,start       ] GC(220) Pause Remark
[2025-06-14T17:59:24.307+0530][322330.971s][info][gc             ] GC(220) Pause Remark 31M->31M(80M) 3.812ms
[2025-06-14T17:59:24.307+0530][322330.971s][info][gc,cpu         ] GC(220) User=0.00s Sys=0.00s Real=0.00s
[2025-06-14T17:59:24.307+0530][322330.971s][info][gc,marking     ] GC(220) Concurrent Mark 19.816ms
[2025-06-14T17:59:24.307+0530][322330.971s][info][gc,marking     ] GC(220) Concurrent Rebuild Remembered Sets and Scrub Regions
[2025-06-14T17:59:24.313+0530][322330.977s][info][gc,marking     ] GC(220) Concurrent Rebuild Remembered Sets and Scrub Regions 5.848ms
[2025-06-14T17:59:24.313+0530][322330.977s][info][gc,start       ] GC(220) Pause Cleanup
[2025-06-14T17:59:24.313+0530][322330.977s][info][gc             ] GC(220) Pause Cleanup 31M->31M(80M) 0.103ms
[2025-06-14T17:59:24.313+0530][322330.977s][info][gc,cpu         ] GC(220) User=0.00s Sys=0.00s Real=0.00s
[2025-06-14T17:59:24.313+0530][322330.977s][info][gc,marking     ] GC(220) Concurrent Clear Claimed Marks
[2025-06-14T17:59:24.313+0530][322330.977s][info][gc,marking     ] GC(220) Concurrent Clear Claimed Marks 0.072ms
[2025-06-14T17:59:24.313+0530][322330.977s][info][gc,marking     ] GC(220) Concurrent Cleanup for Next Mark
[2025-06-14T17:59:24.313+0530][322330.978s][info][gc,marking     ] GC(220) Concurrent Cleanup for Next Mark 0.247ms
[2025-06-14T17:59:24.313+0530][322330.978s][info][gc             ] GC(220) Concurrent Mark Cycle 30.114ms
[2025-06-14T18:16:46.688+0530][323373.353s][info][gc,start       ] GC(221) Pause Young (Prepare Mixed) (G1 Evacuation Pause)
[2025-06-14T18:16:46.689+0530][323373.353s][info][gc,task        ] GC(221) Using 8 workers of 13 for evacuation
[2025-06-14T18:16:46.691+0530][323373.356s][info][gc,phases      ] GC(221)   Pre Evacuate Collection Set: 0.2ms
[2025-06-14T18:16:46.691+0530][323373.356s][info][gc,phases      ] GC(221)   Merge Heap Roots: 0.2ms
[2025-06-14T18:16:46.691+0530][323373.356s][info][gc,phases      ] GC(221)   Evacuate Collection Set: 1.7ms
[2025-06-14T18:16:46.691+0530][323373.356s][info][gc,phases      ] GC(221)   Post Evacuate Collection Set: 0.3ms
[2025-06-14T18:16:46.691+0530][323373.356s][info][gc,phases      ] GC(221)   Other: 0.2ms
[2025-06-14T18:16:46.691+0530][323373.356s][info][gc,heap        ] GC(221) Eden regions: 9->0(9)
[2025-06-14T18:16:46.691+0530][323373.356s][info][gc,heap        ] GC(221) Survivor regions: 1->1(2)
[2025-06-14T18:16:46.691+0530][323373.356s][info][gc,heap        ] GC(221) Old regions: 8->8
[2025-06-14T18:16:46.691+0530][323373.356s][info][gc,heap        ] GC(221) Humongous regions: 0->0
[2025-06-14T18:16:46.691+0530][323373.356s][info][gc,metaspace   ] GC(221) Metaspace: 67041K(67776K)->67041K(67776K) NonClass: 59225K(59584K)->59225K(59584K) Class: 7816K(8192K)->7816K(8192K)
[2025-06-14T18:16:46.691+0530][323373.356s][info][gc             ] GC(221) Pause Young (Prepare Mixed) (G1 Evacuation Pause) 67M->31M(80M) 2.900ms
[2025-06-14T18:16:46.691+0530][323373.356s][info][gc,cpu         ] GC(221) User=0.00s Sys=0.00s Real=0.00s
[2025-06-14T18:34:08.524+0530][324415.189s][info][gc,start       ] GC(222) Pause Young (Mixed) (G1 Evacuation Pause)
[2025-06-14T18:34:08.524+0530][324415.189s][info][gc,task        ] GC(222) Using 8 workers of 13 for evacuation
[2025-06-14T18:34:08.528+0530][324415.192s][info][gc,phases      ] GC(222)   Pre Evacuate Collection Set: 0.3ms
[2025-06-14T18:34:08.528+0530][324415.192s][info][gc,phases      ] GC(222)   Merge Heap Roots: 0.1ms
[2025-06-14T18:34:08.528+0530][324415.192s][info][gc,phases      ] GC(222)   Evacuate Collection Set: 2.2ms
[2025-06-14T18:34:08.528+0530][324415.192s][info][gc,phases      ] GC(222)   Post Evacuate Collection Set: 0.5ms
[2025-06-14T18:34:08.528+0530][324415.192s][info][gc,phases      ] GC(222)   Other: 0.2ms
[2025-06-14T18:34:08.528+0530][324415.192s][info][gc,heap        ] GC(222) Eden regions: 9->0(9)
[2025-06-14T18:34:08.528+0530][324415.192s][info][gc,heap        ] GC(222) Survivor regions: 1->1(2)
[2025-06-14T18:34:08.528+0530][324415.192s][info][gc,heap        ] GC(222) Old regions: 8->8
[2025-06-14T18:34:08.528+0530][324415.192s][info][gc,heap        ] GC(222) Humongous regions: 0->0
[2025-06-14T18:34:08.528+0530][324415.192s][info][gc,metaspace   ] GC(222) Metaspace: 67041K(67776K)->67041K(67776K) NonClass: 59225K(59584K)->59225K(59584K) Class: 7816K(8192K)->7816K(8192K)
[2025-06-14T18:34:08.528+0530][324415.192s][info][gc             ] GC(222) Pause Young (Mixed) (G1 Evacuation Pause) 67M->31M(80M) 3.585ms
[2025-06-14T18:34:08.529+0530][324415.192s][info][gc,cpu         ] GC(222) User=0.00s Sys=0.00s Real=0.01s
[2025-06-14T18:51:35.036+0530][325461.700s][info][gc,start       ] GC(223) Pause Young (Concurrent Start) (G1 Evacuation Pause)
[2025-06-14T18:51:35.036+0530][325461.700s][info][gc,task        ] GC(223) Using 8 workers of 13 for evacuation
[2025-06-14T18:51:35.038+0530][325461.702s][info][gc,phases      ] GC(223)   Pre Evacuate Collection Set: 0.3ms
[2025-06-14T18:51:35.038+0530][325461.702s][info][gc,phases      ] GC(223)   Merge Heap Roots: 0.1ms
[2025-06-14T18:51:35.038+0530][325461.702s][info][gc,phases      ] GC(223)   Evacuate Collection Set: 1.0ms
[2025-06-14T18:51:35.038+0530][325461.702s][info][gc,phases      ] GC(223)   Post Evacuate Collection Set: 0.3ms
[2025-06-14T18:51:35.038+0530][325461.702s][info][gc,phases      ] GC(223)   Other: 0.9ms
[2025-06-14T18:51:35.038+0530][325461.702s][info][gc,heap        ] GC(223) Eden regions: 9->0(9)
[2025-06-14T18:51:35.038+0530][325461.702s][info][gc,heap        ] GC(223) Survivor regions: 1->1(2)
[2025-06-14T18:51:35.038+0530][325461.702s][info][gc,heap        ] GC(223) Old regions: 8->8
[2025-06-14T18:51:35.038+0530][325461.702s][info][gc,heap        ] GC(223) Humongous regions: 0->0
[2025-06-14T18:51:35.038+0530][325461.702s][info][gc,metaspace   ] GC(223) Metaspace: 67041K(67776K)->67041K(67776K) NonClass: 59225K(59584K)->59225K(59584K) Class: 7816K(8192K)->7816K(8192K)
[2025-06-14T18:51:35.038+0530][325461.702s][info][gc             ] GC(223) Pause Young (Concurrent Start) (G1 Evacuation Pause) 67M->31M(80M) 2.822ms
[2025-06-14T18:51:35.038+0530][325461.702s][info][gc,cpu         ] GC(223) User=0.00s Sys=0.00s Real=0.00s
[2025-06-14T18:51:35.038+0530][325461.702s][info][gc             ] GC(224) Concurrent Mark Cycle
[2025-06-14T18:51:35.038+0530][325461.702s][info][gc,marking     ] GC(224) Concurrent Scan Root Regions
[2025-06-14T18:51:35.042+0530][325461.706s][info][gc,marking     ] GC(224) Concurrent Scan Root Regions 3.669ms
[2025-06-14T18:51:35.042+0530][325461.706s][info][gc,marking     ] GC(224) Concurrent Mark
[2025-06-14T18:51:35.042+0530][325461.706s][info][gc,marking     ] GC(224) Concurrent Mark From Roots
[2025-06-14T18:51:35.042+0530][325461.706s][info][gc,task        ] GC(224) Using 3 workers of 3 for marking
[2025-06-14T18:51:35.055+0530][325461.719s][info][gc,marking     ] GC(224) Concurrent Mark From Roots 12.622ms
[2025-06-14T18:51:35.055+0530][325461.719s][info][gc,marking     ] GC(224) Concurrent Preclean
[2025-06-14T18:51:35.055+0530][325461.719s][info][gc,marking     ] GC(224) Concurrent Preclean 0.198ms
[2025-06-14T18:51:35.055+0530][325461.719s][info][gc,start       ] GC(224) Pause Remark
[2025-06-14T18:51:35.066+0530][325461.730s][info][gc             ] GC(224) Pause Remark 32M->32M(80M) 10.628ms
[2025-06-14T18:51:35.066+0530][325461.730s][info][gc,cpu         ] GC(224) User=0.00s Sys=0.00s Real=0.01s
[2025-06-14T18:51:35.066+0530][325461.730s][info][gc,marking     ] GC(224) Concurrent Mark 23.731ms
[2025-06-14T18:51:35.066+0530][325461.730s][info][gc,marking     ] GC(224) Concurrent Rebuild Remembered Sets and Scrub Regions
[2025-06-14T18:51:35.070+0530][325461.735s][info][gc,marking     ] GC(224) Concurrent Rebuild Remembered Sets and Scrub Regions 4.609ms
[2025-06-14T18:51:35.070+0530][325461.735s][info][gc,start       ] GC(224) Pause Cleanup
[2025-06-14T18:51:35.070+0530][325461.735s][info][gc             ] GC(224) Pause Cleanup 32M->32M(80M) 0.100ms
[2025-06-14T18:51:35.070+0530][325461.735s][info][gc,cpu         ] GC(224) User=0.00s Sys=0.00s Real=0.00s
[2025-06-14T18:51:35.070+0530][325461.735s][info][gc,marking     ] GC(224) Concurrent Clear Claimed Marks
[2025-06-14T18:51:35.070+0530][325461.735s][info][gc,marking     ] GC(224) Concurrent Clear Claimed Marks 0.062ms
[2025-06-14T18:51:35.070+0530][325461.735s][info][gc,marking     ] GC(224) Concurrent Cleanup for Next Mark
[2025-06-14T18:51:35.071+0530][325461.735s][info][gc,marking     ] GC(224) Concurrent Cleanup for Next Mark 0.223ms
[2025-06-14T18:51:35.071+0530][325461.735s][info][gc             ] GC(224) Concurrent Mark Cycle 32.728ms
[2025-06-14T19:08:57.449+0530][326504.118s][info][gc,start       ] GC(225) Pause Young (Prepare Mixed) (G1 Evacuation Pause)
[2025-06-14T19:08:57.449+0530][326504.118s][info][gc,task        ] GC(225) Using 8 workers of 13 for evacuation
[2025-06-14T19:08:57.451+0530][326504.120s][info][gc,phases      ] GC(225)   Pre Evacuate Collection Set: 0.2ms
[2025-06-14T19:08:57.451+0530][326504.120s][info][gc,phases      ] GC(225)   Merge Heap Roots: 0.1ms
[2025-06-14T19:08:57.451+0530][326504.120s][info][gc,phases      ] GC(225)   Evacuate Collection Set: 1.2ms
[2025-06-14T19:08:57.451+0530][326504.120s][info][gc,phases      ] GC(225)   Post Evacuate Collection Set: 0.3ms
[2025-06-14T19:08:57.451+0530][326504.120s][info][gc,phases      ] GC(225)   Other: 0.1ms
[2025-06-14T19:08:57.451+0530][326504.120s][info][gc,heap        ] GC(225) Eden regions: 9->0(9)
[2025-06-14T19:08:57.451+0530][326504.120s][info][gc,heap        ] GC(225) Survivor regions: 1->1(2)
[2025-06-14T19:08:57.451+0530][326504.120s][info][gc,heap        ] GC(225) Old regions: 8->8
[2025-06-14T19:08:57.451+0530][326504.120s][info][gc,heap        ] GC(225) Humongous regions: 0->0
[2025-06-14T19:08:57.451+0530][326504.120s][info][gc,metaspace   ] GC(225) Metaspace: 66876K(67776K)->66876K(67776K) NonClass: 59102K(59584K)->59102K(59584K) Class: 7773K(8192K)->7773K(8192K)
[2025-06-14T19:08:57.451+0530][326504.120s][info][gc             ] GC(225) Pause Young (Prepare Mixed) (G1 Evacuation Pause) 67M->31M(80M) 2.063ms
[2025-06-14T19:08:57.451+0530][326504.120s][info][gc,cpu         ] GC(225) User=0.00s Sys=0.00s Real=0.00s
[2025-06-14T19:26:11.080+0530][327537.836s][info][gc,start       ] GC(226) Pause Young (Mixed) (G1 Evacuation Pause)
[2025-06-14T19:26:11.080+0530][327537.836s][info][gc,task        ] GC(226) Using 8 workers of 13 for evacuation
[2025-06-14T19:26:11.084+0530][327537.840s][info][gc,phases      ] GC(226)   Pre Evacuate Collection Set: 0.2ms
[2025-06-14T19:26:11.084+0530][327537.840s][info][gc,phases      ] GC(226)   Merge Heap Roots: 0.1ms
[2025-06-14T19:26:11.084+0530][327537.840s][info][gc,phases      ] GC(226)   Evacuate Collection Set: 3.6ms
[2025-06-14T19:26:11.084+0530][327537.840s][info][gc,phases      ] GC(226)   Post Evacuate Collection Set: 0.3ms
[2025-06-14T19:26:11.084+0530][327537.840s][info][gc,phases      ] GC(226)   Other: 0.1ms
[2025-06-14T19:26:11.084+0530][327537.840s][info][gc,heap        ] GC(226) Eden regions: 9->0(10)
[2025-06-14T19:26:11.084+0530][327537.840s][info][gc,heap        ] GC(226) Survivor regions: 1->1(2)
[2025-06-14T19:26:11.084+0530][327537.840s][info][gc,heap        ] GC(226) Old regions: 8->7
[2025-06-14T19:26:11.084+0530][327537.840s][info][gc,heap        ] GC(226) Humongous regions: 0->0
[2025-06-14T19:26:11.084+0530][327537.840s][info][gc,metaspace   ] GC(226) Metaspace: 66876K(67776K)->66876K(67776K) NonClass: 59102K(59584K)->59102K(59584K) Class: 7773K(8192K)->7773K(8192K)
[2025-06-14T19:26:11.084+0530][327537.840s][info][gc             ] GC(226) Pause Young (Mixed) (G1 Evacuation Pause) 67M->29M(80M) 4.662ms
[2025-06-14T19:26:11.084+0530][327537.840s][info][gc,cpu         ] GC(226) User=0.00s Sys=0.00s Real=0.00s
[2025-06-14T19:45:22.215+0530][328689.040s][info][gc,start       ] GC(227) Pause Young (Concurrent Start) (G1 Evacuation Pause)
[2025-06-14T19:45:22.215+0530][328689.040s][info][gc,task        ] GC(227) Using 8 workers of 13 for evacuation
[2025-06-14T19:45:22.218+0530][328689.043s][info][gc,phases      ] GC(227)   Pre Evacuate Collection Set: 0.3ms
[2025-06-14T19:45:22.218+0530][328689.043s][info][gc,phases      ] GC(227)   Merge Heap Roots: 0.1ms
[2025-06-14T19:45:22.218+0530][328689.043s][info][gc,phases      ] GC(227)   Evacuate Collection Set: 1.3ms
[2025-06-14T19:45:22.218+0530][328689.043s][info][gc,phases      ] GC(227)   Post Evacuate Collection Set: 0.4ms
[2025-06-14T19:45:22.218+0530][328689.043s][info][gc,phases      ] GC(227)   Other: 0.1ms
[2025-06-14T19:45:22.218+0530][328689.043s][info][gc,heap        ] GC(227) Eden regions: 10->0(10)
[2025-06-14T19:45:22.218+0530][328689.043s][info][gc,heap        ] GC(227) Survivor regions: 1->1(2)
[2025-06-14T19:45:22.218+0530][328689.043s][info][gc,heap        ] GC(227) Old regions: 7->7
[2025-06-14T19:45:22.218+0530][328689.043s][info][gc,heap        ] GC(227) Humongous regions: 0->0
[2025-06-14T19:45:22.218+0530][328689.043s][info][gc,metaspace   ] GC(227) Metaspace: 66876K(67776K)->66876K(67776K) NonClass: 59102K(59584K)->59102K(59584K) Class: 7773K(8192K)->7773K(8192K)
[2025-06-14T19:45:22.218+0530][328689.043s][info][gc             ] GC(227) Pause Young (Concurrent Start) (G1 Evacuation Pause) 69M->29M(80M) 2.534ms
[2025-06-14T19:45:22.218+0530][328689.043s][info][gc,cpu         ] GC(227) User=0.00s Sys=0.00s Real=0.00s
[2025-06-14T19:45:22.218+0530][328689.043s][info][gc             ] GC(228) Concurrent Mark Cycle
[2025-06-14T19:45:22.218+0530][328689.043s][info][gc,marking     ] GC(228) Concurrent Scan Root Regions
[2025-06-14T19:45:22.221+0530][328689.046s][info][gc,marking     ] GC(228) Concurrent Scan Root Regions 2.879ms
[2025-06-14T19:45:22.221+0530][328689.046s][info][gc,marking     ] GC(228) Concurrent Mark
[2025-06-14T19:45:22.221+0530][328689.046s][info][gc,marking     ] GC(228) Concurrent Mark From Roots
[2025-06-14T19:45:22.221+0530][328689.046s][info][gc,task        ] GC(228) Using 3 workers of 3 for marking
[2025-06-14T19:45:22.232+0530][328689.057s][info][gc,marking     ] GC(228) Concurrent Mark From Roots 11.632ms
[2025-06-14T19:45:22.232+0530][328689.057s][info][gc,marking     ] GC(228) Concurrent Preclean
[2025-06-14T19:45:22.232+0530][328689.058s][info][gc,marking     ] GC(228) Concurrent Preclean 0.308ms
[2025-06-14T19:45:22.232+0530][328689.058s][info][gc,start       ] GC(228) Pause Remark
[2025-06-14T19:45:22.246+0530][328689.070s][info][gc             ] GC(228) Pause Remark 29M->29M(80M) 12.512ms
[2025-06-14T19:45:22.246+0530][328689.070s][info][gc,cpu         ] GC(228) User=0.00s Sys=0.02s Real=0.01s
[2025-06-14T19:45:22.246+0530][328689.071s][info][gc,marking     ] GC(228) Concurrent Mark 24.720ms
[2025-06-14T19:45:22.246+0530][328689.071s][info][gc,marking     ] GC(228) Concurrent Rebuild Remembered Sets and Scrub Regions
[2025-06-14T19:45:22.249+0530][328689.075s][info][gc,marking     ] GC(228) Concurrent Rebuild Remembered Sets and Scrub Regions 4.199ms
[2025-06-14T19:45:22.249+0530][328689.075s][info][gc,start       ] GC(228) Pause Cleanup
[2025-06-14T19:45:22.250+0530][328689.075s][info][gc             ] GC(228) Pause Cleanup 30M->30M(80M) 0.086ms
[2025-06-14T19:45:22.250+0530][328689.075s][info][gc,cpu         ] GC(228) User=0.00s Sys=0.00s Real=0.00s
[2025-06-14T19:45:22.250+0530][328689.075s][info][gc,marking     ] GC(228) Concurrent Clear Claimed Marks
[2025-06-14T19:45:22.250+0530][328689.075s][info][gc,marking     ] GC(228) Concurrent Clear Claimed Marks 0.087ms
[2025-06-14T19:45:22.250+0530][328689.075s][info][gc,marking     ] GC(228) Concurrent Cleanup for Next Mark
[2025-06-14T19:45:22.250+0530][328689.075s][info][gc,marking     ] GC(228) Concurrent Cleanup for Next Mark 0.250ms
[2025-06-14T19:45:22.250+0530][328689.075s][info][gc             ] GC(228) Concurrent Mark Cycle 32.581ms
[2025-06-14T20:04:38.214+0530][329845.089s][info][gc,start       ] GC(229) Pause Young (Prepare Mixed) (G1 Evacuation Pause)
[2025-06-14T20:04:38.214+0530][329845.089s][info][gc,task        ] GC(229) Using 8 workers of 13 for evacuation
[2025-06-14T20:04:38.216+0530][329845.091s][info][gc,phases      ] GC(229)   Pre Evacuate Collection Set: 0.3ms
[2025-06-14T20:04:38.216+0530][329845.091s][info][gc,phases      ] GC(229)   Merge Heap Roots: 0.1ms
[2025-06-14T20:04:38.216+0530][329845.091s][info][gc,phases      ] GC(229)   Evacuate Collection Set: 1.4ms
[2025-06-14T20:04:38.216+0530][329845.091s][info][gc,phases      ] GC(229)   Post Evacuate Collection Set: 0.3ms
[2025-06-14T20:04:38.216+0530][329845.091s][info][gc,phases      ] GC(229)   Other: 0.1ms
[2025-06-14T20:04:38.216+0530][329845.091s][info][gc,heap        ] GC(229) Eden regions: 10->0(10)
[2025-06-14T20:04:38.217+0530][329845.091s][info][gc,heap        ] GC(229) Survivor regions: 1->1(2)
[2025-06-14T20:04:38.217+0530][329845.091s][info][gc,heap        ] GC(229) Old regions: 7->7
[2025-06-14T20:04:38.217+0530][329845.091s][info][gc,heap        ] GC(229) Humongous regions: 0->0
[2025-06-14T20:04:38.217+0530][329845.091s][info][gc,metaspace   ] GC(229) Metaspace: 66847K(67776K)->66847K(67776K) NonClass: 59080K(59584K)->59080K(59584K) Class: 7767K(8192K)->7767K(8192K)
[2025-06-14T20:04:38.217+0530][329845.091s][info][gc             ] GC(229) Pause Young (Prepare Mixed) (G1 Evacuation Pause) 69M->29M(80M) 2.651ms
[2025-06-14T20:04:38.217+0530][329845.091s][info][gc,cpu         ] GC(229) User=0.00s Sys=0.00s Real=0.00s
[2025-06-14T20:24:00.252+0530][331007.162s][info][gc,start       ] GC(230) Pause Young (Mixed) (G1 Evacuation Pause)
[2025-06-14T20:24:00.252+0530][331007.162s][info][gc,task        ] GC(230) Using 8 workers of 13 for evacuation
[2025-06-14T20:24:00.267+0530][331007.177s][info][gc,phases      ] GC(230)   Pre Evacuate Collection Set: 0.3ms
[2025-06-14T20:24:00.267+0530][331007.177s][info][gc,phases      ] GC(230)   Merge Heap Roots: 0.1ms
[2025-06-14T20:24:00.267+0530][331007.177s][info][gc,phases      ] GC(230)   Evacuate Collection Set: 13.6ms
[2025-06-14T20:24:00.267+0530][331007.177s][info][gc,phases      ] GC(230)   Post Evacuate Collection Set: 0.3ms
[2025-06-14T20:24:00.267+0530][331007.177s][info][gc,phases      ] GC(230)   Other: 0.1ms
[2025-06-14T20:24:00.267+0530][331007.177s][info][gc,heap        ] GC(230) Eden regions: 10->0(11)
[2025-06-14T20:24:00.267+0530][331007.177s][info][gc,heap        ] GC(230) Survivor regions: 1->1(2)
[2025-06-14T20:24:00.267+0530][331007.177s][info][gc,heap        ] GC(230) Old regions: 7->6
[2025-06-14T20:24:00.267+0530][331007.177s][info][gc,heap        ] GC(230) Humongous regions: 0->0
[2025-06-14T20:24:00.267+0530][331007.177s][info][gc,metaspace   ] GC(230) Metaspace: 66847K(67776K)->66847K(67776K) NonClass: 59080K(59584K)->59080K(59584K) Class: 7767K(8192K)->7767K(8192K)
[2025-06-14T20:24:00.267+0530][331007.177s][info][gc             ] GC(230) Pause Young (Mixed) (G1 Evacuation Pause) 69M->26M(80M) 14.877ms
[2025-06-14T20:24:00.267+0530][331007.177s][info][gc,cpu         ] GC(230) User=0.00s Sys=0.00s Real=0.01s
[2025-06-14T20:45:19.237+0530][332286.176s][info][gc,start       ] GC(231) Pause Young (Concurrent Start) (G1 Evacuation Pause)
[2025-06-14T20:45:19.237+0530][332286.176s][info][gc,task        ] GC(231) Using 8 workers of 13 for evacuation
[2025-06-14T20:45:19.243+0530][332286.182s][info][gc,phases      ] GC(231)   Pre Evacuate Collection Set: 0.6ms
[2025-06-14T20:45:19.243+0530][332286.182s][info][gc,phases      ] GC(231)   Merge Heap Roots: 0.1ms
[2025-06-14T20:45:19.243+0530][332286.182s][info][gc,phases      ] GC(231)   Evacuate Collection Set: 4.8ms
[2025-06-14T20:45:19.243+0530][332286.182s][info][gc,phases      ] GC(231)   Post Evacuate Collection Set: 0.4ms
[2025-06-14T20:45:19.243+0530][332286.182s][info][gc,phases      ] GC(231)   Other: 0.2ms
[2025-06-14T20:45:19.243+0530][332286.182s][info][gc,heap        ] GC(231) Eden regions: 11->0(11)
[2025-06-14T20:45:19.243+0530][332286.182s][info][gc,heap        ] GC(231) Survivor regions: 1->1(2)
[2025-06-14T20:45:19.243+0530][332286.182s][info][gc,heap        ] GC(231) Old regions: 6->6
[2025-06-14T20:45:19.243+0530][332286.182s][info][gc,heap        ] GC(231) Humongous regions: 0->0
[2025-06-14T20:45:19.243+0530][332286.182s][info][gc,metaspace   ] GC(231) Metaspace: 66847K(67776K)->66847K(67776K) NonClass: 59080K(59584K)->59080K(59584K) Class: 7767K(8192K)->7767K(8192K)
[2025-06-14T20:45:19.243+0530][332286.183s][info][gc             ] GC(231) Pause Young (Concurrent Start) (G1 Evacuation Pause) 70M->26M(80M) 6.613ms
[2025-06-14T20:45:19.243+0530][332286.183s][info][gc,cpu         ] GC(231) User=0.02s Sys=0.00s Real=0.01s
[2025-06-14T20:45:19.243+0530][332286.183s][info][gc             ] GC(232) Concurrent Mark Cycle
[2025-06-14T20:45:19.244+0530][332286.183s][info][gc,marking     ] GC(232) Concurrent Scan Root Regions
[2025-06-14T20:45:19.259+0530][332286.198s][info][gc,marking     ] GC(232) Concurrent Scan Root Regions 15.286ms
[2025-06-14T20:45:19.259+0530][332286.198s][info][gc,marking     ] GC(232) Concurrent Mark
[2025-06-14T20:45:19.259+0530][332286.198s][info][gc,marking     ] GC(232) Concurrent Mark From Roots
[2025-06-14T20:45:19.259+0530][332286.198s][info][gc,task        ] GC(232) Using 3 workers of 3 for marking
[2025-06-14T20:45:19.277+0530][332286.217s][info][gc,marking     ] GC(232) Concurrent Mark From Roots 18.580ms
[2025-06-14T20:45:19.277+0530][332286.217s][info][gc,marking     ] GC(232) Concurrent Preclean
[2025-06-14T20:45:19.278+0530][332286.217s][info][gc,marking     ] GC(232) Concurrent Preclean 0.367ms
[2025-06-14T20:45:19.278+0530][332286.217s][info][gc,start       ] GC(232) Pause Remark
[2025-06-14T20:45:19.297+0530][332286.236s][info][gc             ] GC(232) Pause Remark 26M->26M(80M) 19.251ms
[2025-06-14T20:45:19.297+0530][332286.237s][info][gc,cpu         ] GC(232) User=0.00s Sys=0.06s Real=0.02s
[2025-06-14T20:45:19.297+0530][332286.237s][info][gc,marking     ] GC(232) Concurrent Mark 38.483ms
[2025-06-14T20:45:19.297+0530][332286.237s][info][gc,marking     ] GC(232) Concurrent Rebuild Remembered Sets and Scrub Regions
[2025-06-14T20:45:19.301+0530][332286.241s][info][gc,marking     ] GC(232) Concurrent Rebuild Remembered Sets and Scrub Regions 3.943ms
[2025-06-14T20:45:19.301+0530][332286.241s][info][gc,start       ] GC(232) Pause Cleanup
[2025-06-14T20:45:19.301+0530][332286.241s][info][gc             ] GC(232) Pause Cleanup 26M->26M(80M) 0.126ms
[2025-06-14T20:45:19.301+0530][332286.241s][info][gc,cpu         ] GC(232) User=0.00s Sys=0.00s Real=0.00s
[2025-06-14T20:45:19.302+0530][332286.241s][info][gc,marking     ] GC(232) Concurrent Clear Claimed Marks
[2025-06-14T20:45:19.302+0530][332286.241s][info][gc,marking     ] GC(232) Concurrent Clear Claimed Marks 0.057ms
[2025-06-14T20:45:19.302+0530][332286.241s][info][gc,marking     ] GC(232) Concurrent Cleanup for Next Mark
[2025-06-14T20:45:19.302+0530][332286.241s][info][gc,marking     ] GC(232) Concurrent Cleanup for Next Mark 0.228ms
[2025-06-14T20:45:19.302+0530][332286.241s][info][gc             ] GC(232) Concurrent Mark Cycle 58.447ms
[2025-06-14T21:06:31.489+0530][333558.449s][info][gc,start       ] GC(233) Pause Young (Prepare Mixed) (G1 Evacuation Pause)
[2025-06-14T21:06:31.489+0530][333558.449s][info][gc,task        ] GC(233) Using 8 workers of 13 for evacuation
[2025-06-14T21:06:31.490+0530][333558.451s][info][gc,phases      ] GC(233)   Pre Evacuate Collection Set: 0.2ms
[2025-06-14T21:06:31.490+0530][333558.451s][info][gc,phases      ] GC(233)   Merge Heap Roots: 0.1ms
[2025-06-14T21:06:31.490+0530][333558.451s][info][gc,phases      ] GC(233)   Evacuate Collection Set: 1.2ms
[2025-06-14T21:06:31.490+0530][333558.451s][info][gc,phases      ] GC(233)   Post Evacuate Collection Set: 0.5ms
[2025-06-14T21:06:31.490+0530][333558.451s][info][gc,phases      ] GC(233)   Other: 0.1ms
[2025-06-14T21:06:31.490+0530][333558.451s][info][gc,heap        ] GC(233) Eden regions: 11->0(11)
[2025-06-14T21:06:31.490+0530][333558.451s][info][gc,heap        ] GC(233) Survivor regions: 1->1(2)
[2025-06-14T21:06:31.490+0530][333558.451s][info][gc,heap        ] GC(233) Old regions: 6->6
[2025-06-14T21:06:31.490+0530][333558.451s][info][gc,heap        ] GC(233) Humongous regions: 0->0
[2025-06-14T21:06:31.490+0530][333558.451s][info][gc,metaspace   ] GC(233) Metaspace: 66847K(67776K)->66847K(67776K) NonClass: 59080K(59584K)->59080K(59584K) Class: 7767K(8192K)->7767K(8192K)
[2025-06-14T21:06:31.492+0530][333558.451s][info][gc             ] GC(233) Pause Young (Prepare Mixed) (G1 Evacuation Pause) 70M->26M(80M) 2.384ms
[2025-06-14T21:06:31.492+0530][333558.451s][info][gc,cpu         ] GC(233) User=0.00s Sys=0.00s Real=0.00s
[2025-06-14T21:27:42.070+0530][334829.045s][info][gc,start       ] GC(234) Pause Young (Mixed) (G1 Evacuation Pause)
[2025-06-14T21:27:42.070+0530][334829.045s][info][gc,task        ] GC(234) Using 8 workers of 13 for evacuation
[2025-06-14T21:27:42.090+0530][334829.065s][info][gc,phases      ] GC(234)   Pre Evacuate Collection Set: 0.6ms
[2025-06-14T21:27:42.090+0530][334829.065s][info][gc,phases      ] GC(234)   Merge Heap Roots: 0.1ms
[2025-06-14T21:27:42.090+0530][334829.065s][info][gc,phases      ] GC(234)   Evacuate Collection Set: 19.2ms
[2025-06-14T21:27:42.090+0530][334829.065s][info][gc,phases      ] GC(234)   Post Evacuate Collection Set: 0.3ms
[2025-06-14T21:27:42.090+0530][334829.065s][info][gc,phases      ] GC(234)   Other: 0.1ms
[2025-06-14T21:27:42.090+0530][334829.065s][info][gc,heap        ] GC(234) Eden regions: 11->0(11)
[2025-06-14T21:27:42.090+0530][334829.065s][info][gc,heap        ] GC(234) Survivor regions: 1->1(2)
[2025-06-14T21:27:42.090+0530][334829.065s][info][gc,heap        ] GC(234) Old regions: 6->6
[2025-06-14T21:27:42.090+0530][334829.065s][info][gc,heap        ] GC(234) Humongous regions: 0->0
[2025-06-14T21:27:42.090+0530][334829.065s][info][gc,metaspace   ] GC(234) Metaspace: 66847K(67776K)->66847K(67776K) NonClass: 59080K(59584K)->59080K(59584K) Class: 7767K(8192K)->7767K(8192K)
[2025-06-14T21:27:42.090+0530][334829.065s][info][gc             ] GC(234) Pause Young (Mixed) (G1 Evacuation Pause) 70M->24M(80M) 20.713ms
[2025-06-14T21:27:42.090+0530][334829.065s][info][gc,cpu         ] GC(234) User=0.00s Sys=0.00s Real=0.02s
[2025-06-14T21:34:46.120+0530][335253.100s][info][gc,start       ] GC(235) Pause Full (System.gc())
[2025-06-14T21:34:46.120+0530][335253.100s][info][gc,task        ] GC(235) Using 2 workers of 13 for full compaction
[2025-06-14T21:34:46.120+0530][335253.100s][info][gc,phases,start] GC(235) Phase 1: Mark live objects
[2025-06-14T21:34:46.204+0530][335253.184s][info][gc,phases      ] GC(235) Phase 1: Mark live objects 84.159ms
[2025-06-14T21:34:46.205+0530][335253.184s][info][gc,phases,start] GC(235) Phase 2: Prepare compaction
[2025-06-14T21:34:46.206+0530][335253.186s][info][gc,phases      ] GC(235) Phase 2: Prepare compaction 1.764ms
[2025-06-14T21:34:46.206+0530][335253.186s][info][gc,phases,start] GC(235) Phase 3: Adjust pointers
[2025-06-14T21:34:46.213+0530][335253.193s][info][gc,phases      ] GC(235) Phase 3: Adjust pointers 7.174ms
[2025-06-14T21:34:46.213+0530][335253.193s][info][gc,phases,start] GC(235) Phase 4: Compact heap
[2025-06-14T21:34:46.216+0530][335253.196s][info][gc,phases      ] GC(235) Phase 4: Compact heap 2.356ms
[2025-06-14T21:34:46.216+0530][335253.196s][info][gc,phases,start] GC(235) Phase 5: Reset Metadata
[2025-06-14T21:34:46.218+0530][335253.198s][info][gc,phases      ] GC(235) Phase 5: Reset Metadata 1.985ms
[2025-06-14T21:34:46.221+0530][335253.200s][info][gc,heap        ] GC(235) Eden regions: 5->0(12)
[2025-06-14T21:34:46.221+0530][335253.200s][info][gc,heap        ] GC(235) Survivor regions: 1->0(2)
[2025-06-14T21:34:46.221+0530][335253.200s][info][gc,heap        ] GC(235) Old regions: 6->6
[2025-06-14T21:34:46.221+0530][335253.200s][info][gc,heap        ] GC(235) Humongous regions: 0->0
[2025-06-14T21:34:46.221+0530][335253.200s][info][gc,metaspace   ] GC(235) Metaspace: 66858K(67776K)->66676K(67776K) NonClass: 59090K(59584K)->58929K(59584K) Class: 7768K(8192K)->7747K(8192K)
[2025-06-14T21:34:46.221+0530][335253.200s][info][gc             ] GC(235) Pause Full (System.gc()) 40M->19M(80M) 100.373ms
[2025-06-14T21:34:46.221+0530][335253.200s][info][gc,cpu         ] GC(235) User=0.05s Sys=0.05s Real=0.10s
[2025-06-14T21:34:47.545+0530][335254.525s][info][gc,start       ] GC(236) Pause Young (Concurrent Start) (G1 Evacuation Pause)
[2025-06-14T21:34:47.546+0530][335254.525s][info][gc,task        ] GC(236) Using 12 workers of 13 for evacuation
[2025-06-14T21:34:47.549+0530][335254.529s][info][gc,phases      ] GC(236)   Pre Evacuate Collection Set: 0.3ms
[2025-06-14T21:34:47.549+0530][335254.529s][info][gc,phases      ] GC(236)   Merge Heap Roots: 0.1ms
[2025-06-14T21:34:47.549+0530][335254.529s][info][gc,phases      ] GC(236)   Evacuate Collection Set: 2.9ms
[2025-06-14T21:34:47.549+0530][335254.529s][info][gc,phases      ] GC(236)   Post Evacuate Collection Set: 0.4ms
[2025-06-14T21:34:47.550+0530][335254.529s][info][gc,phases      ] GC(236)   Other: 0.1ms
[2025-06-14T21:34:47.550+0530][335254.529s][info][gc,heap        ] GC(236) Eden regions: 12->0(9)
[2025-06-14T21:34:47.550+0530][335254.529s][info][gc,heap        ] GC(236) Survivor regions: 0->2(2)
[2025-06-14T21:34:47.550+0530][335254.529s][info][gc,heap        ] GC(236) Old regions: 6->6
[2025-06-14T21:34:47.550+0530][335254.529s][info][gc,heap        ] GC(236) Humongous regions: 0->0
[2025-06-14T21:34:47.550+0530][335254.529s][info][gc,metaspace   ] GC(236) Metaspace: 66887K(67776K)->66887K(67776K) NonClass: 59100K(59584K)->59100K(59584K) Class: 7786K(8192K)->7786K(8192K)
[2025-06-14T21:34:47.550+0530][335254.529s][info][gc             ] GC(236) Pause Young (Concurrent Start) (G1 Evacuation Pause) 67M->24M(80M) 4.148ms
[2025-06-14T21:34:47.550+0530][335254.529s][info][gc,cpu         ] GC(236) User=0.00s Sys=0.00s Real=0.00s
[2025-06-14T21:34:47.550+0530][335254.529s][info][gc             ] GC(237) Concurrent Mark Cycle
[2025-06-14T21:34:47.550+0530][335254.529s][info][gc,marking     ] GC(237) Concurrent Scan Root Regions
[2025-06-14T21:34:47.553+0530][335254.533s][info][gc,marking     ] GC(237) Concurrent Scan Root Regions 3.454ms
[2025-06-14T21:34:47.553+0530][335254.533s][info][gc,marking     ] GC(237) Concurrent Mark
[2025-06-14T21:34:47.553+0530][335254.533s][info][gc,marking     ] GC(237) Concurrent Mark From Roots
[2025-06-14T21:34:47.553+0530][335254.533s][info][gc,task        ] GC(237) Using 3 workers of 3 for marking
[2025-06-14T21:34:47.571+0530][335254.550s][info][gc,marking     ] GC(237) Concurrent Mark From Roots 17.250ms
[2025-06-14T21:34:47.571+0530][335254.550s][info][gc,marking     ] GC(237) Concurrent Preclean
[2025-06-14T21:34:47.571+0530][335254.551s][info][gc,marking     ] GC(237) Concurrent Preclean 0.325ms
[2025-06-14T21:34:47.571+0530][335254.551s][info][gc,start       ] GC(237) Pause Remark
[2025-06-14T21:34:47.575+0530][335254.555s][info][gc             ] GC(237) Pause Remark 25M->25M(80M) 4.406ms
[2025-06-14T21:34:47.575+0530][335254.555s][info][gc,cpu         ] GC(237) User=0.05s Sys=0.00s Real=0.00s
[2025-06-14T21:34:47.575+0530][335254.556s][info][gc,marking     ] GC(237) Concurrent Mark 22.750ms
[2025-06-14T21:34:47.575+0530][335254.556s][info][gc,marking     ] GC(237) Concurrent Rebuild Remembered Sets and Scrub Regions
[2025-06-14T21:34:47.581+0530][335254.561s][info][gc,marking     ] GC(237) Concurrent Rebuild Remembered Sets and Scrub Regions 5.297ms
[2025-06-14T21:34:47.581+0530][335254.561s][info][gc,start       ] GC(237) Pause Cleanup
[2025-06-14T21:34:47.582+0530][335254.561s][info][gc             ] GC(237) Pause Cleanup 25M->25M(80M) 0.152ms
[2025-06-14T21:34:47.582+0530][335254.561s][info][gc,cpu         ] GC(237) User=0.00s Sys=0.00s Real=0.00s
[2025-06-14T21:34:47.582+0530][335254.561s][info][gc,marking     ] GC(237) Concurrent Clear Claimed Marks
[2025-06-14T21:34:47.582+0530][335254.562s][info][gc,marking     ] GC(237) Concurrent Clear Claimed Marks 0.085ms
[2025-06-14T21:34:47.582+0530][335254.562s][info][gc,marking     ] GC(237) Concurrent Cleanup for Next Mark
[2025-06-14T21:34:47.582+0530][335254.562s][info][gc,marking     ] GC(237) Concurrent Cleanup for Next Mark 0.165ms
[2025-06-14T21:34:47.582+0530][335254.562s][info][gc             ] GC(237) Concurrent Mark Cycle 32.386ms
[2025-06-14T21:35:58.624+0530][335325.605s][info][gc,start       ] GC(238) Pause Full (System.gc())
[2025-06-14T21:35:58.625+0530][335325.605s][info][gc,task        ] GC(238) Using 2 workers of 13 for full compaction
[2025-06-14T21:35:58.625+0530][335325.605s][info][gc,phases,start] GC(238) Phase 1: Mark live objects
[2025-06-14T21:35:58.653+0530][335325.633s][info][gc,phases      ] GC(238) Phase 1: Mark live objects 28.249ms
[2025-06-14T21:35:58.653+0530][335325.633s][info][gc,phases,start] GC(238) Phase 2: Prepare compaction
[2025-06-14T21:35:58.654+0530][335325.635s][info][gc,phases      ] GC(238) Phase 2: Prepare compaction 1.759ms
[2025-06-14T21:35:58.654+0530][335325.635s][info][gc,phases,start] GC(238) Phase 3: Adjust pointers
[2025-06-14T21:35:58.662+0530][335325.643s][info][gc,phases      ] GC(238) Phase 3: Adjust pointers 8.175ms
[2025-06-14T21:35:58.662+0530][335325.643s][info][gc,phases,start] GC(238) Phase 4: Compact heap
[2025-06-14T21:35:58.668+0530][335325.648s][info][gc,phases      ] GC(238) Phase 4: Compact heap 5.034ms
[2025-06-14T21:35:58.668+0530][335325.648s][info][gc,phases,start] GC(238) Phase 5: Reset Metadata
[2025-06-14T21:35:58.670+0530][335325.650s][info][gc,phases      ] GC(238) Phase 5: Reset Metadata 2.041ms
[2025-06-14T21:35:58.676+0530][335325.656s][info][gc,heap        ] GC(238) Eden regions: 9->0(11)
[2025-06-14T21:35:58.676+0530][335325.656s][info][gc,heap        ] GC(238) Survivor regions: 2->0(2)
[2025-06-14T21:35:58.676+0530][335325.656s][info][gc,heap        ] GC(238) Old regions: 6->7
[2025-06-14T21:35:58.676+0530][335325.656s][info][gc,heap        ] GC(238) Humongous regions: 0->0
[2025-06-14T21:35:58.676+0530][335325.656s][info][gc,metaspace   ] GC(238) Metaspace: 67257K(68032K)->66984K(68032K) NonClass: 59413K(59840K)->59182K(59840K) Class: 7844K(8192K)->7802K(8192K)
[2025-06-14T21:35:58.676+0530][335325.656s][info][gc             ] GC(238) Pause Full (System.gc()) 59M->22M(80M) 51.750ms
[2025-06-14T21:35:58.676+0530][335325.656s][info][gc,cpu         ] GC(238) User=0.03s Sys=0.00s Real=0.05s
[2025-06-14T21:35:59.265+0530][335326.246s][info][gc,start       ] GC(239) Pause Young (Concurrent Start) (G1 Evacuation Pause)
[2025-06-14T21:35:59.265+0530][335326.246s][info][gc,task        ] GC(239) Using 12 workers of 13 for evacuation
[2025-06-14T21:35:59.267+0530][335326.248s][info][gc,phases      ] GC(239)   Pre Evacuate Collection Set: 0.1ms
[2025-06-14T21:35:59.267+0530][335326.248s][info][gc,phases      ] GC(239)   Merge Heap Roots: 0.0ms
[2025-06-14T21:35:59.267+0530][335326.248s][info][gc,phases      ] GC(239)   Evacuate Collection Set: 1.7ms
[2025-06-14T21:35:59.267+0530][335326.248s][info][gc,phases      ] GC(239)   Post Evacuate Collection Set: 0.4ms
[2025-06-14T21:35:59.267+0530][335326.248s][info][gc,phases      ] GC(239)   Other: 0.1ms
[2025-06-14T21:35:59.267+0530][335326.248s][info][gc,heap        ] GC(239) Eden regions: 11->0(8)
[2025-06-14T21:35:59.267+0530][335326.248s][info][gc,heap        ] GC(239) Survivor regions: 0->2(2)
[2025-06-14T21:35:59.267+0530][335326.248s][info][gc,heap        ] GC(239) Old regions: 7->7
[2025-06-14T21:35:59.267+0530][335326.248s][info][gc,heap        ] GC(239) Humongous regions: 0->0
[2025-06-14T21:35:59.267+0530][335326.248s][info][gc,metaspace   ] GC(239) Metaspace: 67086K(68032K)->67086K(68032K) NonClass: 59276K(59840K)->59276K(59840K) Class: 7810K(8192K)->7810K(8192K)
[2025-06-14T21:35:59.267+0530][335326.248s][info][gc             ] GC(239) Pause Young (Concurrent Start) (G1 Evacuation Pause) 66M->26M(80M) 2.625ms
[2025-06-14T21:35:59.268+0530][335326.248s][info][gc             ] GC(240) Concurrent Mark Cycle
[2025-06-14T21:35:59.268+0530][335326.248s][info][gc,cpu         ] GC(239) User=0.00s Sys=0.00s Real=0.00s
[2025-06-14T21:35:59.268+0530][335326.248s][info][gc,marking     ] GC(240) Concurrent Scan Root Regions
[2025-06-14T21:35:59.272+0530][335326.252s][info][gc,marking     ] GC(240) Concurrent Scan Root Regions 3.596ms
[2025-06-14T21:35:59.272+0530][335326.252s][info][gc,marking     ] GC(240) Concurrent Mark
[2025-06-14T21:35:59.272+0530][335326.252s][info][gc,marking     ] GC(240) Concurrent Mark From Roots
[2025-06-14T21:35:59.272+0530][335326.252s][info][gc,task        ] GC(240) Using 3 workers of 3 for marking
[2025-06-14T21:35:59.288+0530][335326.269s][info][gc,marking     ] GC(240) Concurrent Mark From Roots 16.694ms
[2025-06-14T21:35:59.288+0530][335326.269s][info][gc,marking     ] GC(240) Concurrent Preclean
[2025-06-14T21:35:59.288+0530][335326.269s][info][gc,marking     ] GC(240) Concurrent Preclean 0.327ms
[2025-06-14T21:35:59.289+0530][335326.269s][info][gc,start       ] GC(240) Pause Remark
[2025-06-14T21:35:59.293+0530][335326.274s][info][gc             ] GC(240) Pause Remark 26M->26M(80M) 4.302ms
[2025-06-14T21:35:59.293+0530][335326.274s][info][gc,cpu         ] GC(240) User=0.02s Sys=0.00s Real=0.00s
[2025-06-14T21:35:59.293+0530][335326.274s][info][gc,marking     ] GC(240) Concurrent Mark 21.698ms
[2025-06-14T21:35:59.293+0530][335326.274s][info][gc,marking     ] GC(240) Concurrent Rebuild Remembered Sets and Scrub Regions
[2025-06-14T21:35:59.299+0530][335326.279s][info][gc,marking     ] GC(240) Concurrent Rebuild Remembered Sets and Scrub Regions 5.352ms
[2025-06-14T21:35:59.299+0530][335326.279s][info][gc,start       ] GC(240) Pause Cleanup
[2025-06-14T21:35:59.299+0530][335326.279s][info][gc             ] GC(240) Pause Cleanup 27M->27M(80M) 0.165ms
[2025-06-14T21:35:59.299+0530][335326.279s][info][gc,cpu         ] GC(240) User=0.00s Sys=0.00s Real=0.00s
[2025-06-14T21:35:59.299+0530][335326.279s][info][gc,marking     ] GC(240) Concurrent Clear Claimed Marks
[2025-06-14T21:35:59.299+0530][335326.280s][info][gc,marking     ] GC(240) Concurrent Clear Claimed Marks 0.101ms
[2025-06-14T21:35:59.299+0530][335326.280s][info][gc,marking     ] GC(240) Concurrent Cleanup for Next Mark
[2025-06-14T21:35:59.299+0530][335326.280s][info][gc,marking     ] GC(240) Concurrent Cleanup for Next Mark 0.193ms
[2025-06-14T21:35:59.299+0530][335326.280s][info][gc             ] GC(240) Concurrent Mark Cycle 31.581ms
[2025-06-14T21:36:38.066+0530][335365.047s][info][gc,start       ] GC(241) Pause Full (System.gc())
[2025-06-14T21:36:38.066+0530][335365.047s][info][gc,task        ] GC(241) Using 2 workers of 13 for full compaction
[2025-06-14T21:36:38.066+0530][335365.047s][info][gc,phases,start] GC(241) Phase 1: Mark live objects
[2025-06-14T21:36:38.100+0530][335365.081s][info][gc,phases      ] GC(241) Phase 1: Mark live objects 34.098ms
[2025-06-14T21:36:38.100+0530][335365.081s][info][gc,phases,start] GC(241) Phase 2: Prepare compaction
[2025-06-14T21:36:38.102+0530][335365.082s][info][gc,phases      ] GC(241) Phase 2: Prepare compaction 1.190ms
[2025-06-14T21:36:38.102+0530][335365.082s][info][gc,phases,start] GC(241) Phase 3: Adjust pointers
[2025-06-14T21:36:38.109+0530][335365.090s][info][gc,phases      ] GC(241) Phase 3: Adjust pointers 7.596ms
[2025-06-14T21:36:38.109+0530][335365.090s][info][gc,phases,start] GC(241) Phase 4: Compact heap
[2025-06-14T21:36:38.110+0530][335365.092s][info][gc,phases      ] GC(241) Phase 4: Compact heap 1.654ms
[2025-06-14T21:36:38.110+0530][335365.092s][info][gc,phases,start] GC(241) Phase 5: Reset Metadata
[2025-06-14T21:36:38.113+0530][335365.094s][info][gc,phases      ] GC(241) Phase 5: Reset Metadata 2.269ms
[2025-06-14T21:36:38.118+0530][335365.099s][info][gc,heap        ] GC(241) Eden regions: 8->0(11)
[2025-06-14T21:36:38.118+0530][335365.099s][info][gc,heap        ] GC(241) Survivor regions: 2->0(2)
[2025-06-14T21:36:38.118+0530][335365.099s][info][gc,heap        ] GC(241) Old regions: 7->7
[2025-06-14T21:36:38.118+0530][335365.099s][info][gc,heap        ] GC(241) Humongous regions: 0->0
[2025-06-14T21:36:38.118+0530][335365.099s][info][gc,metaspace   ] GC(241) Metaspace: 67306K(68096K)->67136K(68096K) NonClass: 59485K(59904K)->59333K(59904K) Class: 7820K(8192K)->7803K(8192K)
[2025-06-14T21:36:38.118+0530][335365.099s][info][gc             ] GC(241) Pause Full (System.gc()) 55M->24M(80M) 52.209ms
[2025-06-14T21:36:38.118+0530][335365.099s][info][gc,cpu         ] GC(241) User=0.05s Sys=0.00s Real=0.05s
[2025-06-14T21:36:38.495+0530][335365.476s][info][gc,start       ] GC(242) Pause Young (Concurrent Start) (G1 Evacuation Pause)
[2025-06-14T21:36:38.495+0530][335365.476s][info][gc,task        ] GC(242) Using 12 workers of 13 for evacuation
[2025-06-14T21:36:38.498+0530][335365.478s][info][gc,phases      ] GC(242)   Pre Evacuate Collection Set: 0.2ms
[2025-06-14T21:36:38.498+0530][335365.478s][info][gc,phases      ] GC(242)   Merge Heap Roots: 0.0ms
[2025-06-14T21:36:38.498+0530][335365.478s][info][gc,phases      ] GC(242)   Evacuate Collection Set: 1.6ms
[2025-06-14T21:36:38.498+0530][335365.478s][info][gc,phases      ] GC(242)   Post Evacuate Collection Set: 0.3ms
[2025-06-14T21:36:38.498+0530][335365.478s][info][gc,phases      ] GC(242)   Other: 0.1ms
[2025-06-14T21:36:38.498+0530][335365.478s][info][gc,heap        ] GC(242) Eden regions: 11->0(10)
[2025-06-14T21:36:38.498+0530][335365.478s][info][gc,heap        ] GC(242) Survivor regions: 0->1(2)
[2025-06-14T21:36:38.498+0530][335365.478s][info][gc,heap        ] GC(242) Old regions: 7->7
[2025-06-14T21:36:38.498+0530][335365.478s][info][gc,heap        ] GC(242) Humongous regions: 0->0
[2025-06-14T21:36:38.498+0530][335365.478s][info][gc,metaspace   ] GC(242) Metaspace: 67237K(68096K)->67237K(68096K) NonClass: 59424K(59904K)->59424K(59904K) Class: 7813K(8192K)->7813K(8192K)
[2025-06-14T21:36:38.498+0530][335365.478s][info][gc             ] GC(242) Pause Young (Concurrent Start) (G1 Evacuation Pause) 68M->28M(80M) 2.501ms
[2025-06-14T21:36:38.498+0530][335365.478s][info][gc             ] GC(243) Concurrent Mark Cycle
[2025-06-14T21:36:38.498+0530][335365.478s][info][gc,cpu         ] GC(242) User=0.00s Sys=0.00s Real=0.00s
[2025-06-14T21:36:38.498+0530][335365.478s][info][gc,marking     ] GC(243) Concurrent Scan Root Regions
[2025-06-14T21:36:38.501+0530][335365.482s][info][gc,marking     ] GC(243) Concurrent Scan Root Regions 3.381ms
[2025-06-14T21:36:38.501+0530][335365.482s][info][gc,marking     ] GC(243) Concurrent Mark
[2025-06-14T21:36:38.501+0530][335365.482s][info][gc,marking     ] GC(243) Concurrent Mark From Roots
[2025-06-14T21:36:38.501+0530][335365.482s][info][gc,task        ] GC(243) Using 3 workers of 3 for marking
[2025-06-14T21:36:38.517+0530][335365.498s][info][gc,marking     ] GC(243) Concurrent Mark From Roots 16.052ms
[2025-06-14T21:36:38.517+0530][335365.498s][info][gc,marking     ] GC(243) Concurrent Preclean
[2025-06-14T21:36:38.517+0530][335365.498s][info][gc,marking     ] GC(243) Concurrent Preclean 0.220ms
[2025-06-14T21:36:38.517+0530][335365.498s][info][gc,start       ] GC(243) Pause Remark
[2025-06-14T21:36:38.528+0530][335365.508s][info][gc             ] GC(243) Pause Remark 30M->30M(80M) 9.829ms
[2025-06-14T21:36:38.528+0530][335365.508s][info][gc,cpu         ] GC(243) User=0.00s Sys=0.00s Real=0.01s
[2025-06-14T21:36:38.528+0530][335365.508s][info][gc,marking     ] GC(243) Concurrent Mark 26.420ms
[2025-06-14T21:36:38.528+0530][335365.508s][info][gc,marking     ] GC(243) Concurrent Rebuild Remembered Sets and Scrub Regions
[2025-06-14T21:36:38.534+0530][335365.514s][info][gc,marking     ] GC(243) Concurrent Rebuild Remembered Sets and Scrub Regions 5.937ms
[2025-06-14T21:36:38.534+0530][335365.515s][info][gc,start       ] GC(243) Pause Cleanup
[2025-06-14T21:36:38.534+0530][335365.515s][info][gc             ] GC(243) Pause Cleanup 30M->30M(80M) 0.116ms
[2025-06-14T21:36:38.534+0530][335365.515s][info][gc,cpu         ] GC(243) User=0.00s Sys=0.00s Real=0.00s
[2025-06-14T21:36:38.534+0530][335365.515s][info][gc,marking     ] GC(243) Concurrent Clear Claimed Marks
[2025-06-14T21:36:38.534+0530][335365.515s][info][gc,marking     ] GC(243) Concurrent Clear Claimed Marks 0.104ms
[2025-06-14T21:36:38.534+0530][335365.515s][info][gc,marking     ] GC(243) Concurrent Cleanup for Next Mark
[2025-06-14T21:36:38.534+0530][335365.515s][info][gc,marking     ] GC(243) Concurrent Cleanup for Next Mark 0.150ms
[2025-06-14T21:36:38.535+0530][335365.515s][info][gc             ] GC(243) Concurrent Mark Cycle 36.655ms
[2025-06-14T21:39:40.034+0530][335547.017s][info][gc,start       ] GC(244) Pause Full (System.gc())
[2025-06-14T21:39:40.035+0530][335547.017s][info][gc,task        ] GC(244) Using 2 workers of 13 for full compaction
[2025-06-14T21:39:40.035+0530][335547.018s][info][gc,phases,start] GC(244) Phase 1: Mark live objects
[2025-06-14T21:39:40.071+0530][335547.053s][info][gc,phases      ] GC(244) Phase 1: Mark live objects 35.635ms
[2025-06-14T21:39:40.071+0530][335547.053s][info][gc,phases,start] GC(244) Phase 2: Prepare compaction
[2025-06-14T21:39:40.073+0530][335547.055s][info][gc,phases      ] GC(244) Phase 2: Prepare compaction 1.862ms
[2025-06-14T21:39:40.073+0530][335547.055s][info][gc,phases,start] GC(244) Phase 3: Adjust pointers
[2025-06-14T21:39:40.082+0530][335547.064s][info][gc,phases      ] GC(244) Phase 3: Adjust pointers 9.279ms
[2025-06-14T21:39:40.082+0530][335547.065s][info][gc,phases,start] GC(244) Phase 4: Compact heap
[2025-06-14T21:39:40.088+0530][335547.071s][info][gc,phases      ] GC(244) Phase 4: Compact heap 6.073ms
[2025-06-14T21:39:40.088+0530][335547.071s][info][gc,phases,start] GC(244) Phase 5: Reset Metadata
[2025-06-14T21:39:40.090+0530][335547.072s][info][gc,phases      ] GC(244) Phase 5: Reset Metadata 1.667ms
[2025-06-14T21:39:40.095+0530][335547.077s][info][gc,heap        ] GC(244) Eden regions: 9->0(10)
[2025-06-14T21:39:40.095+0530][335547.077s][info][gc,heap        ] GC(244) Survivor regions: 1->0(2)
[2025-06-14T21:39:40.095+0530][335547.077s][info][gc,heap        ] GC(244) Old regions: 7->8
[2025-06-14T21:39:40.095+0530][335547.077s][info][gc,heap        ] GC(244) Humongous regions: 0->0
[2025-06-14T21:39:40.095+0530][335547.077s][info][gc,metaspace   ] GC(244) Metaspace: 67501K(68288K)->67286K(68288K) NonClass: 59667K(60096K)->59473K(60096K) Class: 7833K(8192K)->7812K(8192K)
[2025-06-14T21:39:40.095+0530][335547.077s][info][gc             ] GC(244) Pause Full (System.gc()) 63M->27M(80M) 59.974ms
[2025-06-14T21:39:40.095+0530][335547.077s][info][gc,cpu         ] GC(244) User=0.03s Sys=0.00s Real=0.06s
[2025-06-14T21:39:40.425+0530][335547.408s][info][gc,start       ] GC(245) Pause Young (Concurrent Start) (G1 Evacuation Pause)
[2025-06-14T21:39:40.425+0530][335547.408s][info][gc,task        ] GC(245) Using 6 workers of 13 for evacuation
[2025-06-14T21:39:40.428+0530][335547.411s][info][gc,phases      ] GC(245)   Pre Evacuate Collection Set: 0.1ms
[2025-06-14T21:39:40.428+0530][335547.411s][info][gc,phases      ] GC(245)   Merge Heap Roots: 0.0ms
[2025-06-14T21:39:40.428+0530][335547.411s][info][gc,phases      ] GC(245)   Evacuate Collection Set: 1.9ms
[2025-06-14T21:39:40.428+0530][335547.411s][info][gc,phases      ] GC(245)   Post Evacuate Collection Set: 0.3ms
[2025-06-14T21:39:40.428+0530][335547.411s][info][gc,phases      ] GC(245)   Other: 0.1ms
[2025-06-14T21:39:40.428+0530][335547.411s][info][gc,heap        ] GC(245) Eden regions: 10->0(9)
[2025-06-14T21:39:40.428+0530][335547.411s][info][gc,heap        ] GC(245) Survivor regions: 0->1(2)
[2025-06-14T21:39:40.428+0530][335547.411s][info][gc,heap        ] GC(245) Old regions: 8->8
[2025-06-14T21:39:40.428+0530][335547.411s][info][gc,heap        ] GC(245) Humongous regions: 0->0
[2025-06-14T21:39:40.428+0530][335547.411s][info][gc,metaspace   ] GC(245) Metaspace: 67379K(68288K)->67379K(68288K) NonClass: 59559K(60096K)->59559K(60096K) Class: 7820K(8192K)->7820K(8192K)
[2025-06-14T21:39:40.428+0530][335547.411s][info][gc             ] GC(245) Pause Young (Concurrent Start) (G1 Evacuation Pause) 67M->30M(80M) 2.652ms
[2025-06-14T21:39:40.428+0530][335547.411s][info][gc             ] GC(246) Concurrent Mark Cycle
[2025-06-14T21:39:40.428+0530][335547.411s][info][gc,cpu         ] GC(245) User=0.00s Sys=0.00s Real=0.00s
[2025-06-14T21:39:40.428+0530][335547.411s][info][gc,marking     ] GC(246) Concurrent Scan Root Regions
[2025-06-14T21:39:40.433+0530][335547.415s][info][gc,marking     ] GC(246) Concurrent Scan Root Regions 4.119ms
[2025-06-14T21:39:40.433+0530][335547.415s][info][gc,marking     ] GC(246) Concurrent Mark
[2025-06-14T21:39:40.433+0530][335547.415s][info][gc,marking     ] GC(246) Concurrent Mark From Roots
[2025-06-14T21:39:40.433+0530][335547.415s][info][gc,task        ] GC(246) Using 3 workers of 3 for marking
[2025-06-14T21:39:40.450+0530][335547.433s][info][gc,marking     ] GC(246) Concurrent Mark From Roots 17.488ms
[2025-06-14T21:39:40.450+0530][335547.433s][info][gc,marking     ] GC(246) Concurrent Preclean
[2025-06-14T21:39:40.450+0530][335547.433s][info][gc,marking     ] GC(246) Concurrent Preclean 0.342ms
[2025-06-14T21:39:40.450+0530][335547.433s][info][gc,start       ] GC(246) Pause Remark
[2025-06-14T21:39:40.454+0530][335547.437s][info][gc             ] GC(246) Pause Remark 32M->32M(80M) 3.348ms
[2025-06-14T21:39:40.454+0530][335547.437s][info][gc,cpu         ] GC(246) User=0.00s Sys=0.00s Real=0.00s
[2025-06-14T21:39:40.454+0530][335547.437s][info][gc,marking     ] GC(246) Concurrent Mark 21.457ms
[2025-06-14T21:39:40.454+0530][335547.437s][info][gc,marking     ] GC(246) Concurrent Rebuild Remembered Sets and Scrub Regions
[2025-06-14T21:39:40.458+0530][335547.441s][info][gc,marking     ] GC(246) Concurrent Rebuild Remembered Sets and Scrub Regions 4.201ms
[2025-06-14T21:39:40.458+0530][335547.441s][info][gc,start       ] GC(246) Pause Cleanup
[2025-06-14T21:39:40.458+0530][335547.441s][info][gc             ] GC(246) Pause Cleanup 33M->33M(80M) 0.146ms
[2025-06-14T21:39:40.458+0530][335547.441s][info][gc,cpu         ] GC(246) User=0.00s Sys=0.00s Real=0.00s
[2025-06-14T21:39:40.458+0530][335547.441s][info][gc,marking     ] GC(246) Concurrent Clear Claimed Marks
[2025-06-14T21:39:40.459+0530][335547.441s][info][gc,marking     ] GC(246) Concurrent Clear Claimed Marks 0.081ms
[2025-06-14T21:39:40.459+0530][335547.441s][info][gc,marking     ] GC(246) Concurrent Cleanup for Next Mark
[2025-06-14T21:39:40.459+0530][335547.441s][info][gc,marking     ] GC(246) Concurrent Cleanup for Next Mark 0.123ms
[2025-06-14T21:39:40.459+0530][335547.441s][info][gc             ] GC(246) Concurrent Mark Cycle 30.517ms
[2025-06-14T21:39:42.169+0530][335549.152s][info][gc,start       ] GC(247) Pause Full (System.gc())
[2025-06-14T21:39:42.169+0530][335549.152s][info][gc,task        ] GC(247) Using 2 workers of 13 for full compaction
[2025-06-14T21:39:42.169+0530][335549.152s][info][gc,phases,start] GC(247) Phase 1: Mark live objects
[2025-06-14T21:39:42.204+0530][335549.186s][info][gc,phases      ] GC(247) Phase 1: Mark live objects 33.981ms
[2025-06-14T21:39:42.204+0530][335549.186s][info][gc,phases,start] GC(247) Phase 2: Prepare compaction
[2025-06-14T21:39:42.205+0530][335549.188s][info][gc,phases      ] GC(247) Phase 2: Prepare compaction 1.264ms
[2025-06-14T21:39:42.205+0530][335549.188s][info][gc,phases,start] GC(247) Phase 3: Adjust pointers
[2025-06-14T21:39:42.215+0530][335549.197s][info][gc,phases      ] GC(247) Phase 3: Adjust pointers 9.417ms
[2025-06-14T21:39:42.215+0530][335549.197s][info][gc,phases,start] GC(247) Phase 4: Compact heap
[2025-06-14T21:39:42.217+0530][335549.199s][info][gc,phases      ] GC(247) Phase 4: Compact heap 2.132ms
[2025-06-14T21:39:42.217+0530][335549.199s][info][gc,phases,start] GC(247) Phase 5: Reset Metadata
[2025-06-14T21:39:42.219+0530][335549.202s][info][gc,phases      ] GC(247) Phase 5: Reset Metadata 2.300ms
[2025-06-14T21:39:42.225+0530][335549.207s][info][gc,heap        ] GC(247) Eden regions: 8->0(9)
[2025-06-14T21:39:42.225+0530][335549.208s][info][gc,heap        ] GC(247) Survivor regions: 1->0(2)
[2025-06-14T21:39:42.225+0530][335549.208s][info][gc,heap        ] GC(247) Old regions: 8->8
[2025-06-14T21:39:42.225+0530][335549.208s][info][gc,heap        ] GC(247) Humongous regions: 0->0
[2025-06-14T21:39:42.225+0530][335549.208s][info][gc,metaspace   ] GC(247) Metaspace: 67562K(68352K)->67562K(68352K) NonClass: 59727K(60160K)->59727K(60160K) Class: 7834K(8192K)->7834K(8192K)
[2025-06-14T21:39:42.225+0530][335549.208s][info][gc             ] GC(247) Pause Full (System.gc()) 62M->30M(80M) 55.507ms
[2025-06-14T21:39:42.225+0530][335549.208s][info][gc,cpu         ] GC(247) User=0.02s Sys=0.00s Real=0.06s
[2025-06-14T21:39:42.470+0530][335549.452s][info][gc,start       ] GC(248) Pause Young (Concurrent Start) (G1 Evacuation Pause)
[2025-06-14T21:39:42.470+0530][335549.452s][info][gc,task        ] GC(248) Using 6 workers of 13 for evacuation
[2025-06-14T21:39:42.472+0530][335549.455s][info][gc,phases      ] GC(248)   Pre Evacuate Collection Set: 0.1ms
[2025-06-14T21:39:42.472+0530][335549.455s][info][gc,phases      ] GC(248)   Merge Heap Roots: 0.0ms
[2025-06-14T21:39:42.472+0530][335549.455s][info][gc,phases      ] GC(248)   Evacuate Collection Set: 1.7ms
[2025-06-14T21:39:42.472+0530][335549.455s][info][gc,phases      ] GC(248)   Post Evacuate Collection Set: 0.3ms
[2025-06-14T21:39:42.472+0530][335549.455s][info][gc,phases      ] GC(248)   Other: 0.1ms
[2025-06-14T21:39:42.472+0530][335549.455s][info][gc,heap        ] GC(248) Eden regions: 9->0(8)
[2025-06-14T21:39:42.472+0530][335549.455s][info][gc,heap        ] GC(248) Survivor regions: 0->1(2)
[2025-06-14T21:39:42.472+0530][335549.455s][info][gc,heap        ] GC(248) Old regions: 8->8
[2025-06-14T21:39:42.472+0530][335549.455s][info][gc,heap        ] GC(248) Humongous regions: 0->0
[2025-06-14T21:39:42.472+0530][335549.455s][info][gc,metaspace   ] GC(248) Metaspace: 67643K(68416K)->67643K(68416K) NonClass: 59800K(60224K)->59800K(60224K) Class: 7842K(8192K)->7842K(8192K)
[2025-06-14T21:39:42.472+0530][335549.455s][info][gc             ] GC(248) Pause Young (Concurrent Start) (G1 Evacuation Pause) 66M->33M(80M) 2.435ms
[2025-06-14T21:39:42.472+0530][335549.455s][info][gc             ] GC(249) Concurrent Mark Cycle
[2025-06-14T21:39:42.472+0530][335549.455s][info][gc,cpu         ] GC(248) User=0.00s Sys=0.00s Real=0.00s
[2025-06-14T21:39:42.472+0530][335549.455s][info][gc,marking     ] GC(249) Concurrent Scan Root Regions
[2025-06-14T21:39:42.476+0530][335549.459s][info][gc,marking     ] GC(249) Concurrent Scan Root Regions 3.773ms
[2025-06-14T21:39:42.476+0530][335549.459s][info][gc,marking     ] GC(249) Concurrent Mark
[2025-06-14T21:39:42.476+0530][335549.459s][info][gc,marking     ] GC(249) Concurrent Mark From Roots
[2025-06-14T21:39:42.476+0530][335549.459s][info][gc,task        ] GC(249) Using 3 workers of 3 for marking
[2025-06-14T21:39:42.494+0530][335549.477s][info][gc,marking     ] GC(249) Concurrent Mark From Roots 18.237ms
[2025-06-14T21:39:42.494+0530][335549.477s][info][gc,marking     ] GC(249) Concurrent Preclean
[2025-06-14T21:39:42.495+0530][335549.477s][info][gc,marking     ] GC(249) Concurrent Preclean 0.275ms
[2025-06-14T21:39:42.495+0530][335549.477s][info][gc,start       ] GC(249) Pause Remark
[2025-06-14T21:39:42.498+0530][335549.480s][info][gc             ] GC(249) Pause Remark 36M->36M(80M) 2.935ms
[2025-06-14T21:39:42.498+0530][335549.480s][info][gc,cpu         ] GC(249) User=0.00s Sys=0.00s Real=0.00s
[2025-06-14T21:39:42.498+0530][335549.480s][info][gc,marking     ] GC(249) Concurrent Mark 21.670ms
[2025-06-14T21:39:42.498+0530][335549.480s][info][gc,marking     ] GC(249) Concurrent Rebuild Remembered Sets and Scrub Regions
[2025-06-14T21:39:42.502+0530][335549.484s][info][gc,marking     ] GC(249) Concurrent Rebuild Remembered Sets and Scrub Regions 4.052ms
[2025-06-14T21:39:42.502+0530][335549.484s][info][gc,start       ] GC(249) Pause Cleanup
[2025-06-14T21:39:42.502+0530][335549.484s][info][gc             ] GC(249) Pause Cleanup 37M->37M(80M) 0.083ms
[2025-06-14T21:39:42.502+0530][335549.485s][info][gc,cpu         ] GC(249) User=0.00s Sys=0.00s Real=0.00s
[2025-06-14T21:39:42.502+0530][335549.485s][info][gc,marking     ] GC(249) Concurrent Clear Claimed Marks
[2025-06-14T21:39:42.502+0530][335549.485s][info][gc,marking     ] GC(249) Concurrent Clear Claimed Marks 0.078ms
[2025-06-14T21:39:42.502+0530][335549.485s][info][gc,marking     ] GC(249) Concurrent Cleanup for Next Mark
[2025-06-14T21:39:42.502+0530][335549.485s][info][gc,marking     ] GC(249) Concurrent Cleanup for Next Mark 0.085ms
[2025-06-14T21:39:42.502+0530][335549.485s][info][gc             ] GC(249) Concurrent Mark Cycle 30.034ms
[2025-06-14T21:39:42.701+0530][335549.684s][info][gc,start       ] GC(250) Pause Young (Prepare Mixed) (G1 Evacuation Pause)
[2025-06-14T21:39:42.701+0530][335549.684s][info][gc,task        ] GC(250) Using 12 workers of 13 for evacuation
[2025-06-14T21:39:42.704+0530][335549.686s][info][gc,phases      ] GC(250)   Pre Evacuate Collection Set: 0.1ms
[2025-06-14T21:39:42.704+0530][335549.686s][info][gc,phases      ] GC(250)   Merge Heap Roots: 0.1ms
[2025-06-14T21:39:42.704+0530][335549.686s][info][gc,phases      ] GC(250)   Evacuate Collection Set: 2.0ms
[2025-06-14T21:39:42.704+0530][335549.686s][info][gc,phases      ] GC(250)   Post Evacuate Collection Set: 0.3ms
[2025-06-14T21:39:42.704+0530][335549.686s][info][gc,phases      ] GC(250)   Other: 0.1ms
[2025-06-14T21:39:42.704+0530][335549.686s][info][gc,heap        ] GC(250) Eden regions: 8->0(7)
[2025-06-14T21:39:42.704+0530][335549.686s][info][gc,heap        ] GC(250) Survivor regions: 1->2(2)
[2025-06-14T21:39:42.704+0530][335549.686s][info][gc,heap        ] GC(250) Old regions: 8->8
[2025-06-14T21:39:42.704+0530][335549.686s][info][gc,heap        ] GC(250) Humongous regions: 0->0
[2025-06-14T21:39:42.704+0530][335549.687s][info][gc,metaspace   ] GC(250) Metaspace: 67868K(68608K)->67868K(68608K) NonClass: 60014K(60352K)->60014K(60352K) Class: 7854K(8256K)->7854K(8256K)
[2025-06-14T21:39:42.704+0530][335549.687s][info][gc             ] GC(250) Pause Young (Prepare Mixed) (G1 Evacuation Pause) 65M->36M(80M) 2.800ms
[2025-06-14T21:39:42.704+0530][335549.687s][info][gc,cpu         ] GC(250) User=0.00s Sys=0.00s Real=0.00s
[2025-06-14T21:41:59.971+0530][335686.955s][info][gc,start       ] GC(251) Pause Full (System.gc())
[2025-06-14T21:41:59.971+0530][335686.955s][info][gc,task        ] GC(251) Using 2 workers of 13 for full compaction
[2025-06-14T21:41:59.971+0530][335686.955s][info][gc,phases,start] GC(251) Phase 1: Mark live objects
[2025-06-14T21:42:00.003+0530][335686.987s][info][gc,phases      ] GC(251) Phase 1: Mark live objects 32.139ms
[2025-06-14T21:42:00.003+0530][335686.987s][info][gc,phases,start] GC(251) Phase 2: Prepare compaction
[2025-06-14T21:42:00.005+0530][335686.989s][info][gc,phases      ] GC(251) Phase 2: Prepare compaction 1.427ms
[2025-06-14T21:42:00.005+0530][335686.989s][info][gc,phases,start] GC(251) Phase 3: Adjust pointers
[2025-06-14T21:42:00.016+0530][335687.001s][info][gc,phases      ] GC(251) Phase 3: Adjust pointers 11.875ms
[2025-06-14T21:42:00.016+0530][335687.001s][info][gc,phases,start] GC(251) Phase 4: Compact heap
[2025-06-14T21:42:00.019+0530][335687.004s][info][gc,phases      ] GC(251) Phase 4: Compact heap 3.006ms
[2025-06-14T21:42:00.019+0530][335687.004s][info][gc,phases,start] GC(251) Phase 5: Reset Metadata
[2025-06-14T21:42:00.023+0530][335687.007s][info][gc,phases      ] GC(251) Phase 5: Reset Metadata 2.884ms
[2025-06-14T21:42:00.029+0530][335687.013s][info][gc,heap        ] GC(251) Eden regions: 3->0(8)
[2025-06-14T21:42:00.029+0530][335687.013s][info][gc,heap        ] GC(251) Survivor regions: 2->0(2)
[2025-06-14T21:42:00.029+0530][335687.013s][info][gc,heap        ] GC(251) Old regions: 8->9
[2025-06-14T21:42:00.029+0530][335687.013s][info][gc,heap        ] GC(251) Humongous regions: 0->0
[2025-06-14T21:42:00.029+0530][335687.013s][info][gc,metaspace   ] GC(251) Metaspace: 67876K(68672K)->67876K(68672K) NonClass: 60020K(60416K)->60020K(60416K) Class: 7855K(8256K)->7855K(8256K)
[2025-06-14T21:42:00.029+0530][335687.013s][info][gc             ] GC(251) Pause Full (System.gc()) 44M->32M(80M) 58.610ms
[2025-06-14T21:42:00.029+0530][335687.013s][info][gc,cpu         ] GC(251) User=0.03s Sys=0.00s Real=0.06s
[2025-06-14T21:42:00.253+0530][335687.237s][info][gc,start       ] GC(252) Pause Young (Concurrent Start) (G1 Evacuation Pause)
[2025-06-14T21:42:00.254+0530][335687.237s][info][gc,task        ] GC(252) Using 6 workers of 13 for evacuation
[2025-06-14T21:42:00.255+0530][335687.239s][info][gc,phases      ] GC(252)   Pre Evacuate Collection Set: 0.1ms
[2025-06-14T21:42:00.255+0530][335687.239s][info][gc,phases      ] GC(252)   Merge Heap Roots: 0.0ms
[2025-06-14T21:42:00.255+0530][335687.239s][info][gc,phases      ] GC(252)   Evacuate Collection Set: 1.3ms
[2025-06-14T21:42:00.255+0530][335687.239s][info][gc,phases      ] GC(252)   Post Evacuate Collection Set: 0.2ms
[2025-06-14T21:42:00.255+0530][335687.239s][info][gc,phases      ] GC(252)   Other: 0.1ms
[2025-06-14T21:42:00.255+0530][335687.239s][info][gc,heap        ] GC(252) Eden regions: 8->0(8)
[2025-06-14T21:42:00.255+0530][335687.239s][info][gc,heap        ] GC(252) Survivor regions: 0->1(1)
[2025-06-14T21:42:00.255+0530][335687.239s][info][gc,heap        ] GC(252) Old regions: 9->9
[2025-06-14T21:42:00.255+0530][335687.239s][info][gc,heap        ] GC(252) Humongous regions: 0->0
[2025-06-14T21:42:00.255+0530][335687.239s][info][gc,metaspace   ] GC(252) Metaspace: 67958K(68800K)->67958K(68800K) NonClass: 60093K(60544K)->60093K(60544K) Class: 7865K(8256K)->7865K(8256K)
[2025-06-14T21:42:00.255+0530][335687.239s][info][gc             ] GC(252) Pause Young (Concurrent Start) (G1 Evacuation Pause) 64M->36M(80M) 1.907ms
[2025-06-14T21:42:00.255+0530][335687.239s][info][gc             ] GC(253) Concurrent Mark Cycle
[2025-06-14T21:42:00.255+0530][335687.239s][info][gc,cpu         ] GC(252) User=0.00s Sys=0.00s Real=0.00s
[2025-06-14T21:42:00.255+0530][335687.239s][info][gc,marking     ] GC(253) Concurrent Scan Root Regions
[2025-06-14T21:42:00.258+0530][335687.241s][info][gc,marking     ] GC(253) Concurrent Scan Root Regions 2.313ms
[2025-06-14T21:42:00.258+0530][335687.241s][info][gc,marking     ] GC(253) Concurrent Mark
[2025-06-14T21:42:00.258+0530][335687.241s][info][gc,marking     ] GC(253) Concurrent Mark From Roots
[2025-06-14T21:42:00.258+0530][335687.241s][info][gc,task        ] GC(253) Using 3 workers of 3 for marking
[2025-06-14T21:42:00.277+0530][335687.261s][info][gc,marking     ] GC(253) Concurrent Mark From Roots 19.538ms
[2025-06-14T21:42:00.277+0530][335687.261s][info][gc,marking     ] GC(253) Concurrent Preclean
[2025-06-14T21:42:00.278+0530][335687.261s][info][gc,marking     ] GC(253) Concurrent Preclean 0.261ms
[2025-06-14T21:42:00.278+0530][335687.261s][info][gc,start       ] GC(253) Pause Remark
[2025-06-14T21:42:00.280+0530][335687.264s][info][gc             ] GC(253) Pause Remark 39M->39M(80M) 2.889ms
[2025-06-14T21:42:00.280+0530][335687.264s][info][gc,cpu         ] GC(253) User=0.00s Sys=0.00s Real=0.00s
[2025-06-14T21:42:00.280+0530][335687.264s][info][gc,marking     ] GC(253) Concurrent Mark 22.902ms
[2025-06-14T21:42:00.280+0530][335687.264s][info][gc,marking     ] GC(253) Concurrent Rebuild Remembered Sets and Scrub Regions
[2025-06-14T21:42:00.286+0530][335687.270s][info][gc,marking     ] GC(253) Concurrent Rebuild Remembered Sets and Scrub Regions 5.186ms
[2025-06-14T21:42:00.286+0530][335687.270s][info][gc,start       ] GC(253) Pause Cleanup
[2025-06-14T21:42:00.286+0530][335687.270s][info][gc             ] GC(253) Pause Cleanup 39M->39M(80M) 0.090ms
[2025-06-14T21:42:00.286+0530][335687.270s][info][gc,cpu         ] GC(253) User=0.00s Sys=0.00s Real=0.00s
[2025-06-14T21:42:00.286+0530][335687.270s][info][gc,marking     ] GC(253) Concurrent Clear Claimed Marks
[2025-06-14T21:42:00.286+0530][335687.270s][info][gc,marking     ] GC(253) Concurrent Clear Claimed Marks 0.072ms
[2025-06-14T21:42:00.286+0530][335687.270s][info][gc,marking     ] GC(253) Concurrent Cleanup for Next Mark
[2025-06-14T21:42:00.286+0530][335687.270s][info][gc,marking     ] GC(253) Concurrent Cleanup for Next Mark 0.076ms
[2025-06-14T21:42:00.286+0530][335687.270s][info][gc             ] GC(253) Concurrent Mark Cycle 31.006ms
[2025-06-14T21:42:00.486+0530][335687.470s][info][gc,start       ] GC(254) Pause Young (Prepare Mixed) (G1 Evacuation Pause)
[2025-06-14T21:42:00.486+0530][335687.470s][info][gc,task        ] GC(254) Using 12 workers of 13 for evacuation
[2025-06-14T21:42:00.489+0530][335687.472s][info][gc,phases      ] GC(254)   Pre Evacuate Collection Set: 0.1ms
[2025-06-14T21:42:00.489+0530][335687.472s][info][gc,phases      ] GC(254)   Merge Heap Roots: 0.0ms
[2025-06-14T21:42:00.489+0530][335687.472s][info][gc,phases      ] GC(254)   Evacuate Collection Set: 1.8ms
[2025-06-14T21:42:00.489+0530][335687.472s][info][gc,phases      ] GC(254)   Post Evacuate Collection Set: 0.3ms
[2025-06-14T21:42:00.489+0530][335687.472s][info][gc,phases      ] GC(254)   Other: 0.1ms
[2025-06-14T21:42:00.489+0530][335687.472s][info][gc,heap        ] GC(254) Eden regions: 8->0(6)
[2025-06-14T21:42:00.489+0530][335687.472s][info][gc,heap        ] GC(254) Survivor regions: 1->2(2)
[2025-06-14T21:42:00.489+0530][335687.472s][info][gc,heap        ] GC(254) Old regions: 9->9
[2025-06-14T21:42:00.489+0530][335687.472s][info][gc,heap        ] GC(254) Humongous regions: 0->0
[2025-06-14T21:42:00.489+0530][335687.472s][info][gc,metaspace   ] GC(254) Metaspace: 68106K(68928K)->68106K(68928K) NonClass: 60231K(60672K)->60231K(60672K) Class: 7875K(8256K)->7875K(8256K)
[2025-06-14T21:42:00.489+0530][335687.472s][info][gc             ] GC(254) Pause Young (Prepare Mixed) (G1 Evacuation Pause) 68M->38M(80M) 2.533ms
[2025-06-14T21:42:00.489+0530][335687.473s][info][gc,cpu         ] GC(254) User=0.00s Sys=0.00s Real=0.00s
[2025-06-14T21:49:51.000+0530][336157.988s][info][gc,start       ] GC(255) Pause Young (Mixed) (G1 Evacuation Pause)
[2025-06-14T21:49:51.000+0530][336157.988s][info][gc,task        ] GC(255) Using 10 workers of 13 for evacuation
[2025-06-14T21:49:51.002+0530][336157.990s][info][gc,phases      ] GC(255)   Pre Evacuate Collection Set: 0.2ms
[2025-06-14T21:49:51.002+0530][336157.990s][info][gc,phases      ] GC(255)   Merge Heap Roots: 0.1ms
[2025-06-14T21:49:51.002+0530][336157.990s][info][gc,phases      ] GC(255)   Evacuate Collection Set: 1.6ms
[2025-06-14T21:49:51.002+0530][336157.990s][info][gc,phases      ] GC(255)   Post Evacuate Collection Set: 0.3ms
[2025-06-14T21:49:51.002+0530][336157.990s][info][gc,phases      ] GC(255)   Other: 0.1ms
[2025-06-14T21:49:51.002+0530][336157.990s][info][gc,heap        ] GC(255) Eden regions: 6->0(7)
[2025-06-14T21:49:51.002+0530][336157.990s][info][gc,heap        ] GC(255) Survivor regions: 2->1(1)
[2025-06-14T21:49:51.002+0530][336157.990s][info][gc,heap        ] GC(255) Old regions: 9->10
[2025-06-14T21:49:51.002+0530][336157.990s][info][gc,heap        ] GC(255) Humongous regions: 0->0
[2025-06-14T21:49:51.002+0530][336157.990s][info][gc,metaspace   ] GC(255) Metaspace: 68183K(68992K)->68183K(68992K) NonClass: 60304K(60736K)->60304K(60736K) Class: 7878K(8256K)->7878K(8256K)
[2025-06-14T21:49:51.002+0530][336157.990s][info][gc             ] GC(255) Pause Young (Mixed) (G1 Evacuation Pause) 62M->37M(80M) 2.499ms
[2025-06-14T21:49:51.002+0530][336157.990s][info][gc,cpu         ] GC(255) User=0.00s Sys=0.00s Real=0.00s
[2025-06-14T22:02:49.081+0530][336936.075s][info][gc,start       ] GC(256) Pause Young (Concurrent Start) (G1 Evacuation Pause)
[2025-06-14T22:02:49.081+0530][336936.076s][info][gc,task        ] GC(256) Using 9 workers of 13 for evacuation
[2025-06-14T22:02:49.083+0530][336936.077s][info][gc,phases      ] GC(256)   Pre Evacuate Collection Set: 0.5ms
[2025-06-14T22:02:49.083+0530][336936.077s][info][gc,phases      ] GC(256)   Merge Heap Roots: 0.1ms
[2025-06-14T22:02:49.083+0530][336936.077s][info][gc,phases      ] GC(256)   Evacuate Collection Set: 0.7ms
[2025-06-14T22:02:49.083+0530][336936.077s][info][gc,phases      ] GC(256)   Post Evacuate Collection Set: 0.2ms
[2025-06-14T22:02:49.083+0530][336936.077s][info][gc,phases      ] GC(256)   Other: 0.1ms
[2025-06-14T22:02:49.083+0530][336936.077s][info][gc,heap        ] GC(256) Eden regions: 7->0(7)
[2025-06-14T22:02:49.083+0530][336936.077s][info][gc,heap        ] GC(256) Survivor regions: 1->1(1)
[2025-06-14T22:02:49.083+0530][336936.077s][info][gc,heap        ] GC(256) Old regions: 10->10
[2025-06-14T22:02:49.083+0530][336936.077s][info][gc,heap        ] GC(256) Humongous regions: 0->0
[2025-06-14T22:02:49.083+0530][336936.077s][info][gc,metaspace   ] GC(256) Metaspace: 68183K(68992K)->68183K(68992K) NonClass: 60304K(60736K)->60304K(60736K) Class: 7878K(8256K)->7878K(8256K)
[2025-06-14T22:02:49.083+0530][336936.077s][info][gc             ] GC(256) Pause Young (Concurrent Start) (G1 Evacuation Pause) 65M->37M(80M) 1.918ms
[2025-06-14T22:02:49.083+0530][336936.077s][info][gc,cpu         ] GC(256) User=0.00s Sys=0.00s Real=0.00s
[2025-06-14T22:02:49.083+0530][336936.077s][info][gc             ] GC(257) Concurrent Mark Cycle
[2025-06-14T22:02:49.083+0530][336936.077s][info][gc,marking     ] GC(257) Concurrent Scan Root Regions
[2025-06-14T22:02:49.085+0530][336936.079s][info][gc,marking     ] GC(257) Concurrent Scan Root Regions 1.858ms
[2025-06-14T22:02:49.085+0530][336936.079s][info][gc,marking     ] GC(257) Concurrent Mark
[2025-06-14T22:02:49.085+0530][336936.079s][info][gc,marking     ] GC(257) Concurrent Mark From Roots
[2025-06-14T22:02:49.085+0530][336936.079s][info][gc,task        ] GC(257) Using 3 workers of 3 for marking
[2025-06-14T22:02:49.108+0530][336936.102s][info][gc,marking     ] GC(257) Concurrent Mark From Roots 22.718ms
[2025-06-14T22:02:49.108+0530][336936.102s][info][gc,marking     ] GC(257) Concurrent Preclean
[2025-06-14T22:02:49.108+0530][336936.102s][info][gc,marking     ] GC(257) Concurrent Preclean 0.229ms
[2025-06-14T22:02:49.108+0530][336936.102s][info][gc,start       ] GC(257) Pause Remark
[2025-06-14T22:02:49.111+0530][336936.106s][info][gc             ] GC(257) Pause Remark 37M->37M(80M) 3.433ms
[2025-06-14T22:02:49.111+0530][336936.106s][info][gc,cpu         ] GC(257) User=0.00s Sys=0.00s Real=0.00s
[2025-06-14T22:02:49.111+0530][336936.106s][info][gc,marking     ] GC(257) Concurrent Mark 26.603ms
[2025-06-14T22:02:49.111+0530][336936.106s][info][gc,marking     ] GC(257) Concurrent Rebuild Remembered Sets and Scrub Regions
[2025-06-14T22:02:49.118+0530][336936.113s][info][gc,marking     ] GC(257) Concurrent Rebuild Remembered Sets and Scrub Regions 6.936ms
[2025-06-14T22:02:49.118+0530][336936.113s][info][gc,start       ] GC(257) Pause Cleanup
[2025-06-14T22:02:49.119+0530][336936.113s][info][gc             ] GC(257) Pause Cleanup 37M->37M(80M) 0.109ms
[2025-06-14T22:02:49.119+0530][336936.113s][info][gc,cpu         ] GC(257) User=0.00s Sys=0.00s Real=0.00s
[2025-06-14T22:02:49.119+0530][336936.113s][info][gc,marking     ] GC(257) Concurrent Clear Claimed Marks
[2025-06-14T22:02:49.119+0530][336936.113s][info][gc,marking     ] GC(257) Concurrent Clear Claimed Marks 0.060ms
[2025-06-14T22:02:49.119+0530][336936.113s][info][gc,marking     ] GC(257) Concurrent Cleanup for Next Mark
[2025-06-14T22:02:49.119+0530][336936.113s][info][gc,marking     ] GC(257) Concurrent Cleanup for Next Mark 0.086ms
[2025-06-14T22:02:49.119+0530][336936.113s][info][gc             ] GC(257) Concurrent Mark Cycle 35.954ms
[2025-06-14T22:13:00.487+0530][337547.486s][info][gc,start       ] GC(258) Pause Young (Normal) (G1 Evacuation Pause)
[2025-06-14T22:13:00.487+0530][337547.486s][info][gc,task        ] GC(258) Using 8 workers of 13 for evacuation
[2025-06-14T22:13:00.489+0530][337547.488s][info][gc,phases      ] GC(258)   Pre Evacuate Collection Set: 0.3ms
[2025-06-14T22:13:00.489+0530][337547.488s][info][gc,phases      ] GC(258)   Merge Heap Roots: 0.1ms
[2025-06-14T22:13:00.489+0530][337547.488s][info][gc,phases      ] GC(258)   Evacuate Collection Set: 0.7ms
[2025-06-14T22:13:00.489+0530][337547.488s][info][gc,phases      ] GC(258)   Post Evacuate Collection Set: 0.4ms
[2025-06-14T22:13:00.489+0530][337547.488s][info][gc,phases      ] GC(258)   Other: 0.1ms
[2025-06-14T22:13:00.489+0530][337547.488s][info][gc,heap        ] GC(258) Eden regions: 7->0(7)
[2025-06-14T22:13:00.489+0530][337547.488s][info][gc,heap        ] GC(258) Survivor regions: 1->1(1)
[2025-06-14T22:13:00.489+0530][337547.488s][info][gc,heap        ] GC(258) Old regions: 10->10
[2025-06-14T22:13:00.489+0530][337547.488s][info][gc,heap        ] GC(258) Humongous regions: 0->0
[2025-06-14T22:13:00.489+0530][337547.488s][info][gc,metaspace   ] GC(258) Metaspace: 68377K(69120K)->68377K(69120K) NonClass: 60497K(60864K)->60497K(60864K) Class: 7879K(8256K)->7879K(8256K)
[2025-06-14T22:13:00.489+0530][337547.488s][info][gc             ] GC(258) Pause Young (Normal) (G1 Evacuation Pause) 65M->37M(80M) 2.011ms
[2025-06-14T22:13:00.489+0530][337547.488s][info][gc,cpu         ] GC(258) User=0.00s Sys=0.00s Real=0.00s
[2025-06-14T22:26:01.109+0530][338328.113s][info][gc,start       ] GC(259) Pause Young (Concurrent Start) (G1 Evacuation Pause)
[2025-06-14T22:26:01.109+0530][338328.113s][info][gc,task        ] GC(259) Using 8 workers of 13 for evacuation
[2025-06-14T22:26:01.110+0530][338328.114s][info][gc,phases      ] GC(259)   Pre Evacuate Collection Set: 0.3ms
[2025-06-14T22:26:01.110+0530][338328.114s][info][gc,phases      ] GC(259)   Merge Heap Roots: 0.1ms
[2025-06-14T22:26:01.110+0530][338328.114s][info][gc,phases      ] GC(259)   Evacuate Collection Set: 0.7ms
[2025-06-14T22:26:01.110+0530][338328.114s][info][gc,phases      ] GC(259)   Post Evacuate Collection Set: 0.3ms
[2025-06-14T22:26:01.110+0530][338328.114s][info][gc,phases      ] GC(259)   Other: 0.1ms
[2025-06-14T22:26:01.110+0530][338328.114s][info][gc,heap        ] GC(259) Eden regions: 7->0(7)
[2025-06-14T22:26:01.110+0530][338328.114s][info][gc,heap        ] GC(259) Survivor regions: 1->1(1)
[2025-06-14T22:26:01.110+0530][338328.114s][info][gc,heap        ] GC(259) Old regions: 10->10
[2025-06-14T22:26:01.110+0530][338328.114s][info][gc,heap        ] GC(259) Humongous regions: 0->0
[2025-06-14T22:26:01.110+0530][338328.114s][info][gc,metaspace   ] GC(259) Metaspace: 68377K(69120K)->68377K(69120K) NonClass: 60497K(60864K)->60497K(60864K) Class: 7879K(8256K)->7879K(8256K)
[2025-06-14T22:26:01.110+0530][338328.114s][info][gc             ] GC(259) Pause Young (Concurrent Start) (G1 Evacuation Pause) 65M->37M(80M) 1.779ms
[2025-06-14T22:26:01.110+0530][338328.114s][info][gc,cpu         ] GC(259) User=0.00s Sys=0.00s Real=0.00s
[2025-06-14T22:26:01.110+0530][338328.115s][info][gc             ] GC(260) Concurrent Mark Cycle
[2025-06-14T22:26:01.110+0530][338328.115s][info][gc,marking     ] GC(260) Concurrent Scan Root Regions
[2025-06-14T22:26:01.113+0530][338328.117s][info][gc,marking     ] GC(260) Concurrent Scan Root Regions 2.133ms
[2025-06-14T22:26:01.113+0530][338328.117s][info][gc,marking     ] GC(260) Concurrent Mark
[2025-06-14T22:26:01.113+0530][338328.117s][info][gc,marking     ] GC(260) Concurrent Mark From Roots
[2025-06-14T22:26:01.113+0530][338328.117s][info][gc,task        ] GC(260) Using 3 workers of 3 for marking
[2025-06-14T22:26:01.132+0530][338328.137s][info][gc,marking     ] GC(260) Concurrent Mark From Roots 19.762ms
[2025-06-14T22:26:01.132+0530][338328.137s][info][gc,marking     ] GC(260) Concurrent Preclean
[2025-06-14T22:26:01.133+0530][338328.137s][info][gc,marking     ] GC(260) Concurrent Preclean 0.280ms
[2025-06-14T22:26:01.133+0530][338328.137s][info][gc,start       ] GC(260) Pause Remark
[2025-06-14T22:26:01.137+0530][338328.141s][info][gc             ] GC(260) Pause Remark 38M->38M(80M) 3.613ms
[2025-06-14T22:26:01.137+0530][338328.141s][info][gc,cpu         ] GC(260) User=0.00s Sys=0.00s Real=0.00s
[2025-06-14T22:26:01.137+0530][338328.141s][info][gc,marking     ] GC(260) Concurrent Mark 23.923ms
[2025-06-14T22:26:01.137+0530][338328.141s][info][gc,marking     ] GC(260) Concurrent Rebuild Remembered Sets and Scrub Regions
[2025-06-14T22:26:01.142+0530][338328.146s][info][gc,marking     ] GC(260) Concurrent Rebuild Remembered Sets and Scrub Regions 5.771ms
[2025-06-14T22:26:01.142+0530][338328.147s][info][gc,start       ] GC(260) Pause Cleanup
[2025-06-14T22:26:01.142+0530][338328.147s][info][gc             ] GC(260) Pause Cleanup 38M->38M(80M) 0.114ms
[2025-06-14T22:26:01.142+0530][338328.147s][info][gc,cpu         ] GC(260) User=0.00s Sys=0.00s Real=0.00s
[2025-06-14T22:26:01.143+0530][338328.147s][info][gc,marking     ] GC(260) Concurrent Clear Claimed Marks
[2025-06-14T22:26:01.143+0530][338328.147s][info][gc,marking     ] GC(260) Concurrent Clear Claimed Marks 0.071ms
[2025-06-14T22:26:01.143+0530][338328.147s][info][gc,marking     ] GC(260) Concurrent Cleanup for Next Mark
[2025-06-14T22:26:01.143+0530][338328.147s][info][gc,marking     ] GC(260) Concurrent Cleanup for Next Mark 0.183ms
[2025-06-14T22:26:01.143+0530][338328.147s][info][gc             ] GC(260) Concurrent Mark Cycle 32.503ms
[2025-06-14T22:39:00.704+0530][339107.713s][info][gc,start       ] GC(261) Pause Young (Normal) (G1 Evacuation Pause)
[2025-06-14T22:39:00.704+0530][339107.713s][info][gc,task        ] GC(261) Using 8 workers of 13 for evacuation
[2025-06-14T22:39:00.713+0530][339107.721s][info][gc,phases      ] GC(261)   Pre Evacuate Collection Set: 0.2ms
[2025-06-14T22:39:00.713+0530][339107.721s][info][gc,phases      ] GC(261)   Merge Heap Roots: 0.1ms
[2025-06-14T22:39:00.713+0530][339107.721s][info][gc,phases      ] GC(261)   Evacuate Collection Set: 0.7ms
[2025-06-14T22:39:00.713+0530][339107.721s][info][gc,phases      ] GC(261)   Post Evacuate Collection Set: 0.3ms
[2025-06-14T22:39:00.713+0530][339107.721s][info][gc,phases      ] GC(261)   Other: 6.8ms
[2025-06-14T22:39:00.713+0530][339107.721s][info][gc,heap        ] GC(261) Eden regions: 7->0(7)
[2025-06-14T22:39:00.713+0530][339107.721s][info][gc,heap        ] GC(261) Survivor regions: 1->1(1)
[2025-06-14T22:39:00.713+0530][339107.721s][info][gc,heap        ] GC(261) Old regions: 10->10
[2025-06-14T22:39:00.713+0530][339107.721s][info][gc,heap        ] GC(261) Humongous regions: 0->0
[2025-06-14T22:39:00.713+0530][339107.721s][info][gc,metaspace   ] GC(261) Metaspace: 68377K(69120K)->68377K(69120K) NonClass: 60497K(60864K)->60497K(60864K) Class: 7879K(8256K)->7879K(8256K)
[2025-06-14T22:39:00.713+0530][339107.721s][info][gc             ] GC(261) Pause Young (Normal) (G1 Evacuation Pause) 65M->38M(80M) 8.403ms
[2025-06-14T22:39:00.713+0530][339107.721s][info][gc,cpu         ] GC(261) User=0.00s Sys=0.00s Real=0.01s
[2025-06-14T22:51:53.650+0530][339880.663s][info][gc,start       ] GC(262) Pause Young (Concurrent Start) (G1 Evacuation Pause)
[2025-06-14T22:51:53.650+0530][339880.663s][info][gc,task        ] GC(262) Using 8 workers of 13 for evacuation
[2025-06-14T22:51:53.651+0530][339880.665s][info][gc,phases      ] GC(262)   Pre Evacuate Collection Set: 0.2ms
[2025-06-14T22:51:53.651+0530][339880.665s][info][gc,phases      ] GC(262)   Merge Heap Roots: 0.1ms
[2025-06-14T22:51:53.651+0530][339880.665s][info][gc,phases      ] GC(262)   Evacuate Collection Set: 0.7ms
[2025-06-14T22:51:53.651+0530][339880.665s][info][gc,phases      ] GC(262)   Post Evacuate Collection Set: 0.3ms
[2025-06-14T22:51:53.651+0530][339880.665s][info][gc,phases      ] GC(262)   Other: 0.1ms
[2025-06-14T22:51:53.651+0530][339880.665s][info][gc,heap        ] GC(262) Eden regions: 7->0(7)
[2025-06-14T22:51:53.651+0530][339880.665s][info][gc,heap        ] GC(262) Survivor regions: 1->1(1)
[2025-06-14T22:51:53.651+0530][339880.665s][info][gc,heap        ] GC(262) Old regions: 10->10
[2025-06-14T22:51:53.651+0530][339880.665s][info][gc,heap        ] GC(262) Humongous regions: 0->0
[2025-06-14T22:51:53.651+0530][339880.665s][info][gc,metaspace   ] GC(262) Metaspace: 68377K(69120K)->68377K(69120K) NonClass: 60497K(60864K)->60497K(60864K) Class: 7879K(8256K)->7879K(8256K)
[2025-06-14T22:51:53.651+0530][339880.665s][info][gc             ] GC(262) Pause Young (Concurrent Start) (G1 Evacuation Pause) 66M->38M(80M) 1.834ms
[2025-06-14T22:51:53.651+0530][339880.665s][info][gc,cpu         ] GC(262) User=0.00s Sys=0.00s Real=0.00s
[2025-06-14T22:51:53.651+0530][339880.665s][info][gc             ] GC(263) Concurrent Mark Cycle
[2025-06-14T22:51:53.651+0530][339880.665s][info][gc,marking     ] GC(263) Concurrent Scan Root Regions
[2025-06-14T22:51:53.653+0530][339880.667s][info][gc,marking     ] GC(263) Concurrent Scan Root Regions 1.873ms
[2025-06-14T22:51:53.653+0530][339880.667s][info][gc,marking     ] GC(263) Concurrent Mark
[2025-06-14T22:51:53.653+0530][339880.667s][info][gc,marking     ] GC(263) Concurrent Mark From Roots
[2025-06-14T22:51:53.653+0530][339880.667s][info][gc,task        ] GC(263) Using 3 workers of 3 for marking
[2025-06-14T22:51:53.671+0530][339880.685s][info][gc,marking     ] GC(263) Concurrent Mark From Roots 18.461ms
[2025-06-14T22:51:53.671+0530][339880.685s][info][gc,marking     ] GC(263) Concurrent Preclean
[2025-06-14T22:51:53.672+0530][339880.685s][info][gc,marking     ] GC(263) Concurrent Preclean 0.194ms
[2025-06-14T22:51:53.672+0530][339880.686s][info][gc,start       ] GC(263) Pause Remark
[2025-06-14T22:51:53.688+0530][339880.701s][info][gc             ] GC(263) Pause Remark 38M->38M(80M) 15.633ms
[2025-06-14T22:51:53.688+0530][339880.701s][info][gc,cpu         ] GC(263) User=0.00s Sys=0.00s Real=0.02s
[2025-06-14T22:51:53.688+0530][339880.701s][info][gc,marking     ] GC(263) Concurrent Mark 34.524ms
[2025-06-14T22:51:53.688+0530][339880.701s][info][gc,marking     ] GC(263) Concurrent Rebuild Remembered Sets and Scrub Regions
[2025-06-14T22:51:53.695+0530][339880.709s][info][gc,marking     ] GC(263) Concurrent Rebuild Remembered Sets and Scrub Regions 7.461ms
[2025-06-14T22:51:53.695+0530][339880.709s][info][gc,start       ] GC(263) Pause Cleanup
[2025-06-14T22:51:53.695+0530][339880.709s][info][gc             ] GC(263) Pause Cleanup 38M->38M(80M) 0.105ms
[2025-06-14T22:51:53.695+0530][339880.709s][info][gc,cpu         ] GC(263) User=0.00s Sys=0.00s Real=0.00s
[2025-06-14T22:51:53.695+0530][339880.709s][info][gc,marking     ] GC(263) Concurrent Clear Claimed Marks
[2025-06-14T22:51:53.696+0530][339880.709s][info][gc,marking     ] GC(263) Concurrent Clear Claimed Marks 0.073ms
[2025-06-14T22:51:53.696+0530][339880.709s][info][gc,marking     ] GC(263) Concurrent Cleanup for Next Mark
[2025-06-14T22:51:53.696+0530][339880.709s][info][gc,marking     ] GC(263) Concurrent Cleanup for Next Mark 0.227ms
[2025-06-14T22:51:53.696+0530][339880.709s][info][gc             ] GC(263) Concurrent Mark Cycle 44.592ms
[2025-06-14T23:04:54.457+0530][340661.475s][info][gc,start       ] GC(264) Pause Young (Normal) (G1 Evacuation Pause)
[2025-06-14T23:04:54.457+0530][340661.475s][info][gc,task        ] GC(264) Using 8 workers of 13 for evacuation
[2025-06-14T23:04:54.458+0530][340661.476s][info][gc,phases      ] GC(264)   Pre Evacuate Collection Set: 0.3ms
[2025-06-14T23:04:54.458+0530][340661.476s][info][gc,phases      ] GC(264)   Merge Heap Roots: 0.1ms
[2025-06-14T23:04:54.458+0530][340661.476s][info][gc,phases      ] GC(264)   Evacuate Collection Set: 0.6ms
[2025-06-14T23:04:54.458+0530][340661.476s][info][gc,phases      ] GC(264)   Post Evacuate Collection Set: 0.3ms
[2025-06-14T23:04:54.459+0530][340661.476s][info][gc,phases      ] GC(264)   Other: 0.1ms
[2025-06-14T23:04:54.459+0530][340661.476s][info][gc,heap        ] GC(264) Eden regions: 7->0(7)
[2025-06-14T23:04:54.459+0530][340661.476s][info][gc,heap        ] GC(264) Survivor regions: 1->1(1)
[2025-06-14T23:04:54.459+0530][340661.476s][info][gc,heap        ] GC(264) Old regions: 10->10
[2025-06-14T23:04:54.459+0530][340661.476s][info][gc,heap        ] GC(264) Humongous regions: 0->0
[2025-06-14T23:04:54.459+0530][340661.476s][info][gc,metaspace   ] GC(264) Metaspace: 68377K(69120K)->68377K(69120K) NonClass: 60497K(60864K)->60497K(60864K) Class: 7879K(8256K)->7879K(8256K)
[2025-06-14T23:04:54.459+0530][340661.477s][info][gc             ] GC(264) Pause Young (Normal) (G1 Evacuation Pause) 66M->37M(80M) 1.786ms
[2025-06-14T23:04:54.459+0530][340661.477s][info][gc,cpu         ] GC(264) User=0.02s Sys=0.00s Real=0.00s
[2025-06-14T23:17:48.502+0530][341435.524s][info][gc,start       ] GC(265) Pause Young (Concurrent Start) (G1 Evacuation Pause)
[2025-06-14T23:17:48.502+0530][341435.524s][info][gc,task        ] GC(265) Using 8 workers of 13 for evacuation
[2025-06-14T23:17:48.504+0530][341435.526s][info][gc,phases      ] GC(265)   Pre Evacuate Collection Set: 0.3ms
[2025-06-14T23:17:48.504+0530][341435.526s][info][gc,phases      ] GC(265)   Merge Heap Roots: 0.1ms
[2025-06-14T23:17:48.504+0530][341435.526s][info][gc,phases      ] GC(265)   Evacuate Collection Set: 1.0ms
[2025-06-14T23:17:48.504+0530][341435.526s][info][gc,phases      ] GC(265)   Post Evacuate Collection Set: 0.3ms
[2025-06-14T23:17:48.504+0530][341435.526s][info][gc,phases      ] GC(265)   Other: 0.1ms
[2025-06-14T23:17:48.504+0530][341435.526s][info][gc,heap        ] GC(265) Eden regions: 7->0(7)
[2025-06-14T23:17:48.504+0530][341435.526s][info][gc,heap        ] GC(265) Survivor regions: 1->1(1)
[2025-06-14T23:17:48.504+0530][341435.526s][info][gc,heap        ] GC(265) Old regions: 10->10
[2025-06-14T23:17:48.504+0530][341435.526s][info][gc,heap        ] GC(265) Humongous regions: 0->0
[2025-06-14T23:17:48.504+0530][341435.526s][info][gc,metaspace   ] GC(265) Metaspace: 68377K(69120K)->68377K(69120K) NonClass: 60497K(60864K)->60497K(60864K) Class: 7879K(8256K)->7879K(8256K)
[2025-06-14T23:17:48.504+0530][341435.526s][info][gc             ] GC(265) Pause Young (Concurrent Start) (G1 Evacuation Pause) 65M->38M(80M) 2.184ms
[2025-06-14T23:17:48.504+0530][341435.526s][info][gc,cpu         ] GC(265) User=0.00s Sys=0.00s Real=0.00s
[2025-06-14T23:17:48.504+0530][341435.526s][info][gc             ] GC(266) Concurrent Mark Cycle
[2025-06-14T23:17:48.504+0530][341435.526s][info][gc,marking     ] GC(266) Concurrent Scan Root Regions
[2025-06-14T23:17:48.506+0530][341435.528s][info][gc,marking     ] GC(266) Concurrent Scan Root Regions 1.694ms
[2025-06-14T23:17:48.506+0530][341435.528s][info][gc,marking     ] GC(266) Concurrent Mark
[2025-06-14T23:17:48.506+0530][341435.528s][info][gc,marking     ] GC(266) Concurrent Mark From Roots
[2025-06-14T23:17:48.506+0530][341435.528s][info][gc,task        ] GC(266) Using 3 workers of 3 for marking
[2025-06-14T23:17:48.519+0530][341435.541s][info][gc,marking     ] GC(266) Concurrent Mark From Roots 13.056ms
[2025-06-14T23:17:48.519+0530][341435.541s][info][gc,marking     ] GC(266) Concurrent Preclean
[2025-06-14T23:17:48.519+0530][341435.541s][info][gc,marking     ] GC(266) Concurrent Preclean 0.319ms
[2025-06-14T23:17:48.519+0530][341435.541s][info][gc,start       ] GC(266) Pause Remark
[2025-06-14T23:17:48.567+0530][341435.588s][info][gc             ] GC(266) Pause Remark 38M->38M(80M) 46.691ms
[2025-06-14T23:17:48.567+0530][341435.588s][info][gc,cpu         ] GC(266) User=0.00s Sys=0.02s Real=0.05s
[2025-06-14T23:17:48.567+0530][341435.588s][info][gc,marking     ] GC(266) Concurrent Mark 60.315ms
[2025-06-14T23:17:48.567+0530][341435.588s][info][gc,marking     ] GC(266) Concurrent Rebuild Remembered Sets and Scrub Regions
[2025-06-14T23:17:48.571+0530][341435.593s][info][gc,marking     ] GC(266) Concurrent Rebuild Remembered Sets and Scrub Regions 4.448ms
[2025-06-14T23:17:48.571+0530][341435.593s][info][gc,start       ] GC(266) Pause Cleanup
[2025-06-14T23:17:48.571+0530][341435.593s][info][gc             ] GC(266) Pause Cleanup 38M->38M(80M) 0.092ms
[2025-06-14T23:17:48.571+0530][341435.593s][info][gc,cpu         ] GC(266) User=0.00s Sys=0.00s Real=0.00s
[2025-06-14T23:17:48.571+0530][341435.593s][info][gc,marking     ] GC(266) Concurrent Clear Claimed Marks
[2025-06-14T23:17:48.572+0530][341435.593s][info][gc,marking     ] GC(266) Concurrent Clear Claimed Marks 0.097ms
[2025-06-14T23:17:48.572+0530][341435.593s][info][gc,marking     ] GC(266) Concurrent Cleanup for Next Mark
[2025-06-14T23:17:48.572+0530][341435.593s][info][gc,marking     ] GC(266) Concurrent Cleanup for Next Mark 0.279ms
[2025-06-14T23:17:48.572+0530][341435.593s][info][gc             ] GC(266) Concurrent Mark Cycle 67.379ms
[2025-06-14T23:30:43.963+0530][342210.988s][info][gc,start       ] GC(267) Pause Young (Prepare Mixed) (G1 Evacuation Pause)
[2025-06-14T23:30:43.963+0530][342210.988s][info][gc,task        ] GC(267) Using 8 workers of 13 for evacuation
[2025-06-14T23:30:43.963+0530][342210.990s][info][gc,phases      ] GC(267)   Pre Evacuate Collection Set: 0.1ms
[2025-06-14T23:30:43.965+0530][342210.990s][info][gc,phases      ] GC(267)   Merge Heap Roots: 0.1ms
[2025-06-14T23:30:43.965+0530][342210.990s][info][gc,phases      ] GC(267)   Evacuate Collection Set: 0.7ms
[2025-06-14T23:30:43.965+0530][342210.990s][info][gc,phases      ] GC(267)   Post Evacuate Collection Set: 0.3ms
[2025-06-14T23:30:43.965+0530][342210.990s][info][gc,phases      ] GC(267)   Other: 0.1ms
[2025-06-14T23:30:43.965+0530][342210.990s][info][gc,heap        ] GC(267) Eden regions: 7->0(7)
[2025-06-14T23:30:43.965+0530][342210.990s][info][gc,heap        ] GC(267) Survivor regions: 1->1(1)
[2025-06-14T23:30:43.965+0530][342210.990s][info][gc,heap        ] GC(267) Old regions: 10->10
[2025-06-14T23:30:43.965+0530][342210.990s][info][gc,heap        ] GC(267) Humongous regions: 0->0
[2025-06-14T23:30:43.965+0530][342210.990s][info][gc,metaspace   ] GC(267) Metaspace: 67981K(69120K)->67981K(69120K) NonClass: 60170K(60864K)->60170K(60864K) Class: 7811K(8256K)->7811K(8256K)
[2025-06-14T23:30:43.965+0530][342210.990s][info][gc             ] GC(267) Pause Young (Prepare Mixed) (G1 Evacuation Pause) 66M->37M(80M) 1.521ms
[2025-06-14T23:30:43.965+0530][342210.990s][info][gc,cpu         ] GC(267) User=0.02s Sys=0.00s Real=0.00s
[2025-06-14T23:40:44.103+0530][342811.131s][info][gc,start       ] GC(268) Pause Full (System.gc())
[2025-06-14T23:40:44.103+0530][342811.131s][info][gc,task        ] GC(268) Using 2 workers of 13 for full compaction
[2025-06-14T23:40:44.103+0530][342811.131s][info][gc,phases,start] GC(268) Phase 1: Mark live objects
[2025-06-14T23:40:44.136+0530][342811.165s][info][gc,phases      ] GC(268) Phase 1: Mark live objects 34.016ms
[2025-06-14T23:40:44.136+0530][342811.165s][info][gc,phases,start] GC(268) Phase 2: Prepare compaction
[2025-06-14T23:40:44.139+0530][342811.167s][info][gc,phases      ] GC(268) Phase 2: Prepare compaction 1.529ms
[2025-06-14T23:40:44.139+0530][342811.167s][info][gc,phases,start] GC(268) Phase 3: Adjust pointers
[2025-06-14T23:40:44.145+0530][342811.173s][info][gc,phases      ] GC(268) Phase 3: Adjust pointers 6.468ms
[2025-06-14T23:40:44.145+0530][342811.174s][info][gc,phases,start] GC(268) Phase 4: Compact heap
[2025-06-14T23:40:44.147+0530][342811.176s][info][gc,phases      ] GC(268) Phase 4: Compact heap 2.292ms
[2025-06-14T23:40:44.147+0530][342811.176s][info][gc,phases,start] GC(268) Phase 5: Reset Metadata
[2025-06-14T23:40:44.149+0530][342811.178s][info][gc,phases      ] GC(268) Phase 5: Reset Metadata 1.702ms
[2025-06-14T23:40:44.152+0530][342811.181s][info][gc,heap        ] GC(268) Eden regions: 6->0(12)
[2025-06-14T23:40:44.152+0530][342811.181s][info][gc,heap        ] GC(268) Survivor regions: 1->0(1)
[2025-06-14T23:40:44.152+0530][342811.181s][info][gc,heap        ] GC(268) Old regions: 10->6
[2025-06-14T23:40:44.152+0530][342811.181s][info][gc,heap        ] GC(268) Humongous regions: 0->0
[2025-06-14T23:40:44.152+0530][342811.181s][info][gc,metaspace   ] GC(268) Metaspace: 67994K(69120K)->67574K(69056K) NonClass: 60181K(60864K)->59804K(60800K) Class: 7812K(8256K)->7770K(8256K)
[2025-06-14T23:40:44.152+0530][342811.181s][info][gc             ] GC(268) Pause Full (System.gc()) 60M->20M(80M) 49.658ms
[2025-06-14T23:40:44.152+0530][342811.181s][info][gc,cpu         ] GC(268) User=0.03s Sys=0.02s Real=0.05s
[2025-06-14T23:40:45.471+0530][342812.500s][info][gc,start       ] GC(269) Pause Young (Concurrent Start) (G1 Evacuation Pause)
[2025-06-14T23:40:45.471+0530][342812.500s][info][gc,task        ] GC(269) Using 12 workers of 13 for evacuation
[2025-06-14T23:40:45.474+0530][342812.503s][info][gc,phases      ] GC(269)   Pre Evacuate Collection Set: 0.3ms
[2025-06-14T23:40:45.474+0530][342812.503s][info][gc,phases      ] GC(269)   Merge Heap Roots: 0.1ms
[2025-06-14T23:40:45.474+0530][342812.503s][info][gc,phases      ] GC(269)   Evacuate Collection Set: 1.8ms
[2025-06-14T23:40:45.474+0530][342812.503s][info][gc,phases      ] GC(269)   Post Evacuate Collection Set: 0.4ms
[2025-06-14T23:40:45.474+0530][342812.503s][info][gc,phases      ] GC(269)   Other: 0.2ms
[2025-06-14T23:40:45.474+0530][342812.503s][info][gc,heap        ] GC(269) Eden regions: 12->0(9)
[2025-06-14T23:40:45.474+0530][342812.503s][info][gc,heap        ] GC(269) Survivor regions: 0->2(2)
[2025-06-14T23:40:45.474+0530][342812.503s][info][gc,heap        ] GC(269) Old regions: 6->6
[2025-06-14T23:40:45.474+0530][342812.503s][info][gc,heap        ] GC(269) Humongous regions: 0->0
[2025-06-14T23:40:45.474+0530][342812.503s][info][gc,metaspace   ] GC(269) Metaspace: 67783K(69056K)->67783K(69056K) NonClass: 59973K(60800K)->59973K(60800K) Class: 7810K(8256K)->7810K(8256K)
[2025-06-14T23:40:45.474+0530][342812.503s][info][gc             ] GC(269) Pause Young (Concurrent Start) (G1 Evacuation Pause) 68M->25M(80M) 3.024ms
[2025-06-14T23:40:45.474+0530][342812.503s][info][gc,cpu         ] GC(269) User=0.00s Sys=0.00s Real=0.00s
[2025-06-14T23:40:45.474+0530][342812.503s][info][gc             ] GC(270) Concurrent Mark Cycle
[2025-06-14T23:40:45.474+0530][342812.503s][info][gc,marking     ] GC(270) Concurrent Scan Root Regions
[2025-06-14T23:40:45.479+0530][342812.508s][info][gc,marking     ] GC(270) Concurrent Scan Root Regions 4.805ms
[2025-06-14T23:40:45.479+0530][342812.508s][info][gc,marking     ] GC(270) Concurrent Mark
[2025-06-14T23:40:45.479+0530][342812.508s][info][gc,marking     ] GC(270) Concurrent Mark From Roots
[2025-06-14T23:40:45.479+0530][342812.508s][info][gc,task        ] GC(270) Using 3 workers of 3 for marking
[2025-06-14T23:40:45.496+0530][342812.524s][info][gc,marking     ] GC(270) Concurrent Mark From Roots 16.603ms
[2025-06-14T23:40:45.496+0530][342812.524s][info][gc,marking     ] GC(270) Concurrent Preclean
[2025-06-14T23:40:45.497+0530][342812.525s][info][gc,marking     ] GC(270) Concurrent Preclean 0.391ms
[2025-06-14T23:40:45.497+0530][342812.525s][info][gc,start       ] GC(270) Pause Remark
[2025-06-14T23:40:45.500+0530][342812.529s][info][gc             ] GC(270) Pause Remark 26M->26M(80M) 3.760ms
[2025-06-14T23:40:45.500+0530][342812.529s][info][gc,cpu         ] GC(270) User=0.00s Sys=0.00s Real=0.00s
[2025-06-14T23:40:45.500+0530][342812.529s][info][gc,marking     ] GC(270) Concurrent Mark 21.094ms
[2025-06-14T23:40:45.500+0530][342812.529s][info][gc,marking     ] GC(270) Concurrent Rebuild Remembered Sets and Scrub Regions
[2025-06-14T23:40:45.504+0530][342812.534s][info][gc,marking     ] GC(270) Concurrent Rebuild Remembered Sets and Scrub Regions 4.740ms
[2025-06-14T23:40:45.504+0530][342812.534s][info][gc,start       ] GC(270) Pause Cleanup
[2025-06-14T23:40:45.506+0530][342812.534s][info][gc             ] GC(270) Pause Cleanup 26M->26M(80M) 0.101ms
[2025-06-14T23:40:45.506+0530][342812.534s][info][gc,cpu         ] GC(270) User=0.00s Sys=0.00s Real=0.00s
[2025-06-14T23:40:45.506+0530][342812.534s][info][gc,marking     ] GC(270) Concurrent Clear Claimed Marks
[2025-06-14T23:40:45.506+0530][342812.534s][info][gc,marking     ] GC(270) Concurrent Clear Claimed Marks 0.078ms
[2025-06-14T23:40:45.506+0530][342812.534s][info][gc,marking     ] GC(270) Concurrent Cleanup for Next Mark
[2025-06-14T23:40:45.506+0530][342812.534s][info][gc,marking     ] GC(270) Concurrent Cleanup for Next Mark 0.129ms
[2025-06-14T23:40:45.506+0530][342812.534s][info][gc             ] GC(270) Concurrent Mark Cycle 31.339ms
[2025-06-14T23:42:12.911+0530][342899.940s][info][gc,start       ] GC(271) Pause Full (System.gc())
[2025-06-14T23:42:12.911+0530][342899.940s][info][gc,task        ] GC(271) Using 2 workers of 13 for full compaction
[2025-06-14T23:42:12.911+0530][342899.941s][info][gc,phases,start] GC(271) Phase 1: Mark live objects
[2025-06-14T23:42:12.941+0530][342899.969s][info][gc,phases      ] GC(271) Phase 1: Mark live objects 28.938ms
[2025-06-14T23:42:12.941+0530][342899.969s][info][gc,phases,start] GC(271) Phase 2: Prepare compaction
[2025-06-14T23:42:12.942+0530][342899.972s][info][gc,phases      ] GC(271) Phase 2: Prepare compaction 2.380ms
[2025-06-14T23:42:12.942+0530][342899.972s][info][gc,phases,start] GC(271) Phase 3: Adjust pointers
[2025-06-14T23:42:12.952+0530][342899.980s][info][gc,phases      ] GC(271) Phase 3: Adjust pointers 8.451ms
[2025-06-14T23:42:12.952+0530][342899.980s][info][gc,phases,start] GC(271) Phase 4: Compact heap
[2025-06-14T23:42:12.955+0530][342899.984s][info][gc,phases      ] GC(271) Phase 4: Compact heap 3.292ms
[2025-06-14T23:42:12.955+0530][342899.984s][info][gc,phases,start] GC(271) Phase 5: Reset Metadata
[2025-06-14T23:42:12.957+0530][342899.985s][info][gc,phases      ] GC(271) Phase 5: Reset Metadata 1.712ms
[2025-06-14T23:42:12.962+0530][342899.992s][info][gc,heap        ] GC(271) Eden regions: 9->0(11)
[2025-06-14T23:42:12.962+0530][342899.992s][info][gc,heap        ] GC(271) Survivor regions: 2->0(2)
[2025-06-14T23:42:12.962+0530][342899.992s][info][gc,heap        ] GC(271) Old regions: 6->7
[2025-06-14T23:42:12.962+0530][342899.992s][info][gc,heap        ] GC(271) Humongous regions: 0->0
[2025-06-14T23:42:12.962+0530][342899.992s][info][gc,metaspace   ] GC(271) Metaspace: 68178K(69120K)->67866K(69120K) NonClass: 60308K(60864K)->60041K(60864K) Class: 7869K(8256K)->7824K(8256K)
[2025-06-14T23:42:12.963+0530][342899.992s][info][gc             ] GC(271) Pause Full (System.gc()) 61M->22M(80M) 51.342ms
[2025-06-14T23:42:12.963+0530][342899.992s][info][gc,cpu         ] GC(271) User=0.02s Sys=0.00s Real=0.05s
[2025-06-14T23:42:13.544+0530][342900.573s][info][gc,start       ] GC(272) Pause Young (Concurrent Start) (G1 Evacuation Pause)
[2025-06-14T23:42:13.544+0530][342900.573s][info][gc,task        ] GC(272) Using 12 workers of 13 for evacuation
[2025-06-14T23:42:13.546+0530][342900.575s][info][gc,phases      ] GC(272)   Pre Evacuate Collection Set: 0.1ms
[2025-06-14T23:42:13.546+0530][342900.575s][info][gc,phases      ] GC(272)   Merge Heap Roots: 0.0ms
[2025-06-14T23:42:13.546+0530][342900.575s][info][gc,phases      ] GC(272)   Evacuate Collection Set: 1.6ms
[2025-06-14T23:42:13.546+0530][342900.575s][info][gc,phases      ] GC(272)   Post Evacuate Collection Set: 0.3ms
[2025-06-14T23:42:13.546+0530][342900.575s][info][gc,phases      ] GC(272)   Other: 0.1ms
[2025-06-14T23:42:13.546+0530][342900.575s][info][gc,heap        ] GC(272) Eden regions: 11->0(10)
[2025-06-14T23:42:13.546+0530][342900.575s][info][gc,heap        ] GC(272) Survivor regions: 0->1(2)
[2025-06-14T23:42:13.546+0530][342900.575s][info][gc,heap        ] GC(272) Old regions: 7->7
[2025-06-14T23:42:13.546+0530][342900.575s][info][gc,heap        ] GC(272) Humongous regions: 0->0
[2025-06-14T23:42:13.546+0530][342900.575s][info][gc,metaspace   ] GC(272) Metaspace: 67960K(69120K)->67960K(69120K) NonClass: 60127K(60864K)->60127K(60864K) Class: 7832K(8256K)->7832K(8256K)
[2025-06-14T23:42:13.546+0530][342900.576s][info][gc             ] GC(272) Pause Young (Concurrent Start) (G1 Evacuation Pause) 66M->26M(80M) 2.352ms
[2025-06-14T23:42:13.546+0530][342900.576s][info][gc             ] GC(273) Concurrent Mark Cycle
[2025-06-14T23:42:13.546+0530][342900.576s][info][gc,cpu         ] GC(272) User=0.00s Sys=0.00s Real=0.00s
[2025-06-14T23:42:13.546+0530][342900.576s][info][gc,marking     ] GC(273) Concurrent Scan Root Regions
[2025-06-14T23:42:13.549+0530][342900.578s][info][gc,marking     ] GC(273) Concurrent Scan Root Regions 2.806ms
[2025-06-14T23:42:13.549+0530][342900.578s][info][gc,marking     ] GC(273) Concurrent Mark
[2025-06-14T23:42:13.549+0530][342900.578s][info][gc,marking     ] GC(273) Concurrent Mark From Roots
[2025-06-14T23:42:13.549+0530][342900.579s][info][gc,task        ] GC(273) Using 3 workers of 3 for marking
[2025-06-14T23:42:13.564+0530][342900.594s][info][gc,marking     ] GC(273) Concurrent Mark From Roots 15.115ms
[2025-06-14T23:42:13.564+0530][342900.594s][info][gc,marking     ] GC(273) Concurrent Preclean
[2025-06-14T23:42:13.565+0530][342900.594s][info][gc,marking     ] GC(273) Concurrent Preclean 0.327ms
[2025-06-14T23:42:13.565+0530][342900.594s][info][gc,start       ] GC(273) Pause Remark
[2025-06-14T23:42:13.570+0530][342900.599s][info][gc             ] GC(273) Pause Remark 27M->27M(80M) 4.927ms
[2025-06-14T23:42:13.570+0530][342900.599s][info][gc,cpu         ] GC(273) User=0.00s Sys=0.00s Real=0.00s
[2025-06-14T23:42:13.570+0530][342900.599s][info][gc,marking     ] GC(273) Concurrent Mark 20.750ms
[2025-06-14T23:42:13.570+0530][342900.599s][info][gc,marking     ] GC(273) Concurrent Rebuild Remembered Sets and Scrub Regions
[2025-06-14T23:42:13.575+0530][342900.604s][info][gc,marking     ] GC(273) Concurrent Rebuild Remembered Sets and Scrub Regions 4.953ms
[2025-06-14T23:42:13.576+0530][342900.604s][info][gc,start       ] GC(273) Pause Cleanup
[2025-06-14T23:42:13.576+0530][342900.605s][info][gc             ] GC(273) Pause Cleanup 27M->27M(80M) 0.084ms
[2025-06-14T23:42:13.576+0530][342900.605s][info][gc,cpu         ] GC(273) User=0.00s Sys=0.00s Real=0.00s
[2025-06-14T23:42:13.576+0530][342900.605s][info][gc,marking     ] GC(273) Concurrent Clear Claimed Marks
[2025-06-14T23:42:13.576+0530][342900.605s][info][gc,marking     ] GC(273) Concurrent Clear Claimed Marks 0.080ms
[2025-06-14T23:42:13.576+0530][342900.605s][info][gc,marking     ] GC(273) Concurrent Cleanup for Next Mark
[2025-06-14T23:42:13.576+0530][342900.605s][info][gc,marking     ] GC(273) Concurrent Cleanup for Next Mark 0.138ms
[2025-06-14T23:42:13.576+0530][342900.605s][info][gc             ] GC(273) Concurrent Mark Cycle 29.328ms
[2025-06-14T23:42:15.381+0530][342902.411s][info][gc,start       ] GC(274) Pause Full (System.gc())
[2025-06-14T23:42:15.381+0530][342902.411s][info][gc,task        ] GC(274) Using 2 workers of 13 for full compaction
[2025-06-14T23:42:15.381+0530][342902.411s][info][gc,phases,start] GC(274) Phase 1: Mark live objects
[2025-06-14T23:42:15.415+0530][342902.445s][info][gc,phases      ] GC(274) Phase 1: Mark live objects 34.521ms
[2025-06-14T23:42:15.415+0530][342902.445s][info][gc,phases,start] GC(274) Phase 2: Prepare compaction
[2025-06-14T23:42:15.417+0530][342902.447s][info][gc,phases      ] GC(274) Phase 2: Prepare compaction 1.292ms
[2025-06-14T23:42:15.417+0530][342902.447s][info][gc,phases,start] GC(274) Phase 3: Adjust pointers
[2025-06-14T23:42:15.427+0530][342902.457s][info][gc,phases      ] GC(274) Phase 3: Adjust pointers 10.072ms
[2025-06-14T23:42:15.427+0530][342902.457s][info][gc,phases,start] GC(274) Phase 4: Compact heap
[2025-06-14T23:42:15.430+0530][342902.459s][info][gc,phases      ] GC(274) Phase 4: Compact heap 1.986ms
[2025-06-14T23:42:15.430+0530][342902.459s][info][gc,phases,start] GC(274) Phase 5: Reset Metadata
[2025-06-14T23:42:15.432+0530][342902.461s][info][gc,phases      ] GC(274) Phase 5: Reset Metadata 2.331ms
[2025-06-14T23:42:15.439+0530][342902.468s][info][gc,heap        ] GC(274) Eden regions: 7->0(11)
[2025-06-14T23:42:15.439+0530][342902.468s][info][gc,heap        ] GC(274) Survivor regions: 1->0(2)
[2025-06-14T23:42:15.439+0530][342902.468s][info][gc,heap        ] GC(274) Old regions: 7->7
[2025-06-14T23:42:15.439+0530][342902.468s][info][gc,heap        ] GC(274) Humongous regions: 0->0
[2025-06-14T23:42:15.439+0530][342902.468s][info][gc,metaspace   ] GC(274) Metaspace: 68130K(69120K)->67913K(69120K) NonClass: 60285K(60864K)->60091K(60864K) Class: 7844K(8256K)->7822K(8256K)
[2025-06-14T23:42:15.439+0530][342902.468s][info][gc             ] GC(274) Pause Full (System.gc()) 54M->25M(80M) 57.700ms
[2025-06-14T23:42:15.439+0530][342902.468s][info][gc,cpu         ] GC(274) User=0.03s Sys=0.00s Real=0.06s
[2025-06-14T23:42:15.853+0530][342902.882s][info][gc,start       ] GC(275) Pause Young (Concurrent Start) (G1 Evacuation Pause)
[2025-06-14T23:42:15.853+0530][342902.882s][info][gc,task        ] GC(275) Using 12 workers of 13 for evacuation
[2025-06-14T23:42:15.855+0530][342902.884s][info][gc,phases      ] GC(275)   Pre Evacuate Collection Set: 0.1ms
[2025-06-14T23:42:15.855+0530][342902.884s][info][gc,phases      ] GC(275)   Merge Heap Roots: 0.1ms
[2025-06-14T23:42:15.855+0530][342902.884s][info][gc,phases      ] GC(275)   Evacuate Collection Set: 1.3ms
[2025-06-14T23:42:15.855+0530][342902.884s][info][gc,phases      ] GC(275)   Post Evacuate Collection Set: 0.3ms
[2025-06-14T23:42:15.855+0530][342902.884s][info][gc,phases      ] GC(275)   Other: 0.1ms
[2025-06-14T23:42:15.855+0530][342902.884s][info][gc,heap        ] GC(275) Eden regions: 11->0(10)
[2025-06-14T23:42:15.855+0530][342902.884s][info][gc,heap        ] GC(275) Survivor regions: 0->1(2)
[2025-06-14T23:42:15.855+0530][342902.884s][info][gc,heap        ] GC(275) Old regions: 7->7
[2025-06-14T23:42:15.855+0530][342902.884s][info][gc,heap        ] GC(275) Humongous regions: 0->0
[2025-06-14T23:42:15.855+0530][342902.884s][info][gc,metaspace   ] GC(275) Metaspace: 68013K(69120K)->68013K(69120K) NonClass: 60181K(60864K)->60181K(60864K) Class: 7832K(8256K)->7832K(8256K)
[2025-06-14T23:42:15.855+0530][342902.884s][info][gc             ] GC(275) Pause Young (Concurrent Start) (G1 Evacuation Pause) 69M->29M(80M) 2.199ms
[2025-06-14T23:42:15.855+0530][342902.884s][info][gc             ] GC(276) Concurrent Mark Cycle
[2025-06-14T23:42:15.855+0530][342902.884s][info][gc,cpu         ] GC(275) User=0.02s Sys=0.00s Real=0.00s
[2025-06-14T23:42:15.855+0530][342902.884s][info][gc,marking     ] GC(276) Concurrent Scan Root Regions
[2025-06-14T23:42:15.859+0530][342902.889s][info][gc,marking     ] GC(276) Concurrent Scan Root Regions 4.437ms
[2025-06-14T23:42:15.859+0530][342902.889s][info][gc,marking     ] GC(276) Concurrent Mark
[2025-06-14T23:42:15.859+0530][342902.889s][info][gc,marking     ] GC(276) Concurrent Mark From Roots
[2025-06-14T23:42:15.860+0530][342902.889s][info][gc,task        ] GC(276) Using 3 workers of 3 for marking
[2025-06-14T23:42:15.873+0530][342902.903s][info][gc,marking     ] GC(276) Concurrent Mark From Roots 13.743ms
[2025-06-14T23:42:15.873+0530][342902.903s][info][gc,marking     ] GC(276) Concurrent Preclean
[2025-06-14T23:42:15.873+0530][342902.903s][info][gc,marking     ] GC(276) Concurrent Preclean 0.242ms
[2025-06-14T23:42:15.874+0530][342902.903s][info][gc,start       ] GC(276) Pause Remark
[2025-06-14T23:42:15.879+0530][342902.908s][info][gc             ] GC(276) Pause Remark 30M->30M(80M) 4.877ms
[2025-06-14T23:42:15.879+0530][342902.908s][info][gc,cpu         ] GC(276) User=0.00s Sys=0.00s Real=0.00s
[2025-06-14T23:42:15.879+0530][342902.908s][info][gc,marking     ] GC(276) Concurrent Mark 19.558ms
[2025-06-14T23:42:15.879+0530][342902.908s][info][gc,marking     ] GC(276) Concurrent Rebuild Remembered Sets and Scrub Regions
[2025-06-14T23:42:15.884+0530][342902.913s][info][gc,marking     ] GC(276) Concurrent Rebuild Remembered Sets and Scrub Regions 4.891ms
[2025-06-14T23:42:15.884+0530][342902.914s][info][gc,start       ] GC(276) Pause Cleanup
[2025-06-14T23:42:15.884+0530][342902.914s][info][gc             ] GC(276) Pause Cleanup 30M->30M(80M) 0.105ms
[2025-06-14T23:42:15.885+0530][342902.914s][info][gc,cpu         ] GC(276) User=0.00s Sys=0.00s Real=0.00s
[2025-06-14T23:42:15.885+0530][342902.914s][info][gc,marking     ] GC(276) Concurrent Clear Claimed Marks
[2025-06-14T23:42:15.885+0530][342902.914s][info][gc,marking     ] GC(276) Concurrent Clear Claimed Marks 0.098ms
[2025-06-14T23:42:15.885+0530][342902.914s][info][gc,marking     ] GC(276) Concurrent Cleanup for Next Mark
[2025-06-14T23:42:15.885+0530][342902.914s][info][gc,marking     ] GC(276) Concurrent Cleanup for Next Mark 0.124ms
[2025-06-14T23:42:15.885+0530][342902.914s][info][gc             ] GC(276) Concurrent Mark Cycle 29.564ms
[2025-06-14T23:42:34.839+0530][342921.868s][info][gc,start       ] GC(277) Pause Full (System.gc())
[2025-06-14T23:42:34.839+0530][342921.868s][info][gc,task        ] GC(277) Using 2 workers of 13 for full compaction
[2025-06-14T23:42:34.839+0530][342921.868s][info][gc,phases,start] GC(277) Phase 1: Mark live objects
[2025-06-14T23:42:34.872+0530][342921.901s][info][gc,phases      ] GC(277) Phase 1: Mark live objects 32.842ms
[2025-06-14T23:42:34.872+0530][342921.901s][info][gc,phases,start] GC(277) Phase 2: Prepare compaction
[2025-06-14T23:42:34.874+0530][342921.903s][info][gc,phases      ] GC(277) Phase 2: Prepare compaction 1.840ms
[2025-06-14T23:42:34.874+0530][342921.903s][info][gc,phases,start] GC(277) Phase 3: Adjust pointers
[2025-06-14T23:42:34.883+0530][342921.913s][info][gc,phases      ] GC(277) Phase 3: Adjust pointers 9.506ms
[2025-06-14T23:42:34.883+0530][342921.913s][info][gc,phases,start] GC(277) Phase 4: Compact heap
[2025-06-14T23:42:34.886+0530][342921.916s][info][gc,phases      ] GC(277) Phase 4: Compact heap 3.025ms
[2025-06-14T23:42:34.886+0530][342921.916s][info][gc,phases,start] GC(277) Phase 5: Reset Metadata
[2025-06-14T23:42:34.888+0530][342921.918s][info][gc,phases      ] GC(277) Phase 5: Reset Metadata 2.080ms
[2025-06-14T23:42:34.895+0530][342921.923s][info][gc,heap        ] GC(277) Eden regions: 8->0(10)
[2025-06-14T23:42:34.895+0530][342921.924s][info][gc,heap        ] GC(277) Survivor regions: 1->0(2)
[2025-06-14T23:42:34.895+0530][342921.924s][info][gc,heap        ] GC(277) Old regions: 7->8
[2025-06-14T23:42:34.895+0530][342921.924s][info][gc,heap        ] GC(277) Humongous regions: 0->0
[2025-06-14T23:42:34.895+0530][342921.924s][info][gc,metaspace   ] GC(277) Metaspace: 68203K(69120K)->67991K(69056K) NonClass: 60360K(60864K)->60171K(60800K) Class: 7843K(8256K)->7819K(8256K)
[2025-06-14T23:42:34.895+0530][342921.924s][info][gc             ] GC(277) Pause Full (System.gc()) 57M->27M(80M) 55.502ms
[2025-06-14T23:42:34.895+0530][342921.924s][info][gc,cpu         ] GC(277) User=0.03s Sys=0.00s Real=0.06s
[2025-06-14T23:42:35.185+0530][342922.214s][info][gc,start       ] GC(278) Pause Young (Concurrent Start) (G1 Evacuation Pause)
[2025-06-14T23:42:35.185+0530][342922.214s][info][gc,task        ] GC(278) Using 6 workers of 13 for evacuation
[2025-06-14T23:42:35.187+0530][342922.217s][info][gc,phases      ] GC(278)   Pre Evacuate Collection Set: 0.1ms
[2025-06-14T23:42:35.187+0530][342922.217s][info][gc,phases      ] GC(278)   Merge Heap Roots: 0.0ms
[2025-06-14T23:42:35.187+0530][342922.217s][info][gc,phases      ] GC(278)   Evacuate Collection Set: 1.9ms
[2025-06-14T23:42:35.187+0530][342922.217s][info][gc,phases      ] GC(278)   Post Evacuate Collection Set: 0.3ms
[2025-06-14T23:42:35.187+0530][342922.217s][info][gc,phases      ] GC(278)   Other: 0.1ms
[2025-06-14T23:42:35.187+0530][342922.217s][info][gc,heap        ] GC(278) Eden regions: 10->0(9)
[2025-06-14T23:42:35.187+0530][342922.217s][info][gc,heap        ] GC(278) Survivor regions: 0->1(2)
[2025-06-14T23:42:35.187+0530][342922.217s][info][gc,heap        ] GC(278) Old regions: 8->8
[2025-06-14T23:42:35.187+0530][342922.217s][info][gc,heap        ] GC(278) Humongous regions: 0->0
[2025-06-14T23:42:35.187+0530][342922.217s][info][gc,metaspace   ] GC(278) Metaspace: 68094K(69056K)->68094K(69056K) NonClass: 60266K(60800K)->60266K(60800K) Class: 7828K(8256K)->7828K(8256K)
[2025-06-14T23:42:35.187+0530][342922.217s][info][gc             ] GC(278) Pause Young (Concurrent Start) (G1 Evacuation Pause) 67M->31M(80M) 2.605ms
[2025-06-14T23:42:35.187+0530][342922.217s][info][gc             ] GC(279) Concurrent Mark Cycle
[2025-06-14T23:42:35.187+0530][342922.217s][info][gc,cpu         ] GC(278) User=0.00s Sys=0.00s Real=0.00s
[2025-06-14T23:42:35.187+0530][342922.217s][info][gc,marking     ] GC(279) Concurrent Scan Root Regions
[2025-06-14T23:42:35.190+0530][342922.220s][info][gc,marking     ] GC(279) Concurrent Scan Root Regions 2.888ms
[2025-06-14T23:42:35.190+0530][342922.220s][info][gc,marking     ] GC(279) Concurrent Mark
[2025-06-14T23:42:35.190+0530][342922.220s][info][gc,marking     ] GC(279) Concurrent Mark From Roots
[2025-06-14T23:42:35.190+0530][342922.220s][info][gc,task        ] GC(279) Using 3 workers of 3 for marking
[2025-06-14T23:42:35.208+0530][342922.238s][info][gc,marking     ] GC(279) Concurrent Mark From Roots 17.528ms
[2025-06-14T23:42:35.208+0530][342922.238s][info][gc,marking     ] GC(279) Concurrent Preclean
[2025-06-14T23:42:35.208+0530][342922.238s][info][gc,marking     ] GC(279) Concurrent Preclean 0.235ms
[2025-06-14T23:42:35.208+0530][342922.238s][info][gc,start       ] GC(279) Pause Remark
[2025-06-14T23:42:35.213+0530][342922.242s][info][gc             ] GC(279) Pause Remark 34M->34M(80M) 4.069ms
[2025-06-14T23:42:35.213+0530][342922.242s][info][gc,cpu         ] GC(279) User=0.02s Sys=0.00s Real=0.01s
[2025-06-14T23:42:35.213+0530][342922.242s][info][gc,marking     ] GC(279) Concurrent Mark 22.037ms
[2025-06-14T23:42:35.213+0530][342922.242s][info][gc,marking     ] GC(279) Concurrent Rebuild Remembered Sets and Scrub Regions
[2025-06-14T23:42:35.217+0530][342922.246s][info][gc,marking     ] GC(279) Concurrent Rebuild Remembered Sets and Scrub Regions 4.222ms
[2025-06-14T23:42:35.217+0530][342922.246s][info][gc,start       ] GC(279) Pause Cleanup
[2025-06-14T23:42:35.217+0530][342922.246s][info][gc             ] GC(279) Pause Cleanup 34M->34M(80M) 0.077ms
[2025-06-14T23:42:35.217+0530][342922.246s][info][gc,cpu         ] GC(279) User=0.00s Sys=0.00s Real=0.00s
[2025-06-14T23:42:35.217+0530][342922.247s][info][gc,marking     ] GC(279) Concurrent Clear Claimed Marks
[2025-06-14T23:42:35.217+0530][342922.247s][info][gc,marking     ] GC(279) Concurrent Clear Claimed Marks 0.079ms
[2025-06-14T23:42:35.217+0530][342922.247s][info][gc,marking     ] GC(279) Concurrent Cleanup for Next Mark
[2025-06-14T23:42:35.217+0530][342922.247s][info][gc,marking     ] GC(279) Concurrent Cleanup for Next Mark 0.094ms
[2025-06-14T23:42:35.217+0530][342922.247s][info][gc             ] GC(279) Concurrent Mark Cycle 29.825ms
[2025-06-14T23:44:47.083+0530][343054.113s][info][gc,start       ] GC(280) Pause Young (Prepare Mixed) (G1 Evacuation Pause)
[2025-06-14T23:44:47.083+0530][343054.113s][info][gc,task        ] GC(280) Using 8 workers of 13 for evacuation
[2025-06-14T23:44:47.085+0530][343054.115s][info][gc,phases      ] GC(280)   Pre Evacuate Collection Set: 0.1ms
[2025-06-14T23:44:47.085+0530][343054.115s][info][gc,phases      ] GC(280)   Merge Heap Roots: 0.1ms
[2025-06-14T23:44:47.085+0530][343054.115s][info][gc,phases      ] GC(280)   Evacuate Collection Set: 1.8ms
[2025-06-14T23:44:47.085+0530][343054.115s][info][gc,phases      ] GC(280)   Post Evacuate Collection Set: 0.3ms
[2025-06-14T23:44:47.085+0530][343054.115s][info][gc,phases      ] GC(280)   Other: 0.1ms
[2025-06-14T23:44:47.085+0530][343054.115s][info][gc,heap        ] GC(280) Eden regions: 9->0(7)
[2025-06-14T23:44:47.085+0530][343054.115s][info][gc,heap        ] GC(280) Survivor regions: 1->2(2)
[2025-06-14T23:44:47.085+0530][343054.115s][info][gc,heap        ] GC(280) Old regions: 8->8
[2025-06-14T23:44:47.085+0530][343054.115s][info][gc,heap        ] GC(280) Humongous regions: 0->0
[2025-06-14T23:44:47.085+0530][343054.115s][info][gc,metaspace   ] GC(280) Metaspace: 68275K(69120K)->68275K(69120K) NonClass: 60437K(60864K)->60437K(60864K) Class: 7838K(8256K)->7838K(8256K)
[2025-06-14T23:44:47.085+0530][343054.115s][info][gc             ] GC(280) Pause Young (Prepare Mixed) (G1 Evacuation Pause) 67M->32M(80M) 2.536ms
[2025-06-14T23:44:47.085+0530][343054.115s][info][gc,cpu         ] GC(280) User=0.00s Sys=0.00s Real=0.00s
[2025-06-14T23:52:35.404+0530][343522.437s][info][gc,start       ] GC(281) Pause Full (System.gc())
[2025-06-14T23:52:35.404+0530][343522.437s][info][gc,task        ] GC(281) Using 2 workers of 13 for full compaction
[2025-06-14T23:52:35.405+0530][343522.437s][info][gc,phases,start] GC(281) Phase 1: Mark live objects
[2025-06-14T23:52:35.434+0530][343522.467s][info][gc,phases      ] GC(281) Phase 1: Mark live objects 29.407ms
[2025-06-14T23:52:35.434+0530][343522.467s][info][gc,phases,start] GC(281) Phase 2: Prepare compaction
[2025-06-14T23:52:35.436+0530][343522.468s][info][gc,phases      ] GC(281) Phase 2: Prepare compaction 1.599ms
[2025-06-14T23:52:35.436+0530][343522.468s][info][gc,phases,start] GC(281) Phase 3: Adjust pointers
[2025-06-14T23:52:35.446+0530][343522.478s][info][gc,phases      ] GC(281) Phase 3: Adjust pointers 9.615ms
[2025-06-14T23:52:35.446+0530][343522.478s][info][gc,phases,start] GC(281) Phase 4: Compact heap
[2025-06-14T23:52:35.448+0530][343522.481s][info][gc,phases      ] GC(281) Phase 4: Compact heap 2.666ms
[2025-06-14T23:52:35.448+0530][343522.481s][info][gc,phases,start] GC(281) Phase 5: Reset Metadata
[2025-06-14T23:52:35.450+0530][343522.483s][info][gc,phases      ] GC(281) Phase 5: Reset Metadata 2.445ms
[2025-06-14T23:52:35.456+0530][343522.488s][info][gc,heap        ] GC(281) Eden regions: 5->0(9)
[2025-06-14T23:52:35.456+0530][343522.489s][info][gc,heap        ] GC(281) Survivor regions: 2->0(2)
[2025-06-14T23:52:35.456+0530][343522.489s][info][gc,heap        ] GC(281) Old regions: 8->9
[2025-06-14T23:52:35.456+0530][343522.489s][info][gc,heap        ] GC(281) Humongous regions: 0->0
[2025-06-14T23:52:35.456+0530][343522.489s][info][gc,metaspace   ] GC(281) Metaspace: 68279K(69120K)->68279K(69120K) NonClass: 60440K(60864K)->60440K(60864K) Class: 7838K(8256K)->7838K(8256K)
[2025-06-14T23:52:35.456+0530][343522.489s][info][gc             ] GC(281) Pause Full (System.gc()) 51M->30M(80M) 51.461ms
[2025-06-14T23:52:35.456+0530][343522.489s][info][gc,cpu         ] GC(281) User=0.03s Sys=0.00s Real=0.05s
[2025-06-14T23:52:35.716+0530][343522.749s][info][gc,start       ] GC(282) Pause Young (Concurrent Start) (G1 Evacuation Pause)
[2025-06-14T23:52:35.716+0530][343522.749s][info][gc,task        ] GC(282) Using 6 workers of 13 for evacuation
[2025-06-14T23:52:35.719+0530][343522.752s][info][gc,phases      ] GC(282)   Pre Evacuate Collection Set: 0.1ms
[2025-06-14T23:52:35.719+0530][343522.752s][info][gc,phases      ] GC(282)   Merge Heap Roots: 0.1ms
[2025-06-14T23:52:35.719+0530][343522.752s][info][gc,phases      ] GC(282)   Evacuate Collection Set: 1.9ms
[2025-06-14T23:52:35.719+0530][343522.752s][info][gc,phases      ] GC(282)   Post Evacuate Collection Set: 0.4ms
[2025-06-14T23:52:35.719+0530][343522.752s][info][gc,phases      ] GC(282)   Other: 0.1ms
[2025-06-14T23:52:35.719+0530][343522.752s][info][gc,heap        ] GC(282) Eden regions: 9->0(8)
[2025-06-14T23:52:35.719+0530][343522.752s][info][gc,heap        ] GC(282) Survivor regions: 0->1(2)
[2025-06-14T23:52:35.719+0530][343522.752s][info][gc,heap        ] GC(282) Old regions: 9->9
[2025-06-14T23:52:35.719+0530][343522.752s][info][gc,heap        ] GC(282) Humongous regions: 0->0
[2025-06-14T23:52:35.719+0530][343522.752s][info][gc,metaspace   ] GC(282) Metaspace: 68352K(69120K)->68352K(69120K) NonClass: 60503K(60864K)->60503K(60864K) Class: 7849K(8256K)->7849K(8256K)
[2025-06-14T23:52:35.719+0530][343522.752s][info][gc             ] GC(282) Pause Young (Concurrent Start) (G1 Evacuation Pause) 66M->34M(80M) 2.821ms
[2025-06-14T23:52:35.719+0530][343522.752s][info][gc,cpu         ] GC(282) User=0.00s Sys=0.00s Real=0.00s
[2025-06-14T23:52:35.719+0530][343522.752s][info][gc             ] GC(283) Concurrent Mark Cycle
[2025-06-14T23:52:35.719+0530][343522.752s][info][gc,marking     ] GC(283) Concurrent Scan Root Regions
[2025-06-14T23:52:35.724+0530][343522.756s][info][gc,marking     ] GC(283) Concurrent Scan Root Regions 3.671ms
[2025-06-14T23:52:35.724+0530][343522.756s][info][gc,marking     ] GC(283) Concurrent Mark
[2025-06-14T23:52:35.724+0530][343522.756s][info][gc,marking     ] GC(283) Concurrent Mark From Roots
[2025-06-14T23:52:35.724+0530][343522.756s][info][gc,task        ] GC(283) Using 3 workers of 3 for marking
[2025-06-14T23:52:35.746+0530][343522.778s][info][gc,marking     ] GC(283) Concurrent Mark From Roots 22.382ms
[2025-06-14T23:52:35.746+0530][343522.778s][info][gc,marking     ] GC(283) Concurrent Preclean
[2025-06-14T23:52:35.746+0530][343522.778s][info][gc,marking     ] GC(283) Concurrent Preclean 0.302ms
[2025-06-14T23:52:35.746+0530][343522.778s][info][gc,start       ] GC(283) Pause Remark
[2025-06-14T23:52:35.750+0530][343522.783s][info][gc             ] GC(283) Pause Remark 37M->37M(80M) 4.354ms
[2025-06-14T23:52:35.750+0530][343522.783s][info][gc,cpu         ] GC(283) User=0.00s Sys=0.00s Real=0.00s
[2025-06-14T23:52:35.751+0530][343522.783s][info][gc,marking     ] GC(283) Concurrent Mark 27.318ms
[2025-06-14T23:52:35.751+0530][343522.783s][info][gc,marking     ] GC(283) Concurrent Rebuild Remembered Sets and Scrub Regions
[2025-06-14T23:52:35.757+0530][343522.789s][info][gc,marking     ] GC(283) Concurrent Rebuild Remembered Sets and Scrub Regions 6.090ms
[2025-06-14T23:52:35.757+0530][343522.789s][info][gc,start       ] GC(283) Pause Cleanup
[2025-06-14T23:52:35.757+0530][343522.789s][info][gc             ] GC(283) Pause Cleanup 37M->37M(80M) 0.112ms
[2025-06-14T23:52:35.757+0530][343522.789s][info][gc,cpu         ] GC(283) User=0.00s Sys=0.00s Real=0.00s
[2025-06-14T23:52:35.757+0530][343522.789s][info][gc,marking     ] GC(283) Concurrent Clear Claimed Marks
[2025-06-14T23:52:35.757+0530][343522.789s][info][gc,marking     ] GC(283) Concurrent Clear Claimed Marks 0.084ms
[2025-06-14T23:52:35.757+0530][343522.789s][info][gc,marking     ] GC(283) Concurrent Cleanup for Next Mark
[2025-06-14T23:52:35.757+0530][343522.790s][info][gc,marking     ] GC(283) Concurrent Cleanup for Next Mark 0.121ms
[2025-06-14T23:52:35.757+0530][343522.790s][info][gc             ] GC(283) Concurrent Mark Cycle 37.746ms
[2025-06-14T23:53:11.931+0530][343558.963s][info][gc,start       ] GC(284) Pause Young (Prepare Mixed) (G1 Evacuation Pause)
[2025-06-14T23:53:11.931+0530][343558.963s][info][gc,task        ] GC(284) Using 6 workers of 13 for evacuation
[2025-06-14T23:53:11.933+0530][343558.965s][info][gc,phases      ] GC(284)   Pre Evacuate Collection Set: 0.1ms
[2025-06-14T23:53:11.933+0530][343558.965s][info][gc,phases      ] GC(284)   Merge Heap Roots: 0.1ms
[2025-06-14T23:53:11.933+0530][343558.965s][info][gc,phases      ] GC(284)   Evacuate Collection Set: 2.1ms
[2025-06-14T23:53:11.933+0530][343558.965s][info][gc,phases      ] GC(284)   Post Evacuate Collection Set: 0.3ms
[2025-06-14T23:53:11.933+0530][343558.965s][info][gc,phases      ] GC(284)   Other: 0.1ms
[2025-06-14T23:53:11.933+0530][343558.965s][info][gc,heap        ] GC(284) Eden regions: 8->0(6)
[2025-06-14T23:53:11.933+0530][343558.965s][info][gc,heap        ] GC(284) Survivor regions: 1->2(2)
[2025-06-14T23:53:11.933+0530][343558.965s][info][gc,heap        ] GC(284) Old regions: 9->9
[2025-06-14T23:53:11.933+0530][343558.965s][info][gc,heap        ] GC(284) Humongous regions: 0->0
[2025-06-14T23:53:11.933+0530][343558.965s][info][gc,metaspace   ] GC(284) Metaspace: 68641K(69376K)->68641K(69376K) NonClass: 60731K(61120K)->60731K(61120K) Class: 7910K(8256K)->7910K(8256K)
[2025-06-14T23:53:11.933+0530][343558.965s][info][gc             ] GC(284) Pause Young (Prepare Mixed) (G1 Evacuation Pause) 66M->36M(80M) 2.816ms
[2025-06-14T23:53:11.933+0530][343558.966s][info][gc,cpu         ] GC(284) User=0.00s Sys=0.00s Real=0.00s
[2025-06-14T23:53:12.172+0530][343559.205s][info][gc,start       ] GC(285) Pause Young (Mixed) (G1 Evacuation Pause)
[2025-06-14T23:53:12.172+0530][343559.205s][info][gc,task        ] GC(285) Using 12 workers of 13 for evacuation
[2025-06-14T23:53:12.175+0530][343559.207s][info][gc,phases      ] GC(285)   Pre Evacuate Collection Set: 0.1ms
[2025-06-14T23:53:12.175+0530][343559.207s][info][gc,phases      ] GC(285)   Merge Heap Roots: 0.0ms
[2025-06-14T23:53:12.175+0530][343559.207s][info][gc,phases      ] GC(285)   Evacuate Collection Set: 1.7ms
[2025-06-14T23:53:12.175+0530][343559.207s][info][gc,phases      ] GC(285)   Post Evacuate Collection Set: 0.3ms
[2025-06-14T23:53:12.175+0530][343559.207s][info][gc,phases      ] GC(285)   Other: 0.1ms
[2025-06-14T23:53:12.175+0530][343559.207s][info][gc,heap        ] GC(285) Eden regions: 6->0(7)
[2025-06-14T23:53:12.175+0530][343559.207s][info][gc,heap        ] GC(285) Survivor regions: 2->1(1)
[2025-06-14T23:53:12.175+0530][343559.207s][info][gc,heap        ] GC(285) Old regions: 9->10
[2025-06-14T23:53:12.175+0530][343559.207s][info][gc,heap        ] GC(285) Humongous regions: 0->0
[2025-06-14T23:53:12.175+0530][343559.207s][info][gc,metaspace   ] GC(285) Metaspace: 68729K(69504K)->68729K(69504K) NonClass: 60808K(61248K)->60808K(61248K) Class: 7920K(8256K)->7920K(8256K)
[2025-06-14T23:53:12.175+0530][343559.207s][info][gc             ] GC(285) Pause Young (Mixed) (G1 Evacuation Pause) 60M->38M(80M) 2.452ms
[2025-06-14T23:53:12.175+0530][343559.207s][info][gc,cpu         ] GC(285) User=0.00s Sys=0.00s Real=0.00s
[2025-06-14T23:53:30.133+0530][343577.165s][info][gc,start       ] GC(286) Pause Full (System.gc())
[2025-06-14T23:53:30.133+0530][343577.165s][info][gc,task        ] GC(286) Using 2 workers of 13 for full compaction
[2025-06-14T23:53:30.133+0530][343577.165s][info][gc,phases,start] GC(286) Phase 1: Mark live objects
[2025-06-14T23:53:30.164+0530][343577.197s][info][gc,phases      ] GC(286) Phase 1: Mark live objects 31.205ms
[2025-06-14T23:53:30.164+0530][343577.197s][info][gc,phases,start] GC(286) Phase 2: Prepare compaction
[2025-06-14T23:53:30.166+0530][343577.198s][info][gc,phases      ] GC(286) Phase 2: Prepare compaction 1.854ms
[2025-06-14T23:53:30.166+0530][343577.198s][info][gc,phases,start] GC(286) Phase 3: Adjust pointers
[2025-06-14T23:53:30.177+0530][343577.209s][info][gc,phases      ] GC(286) Phase 3: Adjust pointers 10.734ms
[2025-06-14T23:53:30.177+0530][343577.209s][info][gc,phases,start] GC(286) Phase 4: Compact heap
[2025-06-14T23:53:30.180+0530][343577.212s][info][gc,phases      ] GC(286) Phase 4: Compact heap 2.782ms
[2025-06-14T23:53:30.180+0530][343577.212s][info][gc,phases,start] GC(286) Phase 5: Reset Metadata
[2025-06-14T23:53:30.182+0530][343577.215s][info][gc,phases      ] GC(286) Phase 5: Reset Metadata 2.852ms
[2025-06-14T23:53:30.189+0530][343577.221s][info][gc,heap        ] GC(286) Eden regions: 7->0(8)
[2025-06-14T23:53:30.189+0530][343577.222s][info][gc,heap        ] GC(286) Survivor regions: 1->0(1)
[2025-06-14T23:53:30.189+0530][343577.222s][info][gc,heap        ] GC(286) Old regions: 10->10
[2025-06-14T23:53:30.189+0530][343577.222s][info][gc,heap        ] GC(286) Humongous regions: 0->0
[2025-06-14T23:53:30.189+0530][343577.222s][info][gc,metaspace   ] GC(286) Metaspace: 68888K(69696K)->68888K(69696K) NonClass: 60957K(61440K)->60957K(61440K) Class: 7930K(8256K)->7930K(8256K)
[2025-06-14T23:53:30.189+0530][343577.222s][info][gc             ] GC(286) Pause Full (System.gc()) 64M->36M(80M) 56.477ms
[2025-06-14T23:53:30.189+0530][343577.222s][info][gc,cpu         ] GC(286) User=0.05s Sys=0.00s Real=0.06s
[2025-06-14T23:53:30.411+0530][343577.443s][info][gc,start       ] GC(287) Pause Young (Concurrent Start) (G1 Evacuation Pause)
[2025-06-14T23:53:30.411+0530][343577.443s][info][gc,task        ] GC(287) Using 6 workers of 13 for evacuation
[2025-06-14T23:53:30.414+0530][343577.446s][info][gc,phases      ] GC(287)   Pre Evacuate Collection Set: 0.1ms
[2025-06-14T23:53:30.414+0530][343577.446s][info][gc,phases      ] GC(287)   Merge Heap Roots: 0.0ms
[2025-06-14T23:53:30.414+0530][343577.446s][info][gc,phases      ] GC(287)   Evacuate Collection Set: 2.2ms
[2025-06-14T23:53:30.414+0530][343577.446s][info][gc,phases      ] GC(287)   Post Evacuate Collection Set: 0.3ms
[2025-06-14T23:53:30.414+0530][343577.446s][info][gc,phases      ] GC(287)   Other: 0.1ms
[2025-06-14T23:53:30.414+0530][343577.446s][info][gc,heap        ] GC(287) Eden regions: 8->0(7)
[2025-06-14T23:53:30.414+0530][343577.446s][info][gc,heap        ] GC(287) Survivor regions: 0->1(1)
[2025-06-14T23:53:30.414+0530][343577.446s][info][gc,heap        ] GC(287) Old regions: 10->10
[2025-06-14T23:53:30.414+0530][343577.446s][info][gc,heap        ] GC(287) Humongous regions: 0->0
[2025-06-14T23:53:30.414+0530][343577.446s][info][gc,metaspace   ] GC(287) Metaspace: 68971K(69824K)->68971K(69824K) NonClass: 61031K(61504K)->61031K(61504K) Class: 7939K(8320K)->7939K(8320K)
[2025-06-14T23:53:30.414+0530][343577.446s][info][gc             ] GC(287) Pause Young (Concurrent Start) (G1 Evacuation Pause) 68M->39M(80M) 3.043ms
[2025-06-14T23:53:30.414+0530][343577.446s][info][gc             ] GC(288) Concurrent Mark Cycle
[2025-06-14T23:53:30.414+0530][343577.446s][info][gc,cpu         ] GC(287) User=0.06s Sys=0.00s Real=0.00s
[2025-06-14T23:53:30.414+0530][343577.446s][info][gc,marking     ] GC(288) Concurrent Scan Root Regions
[2025-06-14T23:53:30.417+0530][343577.449s][info][gc,marking     ] GC(288) Concurrent Scan Root Regions 3.049ms
[2025-06-14T23:53:30.417+0530][343577.449s][info][gc,marking     ] GC(288) Concurrent Mark
[2025-06-14T23:53:30.417+0530][343577.449s][info][gc,marking     ] GC(288) Concurrent Mark From Roots
[2025-06-14T23:53:30.417+0530][343577.449s][info][gc,task        ] GC(288) Using 3 workers of 3 for marking
[2025-06-14T23:53:30.439+0530][343577.471s][info][gc,marking     ] GC(288) Concurrent Mark From Roots 21.726ms
[2025-06-14T23:53:30.439+0530][343577.471s][info][gc,marking     ] GC(288) Concurrent Preclean
[2025-06-14T23:53:30.439+0530][343577.472s][info][gc,marking     ] GC(288) Concurrent Preclean 0.361ms
[2025-06-14T23:53:30.439+0530][343577.472s][info][gc,start       ] GC(288) Pause Remark
[2025-06-14T23:53:30.444+0530][343577.476s][info][gc             ] GC(288) Pause Remark 41M->41M(80M) 4.669ms
[2025-06-14T23:53:30.444+0530][343577.476s][info][gc,cpu         ] GC(288) User=0.00s Sys=0.00s Real=0.01s
[2025-06-14T23:53:30.444+0530][343577.476s][info][gc,marking     ] GC(288) Concurrent Mark 27.037ms
[2025-06-14T23:53:30.444+0530][343577.476s][info][gc,marking     ] GC(288) Concurrent Rebuild Remembered Sets and Scrub Regions
[2025-06-14T23:53:30.450+0530][343577.483s][info][gc,marking     ] GC(288) Concurrent Rebuild Remembered Sets and Scrub Regions 6.571ms
[2025-06-14T23:53:30.450+0530][343577.483s][info][gc,start       ] GC(288) Pause Cleanup
[2025-06-14T23:53:30.451+0530][343577.483s][info][gc             ] GC(288) Pause Cleanup 42M->42M(80M) 0.093ms
[2025-06-14T23:53:30.451+0530][343577.483s][info][gc,cpu         ] GC(288) User=0.00s Sys=0.00s Real=0.00s
[2025-06-14T23:53:30.451+0530][343577.483s][info][gc,marking     ] GC(288) Concurrent Clear Claimed Marks
[2025-06-14T23:53:30.451+0530][343577.483s][info][gc,marking     ] GC(288) Concurrent Clear Claimed Marks 0.064ms
[2025-06-14T23:53:30.451+0530][343577.483s][info][gc,marking     ] GC(288) Concurrent Cleanup for Next Mark
[2025-06-14T23:53:30.451+0530][343577.483s][info][gc,marking     ] GC(288) Concurrent Cleanup for Next Mark 0.085ms
[2025-06-14T23:53:30.451+0530][343577.483s][info][gc             ] GC(288) Concurrent Mark Cycle 37.224ms
[2025-06-14T23:53:30.668+0530][343577.701s][info][gc,start       ] GC(289) Pause Young (Prepare Mixed) (G1 Evacuation Pause)
[2025-06-14T23:53:30.669+0530][343577.701s][info][gc,task        ] GC(289) Using 12 workers of 13 for evacuation
[2025-06-14T23:53:30.671+0530][343577.704s][info][gc,phases      ] GC(289)   Pre Evacuate Collection Set: 0.1ms
[2025-06-14T23:53:30.671+0530][343577.704s][info][gc,phases      ] GC(289)   Merge Heap Roots: 0.1ms
[2025-06-14T23:53:30.671+0530][343577.704s][info][gc,phases      ] GC(289)   Evacuate Collection Set: 2.2ms
[2025-06-14T23:53:30.671+0530][343577.704s][info][gc,phases      ] GC(289)   Post Evacuate Collection Set: 0.7ms
[2025-06-14T23:53:30.671+0530][343577.704s][info][gc,phases      ] GC(289)   Other: 0.1ms
[2025-06-14T23:53:30.671+0530][343577.704s][info][gc,heap        ] GC(289) Eden regions: 7->0(6)
[2025-06-14T23:53:30.671+0530][343577.704s][info][gc,heap        ] GC(289) Survivor regions: 1->1(1)
[2025-06-14T23:53:30.671+0530][343577.704s][info][gc,heap        ] GC(289) Old regions: 10->11
[2025-06-14T23:53:30.671+0530][343577.704s][info][gc,heap        ] GC(289) Humongous regions: 0->0
[2025-06-14T23:53:30.671+0530][343577.704s][info][gc,metaspace   ] GC(289) Metaspace: 69113K(69952K)->69113K(69952K) NonClass: 61163K(61632K)->61163K(61632K) Class: 7949K(8320K)->7949K(8320K)
[2025-06-14T23:53:30.671+0530][343577.704s][info][gc             ] GC(289) Pause Young (Prepare Mixed) (G1 Evacuation Pause) 67M->42M(80M) 3.312ms
[2025-06-14T23:53:30.671+0530][343577.704s][info][gc,cpu         ] GC(289) User=0.00s Sys=0.00s Real=0.00s
[2025-06-14T23:55:29.071+0530][343696.104s][info][gc,start       ] GC(290) Pause Full (System.gc())
[2025-06-14T23:55:29.071+0530][343696.104s][info][gc,task        ] GC(290) Using 2 workers of 13 for full compaction
[2025-06-14T23:55:29.071+0530][343696.104s][info][gc,phases,start] GC(290) Phase 1: Mark live objects
[2025-06-14T23:55:29.113+0530][343696.146s][info][gc,phases      ] GC(290) Phase 1: Mark live objects 41.530ms
[2025-06-14T23:55:29.113+0530][343696.146s][info][gc,phases,start] GC(290) Phase 2: Prepare compaction
[2025-06-14T23:55:29.115+0530][343696.148s][info][gc,phases      ] GC(290) Phase 2: Prepare compaction 2.519ms
[2025-06-14T23:55:29.115+0530][343696.148s][info][gc,phases,start] GC(290) Phase 3: Adjust pointers
[2025-06-14T23:55:29.131+0530][343696.164s][info][gc,phases      ] GC(290) Phase 3: Adjust pointers 15.398ms
[2025-06-14T23:55:29.131+0530][343696.164s][info][gc,phases,start] GC(290) Phase 4: Compact heap
[2025-06-14T23:55:29.133+0530][343696.166s][info][gc,phases      ] GC(290) Phase 4: Compact heap 2.661ms
[2025-06-14T23:55:29.133+0530][343696.166s][info][gc,phases,start] GC(290) Phase 5: Reset Metadata
[2025-06-14T23:55:29.137+0530][343696.170s][info][gc,phases      ] GC(290) Phase 5: Reset Metadata 3.466ms
[2025-06-14T23:55:29.143+0530][343696.177s][info][gc,heap        ] GC(290) Eden regions: 6->0(7)
[2025-06-14T23:55:29.143+0530][343696.177s][info][gc,heap        ] GC(290) Survivor regions: 1->0(1)
[2025-06-14T23:55:29.143+0530][343696.177s][info][gc,heap        ] GC(290) Old regions: 11->11
[2025-06-14T23:55:29.143+0530][343696.177s][info][gc,heap        ] GC(290) Humongous regions: 0->0
[2025-06-14T23:55:29.143+0530][343696.177s][info][gc,metaspace   ] GC(290) Metaspace: 69566K(70336K)->69566K(70336K) NonClass: 61545K(61952K)->61545K(61952K) Class: 8020K(8384K)->8020K(8384K)
[2025-06-14T23:55:29.144+0530][343696.177s][info][gc             ] GC(290) Pause Full (System.gc()) 63M->39M(80M) 72.870ms
[2025-06-14T23:55:29.144+0530][343696.177s][info][gc,cpu         ] GC(290) User=0.05s Sys=0.00s Real=0.07s
[2025-06-14T23:55:29.446+0530][343696.479s][info][gc,start       ] GC(291) Pause Young (Concurrent Start) (G1 Evacuation Pause)
[2025-06-14T23:55:29.446+0530][343696.479s][info][gc,task        ] GC(291) Using 6 workers of 13 for evacuation
[2025-06-14T23:55:29.448+0530][343696.482s][info][gc,phases      ] GC(291)   Pre Evacuate Collection Set: 0.1ms
[2025-06-14T23:55:29.448+0530][343696.482s][info][gc,phases      ] GC(291)   Merge Heap Roots: 0.1ms
[2025-06-14T23:55:29.448+0530][343696.482s][info][gc,phases      ] GC(291)   Evacuate Collection Set: 1.7ms
[2025-06-14T23:55:29.448+0530][343696.482s][info][gc,phases      ] GC(291)   Post Evacuate Collection Set: 0.3ms
[2025-06-14T23:55:29.448+0530][343696.482s][info][gc,phases      ] GC(291)   Other: 0.1ms
[2025-06-14T23:55:29.448+0530][343696.482s][info][gc,heap        ] GC(291) Eden regions: 7->0(6)
[2025-06-14T23:55:29.448+0530][343696.482s][info][gc,heap        ] GC(291) Survivor regions: 0->1(1)
[2025-06-14T23:55:29.448+0530][343696.482s][info][gc,heap        ] GC(291) Old regions: 11->11
[2025-06-14T23:55:29.448+0530][343696.482s][info][gc,heap        ] GC(291) Humongous regions: 0->0
[2025-06-14T23:55:29.449+0530][343696.482s][info][gc,metaspace   ] GC(291) Metaspace: 69610K(70400K)->69610K(70400K) NonClass: 61586K(62016K)->61586K(62016K) Class: 8024K(8384K)->8024K(8384K)
[2025-06-14T23:55:29.449+0530][343696.482s][info][gc             ] GC(291) Pause Young (Concurrent Start) (G1 Evacuation Pause) 67M->42M(80M) 2.633ms
[2025-06-14T23:55:29.449+0530][343696.482s][info][gc             ] GC(292) Concurrent Mark Cycle
[2025-06-14T23:55:29.449+0530][343696.482s][info][gc,cpu         ] GC(291) User=0.00s Sys=0.00s Real=0.00s
[2025-06-14T23:55:29.449+0530][343696.482s][info][gc,marking     ] GC(292) Concurrent Scan Root Regions
[2025-06-14T23:55:29.452+0530][343696.485s][info][gc,marking     ] GC(292) Concurrent Scan Root Regions 3.216ms
[2025-06-14T23:55:29.452+0530][343696.485s][info][gc,marking     ] GC(292) Concurrent Mark
[2025-06-14T23:55:29.452+0530][343696.485s][info][gc,marking     ] GC(292) Concurrent Mark From Roots
[2025-06-14T23:55:29.452+0530][343696.485s][info][gc,task        ] GC(292) Using 3 workers of 3 for marking
[2025-06-14T23:55:29.481+0530][343696.514s][info][gc,marking     ] GC(292) Concurrent Mark From Roots 29.098ms
[2025-06-14T23:55:29.481+0530][343696.514s][info][gc,marking     ] GC(292) Concurrent Preclean
[2025-06-14T23:55:29.482+0530][343696.515s][info][gc,marking     ] GC(292) Concurrent Preclean 0.387ms
[2025-06-14T23:55:29.482+0530][343696.515s][info][gc,start       ] GC(292) Pause Remark
[2025-06-14T23:55:29.487+0530][343696.520s][info][gc             ] GC(292) Pause Remark 45M->45M(80M) 5.261ms
[2025-06-14T23:55:29.487+0530][343696.520s][info][gc,cpu         ] GC(292) User=0.00s Sys=0.00s Real=0.00s
[2025-06-14T23:55:29.487+0530][343696.520s][info][gc,marking     ] GC(292) Concurrent Mark 35.015ms
[2025-06-14T23:55:29.487+0530][343696.520s][info][gc,marking     ] GC(292) Concurrent Rebuild Remembered Sets and Scrub Regions
[2025-06-14T23:55:29.495+0530][343696.528s][info][gc,marking     ] GC(292) Concurrent Rebuild Remembered Sets and Scrub Regions 8.188ms
[2025-06-14T23:55:29.495+0530][343696.529s][info][gc,start       ] GC(292) Pause Cleanup
[2025-06-14T23:55:29.495+0530][343696.529s][info][gc             ] GC(292) Pause Cleanup 45M->45M(80M) 0.128ms
[2025-06-14T23:55:29.495+0530][343696.529s][info][gc,cpu         ] GC(292) User=0.00s Sys=0.00s Real=0.00s
[2025-06-14T23:55:29.495+0530][343696.529s][info][gc,marking     ] GC(292) Concurrent Clear Claimed Marks
[2025-06-14T23:55:29.495+0530][343696.529s][info][gc,marking     ] GC(292) Concurrent Clear Claimed Marks 0.106ms
[2025-06-14T23:55:29.495+0530][343696.529s][info][gc,marking     ] GC(292) Concurrent Cleanup for Next Mark
[2025-06-14T23:55:29.496+0530][343696.529s][info][gc,marking     ] GC(292) Concurrent Cleanup for Next Mark 0.133ms
[2025-06-14T23:55:29.496+0530][343696.529s][info][gc             ] GC(292) Concurrent Mark Cycle 47.227ms
[2025-06-14T23:55:29.688+0530][343696.721s][info][gc,start       ] GC(293) Pause Young (Prepare Mixed) (G1 Evacuation Pause)
[2025-06-14T23:55:29.688+0530][343696.721s][info][gc,task        ] GC(293) Using 12 workers of 13 for evacuation
[2025-06-14T23:55:29.690+0530][343696.723s][info][gc,phases      ] GC(293)   Pre Evacuate Collection Set: 0.1ms
[2025-06-14T23:55:29.690+0530][343696.723s][info][gc,phases      ] GC(293)   Merge Heap Roots: 0.0ms
[2025-06-14T23:55:29.690+0530][343696.723s][info][gc,phases      ] GC(293)   Evacuate Collection Set: 1.4ms
[2025-06-14T23:55:29.690+0530][343696.723s][info][gc,phases      ] GC(293)   Post Evacuate Collection Set: 0.3ms
[2025-06-14T23:55:29.690+0530][343696.723s][info][gc,phases      ] GC(293)   Other: 0.1ms
[2025-06-14T23:55:29.690+0530][343696.723s][info][gc,heap        ] GC(293) Eden regions: 6->0(5)
[2025-06-14T23:55:29.690+0530][343696.723s][info][gc,heap        ] GC(293) Survivor regions: 1->1(1)
[2025-06-14T23:55:29.690+0530][343696.723s][info][gc,heap        ] GC(293) Old regions: 11->12
[2025-06-14T23:55:29.690+0530][343696.723s][info][gc,heap        ] GC(293) Humongous regions: 0->0
[2025-06-14T23:55:29.690+0530][343696.723s][info][gc,metaspace   ] GC(293) Metaspace: 69805K(70656K)->69805K(70656K) NonClass: 61765K(62208K)->61765K(62208K) Class: 8039K(8448K)->8039K(8448K)
[2025-06-14T23:55:29.690+0530][343696.723s][info][gc             ] GC(293) Pause Young (Prepare Mixed) (G1 Evacuation Pause) 66M->44M(80M) 2.211ms
[2025-06-14T23:55:29.690+0530][343696.723s][info][gc,cpu         ] GC(293) User=0.00s Sys=0.00s Real=0.00s
[2025-06-14T23:55:31.255+0530][343698.288s][info][gc,start       ] GC(294) Pause Full (System.gc())
[2025-06-14T23:55:31.255+0530][343698.288s][info][gc,task        ] GC(294) Using 2 workers of 13 for full compaction
[2025-06-14T23:55:31.255+0530][343698.288s][info][gc,phases,start] GC(294) Phase 1: Mark live objects
[2025-06-14T23:55:31.300+0530][343698.332s][info][gc,phases      ] GC(294) Phase 1: Mark live objects 44.621ms
[2025-06-14T23:55:31.300+0530][343698.332s][info][gc,phases,start] GC(294) Phase 2: Prepare compaction
[2025-06-14T23:55:31.301+0530][343698.334s][info][gc,phases      ] GC(294) Phase 2: Prepare compaction 1.362ms
[2025-06-14T23:55:31.301+0530][343698.334s][info][gc,phases,start] GC(294) Phase 3: Adjust pointers
[2025-06-14T23:55:31.317+0530][343698.350s][info][gc,phases      ] GC(294) Phase 3: Adjust pointers 16.433ms
[2025-06-14T23:55:31.317+0530][343698.350s][info][gc,phases,start] GC(294) Phase 4: Compact heap
[2025-06-14T23:55:31.321+0530][343698.353s][info][gc,phases      ] GC(294) Phase 4: Compact heap 3.110ms
[2025-06-14T23:55:31.321+0530][343698.354s][info][gc,phases,start] GC(294) Phase 5: Reset Metadata
[2025-06-14T23:55:31.325+0530][343698.358s][info][gc,phases      ] GC(294) Phase 5: Reset Metadata 4.246ms
[2025-06-14T23:55:31.331+0530][343698.364s][info][gc,heap        ] GC(294) Eden regions: 5->0(6)
[2025-06-14T23:55:31.331+0530][343698.364s][info][gc,heap        ] GC(294) Survivor regions: 1->0(1)
[2025-06-14T23:55:31.331+0530][343698.364s][info][gc,heap        ] GC(294) Old regions: 12->12
[2025-06-14T23:55:31.331+0530][343698.364s][info][gc,heap        ] GC(294) Humongous regions: 0->0
[2025-06-14T23:55:31.331+0530][343698.364s][info][gc,metaspace   ] GC(294) Metaspace: 69844K(70656K)->69844K(70656K) NonClass: 61802K(62208K)->61802K(62208K) Class: 8041K(8448K)->8041K(8448K)
[2025-06-14T23:55:31.331+0530][343698.364s][info][gc             ] GC(294) Pause Full (System.gc()) 63M->42M(80M) 76.539ms
[2025-06-14T23:55:31.331+0530][343698.364s][info][gc,cpu         ] GC(294) User=0.08s Sys=0.00s Real=0.08s
[2025-06-14T23:55:31.480+0530][343698.513s][info][gc,start       ] GC(295) Pause Young (Concurrent Start) (G1 Evacuation Pause)
[2025-06-14T23:55:31.480+0530][343698.514s][info][gc,task        ] GC(295) Using 6 workers of 13 for evacuation
[2025-06-14T23:55:31.482+0530][343698.515s][info][gc,phases      ] GC(295)   Pre Evacuate Collection Set: 0.1ms
[2025-06-14T23:55:31.482+0530][343698.515s][info][gc,phases      ] GC(295)   Merge Heap Roots: 0.0ms
[2025-06-14T23:55:31.482+0530][343698.515s][info][gc,phases      ] GC(295)   Evacuate Collection Set: 1.4ms
[2025-06-14T23:55:31.482+0530][343698.515s][info][gc,phases      ] GC(295)   Post Evacuate Collection Set: 0.3ms
[2025-06-14T23:55:31.482+0530][343698.515s][info][gc,phases      ] GC(295)   Other: 0.1ms
[2025-06-14T23:55:31.482+0530][343698.515s][info][gc,heap        ] GC(295) Eden regions: 6->0(5)
[2025-06-14T23:55:31.482+0530][343698.515s][info][gc,heap        ] GC(295) Survivor regions: 0->1(1)
[2025-06-14T23:55:31.482+0530][343698.515s][info][gc,heap        ] GC(295) Old regions: 12->12
[2025-06-14T23:55:31.482+0530][343698.515s][info][gc,heap        ] GC(295) Humongous regions: 0->0
[2025-06-14T23:55:31.482+0530][343698.515s][info][gc,metaspace   ] GC(295) Metaspace: 69868K(70720K)->69868K(70720K) NonClass: 61822K(62272K)->61822K(62272K) Class: 8045K(8448K)->8045K(8448K)
[2025-06-14T23:55:31.482+0530][343698.516s][info][gc             ] GC(295) Pause Young (Concurrent Start) (G1 Evacuation Pause) 66M->44M(80M) 2.083ms
[2025-06-14T23:55:31.482+0530][343698.516s][info][gc             ] GC(296) Concurrent Mark Cycle
[2025-06-14T23:55:31.482+0530][343698.516s][info][gc,cpu         ] GC(295) User=0.00s Sys=0.00s Real=0.00s
[2025-06-14T23:55:31.482+0530][343698.516s][info][gc,marking     ] GC(296) Concurrent Scan Root Regions
[2025-06-14T23:55:31.484+0530][343698.517s][info][gc,marking     ] GC(296) Concurrent Scan Root Regions 1.817ms
[2025-06-14T23:55:31.484+0530][343698.517s][info][gc,marking     ] GC(296) Concurrent Mark
[2025-06-14T23:55:31.484+0530][343698.517s][info][gc,marking     ] GC(296) Concurrent Mark From Roots
[2025-06-14T23:55:31.484+0530][343698.517s][info][gc,task        ] GC(296) Using 3 workers of 3 for marking
[2025-06-14T23:55:31.510+0530][343698.543s][info][gc,marking     ] GC(296) Concurrent Mark From Roots 25.795ms
[2025-06-14T23:55:31.511+0530][343698.543s][info][gc,marking     ] GC(296) Concurrent Preclean
[2025-06-14T23:55:31.511+0530][343698.544s][info][gc,marking     ] GC(296) Concurrent Preclean 0.301ms
[2025-06-14T23:55:31.511+0530][343698.544s][info][gc,start       ] GC(296) Pause Remark
[2025-06-14T23:55:31.516+0530][343698.549s][info][gc             ] GC(296) Pause Remark 48M->48M(88M) 5.208ms
[2025-06-14T23:55:31.516+0530][343698.549s][info][gc,cpu         ] GC(296) User=0.00s Sys=0.00s Real=0.01s
[2025-06-14T23:55:31.516+0530][343698.549s][info][gc,marking     ] GC(296) Concurrent Mark 31.545ms
[2025-06-14T23:55:31.516+0530][343698.549s][info][gc,marking     ] GC(296) Concurrent Rebuild Remembered Sets and Scrub Regions
[2025-06-14T23:55:31.523+0530][343698.556s][info][gc,marking     ] GC(296) Concurrent Rebuild Remembered Sets and Scrub Regions 7.141ms
[2025-06-14T23:55:31.523+0530][343698.556s][info][gc,start       ] GC(296) Pause Cleanup
[2025-06-14T23:55:31.523+0530][343698.556s][info][gc             ] GC(296) Pause Cleanup 48M->48M(88M) 0.086ms
[2025-06-14T23:55:31.523+0530][343698.556s][info][gc,cpu         ] GC(296) User=0.00s Sys=0.00s Real=0.00s
[2025-06-14T23:55:31.523+0530][343698.556s][info][gc,marking     ] GC(296) Concurrent Clear Claimed Marks
[2025-06-14T23:55:31.524+0530][343698.557s][info][gc,marking     ] GC(296) Concurrent Clear Claimed Marks 0.093ms
[2025-06-14T23:55:31.524+0530][343698.557s][info][gc,marking     ] GC(296) Concurrent Cleanup for Next Mark
[2025-06-14T23:55:31.524+0530][343698.557s][info][gc,marking     ] GC(296) Concurrent Cleanup for Next Mark 0.107ms
[2025-06-14T23:55:31.524+0530][343698.557s][info][gc             ] GC(296) Concurrent Mark Cycle 41.104ms
[2025-06-14T23:55:31.638+0530][343698.671s][info][gc,start       ] GC(297) Pause Young (Prepare Mixed) (G1 Evacuation Pause)
[2025-06-14T23:55:31.638+0530][343698.671s][info][gc,task        ] GC(297) Using 6 workers of 13 for evacuation
[2025-06-14T23:55:31.641+0530][343698.674s][info][gc,phases      ] GC(297)   Pre Evacuate Collection Set: 0.1ms
[2025-06-14T23:55:31.641+0530][343698.674s][info][gc,phases      ] GC(297)   Merge Heap Roots: 0.1ms
[2025-06-14T23:55:31.641+0530][343698.674s][info][gc,phases      ] GC(297)   Evacuate Collection Set: 2.3ms
[2025-06-14T23:55:31.641+0530][343698.674s][info][gc,phases      ] GC(297)   Post Evacuate Collection Set: 0.4ms
[2025-06-14T23:55:31.641+0530][343698.674s][info][gc,phases      ] GC(297)   Other: 0.1ms
[2025-06-14T23:55:31.641+0530][343698.674s][info][gc,heap        ] GC(297) Eden regions: 4->0(5)
[2025-06-14T23:55:31.641+0530][343698.674s][info][gc,heap        ] GC(297) Survivor regions: 1->1(1)
[2025-06-14T23:55:31.641+0530][343698.674s][info][gc,heap        ] GC(297) Old regions: 12->13
[2025-06-14T23:55:31.641+0530][343698.674s][info][gc,heap        ] GC(297) Humongous regions: 0->0
[2025-06-14T23:55:31.641+0530][343698.674s][info][gc,metaspace   ] GC(297) Metaspace: 69922K(70720K)->69922K(70720K) NonClass: 61872K(62272K)->61872K(62272K) Class: 8050K(8448K)->8050K(8448K)
[2025-06-14T23:55:31.641+0530][343698.674s][info][gc             ] GC(297) Pause Young (Prepare Mixed) (G1 Evacuation Pause) 60M->46M(88M) 3.191ms
[2025-06-14T23:55:31.641+0530][343698.674s][info][gc,cpu         ] GC(297) User=0.00s Sys=0.00s Real=0.00s
[2025-06-14T23:55:31.825+0530][343698.859s][info][gc,start       ] GC(298) Pause Young (Mixed) (G1 Evacuation Pause)
[2025-06-14T23:55:31.825+0530][343698.859s][info][gc,task        ] GC(298) Using 12 workers of 13 for evacuation
[2025-06-14T23:55:31.827+0530][343698.861s][info][gc,phases      ] GC(298)   Pre Evacuate Collection Set: 0.1ms
[2025-06-14T23:55:31.827+0530][343698.861s][info][gc,phases      ] GC(298)   Merge Heap Roots: 0.1ms
[2025-06-14T23:55:31.827+0530][343698.861s][info][gc,phases      ] GC(298)   Evacuate Collection Set: 1.6ms
[2025-06-14T23:55:31.827+0530][343698.861s][info][gc,phases      ] GC(298)   Post Evacuate Collection Set: 0.4ms
[2025-06-14T23:55:31.827+0530][343698.861s][info][gc,phases      ] GC(298)   Other: 0.1ms
[2025-06-14T23:55:31.827+0530][343698.861s][info][gc,heap        ] GC(298) Eden regions: 5->0(6)
[2025-06-14T23:55:31.828+0530][343698.861s][info][gc,heap        ] GC(298) Survivor regions: 1->1(1)
[2025-06-14T23:55:31.828+0530][343698.861s][info][gc,heap        ] GC(298) Old regions: 13->12
[2025-06-14T23:55:31.828+0530][343698.861s][info][gc,heap        ] GC(298) Humongous regions: 0->0
[2025-06-14T23:55:31.828+0530][343698.861s][info][gc,metaspace   ] GC(298) Metaspace: 70067K(70912K)->70067K(70912K) NonClass: 62008K(62464K)->62008K(62464K) Class: 8059K(8448K)->8059K(8448K)
[2025-06-14T23:55:31.828+0530][343698.861s][info][gc             ] GC(298) Pause Young (Mixed) (G1 Evacuation Pause) 66M->48M(88M) 2.526ms
[2025-06-14T23:55:31.828+0530][343698.861s][info][gc,cpu         ] GC(298) User=0.00s Sys=0.00s Real=0.00s
