[2025-07-02T00:12:34.214+0530][0.042s][info][gc,init] CardTable entry size: 512
[2025-07-02T00:12:34.217+0530][0.046s][info][gc     ] Using G1
[2025-07-02T00:12:34.221+0530][0.049s][info][gc,init] Version: 21.0.7+6-LTS (release)
[2025-07-02T00:12:34.221+0530][0.049s][info][gc,init] CPUs: 16 total, 16 available
[2025-07-02T00:12:34.221+0530][0.049s][info][gc,init] Memory: 20332M
[2025-07-02T00:12:34.221+0530][0.049s][info][gc,init] Large Page Support: Disabled
[2025-07-02T00:12:34.221+0530][0.049s][info][gc,init] NUMA Support: Disabled
[2025-07-02T00:12:34.221+0530][0.049s][info][gc,init] Compressed Oops: Enabled (Zero based)
[2025-07-02T00:12:34.221+0530][0.049s][info][gc,init] Heap Region Size: 4M
[2025-07-02T00:12:34.221+0530][0.049s][info][gc,init] Heap Min Capacity: 8M
[2025-07-02T00:12:34.221+0530][0.049s][info][gc,init] Heap Initial Capacity: 320M
[2025-07-02T00:12:34.221+0530][0.049s][info][gc,init] Heap Max Capacity: 5084M
[2025-07-02T00:12:34.221+0530][0.049s][info][gc,init] Pre-touch: Disabled
[2025-07-02T00:12:34.221+0530][0.049s][info][gc,init] Parallel Workers: 13
[2025-07-02T00:12:34.221+0530][0.049s][info][gc,init] Concurrent Workers: 3
[2025-07-02T00:12:34.221+0530][0.049s][info][gc,init] Concurrent Refinement Workers: 13
[2025-07-02T00:12:34.221+0530][0.050s][info][gc,init] Periodic GC: Disabled
[2025-07-02T00:12:34.251+0530][0.078s][info][gc,metaspace] CDS archive(s) not mapped
[2025-07-02T00:12:34.251+0530][0.078s][info][gc,metaspace] Compressed class space mapped at: 0x0000000800000000-0x0000000840000000, reserved size: 1073741824
[2025-07-02T00:12:34.251+0530][0.078s][info][gc,metaspace] Narrow klass base: 0x0000000800000000, Narrow klass shift: 0, Narrow klass range: 0x40000000
[2025-07-02T00:12:34.859+0530][0.686s][info][gc,start    ] GC(0) Pause Young (Normal) (G1 Evacuation Pause)
[2025-07-02T00:12:34.860+0530][0.687s][info][gc,task     ] GC(0) Using 7 workers of 13 for evacuation
[2025-07-02T00:12:34.864+0530][0.692s][info][gc,phases   ] GC(0)   Pre Evacuate Collection Set: 0.1ms
[2025-07-02T00:12:34.864+0530][0.692s][info][gc,phases   ] GC(0)   Merge Heap Roots: 0.1ms
[2025-07-02T00:12:34.864+0530][0.692s][info][gc,phases   ] GC(0)   Evacuate Collection Set: 2.8ms
[2025-07-02T00:12:34.864+0530][0.692s][info][gc,phases   ] GC(0)   Post Evacuate Collection Set: 1.0ms
[2025-07-02T00:12:34.864+0530][0.692s][info][gc,phases   ] GC(0)   Other: 0.9ms
[2025-07-02T00:12:34.864+0530][0.692s][info][gc,heap     ] GC(0) Eden regions: 5->0(4)
[2025-07-02T00:12:34.864+0530][0.692s][info][gc,heap     ] GC(0) Survivor regions: 0->1(1)
[2025-07-02T00:12:34.864+0530][0.692s][info][gc,heap     ] GC(0) Old regions: 0->1
[2025-07-02T00:12:34.864+0530][0.692s][info][gc,heap     ] GC(0) Humongous regions: 0->0
[2025-07-02T00:12:34.864+0530][0.692s][info][gc,metaspace] GC(0) Metaspace: 15661K(15872K)->15661K(15872K) NonClass: 14224K(14336K)->14224K(14336K) Class: 1436K(1536K)->1436K(1536K)
[2025-07-02T00:12:34.864+0530][0.692s][info][gc          ] GC(0) Pause Young (Normal) (G1 Evacuation Pause) 20M->6M(320M) 6.246ms
[2025-07-02T00:12:34.864+0530][0.692s][info][gc,cpu      ] GC(0) User=0.00s Sys=0.00s Real=0.01s
[2025-07-02T00:12:35.318+0530][1.146s][info][gc,start    ] GC(1) Pause Young (Normal) (G1 Evacuation Pause)
[2025-07-02T00:12:35.318+0530][1.146s][info][gc,task     ] GC(1) Using 7 workers of 13 for evacuation
[2025-07-02T00:12:35.321+0530][1.149s][info][gc,phases   ] GC(1)   Pre Evacuate Collection Set: 0.1ms
[2025-07-02T00:12:35.321+0530][1.149s][info][gc,phases   ] GC(1)   Merge Heap Roots: 0.0ms
[2025-07-02T00:12:35.321+0530][1.149s][info][gc,phases   ] GC(1)   Evacuate Collection Set: 2.1ms
[2025-07-02T00:12:35.321+0530][1.149s][info][gc,phases   ] GC(1)   Post Evacuate Collection Set: 0.4ms
[2025-07-02T00:12:35.321+0530][1.149s][info][gc,phases   ] GC(1)   Other: 0.1ms
[2025-07-02T00:12:35.321+0530][1.149s][info][gc,heap     ] GC(1) Eden regions: 4->0(13)
[2025-07-02T00:12:35.321+0530][1.149s][info][gc,heap     ] GC(1) Survivor regions: 1->1(1)
[2025-07-02T00:12:35.321+0530][1.149s][info][gc,heap     ] GC(1) Old regions: 1->2
[2025-07-02T00:12:35.321+0530][1.149s][info][gc,heap     ] GC(1) Humongous regions: 0->0
[2025-07-02T00:12:35.321+0530][1.149s][info][gc,metaspace] GC(1) Metaspace: 20081K(20288K)->20081K(20288K) NonClass: 18137K(18240K)->18137K(18240K) Class: 1943K(2048K)->1943K(2048K)
[2025-07-02T00:12:35.321+0530][1.149s][info][gc          ] GC(1) Pause Young (Normal) (G1 Evacuation Pause) 22M->7M(320M) 2.985ms
[2025-07-02T00:12:35.321+0530][1.149s][info][gc,cpu      ] GC(1) User=0.02s Sys=0.00s Real=0.00s
[2025-07-02T00:12:35.453+0530][1.281s][info][gc,start    ] GC(2) Pause Young (Concurrent Start) (Metadata GC Threshold)
[2025-07-02T00:12:35.453+0530][1.281s][info][gc,task     ] GC(2) Using 7 workers of 13 for evacuation
[2025-07-02T00:12:35.455+0530][1.283s][info][gc,phases   ] GC(2)   Pre Evacuate Collection Set: 0.1ms
[2025-07-02T00:12:35.455+0530][1.283s][info][gc,phases   ] GC(2)   Merge Heap Roots: 0.0ms
[2025-07-02T00:12:35.455+0530][1.283s][info][gc,phases   ] GC(2)   Evacuate Collection Set: 0.9ms
[2025-07-02T00:12:35.455+0530][1.283s][info][gc,phases   ] GC(2)   Post Evacuate Collection Set: 0.3ms
[2025-07-02T00:12:35.455+0530][1.283s][info][gc,phases   ] GC(2)   Other: 0.1ms
[2025-07-02T00:12:35.455+0530][1.283s][info][gc,heap     ] GC(2) Eden regions: 2->0(27)
[2025-07-02T00:12:35.455+0530][1.283s][info][gc,heap     ] GC(2) Survivor regions: 1->1(2)
[2025-07-02T00:12:35.455+0530][1.283s][info][gc,heap     ] GC(2) Old regions: 2->2
[2025-07-02T00:12:35.455+0530][1.283s][info][gc,heap     ] GC(2) Humongous regions: 0->0
[2025-07-02T00:12:35.455+0530][1.283s][info][gc,metaspace] GC(2) Metaspace: 21230K(21504K)->21230K(21504K) NonClass: 19124K(19264K)->19124K(19264K) Class: 2106K(2240K)->2106K(2240K)
[2025-07-02T00:12:35.455+0530][1.283s][info][gc          ] GC(2) Pause Young (Concurrent Start) (Metadata GC Threshold) 13M->8M(320M) 1.634ms
[2025-07-02T00:12:35.455+0530][1.283s][info][gc,cpu      ] GC(2) User=0.00s Sys=0.00s Real=0.00s
[2025-07-02T00:12:35.455+0530][1.283s][info][gc          ] GC(3) Concurrent Mark Cycle
[2025-07-02T00:12:35.455+0530][1.283s][info][gc,marking  ] GC(3) Concurrent Scan Root Regions
[2025-07-02T00:12:35.456+0530][1.284s][info][gc,marking  ] GC(3) Concurrent Scan Root Regions 1.430ms
[2025-07-02T00:12:35.456+0530][1.284s][info][gc,marking  ] GC(3) Concurrent Mark
[2025-07-02T00:12:35.456+0530][1.284s][info][gc,marking  ] GC(3) Concurrent Mark From Roots
[2025-07-02T00:12:35.456+0530][1.285s][info][gc,task     ] GC(3) Using 3 workers of 3 for marking
[2025-07-02T00:12:35.460+0530][1.288s][info][gc,marking  ] GC(3) Concurrent Mark From Roots 3.826ms
[2025-07-02T00:12:35.460+0530][1.288s][info][gc,marking  ] GC(3) Concurrent Preclean
[2025-07-02T00:12:35.460+0530][1.288s][info][gc,marking  ] GC(3) Concurrent Preclean 0.033ms
[2025-07-02T00:12:35.460+0530][1.288s][info][gc,start    ] GC(3) Pause Remark
[2025-07-02T00:12:35.462+0530][1.290s][info][gc          ] GC(3) Pause Remark 9M->9M(40M) 1.521ms
[2025-07-02T00:12:35.462+0530][1.290s][info][gc,cpu      ] GC(3) User=0.03s Sys=0.00s Real=0.00s
[2025-07-02T00:12:35.462+0530][1.290s][info][gc,marking  ] GC(3) Concurrent Mark 5.611ms
[2025-07-02T00:12:35.462+0530][1.290s][info][gc,marking  ] GC(3) Concurrent Rebuild Remembered Sets and Scrub Regions
[2025-07-02T00:12:35.463+0530][1.291s][info][gc,marking  ] GC(3) Concurrent Rebuild Remembered Sets and Scrub Regions 1.051ms
[2025-07-02T00:12:35.463+0530][1.291s][info][gc,start    ] GC(3) Pause Cleanup
[2025-07-02T00:12:35.463+0530][1.291s][info][gc          ] GC(3) Pause Cleanup 9M->9M(40M) 0.059ms
[2025-07-02T00:12:35.463+0530][1.291s][info][gc,cpu      ] GC(3) User=0.00s Sys=0.00s Real=0.00s
[2025-07-02T00:12:35.463+0530][1.291s][info][gc,marking  ] GC(3) Concurrent Clear Claimed Marks
[2025-07-02T00:12:35.463+0530][1.291s][info][gc,marking  ] GC(3) Concurrent Clear Claimed Marks 0.035ms
[2025-07-02T00:12:35.463+0530][1.291s][info][gc,marking  ] GC(3) Concurrent Cleanup for Next Mark
[2025-07-02T00:12:35.464+0530][1.291s][info][gc,marking  ] GC(3) Concurrent Cleanup for Next Mark 0.203ms
[2025-07-02T00:12:35.464+0530][1.291s][info][gc          ] GC(3) Concurrent Mark Cycle 8.716ms
[2025-07-02T00:12:35.679+0530][1.507s][info][gc,start    ] GC(4) Pause Young (Prepare Mixed) (G1 Evacuation Pause)
[2025-07-02T00:12:35.679+0530][1.507s][info][gc,task     ] GC(4) Using 8 workers of 13 for evacuation
[2025-07-02T00:12:35.681+0530][1.509s][info][gc,phases   ] GC(4)   Pre Evacuate Collection Set: 0.1ms
[2025-07-02T00:12:35.681+0530][1.509s][info][gc,phases   ] GC(4)   Merge Heap Roots: 0.0ms
[2025-07-02T00:12:35.681+0530][1.509s][info][gc,phases   ] GC(4)   Evacuate Collection Set: 1.6ms
[2025-07-02T00:12:35.681+0530][1.509s][info][gc,phases   ] GC(4)   Post Evacuate Collection Set: 0.3ms
[2025-07-02T00:12:35.681+0530][1.509s][info][gc,phases   ] GC(4)   Other: 0.1ms
[2025-07-02T00:12:35.681+0530][1.509s][info][gc,heap     ] GC(4) Eden regions: 5->0(4)
[2025-07-02T00:12:35.681+0530][1.509s][info][gc,heap     ] GC(4) Survivor regions: 1->1(1)
[2025-07-02T00:12:35.681+0530][1.509s][info][gc,heap     ] GC(4) Old regions: 2->2
[2025-07-02T00:12:35.681+0530][1.509s][info][gc,heap     ] GC(4) Humongous regions: 0->0
[2025-07-02T00:12:35.681+0530][1.509s][info][gc,metaspace] GC(4) Metaspace: 26053K(26304K)->26053K(26304K) NonClass: 23361K(23488K)->23361K(23488K) Class: 2691K(2816K)->2691K(2816K)
[2025-07-02T00:12:35.681+0530][1.509s][info][gc          ] GC(4) Pause Young (Prepare Mixed) (G1 Evacuation Pause) 28M->9M(40M) 2.278ms
[2025-07-02T00:12:35.681+0530][1.509s][info][gc,cpu      ] GC(4) User=0.08s Sys=0.03s Real=0.00s
[2025-07-02T00:12:35.843+0530][1.671s][info][gc,start    ] GC(5) Pause Young (Mixed) (G1 Evacuation Pause)
[2025-07-02T00:12:35.843+0530][1.671s][info][gc,task     ] GC(5) Using 8 workers of 13 for evacuation
[2025-07-02T00:12:35.847+0530][1.675s][info][gc,phases   ] GC(5)   Pre Evacuate Collection Set: 0.1ms
[2025-07-02T00:12:35.847+0530][1.675s][info][gc,phases   ] GC(5)   Merge Heap Roots: 0.0ms
[2025-07-02T00:12:35.847+0530][1.675s][info][gc,phases   ] GC(5)   Evacuate Collection Set: 2.7ms
[2025-07-02T00:12:35.847+0530][1.675s][info][gc,phases   ] GC(5)   Post Evacuate Collection Set: 0.4ms
[2025-07-02T00:12:35.847+0530][1.675s][info][gc,phases   ] GC(5)   Other: 0.1ms
[2025-07-02T00:12:35.847+0530][1.675s][info][gc,heap     ] GC(5) Eden regions: 4->0(4)
[2025-07-02T00:12:35.847+0530][1.675s][info][gc,heap     ] GC(5) Survivor regions: 1->1(1)
[2025-07-02T00:12:35.847+0530][1.675s][info][gc,heap     ] GC(5) Old regions: 2->2
[2025-07-02T00:12:35.847+0530][1.675s][info][gc,heap     ] GC(5) Humongous regions: 0->0
[2025-07-02T00:12:35.847+0530][1.675s][info][gc,metaspace] GC(5) Metaspace: 30244K(30528K)->30244K(30528K) NonClass: 26985K(27136K)->26985K(27136K) Class: 3258K(3392K)->3258K(3392K)
[2025-07-02T00:12:35.847+0530][1.675s][info][gc          ] GC(5) Pause Young (Mixed) (G1 Evacuation Pause) 25M->10M(40M) 3.530ms
[2025-07-02T00:12:35.847+0530][1.675s][info][gc,cpu      ] GC(5) User=0.00s Sys=0.00s Real=0.00s
[2025-07-02T00:12:36.614+0530][2.442s][info][gc,start    ] GC(6) Pause Young (Normal) (G1 Evacuation Pause)
[2025-07-02T00:12:36.614+0530][2.442s][info][gc,task     ] GC(6) Using 7 workers of 13 for evacuation
[2025-07-02T00:12:36.616+0530][2.444s][info][gc,phases   ] GC(6)   Pre Evacuate Collection Set: 0.1ms
[2025-07-02T00:12:36.616+0530][2.444s][info][gc,phases   ] GC(6)   Merge Heap Roots: 0.0ms
[2025-07-02T00:12:36.616+0530][2.444s][info][gc,phases   ] GC(6)   Evacuate Collection Set: 1.5ms
[2025-07-02T00:12:36.616+0530][2.444s][info][gc,phases   ] GC(6)   Post Evacuate Collection Set: 0.2ms
[2025-07-02T00:12:36.616+0530][2.444s][info][gc,phases   ] GC(6)   Other: 0.1ms
[2025-07-02T00:12:36.616+0530][2.444s][info][gc,heap     ] GC(6) Eden regions: 4->0(3)
[2025-07-02T00:12:36.616+0530][2.444s][info][gc,heap     ] GC(6) Survivor regions: 1->1(1)
[2025-07-02T00:12:36.616+0530][2.444s][info][gc,heap     ] GC(6) Old regions: 2->3
[2025-07-02T00:12:36.616+0530][2.444s][info][gc,heap     ] GC(6) Humongous regions: 0->0
[2025-07-02T00:12:36.616+0530][2.444s][info][gc,metaspace] GC(6) Metaspace: 32377K(32704K)->32377K(32704K) NonClass: 28949K(29120K)->28949K(29120K) Class: 3427K(3584K)->3427K(3584K)
[2025-07-02T00:12:36.616+0530][2.444s][info][gc          ] GC(6) Pause Young (Normal) (G1 Evacuation Pause) 26M->12M(40M) 2.053ms
[2025-07-02T00:12:36.616+0530][2.444s][info][gc,cpu      ] GC(6) User=0.00s Sys=0.00s Real=0.00s
[2025-07-02T00:12:36.973+0530][2.801s][info][gc,start    ] GC(7) Pause Young (Normal) (G1 Evacuation Pause)
[2025-07-02T00:12:36.973+0530][2.801s][info][gc,task     ] GC(7) Using 6 workers of 13 for evacuation
[2025-07-02T00:12:36.975+0530][2.803s][info][gc,phases   ] GC(7)   Pre Evacuate Collection Set: 0.1ms
[2025-07-02T00:12:36.975+0530][2.803s][info][gc,phases   ] GC(7)   Merge Heap Roots: 0.0ms
[2025-07-02T00:12:36.975+0530][2.803s][info][gc,phases   ] GC(7)   Evacuate Collection Set: 1.7ms
[2025-07-02T00:12:36.975+0530][2.803s][info][gc,phases   ] GC(7)   Post Evacuate Collection Set: 0.3ms
[2025-07-02T00:12:36.975+0530][2.803s][info][gc,phases   ] GC(7)   Other: 0.1ms
[2025-07-02T00:12:36.975+0530][2.803s][info][gc,heap     ] GC(7) Eden regions: 3->0(4)
[2025-07-02T00:12:36.975+0530][2.803s][info][gc,heap     ] GC(7) Survivor regions: 1->1(1)
[2025-07-02T00:12:36.975+0530][2.803s][info][gc,heap     ] GC(7) Old regions: 3->3
[2025-07-02T00:12:36.975+0530][2.803s][info][gc,heap     ] GC(7) Humongous regions: 0->0
[2025-07-02T00:12:36.975+0530][2.803s][info][gc,metaspace] GC(7) Metaspace: 33789K(34112K)->33789K(34112K) NonClass: 30188K(30336K)->30188K(30336K) Class: 3601K(3776K)->3601K(3776K)
[2025-07-02T00:12:36.975+0530][2.803s][info][gc          ] GC(7) Pause Young (Normal) (G1 Evacuation Pause) 24M->14M(40M) 2.337ms
[2025-07-02T00:12:36.975+0530][2.803s][info][gc,cpu      ] GC(7) User=0.00s Sys=0.00s Real=0.00s
[2025-07-02T00:12:37.267+0530][3.095s][info][gc,start    ] GC(8) Pause Young (Normal) (G1 Evacuation Pause)
[2025-07-02T00:12:37.267+0530][3.095s][info][gc,task     ] GC(8) Using 6 workers of 13 for evacuation
[2025-07-02T00:12:37.270+0530][3.098s][info][gc,phases   ] GC(8)   Pre Evacuate Collection Set: 0.1ms
[2025-07-02T00:12:37.270+0530][3.098s][info][gc,phases   ] GC(8)   Merge Heap Roots: 0.1ms
[2025-07-02T00:12:37.270+0530][3.098s][info][gc,phases   ] GC(8)   Evacuate Collection Set: 2.0ms
[2025-07-02T00:12:37.270+0530][3.098s][info][gc,phases   ] GC(8)   Post Evacuate Collection Set: 0.2ms
[2025-07-02T00:12:37.270+0530][3.098s][info][gc,phases   ] GC(8)   Other: 0.1ms
[2025-07-02T00:12:37.270+0530][3.098s][info][gc,heap     ] GC(8) Eden regions: 4->0(3)
[2025-07-02T00:12:37.270+0530][3.098s][info][gc,heap     ] GC(8) Survivor regions: 1->1(1)
[2025-07-02T00:12:37.270+0530][3.098s][info][gc,heap     ] GC(8) Old regions: 3->4
[2025-07-02T00:12:37.270+0530][3.098s][info][gc,heap     ] GC(8) Humongous regions: 0->0
[2025-07-02T00:12:37.270+0530][3.098s][info][gc,metaspace] GC(8) Metaspace: 34558K(34944K)->34558K(34944K) NonClass: 30859K(31104K)->30859K(31104K) Class: 3699K(3840K)->3699K(3840K)
[2025-07-02T00:12:37.270+0530][3.098s][info][gc          ] GC(8) Pause Young (Normal) (G1 Evacuation Pause) 30M->15M(40M) 2.888ms
[2025-07-02T00:12:37.270+0530][3.098s][info][gc,cpu      ] GC(8) User=0.00s Sys=0.00s Real=0.00s
[2025-07-02T00:12:37.385+0530][3.213s][info][gc,start    ] GC(9) Pause Young (Concurrent Start) (Metadata GC Threshold)
[2025-07-02T00:12:37.385+0530][3.213s][info][gc,task     ] GC(9) Using 6 workers of 13 for evacuation
[2025-07-02T00:12:37.386+0530][3.214s][info][gc,phases   ] GC(9)   Pre Evacuate Collection Set: 0.1ms
[2025-07-02T00:12:37.386+0530][3.214s][info][gc,phases   ] GC(9)   Merge Heap Roots: 0.0ms
[2025-07-02T00:12:37.386+0530][3.214s][info][gc,phases   ] GC(9)   Evacuate Collection Set: 1.0ms
[2025-07-02T00:12:37.386+0530][3.214s][info][gc,phases   ] GC(9)   Post Evacuate Collection Set: 0.2ms
[2025-07-02T00:12:37.386+0530][3.214s][info][gc,phases   ] GC(9)   Other: 0.1ms
[2025-07-02T00:12:37.386+0530][3.214s][info][gc,heap     ] GC(9) Eden regions: 2->0(3)
[2025-07-02T00:12:37.387+0530][3.215s][info][gc,heap     ] GC(9) Survivor regions: 1->1(1)
[2025-07-02T00:12:37.387+0530][3.215s][info][gc,heap     ] GC(9) Old regions: 4->4
[2025-07-02T00:12:37.387+0530][3.215s][info][gc,heap     ] GC(9) Humongous regions: 0->0
[2025-07-02T00:12:37.387+0530][3.215s][info][gc,metaspace] GC(9) Metaspace: 35645K(35968K)->35645K(35968K) NonClass: 31807K(32000K)->31807K(32000K) Class: 3837K(3968K)->3837K(3968K)
[2025-07-02T00:12:37.387+0530][3.215s][info][gc          ] GC(9) Pause Young (Concurrent Start) (Metadata GC Threshold) 20M->15M(40M) 1.682ms
[2025-07-02T00:12:37.387+0530][3.215s][info][gc          ] GC(10) Concurrent Mark Cycle
[2025-07-02T00:12:37.387+0530][3.215s][info][gc,cpu      ] GC(9) User=0.00s Sys=0.00s Real=0.00s
[2025-07-02T00:12:37.387+0530][3.215s][info][gc,marking  ] GC(10) Concurrent Scan Root Regions
[2025-07-02T00:12:37.388+0530][3.216s][info][gc,marking  ] GC(10) Concurrent Scan Root Regions 1.636ms
[2025-07-02T00:12:37.388+0530][3.216s][info][gc,marking  ] GC(10) Concurrent Mark
[2025-07-02T00:12:37.388+0530][3.216s][info][gc,marking  ] GC(10) Concurrent Mark From Roots
[2025-07-02T00:12:37.388+0530][3.216s][info][gc,task     ] GC(10) Using 3 workers of 3 for marking
[2025-07-02T00:12:37.393+0530][3.221s][info][gc,marking  ] GC(10) Concurrent Mark From Roots 4.411ms
[2025-07-02T00:12:37.393+0530][3.221s][info][gc,marking  ] GC(10) Concurrent Preclean
[2025-07-02T00:12:37.393+0530][3.221s][info][gc,marking  ] GC(10) Concurrent Preclean 0.081ms
[2025-07-02T00:12:37.393+0530][3.221s][info][gc,start    ] GC(10) Pause Remark
[2025-07-02T00:12:37.395+0530][3.223s][info][gc          ] GC(10) Pause Remark 15M->15M(40M) 2.206ms
[2025-07-02T00:12:37.395+0530][3.223s][info][gc,cpu      ] GC(10) User=0.00s Sys=0.00s Real=0.00s
[2025-07-02T00:12:37.396+0530][3.223s][info][gc,marking  ] GC(10) Concurrent Mark 6.922ms
[2025-07-02T00:12:37.396+0530][3.223s][info][gc,marking  ] GC(10) Concurrent Rebuild Remembered Sets and Scrub Regions
[2025-07-02T00:12:37.398+0530][3.225s][info][gc,marking  ] GC(10) Concurrent Rebuild Remembered Sets and Scrub Regions 2.047ms
[2025-07-02T00:12:37.398+0530][3.225s][info][gc,start    ] GC(10) Pause Cleanup
[2025-07-02T00:12:37.398+0530][3.225s][info][gc          ] GC(10) Pause Cleanup 15M->15M(40M) 0.074ms
[2025-07-02T00:12:37.398+0530][3.225s][info][gc,cpu      ] GC(10) User=0.00s Sys=0.00s Real=0.00s
[2025-07-02T00:12:37.398+0530][3.225s][info][gc,marking  ] GC(10) Concurrent Clear Claimed Marks
[2025-07-02T00:12:37.398+0530][3.226s][info][gc,marking  ] GC(10) Concurrent Clear Claimed Marks 0.039ms
[2025-07-02T00:12:37.398+0530][3.226s][info][gc,marking  ] GC(10) Concurrent Cleanup for Next Mark
[2025-07-02T00:12:37.398+0530][3.226s][info][gc,marking  ] GC(10) Concurrent Cleanup for Next Mark 0.064ms
[2025-07-02T00:12:37.398+0530][3.226s][info][gc          ] GC(10) Concurrent Mark Cycle 11.033ms
[2025-07-02T00:12:37.711+0530][3.539s][info][gc,start    ] GC(11) Pause Young (Normal) (G1 Evacuation Pause)
[2025-07-02T00:12:37.711+0530][3.539s][info][gc,task     ] GC(11) Using 6 workers of 13 for evacuation
[2025-07-02T00:12:37.713+0530][3.541s][info][gc,phases   ] GC(11)   Pre Evacuate Collection Set: 0.1ms
[2025-07-02T00:12:37.713+0530][3.541s][info][gc,phases   ] GC(11)   Merge Heap Roots: 0.1ms
[2025-07-02T00:12:37.713+0530][3.541s][info][gc,phases   ] GC(11)   Evacuate Collection Set: 1.6ms
[2025-07-02T00:12:37.713+0530][3.541s][info][gc,phases   ] GC(11)   Post Evacuate Collection Set: 0.2ms
[2025-07-02T00:12:37.713+0530][3.541s][info][gc,phases   ] GC(11)   Other: 0.1ms
[2025-07-02T00:12:37.713+0530][3.541s][info][gc,heap     ] GC(11) Eden regions: 3->0(3)
[2025-07-02T00:12:37.713+0530][3.541s][info][gc,heap     ] GC(11) Survivor regions: 1->1(1)
[2025-07-02T00:12:37.713+0530][3.541s][info][gc,heap     ] GC(11) Old regions: 4->4
[2025-07-02T00:12:37.713+0530][3.541s][info][gc,heap     ] GC(11) Humongous regions: 0->0
[2025-07-02T00:12:37.713+0530][3.541s][info][gc,metaspace] GC(11) Metaspace: 37229K(37632K)->37229K(37632K) NonClass: 33179K(33408K)->33179K(33408K) Class: 4049K(4224K)->4049K(4224K)
[2025-07-02T00:12:37.713+0530][3.541s][info][gc          ] GC(11) Pause Young (Normal) (G1 Evacuation Pause) 27M->16M(40M) 2.259ms
[2025-07-02T00:12:37.713+0530][3.541s][info][gc,cpu      ] GC(11) User=0.00s Sys=0.00s Real=0.00s
[2025-07-02T00:12:37.849+0530][3.677s][info][gc,start    ] GC(12) Pause Young (Normal) (G1 Evacuation Pause)
[2025-07-02T00:12:37.849+0530][3.677s][info][gc,task     ] GC(12) Using 6 workers of 13 for evacuation
[2025-07-02T00:12:37.851+0530][3.679s][info][gc,phases   ] GC(12)   Pre Evacuate Collection Set: 0.1ms
[2025-07-02T00:12:37.851+0530][3.679s][info][gc,phases   ] GC(12)   Merge Heap Roots: 0.0ms
[2025-07-02T00:12:37.851+0530][3.679s][info][gc,phases   ] GC(12)   Evacuate Collection Set: 1.3ms
[2025-07-02T00:12:37.851+0530][3.679s][info][gc,phases   ] GC(12)   Post Evacuate Collection Set: 0.4ms
[2025-07-02T00:12:37.851+0530][3.679s][info][gc,phases   ] GC(12)   Other: 0.1ms
[2025-07-02T00:12:37.851+0530][3.679s][info][gc,heap     ] GC(12) Eden regions: 3->0(3)
[2025-07-02T00:12:37.851+0530][3.679s][info][gc,heap     ] GC(12) Survivor regions: 1->1(1)
[2025-07-02T00:12:37.851+0530][3.679s][info][gc,heap     ] GC(12) Old regions: 4->4
[2025-07-02T00:12:37.851+0530][3.679s][info][gc,heap     ] GC(12) Humongous regions: 0->0
[2025-07-02T00:12:37.851+0530][3.679s][info][gc,metaspace] GC(12) Metaspace: 38299K(38656K)->38299K(38656K) NonClass: 34079K(34304K)->34079K(34304K) Class: 4220K(4352K)->4220K(4352K)
[2025-07-02T00:12:37.851+0530][3.679s][info][gc          ] GC(12) Pause Young (Normal) (G1 Evacuation Pause) 28M->17M(40M) 2.046ms
[2025-07-02T00:12:37.851+0530][3.679s][info][gc,cpu      ] GC(12) User=0.00s Sys=0.00s Real=0.00s
[2025-07-02T00:12:37.979+0530][3.807s][info][gc,start    ] GC(13) Pause Young (Normal) (G1 Evacuation Pause)
[2025-07-02T00:12:37.979+0530][3.807s][info][gc,task     ] GC(13) Using 6 workers of 13 for evacuation
[2025-07-02T00:12:37.980+0530][3.809s][info][gc,phases   ] GC(13)   Pre Evacuate Collection Set: 0.1ms
[2025-07-02T00:12:37.980+0530][3.809s][info][gc,phases   ] GC(13)   Merge Heap Roots: 0.0ms
[2025-07-02T00:12:37.980+0530][3.809s][info][gc,phases   ] GC(13)   Evacuate Collection Set: 1.1ms
[2025-07-02T00:12:37.980+0530][3.809s][info][gc,phases   ] GC(13)   Post Evacuate Collection Set: 0.5ms
[2025-07-02T00:12:37.980+0530][3.809s][info][gc,phases   ] GC(13)   Other: 0.1ms
[2025-07-02T00:12:37.981+0530][3.809s][info][gc,heap     ] GC(13) Eden regions: 3->0(26)
[2025-07-02T00:12:37.981+0530][3.809s][info][gc,heap     ] GC(13) Survivor regions: 1->1(1)
[2025-07-02T00:12:37.981+0530][3.809s][info][gc,heap     ] GC(13) Old regions: 4->4
[2025-07-02T00:12:37.981+0530][3.809s][info][gc,heap     ] GC(13) Humongous regions: 0->0
[2025-07-02T00:12:37.981+0530][3.809s][info][gc,metaspace] GC(13) Metaspace: 39158K(39488K)->39158K(39488K) NonClass: 34823K(35008K)->34823K(35008K) Class: 4334K(4480K)->4334K(4480K)
[2025-07-02T00:12:37.981+0530][3.809s][info][gc          ] GC(13) Pause Young (Normal) (G1 Evacuation Pause) 29M->17M(180M) 1.918ms
[2025-07-02T00:12:37.981+0530][3.809s][info][gc,cpu      ] GC(13) User=0.00s Sys=0.00s Real=0.00s
[2025-07-02T00:12:40.229+0530][6.057s][info][gc,start    ] GC(14) Pause Young (Normal) (G1 Evacuation Pause)
[2025-07-02T00:12:40.229+0530][6.057s][info][gc,task     ] GC(14) Using 12 workers of 13 for evacuation
[2025-07-02T00:12:40.235+0530][6.064s][info][gc,phases   ] GC(14)   Pre Evacuate Collection Set: 0.1ms
[2025-07-02T00:12:40.235+0530][6.064s][info][gc,phases   ] GC(14)   Merge Heap Roots: 0.0ms
[2025-07-02T00:12:40.235+0530][6.064s][info][gc,phases   ] GC(14)   Evacuate Collection Set: 5.4ms
[2025-07-02T00:12:40.235+0530][6.064s][info][gc,phases   ] GC(14)   Post Evacuate Collection Set: 0.8ms
[2025-07-02T00:12:40.235+0530][6.064s][info][gc,phases   ] GC(14)   Other: 0.1ms
[2025-07-02T00:12:40.235+0530][6.064s][info][gc,heap     ] GC(14) Eden regions: 26->0(24)
[2025-07-02T00:12:40.235+0530][6.064s][info][gc,heap     ] GC(14) Survivor regions: 1->3(4)
[2025-07-02T00:12:40.235+0530][6.064s][info][gc,heap     ] GC(14) Old regions: 4->4
[2025-07-02T00:12:40.235+0530][6.064s][info][gc,heap     ] GC(14) Humongous regions: 0->0
[2025-07-02T00:12:40.235+0530][6.064s][info][gc,metaspace] GC(14) Metaspace: 58295K(58880K)->58295K(58880K) NonClass: 51252K(51584K)->51252K(51584K) Class: 7042K(7296K)->7042K(7296K)
[2025-07-02T00:12:40.235+0530][6.064s][info][gc          ] GC(14) Pause Young (Normal) (G1 Evacuation Pause) 121M->27M(180M) 6.586ms
[2025-07-02T00:12:40.235+0530][6.064s][info][gc,cpu      ] GC(14) User=0.00s Sys=0.00s Real=0.01s
[2025-07-02T00:12:40.458+0530][6.285s][info][gc,start    ] GC(15) Pause Young (Concurrent Start) (Metadata GC Threshold)
[2025-07-02T00:12:40.458+0530][6.286s][info][gc,task     ] GC(15) Using 12 workers of 13 for evacuation
[2025-07-02T00:12:40.463+0530][6.290s][info][gc,phases   ] GC(15)   Pre Evacuate Collection Set: 0.1ms
[2025-07-02T00:12:40.463+0530][6.291s][info][gc,phases   ] GC(15)   Merge Heap Roots: 0.1ms
[2025-07-02T00:12:40.463+0530][6.291s][info][gc,phases   ] GC(15)   Evacuate Collection Set: 4.2ms
[2025-07-02T00:12:40.463+0530][6.291s][info][gc,phases   ] GC(15)   Post Evacuate Collection Set: 0.5ms
[2025-07-02T00:12:40.463+0530][6.291s][info][gc,phases   ] GC(15)   Other: 0.1ms
[2025-07-02T00:12:40.463+0530][6.291s][info][gc,heap     ] GC(15) Eden regions: 3->0(26)
[2025-07-02T00:12:40.463+0530][6.291s][info][gc,heap     ] GC(15) Survivor regions: 3->1(4)
[2025-07-02T00:12:40.463+0530][6.291s][info][gc,heap     ] GC(15) Old regions: 4->7
[2025-07-02T00:12:40.463+0530][6.291s][info][gc,heap     ] GC(15) Humongous regions: 0->0
[2025-07-02T00:12:40.463+0530][6.291s][info][gc,metaspace] GC(15) Metaspace: 59535K(60096K)->59535K(60096K) NonClass: 52323K(52608K)->52323K(52608K) Class: 7212K(7488K)->7212K(7488K)
[2025-07-02T00:12:40.463+0530][6.291s][info][gc          ] GC(15) Pause Young (Concurrent Start) (Metadata GC Threshold) 38M->29M(180M) 5.266ms
[2025-07-02T00:12:40.463+0530][6.291s][info][gc          ] GC(16) Concurrent Mark Cycle
[2025-07-02T00:12:40.463+0530][6.291s][info][gc,cpu      ] GC(15) User=0.02s Sys=0.00s Real=0.01s
[2025-07-02T00:12:40.463+0530][6.291s][info][gc,marking  ] GC(16) Concurrent Scan Root Regions
[2025-07-02T00:12:40.467+0530][6.294s][info][gc,marking  ] GC(16) Concurrent Scan Root Regions 3.629ms
[2025-07-02T00:12:40.467+0530][6.294s][info][gc,marking  ] GC(16) Concurrent Mark
[2025-07-02T00:12:40.467+0530][6.294s][info][gc,marking  ] GC(16) Concurrent Mark From Roots
[2025-07-02T00:12:40.467+0530][6.294s][info][gc,task     ] GC(16) Using 3 workers of 3 for marking
[2025-07-02T00:12:40.474+0530][6.302s][info][gc,marking  ] GC(16) Concurrent Mark From Roots 7.673ms
[2025-07-02T00:12:40.474+0530][6.302s][info][gc,marking  ] GC(16) Concurrent Preclean
[2025-07-02T00:12:40.474+0530][6.302s][info][gc,marking  ] GC(16) Concurrent Preclean 0.089ms
[2025-07-02T00:12:40.474+0530][6.302s][info][gc,start    ] GC(16) Pause Remark
[2025-07-02T00:12:40.478+0530][6.307s][info][gc          ] GC(16) Pause Remark 30M->30M(108M) 4.418ms
[2025-07-02T00:12:40.478+0530][6.307s][info][gc,cpu      ] GC(16) User=0.00s Sys=0.00s Real=0.00s
[2025-07-02T00:12:40.478+0530][6.307s][info][gc,marking  ] GC(16) Concurrent Mark 12.418ms
[2025-07-02T00:12:40.478+0530][6.307s][info][gc,marking  ] GC(16) Concurrent Rebuild Remembered Sets and Scrub Regions
[2025-07-02T00:12:40.483+0530][6.311s][info][gc,marking  ] GC(16) Concurrent Rebuild Remembered Sets and Scrub Regions 4.554ms
[2025-07-02T00:12:40.483+0530][6.312s][info][gc,start    ] GC(16) Pause Cleanup
[2025-07-02T00:12:40.483+0530][6.312s][info][gc          ] GC(16) Pause Cleanup 30M->30M(108M) 0.087ms
[2025-07-02T00:12:40.483+0530][6.312s][info][gc,cpu      ] GC(16) User=0.00s Sys=0.00s Real=0.00s
[2025-07-02T00:12:40.483+0530][6.312s][info][gc,marking  ] GC(16) Concurrent Clear Claimed Marks
[2025-07-02T00:12:40.483+0530][6.312s][info][gc,marking  ] GC(16) Concurrent Clear Claimed Marks 0.060ms
[2025-07-02T00:12:40.483+0530][6.312s][info][gc,marking  ] GC(16) Concurrent Cleanup for Next Mark
[2025-07-02T00:12:40.484+0530][6.312s][info][gc,marking  ] GC(16) Concurrent Cleanup for Next Mark 0.420ms
[2025-07-02T00:12:40.484+0530][6.312s][info][gc          ] GC(16) Concurrent Mark Cycle 21.497ms
[2025-07-02T00:12:41.374+0530][7.202s][info][gc,start    ] GC(17) Pause Young (Prepare Mixed) (G1 Evacuation Pause)
[2025-07-02T00:12:41.374+0530][7.202s][info][gc,task     ] GC(17) Using 13 workers of 13 for evacuation
[2025-07-02T00:12:41.377+0530][7.206s][info][gc,phases   ] GC(17)   Pre Evacuate Collection Set: 0.1ms
[2025-07-02T00:12:41.377+0530][7.206s][info][gc,phases   ] GC(17)   Merge Heap Roots: 0.1ms
[2025-07-02T00:12:41.377+0530][7.206s][info][gc,phases   ] GC(17)   Evacuate Collection Set: 2.6ms
[2025-07-02T00:12:41.377+0530][7.206s][info][gc,phases   ] GC(17)   Post Evacuate Collection Set: 0.5ms
[2025-07-02T00:12:41.377+0530][7.206s][info][gc,phases   ] GC(17)   Other: 0.1ms
[2025-07-02T00:12:41.377+0530][7.206s][info][gc,heap     ] GC(17) Eden regions: 15->0(14)
[2025-07-02T00:12:41.377+0530][7.206s][info][gc,heap     ] GC(17) Survivor regions: 1->2(2)
[2025-07-02T00:12:41.377+0530][7.206s][info][gc,heap     ] GC(17) Old regions: 7->7
[2025-07-02T00:12:41.377+0530][7.206s][info][gc,heap     ] GC(17) Humongous regions: 0->0
[2025-07-02T00:12:41.377+0530][7.206s][info][gc,metaspace] GC(17) Metaspace: 64216K(64832K)->64216K(64832K) NonClass: 56372K(56704K)->56372K(56704K) Class: 7844K(8128K)->7844K(8128K)
[2025-07-02T00:12:41.377+0530][7.206s][info][gc          ] GC(17) Pause Young (Prepare Mixed) (G1 Evacuation Pause) 89M->32M(108M) 3.697ms
[2025-07-02T00:12:41.377+0530][7.206s][info][gc,cpu      ] GC(17) User=0.00s Sys=0.00s Real=0.00s
[2025-07-02T00:12:42.045+0530][7.873s][info][gc,start    ] GC(18) Pause Young (Mixed) (G1 Evacuation Pause)
[2025-07-02T00:12:42.045+0530][7.873s][info][gc,task     ] GC(18) Using 13 workers of 13 for evacuation
[2025-07-02T00:12:42.051+0530][7.879s][info][gc,phases   ] GC(18)   Pre Evacuate Collection Set: 0.1ms
[2025-07-02T00:12:42.051+0530][7.879s][info][gc,phases   ] GC(18)   Merge Heap Roots: 0.1ms
[2025-07-02T00:12:42.051+0530][7.879s][info][gc,phases   ] GC(18)   Evacuate Collection Set: 4.7ms
[2025-07-02T00:12:42.051+0530][7.879s][info][gc,phases   ] GC(18)   Post Evacuate Collection Set: 0.5ms
[2025-07-02T00:12:42.051+0530][7.879s][info][gc,phases   ] GC(18)   Other: 0.1ms
[2025-07-02T00:12:42.051+0530][7.879s][info][gc,heap     ] GC(18) Eden regions: 14->0(13)
[2025-07-02T00:12:42.051+0530][7.879s][info][gc,heap     ] GC(18) Survivor regions: 2->2(2)
[2025-07-02T00:12:42.051+0530][7.879s][info][gc,heap     ] GC(18) Old regions: 7->8
[2025-07-02T00:12:42.051+0530][7.879s][info][gc,heap     ] GC(18) Humongous regions: 0->0
[2025-07-02T00:12:42.051+0530][7.879s][info][gc,metaspace] GC(18) Metaspace: 67587K(68224K)->67587K(68224K) NonClass: 59308K(59648K)->59308K(59648K) Class: 8278K(8576K)->8278K(8576K)
[2025-07-02T00:12:42.051+0530][7.879s][info][gc          ] GC(18) Pause Young (Mixed) (G1 Evacuation Pause) 88M->34M(108M) 5.666ms
[2025-07-02T00:12:42.051+0530][7.879s][info][gc,cpu      ] GC(18) User=0.00s Sys=0.00s Real=0.01s
[2025-07-02T00:12:42.693+0530][8.521s][info][gc,start    ] GC(19) Pause Young (Normal) (G1 Evacuation Pause)
[2025-07-02T00:12:42.693+0530][8.521s][info][gc,task     ] GC(19) Using 13 workers of 13 for evacuation
[2025-07-02T00:12:42.697+0530][8.526s][info][gc,phases   ] GC(19)   Pre Evacuate Collection Set: 0.1ms
[2025-07-02T00:12:42.697+0530][8.526s][info][gc,phases   ] GC(19)   Merge Heap Roots: 0.0ms
[2025-07-02T00:12:42.697+0530][8.526s][info][gc,phases   ] GC(19)   Evacuate Collection Set: 3.2ms
[2025-07-02T00:12:42.697+0530][8.526s][info][gc,phases   ] GC(19)   Post Evacuate Collection Set: 0.6ms
[2025-07-02T00:12:42.697+0530][8.526s][info][gc,phases   ] GC(19)   Other: 0.1ms
[2025-07-02T00:12:42.697+0530][8.526s][info][gc,heap     ] GC(19) Eden regions: 13->0(13)
[2025-07-02T00:12:42.697+0530][8.526s][info][gc,heap     ] GC(19) Survivor regions: 2->2(2)
[2025-07-02T00:12:42.697+0530][8.526s][info][gc,heap     ] GC(19) Old regions: 8->8
[2025-07-02T00:12:42.697+0530][8.526s][info][gc,heap     ] GC(19) Humongous regions: 0->0
[2025-07-02T00:12:42.697+0530][8.526s][info][gc,metaspace] GC(19) Metaspace: 71159K(71936K)->71159K(71936K) NonClass: 62341K(62784K)->62341K(62784K) Class: 8817K(9152K)->8817K(9152K)
[2025-07-02T00:12:42.697+0530][8.526s][info][gc          ] GC(19) Pause Young (Normal) (G1 Evacuation Pause) 86M->39M(108M) 4.314ms
[2025-07-02T00:12:42.697+0530][8.526s][info][gc,cpu      ] GC(19) User=0.02s Sys=0.00s Real=0.00s
[2025-07-02T00:12:44.593+0530][10.421s][info][gc,start    ] GC(20) Pause Young (Normal) (G1 Evacuation Pause)
[2025-07-02T00:12:44.593+0530][10.421s][info][gc,task     ] GC(20) Using 13 workers of 13 for evacuation
[2025-07-02T00:12:44.597+0530][10.425s][info][gc,phases   ] GC(20)   Pre Evacuate Collection Set: 0.2ms
[2025-07-02T00:12:44.597+0530][10.425s][info][gc,phases   ] GC(20)   Merge Heap Roots: 0.1ms
[2025-07-02T00:12:44.597+0530][10.425s][info][gc,phases   ] GC(20)   Evacuate Collection Set: 3.0ms
[2025-07-02T00:12:44.597+0530][10.425s][info][gc,phases   ] GC(20)   Post Evacuate Collection Set: 0.4ms
[2025-07-02T00:12:44.597+0530][10.425s][info][gc,phases   ] GC(20)   Other: 0.1ms
[2025-07-02T00:12:44.597+0530][10.425s][info][gc,heap     ] GC(20) Eden regions: 13->0(13)
[2025-07-02T00:12:44.597+0530][10.425s][info][gc,heap     ] GC(20) Survivor regions: 2->1(2)
[2025-07-02T00:12:44.597+0530][10.425s][info][gc,heap     ] GC(20) Old regions: 8->10
[2025-07-02T00:12:44.597+0530][10.425s][info][gc,heap     ] GC(20) Humongous regions: 0->0
[2025-07-02T00:12:44.597+0530][10.425s][info][gc,metaspace] GC(20) Metaspace: 74561K(75392K)->74561K(75392K) NonClass: 65295K(65728K)->65295K(65728K) Class: 9266K(9664K)->9266K(9664K)
[2025-07-02T00:12:44.597+0530][10.425s][info][gc          ] GC(20) Pause Young (Normal) (G1 Evacuation Pause) 91M->42M(108M) 3.941ms
[2025-07-02T00:12:44.597+0530][10.425s][info][gc,cpu      ] GC(20) User=0.00s Sys=0.00s Real=0.00s
[2025-07-02T00:16:06.007+0530][211.835s][info][gc,start    ] GC(21) Pause Young (Normal) (G1 Evacuation Pause)
[2025-07-02T00:16:06.007+0530][211.835s][info][gc,task     ] GC(21) Using 13 workers of 13 for evacuation
[2025-07-02T00:16:06.010+0530][211.838s][info][gc,phases   ] GC(21)   Pre Evacuate Collection Set: 0.1ms
[2025-07-02T00:16:06.010+0530][211.839s][info][gc,phases   ] GC(21)   Merge Heap Roots: 0.1ms
[2025-07-02T00:16:06.010+0530][211.839s][info][gc,phases   ] GC(21)   Evacuate Collection Set: 2.3ms
[2025-07-02T00:16:06.010+0530][211.839s][info][gc,phases   ] GC(21)   Post Evacuate Collection Set: 0.5ms
[2025-07-02T00:16:06.010+0530][211.839s][info][gc,phases   ] GC(21)   Other: 0.1ms
[2025-07-02T00:16:06.010+0530][211.839s][info][gc,heap     ] GC(21) Eden regions: 13->0(11)
[2025-07-02T00:16:06.010+0530][211.839s][info][gc,heap     ] GC(21) Survivor regions: 1->2(2)
[2025-07-02T00:16:06.010+0530][211.839s][info][gc,heap     ] GC(21) Old regions: 10->10
[2025-07-02T00:16:06.010+0530][211.839s][info][gc,heap     ] GC(21) Humongous regions: 0->0
[2025-07-02T00:16:06.010+0530][211.839s][info][gc,metaspace] GC(21) Metaspace: 82086K(83072K)->82086K(83072K) NonClass: 71922K(72448K)->71922K(72448K) Class: 10163K(10624K)->10163K(10624K)
[2025-07-02T00:16:06.010+0530][211.839s][info][gc          ] GC(21) Pause Young (Normal) (G1 Evacuation Pause) 94M->45M(108M) 3.349ms
[2025-07-02T00:16:06.010+0530][211.839s][info][gc,cpu      ] GC(21) User=0.00s Sys=0.00s Real=0.00s
[2025-07-02T00:20:40.949+0530][486.777s][info][gc,start    ] GC(22) Pause Young (Normal) (G1 Evacuation Pause)
[2025-07-02T00:20:40.949+0530][486.777s][info][gc,task     ] GC(22) Using 13 workers of 13 for evacuation
[2025-07-02T00:20:40.951+0530][486.780s][info][gc,phases   ] GC(22)   Pre Evacuate Collection Set: 0.2ms
[2025-07-02T00:20:40.951+0530][486.780s][info][gc,phases   ] GC(22)   Merge Heap Roots: 0.1ms
[2025-07-02T00:20:40.951+0530][486.780s][info][gc,phases   ] GC(22)   Evacuate Collection Set: 2.3ms
[2025-07-02T00:20:40.951+0530][486.780s][info][gc,phases   ] GC(22)   Post Evacuate Collection Set: 0.5ms
[2025-07-02T00:20:40.951+0530][486.780s][info][gc,phases   ] GC(22)   Other: 0.1ms
[2025-07-02T00:20:40.951+0530][486.780s][info][gc,heap     ] GC(22) Eden regions: 11->0(10)
[2025-07-02T00:20:40.951+0530][486.780s][info][gc,heap     ] GC(22) Survivor regions: 2->2(2)
[2025-07-02T00:20:40.951+0530][486.780s][info][gc,heap     ] GC(22) Old regions: 10->11
[2025-07-02T00:20:40.951+0530][486.780s][info][gc,heap     ] GC(22) Humongous regions: 0->0
[2025-07-02T00:20:40.951+0530][486.780s][info][gc,metaspace] GC(22) Metaspace: 88187K(89152K)->88187K(89152K) NonClass: 77364K(77888K)->77364K(77888K) Class: 10823K(11264K)->10823K(11264K)
[2025-07-02T00:20:40.951+0530][486.780s][info][gc          ] GC(22) Pause Young (Normal) (G1 Evacuation Pause) 89M->48M(108M) 3.489ms
[2025-07-02T00:20:40.951+0530][486.780s][info][gc,cpu      ] GC(22) User=0.00s Sys=0.00s Real=0.00s
[2025-07-02T00:28:25.784+0530][951.612s][info][gc,start    ] GC(23) Pause Young (Normal) (G1 Evacuation Pause)
[2025-07-02T00:28:25.784+0530][951.612s][info][gc,task     ] GC(23) Using 13 workers of 13 for evacuation
[2025-07-02T00:28:25.786+0530][951.614s][info][gc,phases   ] GC(23)   Pre Evacuate Collection Set: 0.1ms
[2025-07-02T00:28:25.786+0530][951.614s][info][gc,phases   ] GC(23)   Merge Heap Roots: 0.1ms
[2025-07-02T00:28:25.786+0530][951.614s][info][gc,phases   ] GC(23)   Evacuate Collection Set: 1.6ms
[2025-07-02T00:28:25.786+0530][951.614s][info][gc,phases   ] GC(23)   Post Evacuate Collection Set: 0.3ms
[2025-07-02T00:28:25.786+0530][951.614s][info][gc,phases   ] GC(23)   Other: 0.1ms
[2025-07-02T00:28:25.786+0530][951.614s][info][gc,heap     ] GC(23) Eden regions: 10->0(11)
[2025-07-02T00:28:25.786+0530][951.614s][info][gc,heap     ] GC(23) Survivor regions: 2->1(2)
[2025-07-02T00:28:25.786+0530][951.614s][info][gc,heap     ] GC(23) Old regions: 11->12
[2025-07-02T00:28:25.786+0530][951.614s][info][gc,heap     ] GC(23) Humongous regions: 0->0
[2025-07-02T00:28:25.786+0530][951.614s][info][gc,metaspace] GC(23) Metaspace: 88348K(89344K)->88348K(89344K) NonClass: 77525K(78080K)->77525K(78080K) Class: 10823K(11264K)->10823K(11264K)
[2025-07-02T00:28:25.786+0530][951.614s][info][gc          ] GC(23) Pause Young (Normal) (G1 Evacuation Pause) 88M->48M(108M) 2.315ms
[2025-07-02T00:28:25.786+0530][951.614s][info][gc,cpu      ] GC(23) User=0.00s Sys=0.00s Real=0.00s
