[2025-06-22T20:50:54.189+0530][0.009s][info][gc,init] CardTable entry size: 512
[2025-06-22T20:50:54.189+0530][0.009s][info][gc     ] Using G1
[2025-06-22T20:50:54.191+0530][0.010s][info][gc,init] Version: 21.0.7+6-LTS (release)
[2025-06-22T20:50:54.191+0530][0.010s][info][gc,init] CPUs: 16 total, 16 available
[2025-06-22T20:50:54.191+0530][0.010s][info][gc,init] Memory: 20332M
[2025-06-22T20:50:54.191+0530][0.010s][info][gc,init] Large Page Support: Disabled
[2025-06-22T20:50:54.191+0530][0.010s][info][gc,init] NUMA Support: Disabled
[2025-06-22T20:50:54.191+0530][0.010s][info][gc,init] Compressed Oops: Enabled (Zero based)
[2025-06-22T20:50:54.191+0530][0.010s][info][gc,init] Heap Region Size: 4M
[2025-06-22T20:50:54.191+0530][0.010s][info][gc,init] Heap Min Capacity: 8M
[2025-06-22T20:50:54.191+0530][0.011s][info][gc,init] Heap Initial Capacity: 320M
[2025-06-22T20:50:54.191+0530][0.011s][info][gc,init] Heap Max Capacity: 5084M
[2025-06-22T20:50:54.191+0530][0.011s][info][gc,init] Pre-touch: Disabled
[2025-06-22T20:50:54.191+0530][0.011s][info][gc,init] Parallel Workers: 13
[2025-06-22T20:50:54.191+0530][0.011s][info][gc,init] Concurrent Workers: 3
[2025-06-22T20:50:54.191+0530][0.011s][info][gc,init] Concurrent Refinement Workers: 13
[2025-06-22T20:50:54.191+0530][0.011s][info][gc,init] Periodic GC: Disabled
[2025-06-22T20:50:54.206+0530][0.026s][info][gc,metaspace] CDS archive(s) not mapped
[2025-06-22T20:50:54.206+0530][0.026s][info][gc,metaspace] Compressed class space mapped at: 0x0000000800000000-0x0000000840000000, reserved size: 1073741824
[2025-06-22T20:50:54.206+0530][0.026s][info][gc,metaspace] Narrow klass base: 0x0000000800000000, Narrow klass shift: 0, Narrow klass range: 0x40000000
[2025-06-22T20:50:54.685+0530][0.505s][info][gc,start    ] GC(0) Pause Young (Normal) (G1 Evacuation Pause)
[2025-06-22T20:50:54.685+0530][0.505s][info][gc,task     ] GC(0) Using 7 workers of 13 for evacuation
[2025-06-22T20:50:54.688+0530][0.508s][info][gc,phases   ] GC(0)   Pre Evacuate Collection Set: 0.1ms
[2025-06-22T20:50:54.688+0530][0.508s][info][gc,phases   ] GC(0)   Merge Heap Roots: 0.1ms
[2025-06-22T20:50:54.688+0530][0.508s][info][gc,phases   ] GC(0)   Evacuate Collection Set: 2.5ms
[2025-06-22T20:50:54.688+0530][0.508s][info][gc,phases   ] GC(0)   Post Evacuate Collection Set: 0.4ms
[2025-06-22T20:50:54.688+0530][0.508s][info][gc,phases   ] GC(0)   Other: 0.2ms
[2025-06-22T20:50:54.688+0530][0.508s][info][gc,heap     ] GC(0) Eden regions: 5->0(5)
[2025-06-22T20:50:54.688+0530][0.508s][info][gc,heap     ] GC(0) Survivor regions: 0->1(1)
[2025-06-22T20:50:54.688+0530][0.508s][info][gc,heap     ] GC(0) Old regions: 0->1
[2025-06-22T20:50:54.688+0530][0.508s][info][gc,heap     ] GC(0) Humongous regions: 0->0
[2025-06-22T20:50:54.688+0530][0.508s][info][gc,metaspace] GC(0) Metaspace: 15719K(15936K)->15719K(15936K) NonClass: 14273K(14400K)->14273K(14400K) Class: 1445K(1536K)->1445K(1536K)
[2025-06-22T20:50:54.688+0530][0.508s][info][gc          ] GC(0) Pause Young (Normal) (G1 Evacuation Pause) 20M->5M(320M) 3.498ms
[2025-06-22T20:50:54.688+0530][0.508s][info][gc,cpu      ] GC(0) User=0.00s Sys=0.00s Real=0.00s
[2025-06-22T20:50:54.919+0530][0.739s][info][gc,start    ] GC(1) Pause Young (Normal) (G1 Evacuation Pause)
[2025-06-22T20:50:54.919+0530][0.739s][info][gc,task     ] GC(1) Using 7 workers of 13 for evacuation
[2025-06-22T20:50:54.922+0530][0.742s][info][gc,phases   ] GC(1)   Pre Evacuate Collection Set: 0.2ms
[2025-06-22T20:50:54.922+0530][0.742s][info][gc,phases   ] GC(1)   Merge Heap Roots: 0.1ms
[2025-06-22T20:50:54.922+0530][0.742s][info][gc,phases   ] GC(1)   Evacuate Collection Set: 2.1ms
[2025-06-22T20:50:54.922+0530][0.742s][info][gc,phases   ] GC(1)   Post Evacuate Collection Set: 0.4ms
[2025-06-22T20:50:54.922+0530][0.742s][info][gc,phases   ] GC(1)   Other: 0.1ms
[2025-06-22T20:50:54.922+0530][0.742s][info][gc,heap     ] GC(1) Eden regions: 5->0(13)
[2025-06-22T20:50:54.922+0530][0.742s][info][gc,heap     ] GC(1) Survivor regions: 1->1(1)
[2025-06-22T20:50:54.922+0530][0.742s][info][gc,heap     ] GC(1) Old regions: 1->2
[2025-06-22T20:50:54.922+0530][0.742s][info][gc,heap     ] GC(1) Humongous regions: 0->0
[2025-06-22T20:50:54.922+0530][0.742s][info][gc,metaspace] GC(1) Metaspace: 18789K(19072K)->18789K(19072K) NonClass: 16982K(17152K)->16982K(17152K) Class: 1807K(1920K)->1807K(1920K)
[2025-06-22T20:50:54.922+0530][0.742s][info][gc          ] GC(1) Pause Young (Normal) (G1 Evacuation Pause) 25M->7M(320M) 2.987ms
[2025-06-22T20:50:54.922+0530][0.742s][info][gc,cpu      ] GC(1) User=0.00s Sys=0.00s Real=0.00s
[2025-06-22T20:50:55.079+0530][0.900s][info][gc,start    ] GC(2) Pause Young (Concurrent Start) (GCLocker Initiated GC)
[2025-06-22T20:50:55.079+0530][0.900s][info][gc,task     ] GC(2) Using 7 workers of 13 for evacuation
[2025-06-22T20:50:55.081+0530][0.901s][info][gc,phases   ] GC(2)   Pre Evacuate Collection Set: 0.1ms
[2025-06-22T20:50:55.081+0530][0.901s][info][gc,phases   ] GC(2)   Merge Heap Roots: 0.0ms
[2025-06-22T20:50:55.081+0530][0.901s][info][gc,phases   ] GC(2)   Evacuate Collection Set: 0.9ms
[2025-06-22T20:50:55.081+0530][0.901s][info][gc,phases   ] GC(2)   Post Evacuate Collection Set: 0.3ms
[2025-06-22T20:50:55.081+0530][0.901s][info][gc,phases   ] GC(2)   Other: 0.1ms
[2025-06-22T20:50:55.081+0530][0.901s][info][gc,heap     ] GC(2) Eden regions: 3->0(29)
[2025-06-22T20:50:55.081+0530][0.901s][info][gc,heap     ] GC(2) Survivor regions: 1->1(2)
[2025-06-22T20:50:55.081+0530][0.901s][info][gc,heap     ] GC(2) Old regions: 2->2
[2025-06-22T20:50:55.081+0530][0.901s][info][gc,heap     ] GC(2) Humongous regions: 0->0
[2025-06-22T20:50:55.081+0530][0.901s][info][gc,metaspace] GC(2) Metaspace: 21241K(21568K)->21241K(21568K) NonClass: 19142K(19328K)->19142K(19328K) Class: 2099K(2240K)->2099K(2240K)
[2025-06-22T20:50:55.081+0530][0.901s][info][gc          ] GC(2) Pause Young (Concurrent Start) (GCLocker Initiated GC) 18M->8M(320M) 1.581ms
[2025-06-22T20:50:55.081+0530][0.901s][info][gc,cpu      ] GC(2) User=0.00s Sys=0.00s Real=0.00s
[2025-06-22T20:50:55.081+0530][0.901s][info][gc          ] GC(3) Concurrent Mark Cycle
[2025-06-22T20:50:55.081+0530][0.901s][info][gc,marking  ] GC(3) Concurrent Scan Root Regions
[2025-06-22T20:50:55.082+0530][0.903s][info][gc,marking  ] GC(3) Concurrent Scan Root Regions 1.296ms
[2025-06-22T20:50:55.082+0530][0.903s][info][gc,marking  ] GC(3) Concurrent Mark
[2025-06-22T20:50:55.082+0530][0.903s][info][gc,marking  ] GC(3) Concurrent Mark From Roots
[2025-06-22T20:50:55.082+0530][0.903s][info][gc,task     ] GC(3) Using 3 workers of 3 for marking
[2025-06-22T20:50:55.085+0530][0.905s][info][gc,marking  ] GC(3) Concurrent Mark From Roots 2.487ms
[2025-06-22T20:50:55.085+0530][0.905s][info][gc,marking  ] GC(3) Concurrent Preclean
[2025-06-22T20:50:55.085+0530][0.905s][info][gc,marking  ] GC(3) Concurrent Preclean 0.024ms
[2025-06-22T20:50:55.085+0530][0.905s][info][gc,start    ] GC(3) Pause Remark
[2025-06-22T20:50:55.086+0530][0.906s][info][gc          ] GC(3) Pause Remark 8M->8M(40M) 1.019ms
[2025-06-22T20:50:55.086+0530][0.906s][info][gc,cpu      ] GC(3) User=0.00s Sys=0.00s Real=0.00s
[2025-06-22T20:50:55.086+0530][0.906s][info][gc,marking  ] GC(3) Concurrent Mark 3.658ms
[2025-06-22T20:50:55.086+0530][0.906s][info][gc,marking  ] GC(3) Concurrent Rebuild Remembered Sets and Scrub Regions
[2025-06-22T20:50:55.088+0530][0.908s][info][gc,marking  ] GC(3) Concurrent Rebuild Remembered Sets and Scrub Regions 1.281ms
[2025-06-22T20:50:55.088+0530][0.908s][info][gc,start    ] GC(3) Pause Cleanup
[2025-06-22T20:50:55.088+0530][0.908s][info][gc          ] GC(3) Pause Cleanup 8M->8M(40M) 0.078ms
[2025-06-22T20:50:55.088+0530][0.908s][info][gc,cpu      ] GC(3) User=0.00s Sys=0.00s Real=0.00s
[2025-06-22T20:50:55.088+0530][0.908s][info][gc,marking  ] GC(3) Concurrent Clear Claimed Marks
[2025-06-22T20:50:55.088+0530][0.908s][info][gc,marking  ] GC(3) Concurrent Clear Claimed Marks 0.038ms
[2025-06-22T20:50:55.088+0530][0.908s][info][gc,marking  ] GC(3) Concurrent Cleanup for Next Mark
[2025-06-22T20:50:55.088+0530][0.908s][info][gc,marking  ] GC(3) Concurrent Cleanup for Next Mark 0.207ms
[2025-06-22T20:50:55.088+0530][0.908s][info][gc          ] GC(3) Concurrent Mark Cycle 6.849ms
[2025-06-22T20:50:55.337+0530][1.157s][info][gc,start    ] GC(4) Pause Young (Prepare Mixed) (G1 Evacuation Pause)
[2025-06-22T20:50:55.337+0530][1.157s][info][gc,task     ] GC(4) Using 8 workers of 13 for evacuation
[2025-06-22T20:50:55.339+0530][1.159s][info][gc,phases   ] GC(4)   Pre Evacuate Collection Set: 0.1ms
[2025-06-22T20:50:55.339+0530][1.159s][info][gc,phases   ] GC(4)   Merge Heap Roots: 0.0ms
[2025-06-22T20:50:55.339+0530][1.159s][info][gc,phases   ] GC(4)   Evacuate Collection Set: 1.6ms
[2025-06-22T20:50:55.339+0530][1.159s][info][gc,phases   ] GC(4)   Post Evacuate Collection Set: 0.8ms
[2025-06-22T20:50:55.339+0530][1.159s][info][gc,phases   ] GC(4)   Other: 0.1ms
[2025-06-22T20:50:55.339+0530][1.159s][info][gc,heap     ] GC(4) Eden regions: 5->0(4)
[2025-06-22T20:50:55.339+0530][1.159s][info][gc,heap     ] GC(4) Survivor regions: 1->1(1)
[2025-06-22T20:50:55.339+0530][1.159s][info][gc,heap     ] GC(4) Old regions: 2->2
[2025-06-22T20:50:55.339+0530][1.159s][info][gc,heap     ] GC(4) Humongous regions: 0->0
[2025-06-22T20:50:55.339+0530][1.159s][info][gc,metaspace] GC(4) Metaspace: 26112K(26496K)->26112K(26496K) NonClass: 23357K(23552K)->23357K(23552K) Class: 2754K(2944K)->2754K(2944K)
[2025-06-22T20:50:55.339+0530][1.159s][info][gc          ] GC(4) Pause Young (Prepare Mixed) (G1 Evacuation Pause) 28M->9M(40M) 2.810ms
[2025-06-22T20:50:55.339+0530][1.159s][info][gc,cpu      ] GC(4) User=0.00s Sys=0.00s Real=0.00s
[2025-06-22T20:50:55.464+0530][1.285s][info][gc,start    ] GC(5) Pause Young (Mixed) (G1 Evacuation Pause)
[2025-06-22T20:50:55.464+0530][1.285s][info][gc,task     ] GC(5) Using 8 workers of 13 for evacuation
[2025-06-22T20:50:55.467+0530][1.287s][info][gc,phases   ] GC(5)   Pre Evacuate Collection Set: 0.1ms
[2025-06-22T20:50:55.467+0530][1.287s][info][gc,phases   ] GC(5)   Merge Heap Roots: 0.0ms
[2025-06-22T20:50:55.467+0530][1.287s][info][gc,phases   ] GC(5)   Evacuate Collection Set: 2.0ms
[2025-06-22T20:50:55.467+0530][1.287s][info][gc,phases   ] GC(5)   Post Evacuate Collection Set: 0.3ms
[2025-06-22T20:50:55.467+0530][1.287s][info][gc,phases   ] GC(5)   Other: 0.0ms
[2025-06-22T20:50:55.467+0530][1.287s][info][gc,heap     ] GC(5) Eden regions: 4->0(4)
[2025-06-22T20:50:55.467+0530][1.287s][info][gc,heap     ] GC(5) Survivor regions: 1->1(1)
[2025-06-22T20:50:55.467+0530][1.287s][info][gc,heap     ] GC(5) Old regions: 2->2
[2025-06-22T20:50:55.467+0530][1.287s][info][gc,heap     ] GC(5) Humongous regions: 0->0
[2025-06-22T20:50:55.467+0530][1.287s][info][gc,metaspace] GC(5) Metaspace: 30288K(30720K)->30288K(30720K) NonClass: 27005K(27200K)->27005K(27200K) Class: 3283K(3520K)->3283K(3520K)
[2025-06-22T20:50:55.467+0530][1.287s][info][gc          ] GC(5) Pause Young (Mixed) (G1 Evacuation Pause) 25M->10M(40M) 2.692ms
[2025-06-22T20:50:55.467+0530][1.287s][info][gc,cpu      ] GC(5) User=0.00s Sys=0.00s Real=0.00s
[2025-06-22T20:50:55.763+0530][1.582s][info][gc,start    ] GC(6) Pause Young (Normal) (G1 Evacuation Pause)
[2025-06-22T20:50:55.763+0530][1.583s][info][gc,task     ] GC(6) Using 8 workers of 13 for evacuation
[2025-06-22T20:50:55.765+0530][1.585s][info][gc,phases   ] GC(6)   Pre Evacuate Collection Set: 0.1ms
[2025-06-22T20:50:55.765+0530][1.585s][info][gc,phases   ] GC(6)   Merge Heap Roots: 0.0ms
[2025-06-22T20:50:55.765+0530][1.585s][info][gc,phases   ] GC(6)   Evacuate Collection Set: 1.6ms
[2025-06-22T20:50:55.765+0530][1.585s][info][gc,phases   ] GC(6)   Post Evacuate Collection Set: 0.5ms
[2025-06-22T20:50:55.765+0530][1.585s][info][gc,phases   ] GC(6)   Other: 0.0ms
[2025-06-22T20:50:55.765+0530][1.585s][info][gc,heap     ] GC(6) Eden regions: 4->0(26)
[2025-06-22T20:50:55.765+0530][1.585s][info][gc,heap     ] GC(6) Survivor regions: 1->1(1)
[2025-06-22T20:50:55.765+0530][1.585s][info][gc,heap     ] GC(6) Old regions: 2->3
[2025-06-22T20:50:55.765+0530][1.585s][info][gc,heap     ] GC(6) Humongous regions: 0->0
[2025-06-22T20:50:55.765+0530][1.585s][info][gc,metaspace] GC(6) Metaspace: 32785K(33152K)->32785K(33152K) NonClass: 29282K(29504K)->29282K(29504K) Class: 3502K(3648K)->3502K(3648K)
[2025-06-22T20:50:55.765+0530][1.585s][info][gc          ] GC(6) Pause Young (Normal) (G1 Evacuation Pause) 26M->12M(180M) 2.397ms
[2025-06-22T20:50:55.765+0530][1.585s][info][gc,cpu      ] GC(6) User=0.00s Sys=0.00s Real=0.00s
[2025-06-22T20:50:56.174+0530][1.994s][info][gc,start    ] GC(7) Pause Young (Concurrent Start) (Metadata GC Threshold)
[2025-06-22T20:50:56.174+0530][1.995s][info][gc,task     ] GC(7) Using 7 workers of 13 for evacuation
[2025-06-22T20:50:56.177+0530][1.997s][info][gc,phases   ] GC(7)   Pre Evacuate Collection Set: 0.1ms
[2025-06-22T20:50:56.177+0530][1.997s][info][gc,phases   ] GC(7)   Merge Heap Roots: 0.0ms
[2025-06-22T20:50:56.177+0530][1.997s][info][gc,phases   ] GC(7)   Evacuate Collection Set: 2.0ms
[2025-06-22T20:50:56.177+0530][1.997s][info][gc,phases   ] GC(7)   Post Evacuate Collection Set: 0.3ms
[2025-06-22T20:50:56.177+0530][1.997s][info][gc,phases   ] GC(7)   Other: 0.1ms
[2025-06-22T20:50:56.177+0530][1.997s][info][gc,heap     ] GC(7) Eden regions: 8->0(25)
[2025-06-22T20:50:56.177+0530][1.997s][info][gc,heap     ] GC(7) Survivor regions: 1->2(4)
[2025-06-22T20:50:56.177+0530][1.997s][info][gc,heap     ] GC(7) Old regions: 3->3
[2025-06-22T20:50:56.177+0530][1.997s][info][gc,heap     ] GC(7) Humongous regions: 0->0
[2025-06-22T20:50:56.177+0530][1.997s][info][gc,metaspace] GC(7) Metaspace: 35567K(35968K)->35567K(35968K) NonClass: 31716K(31936K)->31716K(31936K) Class: 3851K(4032K)->3851K(4032K)
[2025-06-22T20:50:56.177+0530][1.997s][info][gc          ] GC(7) Pause Young (Concurrent Start) (Metadata GC Threshold) 43M->14M(180M) 2.620ms
[2025-06-22T20:50:56.177+0530][1.997s][info][gc          ] GC(8) Concurrent Mark Cycle
[2025-06-22T20:50:56.177+0530][1.997s][info][gc,cpu      ] GC(7) User=0.00s Sys=0.00s Real=0.00s
[2025-06-22T20:50:56.177+0530][1.997s][info][gc,marking  ] GC(8) Concurrent Scan Root Regions
[2025-06-22T20:50:56.179+0530][1.999s][info][gc,marking  ] GC(8) Concurrent Scan Root Regions 2.254ms
[2025-06-22T20:50:56.179+0530][1.999s][info][gc,marking  ] GC(8) Concurrent Mark
[2025-06-22T20:50:56.179+0530][1.999s][info][gc,marking  ] GC(8) Concurrent Mark From Roots
[2025-06-22T20:50:56.179+0530][1.999s][info][gc,task     ] GC(8) Using 3 workers of 3 for marking
[2025-06-22T20:50:56.182+0530][2.003s][info][gc,marking  ] GC(8) Concurrent Mark From Roots 3.139ms
[2025-06-22T20:50:56.182+0530][2.003s][info][gc,marking  ] GC(8) Concurrent Preclean
[2025-06-22T20:50:56.182+0530][2.003s][info][gc,marking  ] GC(8) Concurrent Preclean 0.038ms
[2025-06-22T20:50:56.182+0530][2.003s][info][gc,start    ] GC(8) Pause Remark
[2025-06-22T20:50:56.184+0530][2.004s][info][gc          ] GC(8) Pause Remark 15M->15M(68M) 1.639ms
[2025-06-22T20:50:56.184+0530][2.004s][info][gc,cpu      ] GC(8) User=0.00s Sys=0.00s Real=0.00s
[2025-06-22T20:50:56.184+0530][2.004s][info][gc,marking  ] GC(8) Concurrent Mark 4.954ms
[2025-06-22T20:50:56.184+0530][2.004s][info][gc,marking  ] GC(8) Concurrent Rebuild Remembered Sets and Scrub Regions
[2025-06-22T20:50:56.185+0530][2.006s][info][gc,marking  ] GC(8) Concurrent Rebuild Remembered Sets and Scrub Regions 1.085ms
[2025-06-22T20:50:56.185+0530][2.006s][info][gc,start    ] GC(8) Pause Cleanup
[2025-06-22T20:50:56.185+0530][2.006s][info][gc          ] GC(8) Pause Cleanup 15M->15M(68M) 0.051ms
[2025-06-22T20:50:56.185+0530][2.006s][info][gc,cpu      ] GC(8) User=0.00s Sys=0.00s Real=0.00s
[2025-06-22T20:50:56.185+0530][2.006s][info][gc,marking  ] GC(8) Concurrent Clear Claimed Marks
[2025-06-22T20:50:56.185+0530][2.006s][info][gc,marking  ] GC(8) Concurrent Clear Claimed Marks 0.029ms
[2025-06-22T20:50:56.185+0530][2.006s][info][gc,marking  ] GC(8) Concurrent Cleanup for Next Mark
[2025-06-22T20:50:56.185+0530][2.006s][info][gc,marking  ] GC(8) Concurrent Cleanup for Next Mark 0.130ms
[2025-06-22T20:50:56.185+0530][2.006s][info][gc          ] GC(8) Concurrent Mark Cycle 8.835ms
[2025-06-22T20:50:56.665+0530][2.486s][info][gc,start    ] GC(9) Pause Young (Prepare Mixed) (G1 Evacuation Pause)
[2025-06-22T20:50:56.665+0530][2.486s][info][gc,task     ] GC(9) Using 6 workers of 13 for evacuation
[2025-06-22T20:50:56.668+0530][2.489s][info][gc,phases   ] GC(9)   Pre Evacuate Collection Set: 0.1ms
[2025-06-22T20:50:56.668+0530][2.489s][info][gc,phases   ] GC(9)   Merge Heap Roots: 0.0ms
[2025-06-22T20:50:56.668+0530][2.489s][info][gc,phases   ] GC(9)   Evacuate Collection Set: 2.5ms
[2025-06-22T20:50:56.668+0530][2.489s][info][gc,phases   ] GC(9)   Post Evacuate Collection Set: 0.3ms
[2025-06-22T20:50:56.668+0530][2.489s][info][gc,phases   ] GC(9)   Other: 0.1ms
[2025-06-22T20:50:56.668+0530][2.489s][info][gc,heap     ] GC(9) Eden regions: 8->0(8)
[2025-06-22T20:50:56.668+0530][2.489s][info][gc,heap     ] GC(9) Survivor regions: 2->2(2)
[2025-06-22T20:50:56.668+0530][2.489s][info][gc,heap     ] GC(9) Old regions: 3->4
[2025-06-22T20:50:56.668+0530][2.489s][info][gc,heap     ] GC(9) Humongous regions: 0->0
[2025-06-22T20:50:56.668+0530][2.489s][info][gc,metaspace] GC(9) Metaspace: 40352K(40832K)->40352K(40832K) NonClass: 35759K(36032K)->35759K(36032K) Class: 4593K(4800K)->4593K(4800K)
[2025-06-22T20:50:56.668+0530][2.489s][info][gc          ] GC(9) Pause Young (Prepare Mixed) (G1 Evacuation Pause) 46M->16M(68M) 3.128ms
[2025-06-22T20:50:56.668+0530][2.489s][info][gc,cpu      ] GC(9) User=0.00s Sys=0.00s Real=0.00s
[2025-06-22T20:50:57.314+0530][3.134s][info][gc,start    ] GC(10) Pause Young (Mixed) (G1 Evacuation Pause)
[2025-06-22T20:50:57.314+0530][3.134s][info][gc,task     ] GC(10) Using 6 workers of 13 for evacuation
[2025-06-22T20:50:57.319+0530][3.139s][info][gc,phases   ] GC(10)   Pre Evacuate Collection Set: 0.1ms
[2025-06-22T20:50:57.319+0530][3.139s][info][gc,phases   ] GC(10)   Merge Heap Roots: 0.0ms
[2025-06-22T20:50:57.319+0530][3.139s][info][gc,phases   ] GC(10)   Evacuate Collection Set: 4.0ms
[2025-06-22T20:50:57.319+0530][3.139s][info][gc,phases   ] GC(10)   Post Evacuate Collection Set: 0.4ms
[2025-06-22T20:50:57.319+0530][3.139s][info][gc,phases   ] GC(10)   Other: 0.1ms
[2025-06-22T20:50:57.319+0530][3.139s][info][gc,heap     ] GC(10) Eden regions: 8->0(8)
[2025-06-22T20:50:57.319+0530][3.139s][info][gc,heap     ] GC(10) Survivor regions: 2->2(2)
[2025-06-22T20:50:57.319+0530][3.139s][info][gc,heap     ] GC(10) Old regions: 4->4
[2025-06-22T20:50:57.319+0530][3.139s][info][gc,heap     ] GC(10) Humongous regions: 0->0
[2025-06-22T20:50:57.319+0530][3.139s][info][gc,metaspace] GC(10) Metaspace: 45333K(45824K)->45333K(45824K) NonClass: 40013K(40256K)->40013K(40256K) Class: 5320K(5568K)->5320K(5568K)
[2025-06-22T20:50:57.319+0530][3.139s][info][gc          ] GC(10) Pause Young (Mixed) (G1 Evacuation Pause) 48M->19M(68M) 4.833ms
[2025-06-22T20:50:57.319+0530][3.139s][info][gc,cpu      ] GC(10) User=0.00s Sys=0.00s Real=0.01s
[2025-06-22T20:50:57.905+0530][3.726s][info][gc,start    ] GC(11) Pause Young (Normal) (G1 Evacuation Pause)
[2025-06-22T20:50:57.906+0530][3.726s][info][gc,task     ] GC(11) Using 6 workers of 13 for evacuation
[2025-06-22T20:50:57.910+0530][3.730s][info][gc,phases   ] GC(11)   Pre Evacuate Collection Set: 0.1ms
[2025-06-22T20:50:57.910+0530][3.730s][info][gc,phases   ] GC(11)   Merge Heap Roots: 0.0ms
[2025-06-22T20:50:57.910+0530][3.730s][info][gc,phases   ] GC(11)   Evacuate Collection Set: 3.3ms
[2025-06-22T20:50:57.910+0530][3.730s][info][gc,phases   ] GC(11)   Post Evacuate Collection Set: 0.3ms
[2025-06-22T20:50:57.910+0530][3.730s][info][gc,phases   ] GC(11)   Other: 0.6ms
[2025-06-22T20:50:57.910+0530][3.730s][info][gc,heap     ] GC(11) Eden regions: 8->0(7)
[2025-06-22T20:50:57.910+0530][3.730s][info][gc,heap     ] GC(11) Survivor regions: 2->2(2)
[2025-06-22T20:50:57.910+0530][3.730s][info][gc,heap     ] GC(11) Old regions: 4->5
[2025-06-22T20:50:57.910+0530][3.730s][info][gc,heap     ] GC(11) Humongous regions: 0->0
[2025-06-22T20:50:57.910+0530][3.730s][info][gc,metaspace] GC(11) Metaspace: 49057K(49664K)->49057K(49664K) NonClass: 43271K(43584K)->43271K(43584K) Class: 5785K(6080K)->5785K(6080K)
[2025-06-22T20:50:57.910+0530][3.730s][info][gc          ] GC(11) Pause Young (Normal) (G1 Evacuation Pause) 51M->22M(68M) 4.579ms
[2025-06-22T20:50:57.910+0530][3.731s][info][gc,cpu      ] GC(11) User=0.00s Sys=0.00s Real=0.01s
[2025-06-22T20:50:58.317+0530][4.138s][info][gc,start    ] GC(12) Pause Young (Normal) (G1 Evacuation Pause)
[2025-06-22T20:50:58.317+0530][4.138s][info][gc,task     ] GC(12) Using 10 workers of 13 for evacuation
[2025-06-22T20:50:58.320+0530][4.141s][info][gc,phases   ] GC(12)   Pre Evacuate Collection Set: 0.1ms
[2025-06-22T20:50:58.320+0530][4.141s][info][gc,phases   ] GC(12)   Merge Heap Roots: 0.0ms
[2025-06-22T20:50:58.320+0530][4.141s][info][gc,phases   ] GC(12)   Evacuate Collection Set: 2.7ms
[2025-06-22T20:50:58.320+0530][4.141s][info][gc,phases   ] GC(12)   Post Evacuate Collection Set: 0.4ms
[2025-06-22T20:50:58.321+0530][4.141s][info][gc,phases   ] GC(12)   Other: 0.1ms
[2025-06-22T20:50:58.321+0530][4.141s][info][gc,heap     ] GC(12) Eden regions: 7->0(7)
[2025-06-22T20:50:58.321+0530][4.141s][info][gc,heap     ] GC(12) Survivor regions: 2->2(2)
[2025-06-22T20:50:58.321+0530][4.141s][info][gc,heap     ] GC(12) Old regions: 5->5
[2025-06-22T20:50:58.321+0530][4.141s][info][gc,heap     ] GC(12) Humongous regions: 0->0
[2025-06-22T20:50:58.321+0530][4.141s][info][gc,metaspace] GC(12) Metaspace: 55291K(55872K)->55291K(55872K) NonClass: 48653K(48960K)->48653K(48960K) Class: 6638K(6912K)->6638K(6912K)
[2025-06-22T20:50:58.321+0530][4.141s][info][gc          ] GC(12) Pause Young (Normal) (G1 Evacuation Pause) 50M->24M(68M) 3.530ms
[2025-06-22T20:50:58.321+0530][4.141s][info][gc,cpu      ] GC(12) User=0.00s Sys=0.00s Real=0.00s
[2025-06-22T20:50:58.784+0530][4.604s][info][gc,start    ] GC(13) Pause Young (Concurrent Start) (Metadata GC Threshold)
[2025-06-22T20:50:58.784+0530][4.604s][info][gc,task     ] GC(13) Using 12 workers of 13 for evacuation
[2025-06-22T20:50:58.787+0530][4.608s][info][gc,phases   ] GC(13)   Pre Evacuate Collection Set: 0.1ms
[2025-06-22T20:50:58.787+0530][4.608s][info][gc,phases   ] GC(13)   Merge Heap Roots: 0.0ms
[2025-06-22T20:50:58.787+0530][4.608s][info][gc,phases   ] GC(13)   Evacuate Collection Set: 2.8ms
[2025-06-22T20:50:58.787+0530][4.608s][info][gc,phases   ] GC(13)   Post Evacuate Collection Set: 0.6ms
[2025-06-22T20:50:58.787+0530][4.608s][info][gc,phases   ] GC(13)   Other: 0.1ms
[2025-06-22T20:50:58.787+0530][4.608s][info][gc,heap     ] GC(13) Eden regions: 7->0(6)
[2025-06-22T20:50:58.787+0530][4.608s][info][gc,heap     ] GC(13) Survivor regions: 2->2(2)
[2025-06-22T20:50:58.787+0530][4.608s][info][gc,heap     ] GC(13) Old regions: 5->6
[2025-06-22T20:50:58.787+0530][4.608s][info][gc,heap     ] GC(13) Humongous regions: 0->0
[2025-06-22T20:50:58.787+0530][4.608s][info][gc,metaspace] GC(13) Metaspace: 59490K(60096K)->59490K(60096K) NonClass: 52272K(52608K)->52272K(52608K) Class: 7218K(7488K)->7218K(7488K)
[2025-06-22T20:50:58.787+0530][4.608s][info][gc          ] GC(13) Pause Young (Concurrent Start) (Metadata GC Threshold) 52M->27M(68M) 3.815ms
[2025-06-22T20:50:58.787+0530][4.608s][info][gc          ] GC(14) Concurrent Mark Cycle
[2025-06-22T20:50:58.787+0530][4.608s][info][gc,cpu      ] GC(13) User=0.00s Sys=0.00s Real=0.00s
[2025-06-22T20:50:58.789+0530][4.608s][info][gc,marking  ] GC(14) Concurrent Scan Root Regions
[2025-06-22T20:50:58.791+0530][4.611s][info][gc,marking  ] GC(14) Concurrent Scan Root Regions 2.995ms
[2025-06-22T20:50:58.791+0530][4.611s][info][gc,marking  ] GC(14) Concurrent Mark
[2025-06-22T20:50:58.791+0530][4.611s][info][gc,marking  ] GC(14) Concurrent Mark From Roots
[2025-06-22T20:50:58.791+0530][4.611s][info][gc,task     ] GC(14) Using 3 workers of 3 for marking
[2025-06-22T20:50:58.799+0530][4.619s][info][gc,marking  ] GC(14) Concurrent Mark From Roots 7.790ms
[2025-06-22T20:50:58.799+0530][4.619s][info][gc,marking  ] GC(14) Concurrent Preclean
[2025-06-22T20:50:58.799+0530][4.619s][info][gc,marking  ] GC(14) Concurrent Preclean 0.088ms
[2025-06-22T20:50:58.799+0530][4.619s][info][gc,start    ] GC(14) Pause Remark
[2025-06-22T20:50:58.801+0530][4.622s][info][gc          ] GC(14) Pause Remark 28M->28M(68M) 2.763ms
[2025-06-22T20:50:58.801+0530][4.622s][info][gc,cpu      ] GC(14) User=0.00s Sys=0.00s Real=0.00s
[2025-06-22T20:50:58.801+0530][4.622s][info][gc,marking  ] GC(14) Concurrent Mark 10.841ms
[2025-06-22T20:50:58.801+0530][4.622s][info][gc,marking  ] GC(14) Concurrent Rebuild Remembered Sets and Scrub Regions
[2025-06-22T20:50:58.805+0530][4.625s][info][gc,marking  ] GC(14) Concurrent Rebuild Remembered Sets and Scrub Regions 2.782ms
[2025-06-22T20:50:58.805+0530][4.625s][info][gc,start    ] GC(14) Pause Cleanup
[2025-06-22T20:50:58.805+0530][4.625s][info][gc          ] GC(14) Pause Cleanup 28M->28M(68M) 0.077ms
[2025-06-22T20:50:58.805+0530][4.625s][info][gc,cpu      ] GC(14) User=0.00s Sys=0.00s Real=0.00s
[2025-06-22T20:50:58.805+0530][4.625s][info][gc,marking  ] GC(14) Concurrent Clear Claimed Marks
[2025-06-22T20:50:58.805+0530][4.625s][info][gc,marking  ] GC(14) Concurrent Clear Claimed Marks 0.053ms
[2025-06-22T20:50:58.805+0530][4.625s][info][gc,marking  ] GC(14) Concurrent Cleanup for Next Mark
[2025-06-22T20:50:58.805+0530][4.625s][info][gc,marking  ] GC(14) Concurrent Cleanup for Next Mark 0.061ms
[2025-06-22T20:50:58.806+0530][4.625s][info][gc          ] GC(14) Concurrent Mark Cycle 17.063ms
[2025-06-22T20:50:59.115+0530][4.935s][info][gc,start    ] GC(15) Pause Young (Prepare Mixed) (G1 Evacuation Pause)
[2025-06-22T20:50:59.116+0530][4.935s][info][gc,task     ] GC(15) Using 13 workers of 13 for evacuation
[2025-06-22T20:50:59.118+0530][4.938s][info][gc,phases   ] GC(15)   Pre Evacuate Collection Set: 0.1ms
[2025-06-22T20:50:59.118+0530][4.938s][info][gc,phases   ] GC(15)   Merge Heap Roots: 0.1ms
[2025-06-22T20:50:59.118+0530][4.938s][info][gc,phases   ] GC(15)   Evacuate Collection Set: 2.1ms
[2025-06-22T20:50:59.118+0530][4.938s][info][gc,phases   ] GC(15)   Post Evacuate Collection Set: 0.5ms
[2025-06-22T20:50:59.118+0530][4.938s][info][gc,phases   ] GC(15)   Other: 0.1ms
[2025-06-22T20:50:59.118+0530][4.938s][info][gc,heap     ] GC(15) Eden regions: 6->0(7)
[2025-06-22T20:50:59.118+0530][4.938s][info][gc,heap     ] GC(15) Survivor regions: 2->1(1)
[2025-06-22T20:50:59.118+0530][4.938s][info][gc,heap     ] GC(15) Old regions: 6->7
[2025-06-22T20:50:59.118+0530][4.938s][info][gc,heap     ] GC(15) Humongous regions: 0->0
[2025-06-22T20:50:59.118+0530][4.938s][info][gc,metaspace] GC(15) Metaspace: 60935K(61568K)->60935K(61568K) NonClass: 53496K(53824K)->53496K(53824K) Class: 7439K(7744K)->7439K(7744K)
[2025-06-22T20:50:59.118+0530][4.938s][info][gc          ] GC(15) Pause Young (Prepare Mixed) (G1 Evacuation Pause) 51M->29M(68M) 3.052ms
[2025-06-22T20:50:59.118+0530][4.938s][info][gc,cpu      ] GC(15) User=0.00s Sys=0.00s Real=0.00s
[2025-06-22T20:50:59.484+0530][5.304s][info][gc,start    ] GC(16) Pause Young (Mixed) (G1 Evacuation Pause)
[2025-06-22T20:50:59.484+0530][5.304s][info][gc,task     ] GC(16) Using 13 workers of 13 for evacuation
[2025-06-22T20:50:59.487+0530][5.308s][info][gc,phases   ] GC(16)   Pre Evacuate Collection Set: 0.1ms
[2025-06-22T20:50:59.487+0530][5.308s][info][gc,phases   ] GC(16)   Merge Heap Roots: 0.1ms
[2025-06-22T20:50:59.487+0530][5.308s][info][gc,phases   ] GC(16)   Evacuate Collection Set: 2.5ms
[2025-06-22T20:50:59.487+0530][5.308s][info][gc,phases   ] GC(16)   Post Evacuate Collection Set: 0.4ms
[2025-06-22T20:50:59.487+0530][5.308s][info][gc,phases   ] GC(16)   Other: 0.1ms
[2025-06-22T20:50:59.487+0530][5.308s][info][gc,heap     ] GC(16) Eden regions: 7->0(7)
[2025-06-22T20:50:59.487+0530][5.308s][info][gc,heap     ] GC(16) Survivor regions: 1->1(1)
[2025-06-22T20:50:59.487+0530][5.308s][info][gc,heap     ] GC(16) Old regions: 7->7
[2025-06-22T20:50:59.487+0530][5.308s][info][gc,heap     ] GC(16) Humongous regions: 0->0
[2025-06-22T20:50:59.487+0530][5.308s][info][gc,metaspace] GC(16) Metaspace: 64032K(64640K)->64032K(64640K) NonClass: 56220K(56576K)->56220K(56576K) Class: 7812K(8064K)->7812K(8064K)
[2025-06-22T20:50:59.487+0530][5.308s][info][gc          ] GC(16) Pause Young (Mixed) (G1 Evacuation Pause) 57M->30M(68M) 3.419ms
[2025-06-22T20:50:59.487+0530][5.308s][info][gc,cpu      ] GC(16) User=0.00s Sys=0.00s Real=0.00s
[2025-06-22T20:50:59.735+0530][5.555s][info][gc,start    ] GC(17) Pause Young (Normal) (G1 Evacuation Pause)
[2025-06-22T20:50:59.735+0530][5.555s][info][gc,task     ] GC(17) Using 13 workers of 13 for evacuation
[2025-06-22T20:50:59.738+0530][5.558s][info][gc,phases   ] GC(17)   Pre Evacuate Collection Set: 0.1ms
[2025-06-22T20:50:59.738+0530][5.558s][info][gc,phases   ] GC(17)   Merge Heap Roots: 0.1ms
[2025-06-22T20:50:59.738+0530][5.558s][info][gc,phases   ] GC(17)   Evacuate Collection Set: 1.9ms
[2025-06-22T20:50:59.738+0530][5.558s][info][gc,phases   ] GC(17)   Post Evacuate Collection Set: 0.4ms
[2025-06-22T20:50:59.738+0530][5.558s][info][gc,phases   ] GC(17)   Other: 0.1ms
[2025-06-22T20:50:59.738+0530][5.558s][info][gc,heap     ] GC(17) Eden regions: 7->0(6)
[2025-06-22T20:50:59.738+0530][5.558s][info][gc,heap     ] GC(17) Survivor regions: 1->1(1)
[2025-06-22T20:50:59.738+0530][5.558s][info][gc,heap     ] GC(17) Old regions: 7->8
[2025-06-22T20:50:59.738+0530][5.558s][info][gc,heap     ] GC(17) Humongous regions: 0->0
[2025-06-22T20:50:59.738+0530][5.558s][info][gc,metaspace] GC(17) Metaspace: 65858K(66496K)->65858K(66496K) NonClass: 57815K(58176K)->57815K(58176K) Class: 8042K(8320K)->8042K(8320K)
[2025-06-22T20:50:59.738+0530][5.558s][info][gc          ] GC(17) Pause Young (Normal) (G1 Evacuation Pause) 58M->32M(68M) 2.716ms
[2025-06-22T20:50:59.738+0530][5.558s][info][gc,cpu      ] GC(17) User=0.00s Sys=0.00s Real=0.00s
[2025-06-22T20:51:00.011+0530][5.832s][info][gc,start    ] GC(18) Pause Young (Concurrent Start) (G1 Evacuation Pause)
[2025-06-22T20:51:00.011+0530][5.832s][info][gc,task     ] GC(18) Using 13 workers of 13 for evacuation
[2025-06-22T20:51:00.016+0530][5.836s][info][gc,phases   ] GC(18)   Pre Evacuate Collection Set: 0.1ms
[2025-06-22T20:51:00.016+0530][5.836s][info][gc,phases   ] GC(18)   Merge Heap Roots: 0.1ms
[2025-06-22T20:51:00.016+0530][5.836s][info][gc,phases   ] GC(18)   Evacuate Collection Set: 3.1ms
[2025-06-22T20:51:00.016+0530][5.836s][info][gc,phases   ] GC(18)   Post Evacuate Collection Set: 0.4ms
[2025-06-22T20:51:00.016+0530][5.836s][info][gc,phases   ] GC(18)   Other: 0.1ms
[2025-06-22T20:51:00.016+0530][5.836s][info][gc,heap     ] GC(18) Eden regions: 6->0(5)
[2025-06-22T20:51:00.016+0530][5.836s][info][gc,heap     ] GC(18) Survivor regions: 1->1(1)
[2025-06-22T20:51:00.016+0530][5.836s][info][gc,heap     ] GC(18) Old regions: 8->9
[2025-06-22T20:51:00.016+0530][5.836s][info][gc,heap     ] GC(18) Humongous regions: 0->0
[2025-06-22T20:51:00.016+0530][5.836s][info][gc,metaspace] GC(18) Metaspace: 67928K(68672K)->67928K(68672K) NonClass: 59570K(59968K)->59570K(59968K) Class: 8357K(8704K)->8357K(8704K)
[2025-06-22T20:51:00.016+0530][5.836s][info][gc          ] GC(18) Pause Young (Concurrent Start) (G1 Evacuation Pause) 56M->36M(68M) 4.043ms
[2025-06-22T20:51:00.016+0530][5.836s][info][gc          ] GC(19) Concurrent Mark Cycle
[2025-06-22T20:51:00.016+0530][5.836s][info][gc,cpu      ] GC(18) User=0.00s Sys=0.00s Real=0.01s
[2025-06-22T20:51:00.016+0530][5.836s][info][gc,marking  ] GC(19) Concurrent Scan Root Regions
[2025-06-22T20:51:00.020+0530][5.841s][info][gc,marking  ] GC(19) Concurrent Scan Root Regions 4.705ms
[2025-06-22T20:51:00.020+0530][5.841s][info][gc,marking  ] GC(19) Concurrent Mark
[2025-06-22T20:51:00.020+0530][5.841s][info][gc,marking  ] GC(19) Concurrent Mark From Roots
[2025-06-22T20:51:00.020+0530][5.841s][info][gc,task     ] GC(19) Using 3 workers of 3 for marking
[2025-06-22T20:51:00.037+0530][5.857s][info][gc,marking  ] GC(19) Concurrent Mark From Roots 16.314ms
[2025-06-22T20:51:00.037+0530][5.857s][info][gc,marking  ] GC(19) Concurrent Preclean
[2025-06-22T20:51:00.037+0530][5.857s][info][gc,marking  ] GC(19) Concurrent Preclean 0.131ms
[2025-06-22T20:51:00.037+0530][5.857s][info][gc,start    ] GC(19) Pause Remark
[2025-06-22T20:51:00.043+0530][5.864s][info][gc          ] GC(19) Pause Remark 38M->38M(68M) 6.315ms
[2025-06-22T20:51:00.043+0530][5.864s][info][gc,cpu      ] GC(19) User=0.00s Sys=0.00s Real=0.01s
[2025-06-22T20:51:00.043+0530][5.864s][info][gc,marking  ] GC(19) Concurrent Mark 23.015ms
[2025-06-22T20:51:00.043+0530][5.864s][info][gc,marking  ] GC(19) Concurrent Rebuild Remembered Sets and Scrub Regions
[2025-06-22T20:51:00.050+0530][5.870s][info][gc,marking  ] GC(19) Concurrent Rebuild Remembered Sets and Scrub Regions 6.307ms
[2025-06-22T20:51:00.051+0530][5.870s][info][gc,start    ] GC(19) Pause Cleanup
[2025-06-22T20:51:00.051+0530][5.870s][info][gc          ] GC(19) Pause Cleanup 39M->39M(68M) 0.083ms
[2025-06-22T20:51:00.051+0530][5.870s][info][gc,cpu      ] GC(19) User=0.00s Sys=0.00s Real=0.00s
[2025-06-22T20:51:00.051+0530][5.870s][info][gc,marking  ] GC(19) Concurrent Clear Claimed Marks
[2025-06-22T20:51:00.051+0530][5.870s][info][gc,marking  ] GC(19) Concurrent Clear Claimed Marks 0.081ms
[2025-06-22T20:51:00.051+0530][5.870s][info][gc,marking  ] GC(19) Concurrent Cleanup for Next Mark
[2025-06-22T20:51:00.051+0530][5.871s][info][gc,marking  ] GC(19) Concurrent Cleanup for Next Mark 0.090ms
[2025-06-22T20:51:00.051+0530][5.871s][info][gc          ] GC(19) Concurrent Mark Cycle 34.645ms
[2025-06-22T20:51:00.216+0530][6.036s][info][gc,start    ] GC(20) Pause Young (Normal) (G1 Evacuation Pause)
[2025-06-22T20:51:00.216+0530][6.036s][info][gc,task     ] GC(20) Using 13 workers of 13 for evacuation
[2025-06-22T20:51:00.218+0530][6.038s][info][gc,phases   ] GC(20)   Pre Evacuate Collection Set: 0.4ms
[2025-06-22T20:51:00.218+0530][6.039s][info][gc,phases   ] GC(20)   Merge Heap Roots: 0.1ms
[2025-06-22T20:51:00.218+0530][6.039s][info][gc,phases   ] GC(20)   Evacuate Collection Set: 1.6ms
[2025-06-22T20:51:00.218+0530][6.039s][info][gc,phases   ] GC(20)   Post Evacuate Collection Set: 0.3ms
[2025-06-22T20:51:00.218+0530][6.039s][info][gc,phases   ] GC(20)   Other: 0.1ms
[2025-06-22T20:51:00.218+0530][6.039s][info][gc,heap     ] GC(20) Eden regions: 5->0(4)
[2025-06-22T20:51:00.218+0530][6.039s][info][gc,heap     ] GC(20) Survivor regions: 1->1(1)
[2025-06-22T20:51:00.218+0530][6.039s][info][gc,heap     ] GC(20) Old regions: 9->10
[2025-06-22T20:51:00.218+0530][6.039s][info][gc,heap     ] GC(20) Humongous regions: 0->0
[2025-06-22T20:51:00.218+0530][6.039s][info][gc,metaspace] GC(20) Metaspace: 68687K(69440K)->68687K(69440K) NonClass: 60193K(60608K)->60193K(60608K) Class: 8494K(8832K)->8494K(8832K)
[2025-06-22T20:51:00.218+0530][6.039s][info][gc          ] GC(20) Pause Young (Normal) (G1 Evacuation Pause) 56M->37M(68M) 2.656ms
[2025-06-22T20:51:00.218+0530][6.039s][info][gc,cpu      ] GC(20) User=0.00s Sys=0.00s Real=0.00s
[2025-06-22T20:51:00.369+0530][6.189s][info][gc,start    ] GC(21) Pause Young (Concurrent Start) (G1 Evacuation Pause)
[2025-06-22T20:51:00.369+0530][6.189s][info][gc,task     ] GC(21) Using 13 workers of 13 for evacuation
[2025-06-22T20:51:00.371+0530][6.191s][info][gc,phases   ] GC(21)   Pre Evacuate Collection Set: 0.2ms
[2025-06-22T20:51:00.371+0530][6.191s][info][gc,phases   ] GC(21)   Merge Heap Roots: 0.1ms
[2025-06-22T20:51:00.371+0530][6.191s][info][gc,phases   ] GC(21)   Evacuate Collection Set: 1.1ms
[2025-06-22T20:51:00.371+0530][6.191s][info][gc,phases   ] GC(21)   Post Evacuate Collection Set: 0.5ms
[2025-06-22T20:51:00.371+0530][6.191s][info][gc,phases   ] GC(21)   Other: 0.1ms
[2025-06-22T20:51:00.371+0530][6.191s][info][gc,heap     ] GC(21) Eden regions: 4->0(28)
[2025-06-22T20:51:00.371+0530][6.191s][info][gc,heap     ] GC(21) Survivor regions: 1->1(1)
[2025-06-22T20:51:00.371+0530][6.191s][info][gc,heap     ] GC(21) Old regions: 10->10
[2025-06-22T20:51:00.371+0530][6.191s][info][gc,heap     ] GC(21) Humongous regions: 0->0
[2025-06-22T20:51:00.371+0530][6.191s][info][gc,metaspace] GC(21) Metaspace: 69805K(70528K)->69805K(70528K) NonClass: 61144K(61504K)->61144K(61504K) Class: 8660K(9024K)->8660K(9024K)
[2025-06-22T20:51:00.371+0530][6.191s][info][gc          ] GC(21) Pause Young (Concurrent Start) (G1 Evacuation Pause) 53M->39M(196M) 2.197ms
[2025-06-22T20:51:00.371+0530][6.191s][info][gc          ] GC(22) Concurrent Mark Cycle
[2025-06-22T20:51:00.371+0530][6.191s][info][gc,cpu      ] GC(21) User=0.02s Sys=0.00s Real=0.00s
[2025-06-22T20:51:00.371+0530][6.191s][info][gc,marking  ] GC(22) Concurrent Scan Root Regions
[2025-06-22T20:51:00.374+0530][6.195s][info][gc,marking  ] GC(22) Concurrent Scan Root Regions 3.217ms
[2025-06-22T20:51:00.374+0530][6.195s][info][gc,marking  ] GC(22) Concurrent Mark
[2025-06-22T20:51:00.374+0530][6.195s][info][gc,marking  ] GC(22) Concurrent Mark From Roots
[2025-06-22T20:51:00.374+0530][6.195s][info][gc,task     ] GC(22) Using 3 workers of 3 for marking
[2025-06-22T20:51:00.389+0530][6.210s][info][gc,marking  ] GC(22) Concurrent Mark From Roots 15.213ms
[2025-06-22T20:51:00.389+0530][6.210s][info][gc,marking  ] GC(22) Concurrent Preclean
[2025-06-22T20:51:00.389+0530][6.210s][info][gc,marking  ] GC(22) Concurrent Preclean 0.064ms
[2025-06-22T20:51:00.390+0530][6.210s][info][gc,start    ] GC(22) Pause Remark
[2025-06-22T20:51:00.396+0530][6.216s][info][gc          ] GC(22) Pause Remark 41M->41M(148M) 6.131ms
[2025-06-22T20:51:00.396+0530][6.216s][info][gc,cpu      ] GC(22) User=0.00s Sys=0.00s Real=0.01s
[2025-06-22T20:51:00.396+0530][6.216s][info][gc,marking  ] GC(22) Concurrent Mark 21.878ms
[2025-06-22T20:51:00.396+0530][6.216s][info][gc,marking  ] GC(22) Concurrent Rebuild Remembered Sets and Scrub Regions
[2025-06-22T20:51:00.402+0530][6.222s][info][gc,marking  ] GC(22) Concurrent Rebuild Remembered Sets and Scrub Regions 5.386ms
[2025-06-22T20:51:00.402+0530][6.222s][info][gc,start    ] GC(22) Pause Cleanup
[2025-06-22T20:51:00.402+0530][6.222s][info][gc          ] GC(22) Pause Cleanup 41M->41M(148M) 0.090ms
[2025-06-22T20:51:00.402+0530][6.222s][info][gc,cpu      ] GC(22) User=0.00s Sys=0.00s Real=0.00s
[2025-06-22T20:51:00.402+0530][6.222s][info][gc,marking  ] GC(22) Concurrent Clear Claimed Marks
[2025-06-22T20:51:00.402+0530][6.222s][info][gc,marking  ] GC(22) Concurrent Clear Claimed Marks 0.062ms
[2025-06-22T20:51:00.402+0530][6.222s][info][gc,marking  ] GC(22) Concurrent Cleanup for Next Mark
[2025-06-22T20:51:00.403+0530][6.222s][info][gc,marking  ] GC(22) Concurrent Cleanup for Next Mark 0.244ms
[2025-06-22T20:51:00.403+0530][6.222s][info][gc          ] GC(22) Concurrent Mark Cycle 31.160ms
[2025-06-22T20:51:09.493+0530][0.008s][info][gc,init] CardTable entry size: 512
[2025-06-22T20:51:09.493+0530][0.008s][info][gc     ] Using G1
[2025-06-22T20:51:09.494+0530][0.009s][info][gc,init] Version: 21.0.7+6-LTS (release)
[2025-06-22T20:51:09.494+0530][0.009s][info][gc,init] CPUs: 16 total, 16 available
[2025-06-22T20:51:09.494+0530][0.009s][info][gc,init] Memory: 20332M
[2025-06-22T20:51:09.494+0530][0.009s][info][gc,init] Large Page Support: Disabled
[2025-06-22T20:51:09.494+0530][0.009s][info][gc,init] NUMA Support: Disabled
[2025-06-22T20:51:09.494+0530][0.009s][info][gc,init] Compressed Oops: Enabled (Zero based)
[2025-06-22T20:51:09.494+0530][0.009s][info][gc,init] Heap Region Size: 4M
[2025-06-22T20:51:09.494+0530][0.009s][info][gc,init] Heap Min Capacity: 8M
[2025-06-22T20:51:09.494+0530][0.009s][info][gc,init] Heap Initial Capacity: 320M
[2025-06-22T20:51:09.494+0530][0.009s][info][gc,init] Heap Max Capacity: 5084M
[2025-06-22T20:51:09.494+0530][0.009s][info][gc,init] Pre-touch: Disabled
[2025-06-22T20:51:09.494+0530][0.009s][info][gc,init] Parallel Workers: 13
[2025-06-22T20:51:09.494+0530][0.009s][info][gc,init] Concurrent Workers: 3
[2025-06-22T20:51:09.494+0530][0.009s][info][gc,init] Concurrent Refinement Workers: 13
[2025-06-22T20:51:09.494+0530][0.009s][info][gc,init] Periodic GC: Disabled
[2025-06-22T20:51:09.503+0530][0.018s][info][gc,metaspace] CDS archive(s) not mapped
[2025-06-22T20:51:09.503+0530][0.018s][info][gc,metaspace] Compressed class space mapped at: 0x0000000800000000-0x0000000840000000, reserved size: 1073741824
[2025-06-22T20:51:09.503+0530][0.018s][info][gc,metaspace] Narrow klass base: 0x0000000800000000, Narrow klass shift: 0, Narrow klass range: 0x40000000
[2025-06-22T20:51:09.945+0530][0.460s][info][gc,start    ] GC(0) Pause Young (Normal) (G1 Evacuation Pause)
[2025-06-22T20:51:09.946+0530][0.460s][info][gc,task     ] GC(0) Using 7 workers of 13 for evacuation
[2025-06-22T20:51:09.948+0530][0.463s][info][gc,phases   ] GC(0)   Pre Evacuate Collection Set: 0.1ms
[2025-06-22T20:51:09.948+0530][0.463s][info][gc,phases   ] GC(0)   Merge Heap Roots: 0.1ms
[2025-06-22T20:51:09.948+0530][0.463s][info][gc,phases   ] GC(0)   Evacuate Collection Set: 2.1ms
[2025-06-22T20:51:09.948+0530][0.463s][info][gc,phases   ] GC(0)   Post Evacuate Collection Set: 0.3ms
[2025-06-22T20:51:09.948+0530][0.463s][info][gc,phases   ] GC(0)   Other: 0.3ms
[2025-06-22T20:51:09.948+0530][0.463s][info][gc,heap     ] GC(0) Eden regions: 5->0(5)
[2025-06-22T20:51:09.948+0530][0.463s][info][gc,heap     ] GC(0) Survivor regions: 0->1(1)
[2025-06-22T20:51:09.948+0530][0.463s][info][gc,heap     ] GC(0) Old regions: 0->1
[2025-06-22T20:51:09.948+0530][0.463s][info][gc,heap     ] GC(0) Humongous regions: 0->0
[2025-06-22T20:51:09.948+0530][0.463s][info][gc,metaspace] GC(0) Metaspace: 15726K(15936K)->15726K(15936K) NonClass: 14279K(14400K)->14279K(14400K) Class: 1446K(1536K)->1446K(1536K)
[2025-06-22T20:51:09.948+0530][0.463s][info][gc          ] GC(0) Pause Young (Normal) (G1 Evacuation Pause) 19M->5M(320M) 3.093ms
[2025-06-22T20:51:09.948+0530][0.463s][info][gc,cpu      ] GC(0) User=0.00s Sys=0.00s Real=0.00s
[2025-06-22T20:51:10.117+0530][0.631s][info][gc,start    ] GC(1) Pause Young (Normal) (G1 Evacuation Pause)
[2025-06-22T20:51:10.117+0530][0.631s][info][gc,task     ] GC(1) Using 7 workers of 13 for evacuation
[2025-06-22T20:51:10.120+0530][0.634s][info][gc,phases   ] GC(1)   Pre Evacuate Collection Set: 0.1ms
[2025-06-22T20:51:10.120+0530][0.634s][info][gc,phases   ] GC(1)   Merge Heap Roots: 0.0ms
[2025-06-22T20:51:10.120+0530][0.634s][info][gc,phases   ] GC(1)   Evacuate Collection Set: 1.9ms
[2025-06-22T20:51:10.120+0530][0.634s][info][gc,phases   ] GC(1)   Post Evacuate Collection Set: 0.5ms
[2025-06-22T20:51:10.120+0530][0.634s][info][gc,phases   ] GC(1)   Other: 0.1ms
[2025-06-22T20:51:10.120+0530][0.634s][info][gc,heap     ] GC(1) Eden regions: 5->0(13)
[2025-06-22T20:51:10.120+0530][0.634s][info][gc,heap     ] GC(1) Survivor regions: 1->1(1)
[2025-06-22T20:51:10.120+0530][0.634s][info][gc,heap     ] GC(1) Old regions: 1->2
[2025-06-22T20:51:10.120+0530][0.634s][info][gc,heap     ] GC(1) Humongous regions: 0->0
[2025-06-22T20:51:10.120+0530][0.634s][info][gc,metaspace] GC(1) Metaspace: 18858K(19136K)->18858K(19136K) NonClass: 17048K(17216K)->17048K(17216K) Class: 1810K(1920K)->1810K(1920K)
[2025-06-22T20:51:10.120+0530][0.634s][info][gc          ] GC(1) Pause Young (Normal) (G1 Evacuation Pause) 25M->7M(320M) 2.786ms
[2025-06-22T20:51:10.120+0530][0.634s][info][gc,cpu      ] GC(1) User=0.00s Sys=0.00s Real=0.00s
[2025-06-22T20:51:10.291+0530][0.805s][info][gc,start    ] GC(2) Pause Young (Concurrent Start) (Metadata GC Threshold)
[2025-06-22T20:51:10.291+0530][0.805s][info][gc,task     ] GC(2) Using 7 workers of 13 for evacuation
[2025-06-22T20:51:10.292+0530][0.807s][info][gc,phases   ] GC(2)   Pre Evacuate Collection Set: 0.1ms
[2025-06-22T20:51:10.292+0530][0.807s][info][gc,phases   ] GC(2)   Merge Heap Roots: 0.0ms
[2025-06-22T20:51:10.292+0530][0.807s][info][gc,phases   ] GC(2)   Evacuate Collection Set: 0.8ms
[2025-06-22T20:51:10.292+0530][0.807s][info][gc,phases   ] GC(2)   Post Evacuate Collection Set: 0.2ms
[2025-06-22T20:51:10.292+0530][0.807s][info][gc,phases   ] GC(2)   Other: 0.1ms
[2025-06-22T20:51:10.292+0530][0.807s][info][gc,heap     ] GC(2) Eden regions: 3->0(29)
[2025-06-22T20:51:10.292+0530][0.807s][info][gc,heap     ] GC(2) Survivor regions: 1->1(2)
[2025-06-22T20:51:10.292+0530][0.807s][info][gc,heap     ] GC(2) Old regions: 2->2
[2025-06-22T20:51:10.292+0530][0.807s][info][gc,heap     ] GC(2) Humongous regions: 0->0
[2025-06-22T20:51:10.292+0530][0.807s][info][gc,metaspace] GC(2) Metaspace: 21218K(21504K)->21218K(21504K) NonClass: 19117K(19264K)->19117K(19264K) Class: 2100K(2240K)->2100K(2240K)
[2025-06-22T20:51:10.292+0530][0.807s][info][gc          ] GC(2) Pause Young (Concurrent Start) (Metadata GC Threshold) 18M->8M(320M) 1.390ms
[2025-06-22T20:51:10.292+0530][0.807s][info][gc,cpu      ] GC(2) User=0.00s Sys=0.00s Real=0.00s
[2025-06-22T20:51:10.292+0530][0.807s][info][gc          ] GC(3) Concurrent Mark Cycle
[2025-06-22T20:51:10.292+0530][0.807s][info][gc,marking  ] GC(3) Concurrent Scan Root Regions
[2025-06-22T20:51:10.293+0530][0.808s][info][gc,marking  ] GC(3) Concurrent Scan Root Regions 1.048ms
[2025-06-22T20:51:10.293+0530][0.808s][info][gc,marking  ] GC(3) Concurrent Mark
[2025-06-22T20:51:10.293+0530][0.808s][info][gc,marking  ] GC(3) Concurrent Mark From Roots
[2025-06-22T20:51:10.294+0530][0.808s][info][gc,task     ] GC(3) Using 3 workers of 3 for marking
[2025-06-22T20:51:10.296+0530][0.810s][info][gc,marking  ] GC(3) Concurrent Mark From Roots 2.468ms
[2025-06-22T20:51:10.296+0530][0.810s][info][gc,marking  ] GC(3) Concurrent Preclean
[2025-06-22T20:51:10.296+0530][0.810s][info][gc,marking  ] GC(3) Concurrent Preclean 0.030ms
[2025-06-22T20:51:10.296+0530][0.810s][info][gc,start    ] GC(3) Pause Remark
[2025-06-22T20:51:10.297+0530][0.811s][info][gc          ] GC(3) Pause Remark 8M->8M(40M) 0.934ms
[2025-06-22T20:51:10.297+0530][0.811s][info][gc,cpu      ] GC(3) User=0.00s Sys=0.00s Real=0.00s
[2025-06-22T20:51:10.297+0530][0.811s][info][gc,marking  ] GC(3) Concurrent Mark 3.589ms
[2025-06-22T20:51:10.297+0530][0.811s][info][gc,marking  ] GC(3) Concurrent Rebuild Remembered Sets and Scrub Regions
[2025-06-22T20:51:10.298+0530][0.813s][info][gc,marking  ] GC(3) Concurrent Rebuild Remembered Sets and Scrub Regions 1.185ms
[2025-06-22T20:51:10.298+0530][0.813s][info][gc,start    ] GC(3) Pause Cleanup
[2025-06-22T20:51:10.298+0530][0.813s][info][gc          ] GC(3) Pause Cleanup 8M->8M(40M) 0.059ms
[2025-06-22T20:51:10.298+0530][0.813s][info][gc,cpu      ] GC(3) User=0.00s Sys=0.00s Real=0.00s
[2025-06-22T20:51:10.298+0530][0.813s][info][gc,marking  ] GC(3) Concurrent Clear Claimed Marks
[2025-06-22T20:51:10.298+0530][0.813s][info][gc,marking  ] GC(3) Concurrent Clear Claimed Marks 0.028ms
[2025-06-22T20:51:10.298+0530][0.813s][info][gc,marking  ] GC(3) Concurrent Cleanup for Next Mark
[2025-06-22T20:51:10.298+0530][0.813s][info][gc,marking  ] GC(3) Concurrent Cleanup for Next Mark 0.175ms
[2025-06-22T20:51:10.298+0530][0.813s][info][gc          ] GC(3) Concurrent Mark Cycle 6.311ms
[2025-06-22T20:51:10.520+0530][1.034s][info][gc,start    ] GC(4) Pause Young (Prepare Mixed) (G1 Evacuation Pause)
[2025-06-22T20:51:10.520+0530][1.034s][info][gc,task     ] GC(4) Using 8 workers of 13 for evacuation
[2025-06-22T20:51:10.522+0530][1.037s][info][gc,phases   ] GC(4)   Pre Evacuate Collection Set: 0.1ms
[2025-06-22T20:51:10.522+0530][1.037s][info][gc,phases   ] GC(4)   Merge Heap Roots: 0.0ms
[2025-06-22T20:51:10.522+0530][1.037s][info][gc,phases   ] GC(4)   Evacuate Collection Set: 1.8ms
[2025-06-22T20:51:10.522+0530][1.037s][info][gc,phases   ] GC(4)   Post Evacuate Collection Set: 0.4ms
[2025-06-22T20:51:10.522+0530][1.037s][info][gc,phases   ] GC(4)   Other: 0.1ms
[2025-06-22T20:51:10.522+0530][1.037s][info][gc,heap     ] GC(4) Eden regions: 5->0(4)
[2025-06-22T20:51:10.522+0530][1.037s][info][gc,heap     ] GC(4) Survivor regions: 1->1(1)
[2025-06-22T20:51:10.522+0530][1.037s][info][gc,heap     ] GC(4) Old regions: 2->2
[2025-06-22T20:51:10.522+0530][1.037s][info][gc,heap     ] GC(4) Humongous regions: 0->0
[2025-06-22T20:51:10.522+0530][1.037s][info][gc,metaspace] GC(4) Metaspace: 25897K(26240K)->25897K(26240K) NonClass: 23175K(23360K)->23175K(23360K) Class: 2722K(2880K)->2722K(2880K)
[2025-06-22T20:51:10.522+0530][1.037s][info][gc          ] GC(4) Pause Young (Prepare Mixed) (G1 Evacuation Pause) 28M->9M(40M) 2.635ms
[2025-06-22T20:51:10.522+0530][1.037s][info][gc,cpu      ] GC(4) User=0.00s Sys=0.00s Real=0.00s
[2025-06-22T20:51:10.654+0530][1.169s][info][gc,start    ] GC(5) Pause Young (Mixed) (G1 Evacuation Pause)
[2025-06-22T20:51:10.654+0530][1.169s][info][gc,task     ] GC(5) Using 8 workers of 13 for evacuation
[2025-06-22T20:51:10.657+0530][1.171s][info][gc,phases   ] GC(5)   Pre Evacuate Collection Set: 0.1ms
[2025-06-22T20:51:10.657+0530][1.171s][info][gc,phases   ] GC(5)   Merge Heap Roots: 0.0ms
[2025-06-22T20:51:10.657+0530][1.171s][info][gc,phases   ] GC(5)   Evacuate Collection Set: 2.2ms
[2025-06-22T20:51:10.657+0530][1.171s][info][gc,phases   ] GC(5)   Post Evacuate Collection Set: 0.3ms
[2025-06-22T20:51:10.657+0530][1.171s][info][gc,phases   ] GC(5)   Other: 0.1ms
[2025-06-22T20:51:10.657+0530][1.171s][info][gc,heap     ] GC(5) Eden regions: 4->0(4)
[2025-06-22T20:51:10.657+0530][1.172s][info][gc,heap     ] GC(5) Survivor regions: 1->1(1)
[2025-06-22T20:51:10.657+0530][1.172s][info][gc,heap     ] GC(5) Old regions: 2->2
[2025-06-22T20:51:10.657+0530][1.172s][info][gc,heap     ] GC(5) Humongous regions: 0->0
[2025-06-22T20:51:10.657+0530][1.172s][info][gc,metaspace] GC(5) Metaspace: 30072K(30464K)->30072K(30464K) NonClass: 26805K(27008K)->26805K(27008K) Class: 3267K(3456K)->3267K(3456K)
[2025-06-22T20:51:10.657+0530][1.172s][info][gc          ] GC(5) Pause Young (Mixed) (G1 Evacuation Pause) 25M->10M(40M) 2.917ms
[2025-06-22T20:51:10.657+0530][1.172s][info][gc,cpu      ] GC(5) User=0.00s Sys=0.00s Real=0.00s
[2025-06-22T20:51:10.886+0530][1.400s][info][gc,start    ] GC(6) Pause Young (Normal) (G1 Evacuation Pause)
[2025-06-22T20:51:10.886+0530][1.400s][info][gc,task     ] GC(6) Using 8 workers of 13 for evacuation
[2025-06-22T20:51:10.889+0530][1.403s][info][gc,phases   ] GC(6)   Pre Evacuate Collection Set: 0.1ms
[2025-06-22T20:51:10.889+0530][1.403s][info][gc,phases   ] GC(6)   Merge Heap Roots: 0.0ms
[2025-06-22T20:51:10.889+0530][1.403s][info][gc,phases   ] GC(6)   Evacuate Collection Set: 2.0ms
[2025-06-22T20:51:10.889+0530][1.403s][info][gc,phases   ] GC(6)   Post Evacuate Collection Set: 0.5ms
[2025-06-22T20:51:10.889+0530][1.403s][info][gc,phases   ] GC(6)   Other: 0.1ms
[2025-06-22T20:51:10.889+0530][1.403s][info][gc,heap     ] GC(6) Eden regions: 4->0(26)
[2025-06-22T20:51:10.889+0530][1.403s][info][gc,heap     ] GC(6) Survivor regions: 1->1(1)
[2025-06-22T20:51:10.889+0530][1.403s][info][gc,heap     ] GC(6) Old regions: 2->3
[2025-06-22T20:51:10.889+0530][1.403s][info][gc,heap     ] GC(6) Humongous regions: 0->0
[2025-06-22T20:51:10.889+0530][1.403s][info][gc,metaspace] GC(6) Metaspace: 32607K(32960K)->32607K(32960K) NonClass: 29114K(29312K)->29114K(29312K) Class: 3493K(3648K)->3493K(3648K)
[2025-06-22T20:51:10.889+0530][1.403s][info][gc          ] GC(6) Pause Young (Normal) (G1 Evacuation Pause) 26M->12M(180M) 2.858ms
[2025-06-22T20:51:10.889+0530][1.403s][info][gc,cpu      ] GC(6) User=0.00s Sys=0.00s Real=0.00s
[2025-06-22T20:51:11.314+0530][1.829s][info][gc,start    ] GC(7) Pause Young (Concurrent Start) (Metadata GC Threshold)
[2025-06-22T20:51:11.314+0530][1.829s][info][gc,task     ] GC(7) Using 7 workers of 13 for evacuation
[2025-06-22T20:51:11.317+0530][1.832s][info][gc,phases   ] GC(7)   Pre Evacuate Collection Set: 0.1ms
[2025-06-22T20:51:11.317+0530][1.832s][info][gc,phases   ] GC(7)   Merge Heap Roots: 0.0ms
[2025-06-22T20:51:11.317+0530][1.832s][info][gc,phases   ] GC(7)   Evacuate Collection Set: 2.1ms
[2025-06-22T20:51:11.317+0530][1.832s][info][gc,phases   ] GC(7)   Post Evacuate Collection Set: 0.3ms
[2025-06-22T20:51:11.317+0530][1.832s][info][gc,phases   ] GC(7)   Other: 0.1ms
[2025-06-22T20:51:11.317+0530][1.832s][info][gc,heap     ] GC(7) Eden regions: 9->0(25)
[2025-06-22T20:51:11.317+0530][1.832s][info][gc,heap     ] GC(7) Survivor regions: 1->2(4)
[2025-06-22T20:51:11.317+0530][1.832s][info][gc,heap     ] GC(7) Old regions: 3->3
[2025-06-22T20:51:11.317+0530][1.832s][info][gc,heap     ] GC(7) Humongous regions: 0->0
[2025-06-22T20:51:11.317+0530][1.832s][info][gc,metaspace] GC(7) Metaspace: 35613K(35968K)->35613K(35968K) NonClass: 31753K(31936K)->31753K(31936K) Class: 3860K(4032K)->3860K(4032K)
[2025-06-22T20:51:11.317+0530][1.832s][info][gc          ] GC(7) Pause Young (Concurrent Start) (Metadata GC Threshold) 45M->14M(180M) 2.849ms
[2025-06-22T20:51:11.317+0530][1.832s][info][gc,cpu      ] GC(7) User=0.00s Sys=0.00s Real=0.00s
[2025-06-22T20:51:11.317+0530][1.832s][info][gc          ] GC(8) Concurrent Mark Cycle
[2025-06-22T20:51:11.317+0530][1.832s][info][gc,marking  ] GC(8) Concurrent Scan Root Regions
[2025-06-22T20:51:11.320+0530][1.835s][info][gc,marking  ] GC(8) Concurrent Scan Root Regions 2.430ms
[2025-06-22T20:51:11.320+0530][1.835s][info][gc,marking  ] GC(8) Concurrent Mark
[2025-06-22T20:51:11.320+0530][1.835s][info][gc,marking  ] GC(8) Concurrent Mark From Roots
[2025-06-22T20:51:11.320+0530][1.835s][info][gc,task     ] GC(8) Using 3 workers of 3 for marking
[2025-06-22T20:51:11.323+0530][1.838s][info][gc,marking  ] GC(8) Concurrent Mark From Roots 2.930ms
[2025-06-22T20:51:11.323+0530][1.838s][info][gc,marking  ] GC(8) Concurrent Preclean
[2025-06-22T20:51:11.323+0530][1.838s][info][gc,marking  ] GC(8) Concurrent Preclean 0.042ms
[2025-06-22T20:51:11.323+0530][1.838s][info][gc,start    ] GC(8) Pause Remark
[2025-06-22T20:51:11.325+0530][1.839s][info][gc          ] GC(8) Pause Remark 15M->15M(68M) 1.631ms
[2025-06-22T20:51:11.325+0530][1.839s][info][gc,cpu      ] GC(8) User=0.00s Sys=0.00s Real=0.00s
[2025-06-22T20:51:11.325+0530][1.839s][info][gc,marking  ] GC(8) Concurrent Mark 4.745ms
[2025-06-22T20:51:11.325+0530][1.839s][info][gc,marking  ] GC(8) Concurrent Rebuild Remembered Sets and Scrub Regions
[2025-06-22T20:51:11.326+0530][1.840s][info][gc,marking  ] GC(8) Concurrent Rebuild Remembered Sets and Scrub Regions 0.978ms
[2025-06-22T20:51:11.326+0530][1.840s][info][gc,start    ] GC(8) Pause Cleanup
[2025-06-22T20:51:11.326+0530][1.840s][info][gc          ] GC(8) Pause Cleanup 15M->15M(68M) 0.051ms
[2025-06-22T20:51:11.326+0530][1.840s][info][gc,cpu      ] GC(8) User=0.00s Sys=0.00s Real=0.00s
[2025-06-22T20:51:11.326+0530][1.840s][info][gc,marking  ] GC(8) Concurrent Clear Claimed Marks
[2025-06-22T20:51:11.326+0530][1.840s][info][gc,marking  ] GC(8) Concurrent Clear Claimed Marks 0.024ms
[2025-06-22T20:51:11.326+0530][1.840s][info][gc,marking  ] GC(8) Concurrent Cleanup for Next Mark
[2025-06-22T20:51:11.326+0530][1.841s][info][gc,marking  ] GC(8) Concurrent Cleanup for Next Mark 0.134ms
[2025-06-22T20:51:11.326+0530][1.841s][info][gc          ] GC(8) Concurrent Mark Cycle 8.596ms
[2025-06-22T20:51:11.828+0530][2.342s][info][gc,start    ] GC(9) Pause Young (Prepare Mixed) (G1 Evacuation Pause)
[2025-06-22T20:51:11.828+0530][2.342s][info][gc,task     ] GC(9) Using 6 workers of 13 for evacuation
[2025-06-22T20:51:11.831+0530][2.346s][info][gc,phases   ] GC(9)   Pre Evacuate Collection Set: 0.1ms
[2025-06-22T20:51:11.831+0530][2.346s][info][gc,phases   ] GC(9)   Merge Heap Roots: 0.0ms
[2025-06-22T20:51:11.831+0530][2.346s][info][gc,phases   ] GC(9)   Evacuate Collection Set: 2.8ms
[2025-06-22T20:51:11.831+0530][2.346s][info][gc,phases   ] GC(9)   Post Evacuate Collection Set: 0.3ms
[2025-06-22T20:51:11.831+0530][2.346s][info][gc,phases   ] GC(9)   Other: 0.1ms
[2025-06-22T20:51:11.831+0530][2.346s][info][gc,heap     ] GC(9) Eden regions: 8->0(8)
[2025-06-22T20:51:11.831+0530][2.346s][info][gc,heap     ] GC(9) Survivor regions: 2->2(2)
[2025-06-22T20:51:11.831+0530][2.346s][info][gc,heap     ] GC(9) Old regions: 3->4
[2025-06-22T20:51:11.831+0530][2.346s][info][gc,heap     ] GC(9) Humongous regions: 0->0
[2025-06-22T20:51:11.831+0530][2.346s][info][gc,metaspace] GC(9) Metaspace: 40356K(40768K)->40356K(40768K) NonClass: 35758K(35968K)->35758K(35968K) Class: 4597K(4800K)->4597K(4800K)
[2025-06-22T20:51:11.831+0530][2.346s][info][gc          ] GC(9) Pause Young (Prepare Mixed) (G1 Evacuation Pause) 46M->16M(68M) 3.517ms
[2025-06-22T20:51:11.831+0530][2.346s][info][gc,cpu      ] GC(9) User=0.00s Sys=0.00s Real=0.00s
[2025-06-22T20:51:12.412+0530][2.926s][info][gc,start    ] GC(10) Pause Young (Mixed) (G1 Evacuation Pause)
[2025-06-22T20:51:12.412+0530][2.926s][info][gc,task     ] GC(10) Using 6 workers of 13 for evacuation
[2025-06-22T20:51:12.416+0530][2.930s][info][gc,phases   ] GC(10)   Pre Evacuate Collection Set: 0.1ms
[2025-06-22T20:51:12.416+0530][2.930s][info][gc,phases   ] GC(10)   Merge Heap Roots: 0.0ms
[2025-06-22T20:51:12.416+0530][2.930s][info][gc,phases   ] GC(10)   Evacuate Collection Set: 3.5ms
[2025-06-22T20:51:12.416+0530][2.930s][info][gc,phases   ] GC(10)   Post Evacuate Collection Set: 0.4ms
[2025-06-22T20:51:12.416+0530][2.930s][info][gc,phases   ] GC(10)   Other: 0.1ms
[2025-06-22T20:51:12.416+0530][2.930s][info][gc,heap     ] GC(10) Eden regions: 8->0(8)
[2025-06-22T20:51:12.416+0530][2.930s][info][gc,heap     ] GC(10) Survivor regions: 2->2(2)
[2025-06-22T20:51:12.416+0530][2.930s][info][gc,heap     ] GC(10) Old regions: 4->4
[2025-06-22T20:51:12.416+0530][2.930s][info][gc,heap     ] GC(10) Humongous regions: 0->0
[2025-06-22T20:51:12.416+0530][2.930s][info][gc,metaspace] GC(10) Metaspace: 45333K(45888K)->45333K(45888K) NonClass: 40011K(40320K)->40011K(40320K) Class: 5322K(5568K)->5322K(5568K)
[2025-06-22T20:51:12.416+0530][2.930s][info][gc          ] GC(10) Pause Young (Mixed) (G1 Evacuation Pause) 48M->19M(68M) 4.400ms
[2025-06-22T20:51:12.416+0530][2.930s][info][gc,cpu      ] GC(10) User=0.00s Sys=0.00s Real=0.00s
[2025-06-22T20:51:12.976+0530][3.490s][info][gc,start    ] GC(11) Pause Young (Normal) (G1 Evacuation Pause)
[2025-06-22T20:51:12.976+0530][3.490s][info][gc,task     ] GC(11) Using 6 workers of 13 for evacuation
[2025-06-22T20:51:12.980+0530][3.494s][info][gc,phases   ] GC(11)   Pre Evacuate Collection Set: 0.1ms
[2025-06-22T20:51:12.980+0530][3.494s][info][gc,phases   ] GC(11)   Merge Heap Roots: 0.1ms
[2025-06-22T20:51:12.980+0530][3.494s][info][gc,phases   ] GC(11)   Evacuate Collection Set: 3.7ms
[2025-06-22T20:51:12.980+0530][3.494s][info][gc,phases   ] GC(11)   Post Evacuate Collection Set: 0.4ms
[2025-06-22T20:51:12.980+0530][3.494s][info][gc,phases   ] GC(11)   Other: 0.1ms
[2025-06-22T20:51:12.980+0530][3.494s][info][gc,heap     ] GC(11) Eden regions: 8->0(7)
[2025-06-22T20:51:12.980+0530][3.494s][info][gc,heap     ] GC(11) Survivor regions: 2->2(2)
[2025-06-22T20:51:12.980+0530][3.494s][info][gc,heap     ] GC(11) Old regions: 4->5
[2025-06-22T20:51:12.980+0530][3.494s][info][gc,heap     ] GC(11) Humongous regions: 0->0
[2025-06-22T20:51:12.980+0530][3.494s][info][gc,metaspace] GC(11) Metaspace: 49727K(50304K)->49727K(50304K) NonClass: 43853K(44160K)->43853K(44160K) Class: 5874K(6144K)->5874K(6144K)
[2025-06-22T20:51:12.980+0530][3.494s][info][gc          ] GC(11) Pause Young (Normal) (G1 Evacuation Pause) 51M->22M(68M) 4.465ms
[2025-06-22T20:51:12.980+0530][3.494s][info][gc,cpu      ] GC(11) User=0.00s Sys=0.00s Real=0.00s
[2025-06-22T20:51:13.290+0530][3.805s][info][gc,start    ] GC(12) Pause Young (Normal) (G1 Evacuation Pause)
[2025-06-22T20:51:13.290+0530][3.805s][info][gc,task     ] GC(12) Using 10 workers of 13 for evacuation
[2025-06-22T20:51:13.293+0530][3.808s][info][gc,phases   ] GC(12)   Pre Evacuate Collection Set: 0.1ms
[2025-06-22T20:51:13.293+0530][3.808s][info][gc,phases   ] GC(12)   Merge Heap Roots: 0.1ms
[2025-06-22T20:51:13.293+0530][3.808s][info][gc,phases   ] GC(12)   Evacuate Collection Set: 2.7ms
[2025-06-22T20:51:13.293+0530][3.808s][info][gc,phases   ] GC(12)   Post Evacuate Collection Set: 0.4ms
[2025-06-22T20:51:13.293+0530][3.808s][info][gc,phases   ] GC(12)   Other: 0.1ms
[2025-06-22T20:51:13.293+0530][3.808s][info][gc,heap     ] GC(12) Eden regions: 7->0(7)
[2025-06-22T20:51:13.293+0530][3.808s][info][gc,heap     ] GC(12) Survivor regions: 2->2(2)
[2025-06-22T20:51:13.293+0530][3.808s][info][gc,heap     ] GC(12) Old regions: 5->5
[2025-06-22T20:51:13.293+0530][3.808s][info][gc,heap     ] GC(12) Humongous regions: 0->0
[2025-06-22T20:51:13.293+0530][3.808s][info][gc,metaspace] GC(12) Metaspace: 55164K(55744K)->55164K(55744K) NonClass: 48543K(48832K)->48543K(48832K) Class: 6620K(6912K)->6620K(6912K)
[2025-06-22T20:51:13.293+0530][3.808s][info][gc          ] GC(12) Pause Young (Normal) (G1 Evacuation Pause) 50M->24M(68M) 3.579ms
[2025-06-22T20:51:13.293+0530][3.808s][info][gc,cpu      ] GC(12) User=0.02s Sys=0.00s Real=0.00s
[2025-06-22T20:51:13.760+0530][4.275s][info][gc,start    ] GC(13) Pause Young (Normal) (G1 Evacuation Pause)
[2025-06-22T20:51:13.760+0530][4.275s][info][gc,task     ] GC(13) Using 12 workers of 13 for evacuation
[2025-06-22T20:51:13.764+0530][4.278s][info][gc,phases   ] GC(13)   Pre Evacuate Collection Set: 0.1ms
[2025-06-22T20:51:13.764+0530][4.278s][info][gc,phases   ] GC(13)   Merge Heap Roots: 0.1ms
[2025-06-22T20:51:13.764+0530][4.278s][info][gc,phases   ] GC(13)   Evacuate Collection Set: 2.7ms
[2025-06-22T20:51:13.764+0530][4.278s][info][gc,phases   ] GC(13)   Post Evacuate Collection Set: 0.6ms
[2025-06-22T20:51:13.764+0530][4.279s][info][gc,phases   ] GC(13)   Other: 0.1ms
[2025-06-22T20:51:13.764+0530][4.279s][info][gc,heap     ] GC(13) Eden regions: 7->0(6)
[2025-06-22T20:51:13.764+0530][4.279s][info][gc,heap     ] GC(13) Survivor regions: 2->2(2)
[2025-06-22T20:51:13.764+0530][4.279s][info][gc,heap     ] GC(13) Old regions: 5->6
[2025-06-22T20:51:13.764+0530][4.279s][info][gc,heap     ] GC(13) Humongous regions: 0->0
[2025-06-22T20:51:13.764+0530][4.279s][info][gc,metaspace] GC(13) Metaspace: 59476K(60096K)->59476K(60096K) NonClass: 52248K(52608K)->52248K(52608K) Class: 7227K(7488K)->7227K(7488K)
[2025-06-22T20:51:13.764+0530][4.279s][info][gc          ] GC(13) Pause Young (Normal) (G1 Evacuation Pause) 52M->27M(68M) 3.699ms
[2025-06-22T20:51:13.764+0530][4.279s][info][gc,cpu      ] GC(13) User=0.19s Sys=0.00s Real=0.00s
[2025-06-22T20:51:13.767+0530][4.281s][info][gc,start    ] GC(14) Pause Young (Concurrent Start) (Metadata GC Threshold)
[2025-06-22T20:51:13.767+0530][4.281s][info][gc,task     ] GC(14) Using 12 workers of 13 for evacuation
[2025-06-22T20:51:13.769+0530][4.283s][info][gc,phases   ] GC(14)   Pre Evacuate Collection Set: 0.1ms
[2025-06-22T20:51:13.769+0530][4.283s][info][gc,phases   ] GC(14)   Merge Heap Roots: 0.0ms
[2025-06-22T20:51:13.769+0530][4.283s][info][gc,phases   ] GC(14)   Evacuate Collection Set: 1.5ms
[2025-06-22T20:51:13.769+0530][4.283s][info][gc,phases   ] GC(14)   Post Evacuate Collection Set: 0.2ms
[2025-06-22T20:51:13.769+0530][4.283s][info][gc,phases   ] GC(14)   Other: 0.1ms
[2025-06-22T20:51:13.769+0530][4.283s][info][gc,heap     ] GC(14) Eden regions: 1->0(7)
[2025-06-22T20:51:13.769+0530][4.283s][info][gc,heap     ] GC(14) Survivor regions: 2->1(1)
[2025-06-22T20:51:13.769+0530][4.283s][info][gc,heap     ] GC(14) Old regions: 6->7
[2025-06-22T20:51:13.769+0530][4.283s][info][gc,heap     ] GC(14) Humongous regions: 0->0
[2025-06-22T20:51:13.769+0530][4.283s][info][gc,metaspace] GC(14) Metaspace: 59522K(60096K)->59522K(60096K) NonClass: 52286K(52608K)->52286K(52608K) Class: 7235K(7488K)->7235K(7488K)
[2025-06-22T20:51:13.769+0530][4.283s][info][gc          ] GC(14) Pause Young (Concurrent Start) (Metadata GC Threshold) 28M->28M(68M) 2.058ms
[2025-06-22T20:51:13.769+0530][4.283s][info][gc          ] GC(15) Concurrent Mark Cycle
[2025-06-22T20:51:13.769+0530][4.283s][info][gc,cpu      ] GC(14) User=0.00s Sys=0.00s Real=0.00s
[2025-06-22T20:51:13.769+0530][4.283s][info][gc,marking  ] GC(15) Concurrent Scan Root Regions
[2025-06-22T20:51:13.771+0530][4.286s][info][gc,marking  ] GC(15) Concurrent Scan Root Regions 2.485ms
[2025-06-22T20:51:13.771+0530][4.286s][info][gc,marking  ] GC(15) Concurrent Mark
[2025-06-22T20:51:13.771+0530][4.286s][info][gc,marking  ] GC(15) Concurrent Mark From Roots
[2025-06-22T20:51:13.771+0530][4.286s][info][gc,task     ] GC(15) Using 3 workers of 3 for marking
[2025-06-22T20:51:13.781+0530][4.295s][info][gc,marking  ] GC(15) Concurrent Mark From Roots 9.291ms
[2025-06-22T20:51:13.781+0530][4.295s][info][gc,marking  ] GC(15) Concurrent Preclean
[2025-06-22T20:51:13.781+0530][4.296s][info][gc,marking  ] GC(15) Concurrent Preclean 0.134ms
[2025-06-22T20:51:13.781+0530][4.296s][info][gc,start    ] GC(15) Pause Remark
[2025-06-22T20:51:13.783+0530][4.298s][info][gc          ] GC(15) Pause Remark 28M->28M(68M) 2.595ms
[2025-06-22T20:51:13.783+0530][4.298s][info][gc,cpu      ] GC(15) User=0.00s Sys=0.00s Real=0.00s
[2025-06-22T20:51:13.783+0530][4.298s][info][gc,marking  ] GC(15) Concurrent Mark 12.233ms
[2025-06-22T20:51:13.783+0530][4.298s][info][gc,marking  ] GC(15) Concurrent Rebuild Remembered Sets and Scrub Regions
[2025-06-22T20:51:13.788+0530][4.302s][info][gc,marking  ] GC(15) Concurrent Rebuild Remembered Sets and Scrub Regions 3.745ms
[2025-06-22T20:51:13.788+0530][4.302s][info][gc,start    ] GC(15) Pause Cleanup
[2025-06-22T20:51:13.788+0530][4.302s][info][gc          ] GC(15) Pause Cleanup 28M->28M(68M) 0.086ms
[2025-06-22T20:51:13.788+0530][4.302s][info][gc,cpu      ] GC(15) User=0.00s Sys=0.00s Real=0.00s
[2025-06-22T20:51:13.788+0530][4.302s][info][gc,marking  ] GC(15) Concurrent Clear Claimed Marks
[2025-06-22T20:51:13.788+0530][4.302s][info][gc,marking  ] GC(15) Concurrent Clear Claimed Marks 0.062ms
[2025-06-22T20:51:13.788+0530][4.302s][info][gc,marking  ] GC(15) Concurrent Cleanup for Next Mark
[2025-06-22T20:51:13.788+0530][4.302s][info][gc,marking  ] GC(15) Concurrent Cleanup for Next Mark 0.072ms
[2025-06-22T20:51:13.788+0530][4.302s][info][gc          ] GC(15) Concurrent Mark Cycle 18.950ms
[2025-06-22T20:51:14.189+0530][4.704s][info][gc,start    ] GC(16) Pause Young (Prepare Mixed) (G1 Evacuation Pause)
[2025-06-22T20:51:14.189+0530][4.704s][info][gc,task     ] GC(16) Using 13 workers of 13 for evacuation
[2025-06-22T20:51:14.191+0530][4.706s][info][gc,phases   ] GC(16)   Pre Evacuate Collection Set: 0.1ms
[2025-06-22T20:51:14.191+0530][4.706s][info][gc,phases   ] GC(16)   Merge Heap Roots: 0.1ms
[2025-06-22T20:51:14.191+0530][4.706s][info][gc,phases   ] GC(16)   Evacuate Collection Set: 1.3ms
[2025-06-22T20:51:14.191+0530][4.706s][info][gc,phases   ] GC(16)   Post Evacuate Collection Set: 0.6ms
[2025-06-22T20:51:14.191+0530][4.706s][info][gc,phases   ] GC(16)   Other: 0.1ms
[2025-06-22T20:51:14.191+0530][4.706s][info][gc,heap     ] GC(16) Eden regions: 7->0(28)
[2025-06-22T20:51:14.191+0530][4.706s][info][gc,heap     ] GC(16) Survivor regions: 1->1(1)
[2025-06-22T20:51:14.191+0530][4.706s][info][gc,heap     ] GC(16) Old regions: 7->7
[2025-06-22T20:51:14.191+0530][4.706s][info][gc,heap     ] GC(16) Humongous regions: 0->0
[2025-06-22T20:51:14.191+0530][4.706s][info][gc,metaspace] GC(16) Metaspace: 61438K(62080K)->61438K(62080K) NonClass: 53900K(54272K)->53900K(54272K) Class: 7538K(7808K)->7538K(7808K)
[2025-06-22T20:51:14.191+0530][4.706s][info][gc          ] GC(16) Pause Young (Prepare Mixed) (G1 Evacuation Pause) 56M->29M(196M) 2.355ms
[2025-06-22T20:51:14.191+0530][4.706s][info][gc,cpu      ] GC(16) User=0.00s Sys=0.00s Real=0.00s
[2025-06-22T20:51:15.385+0530][5.900s][info][gc,start    ] GC(17) Pause Young (Mixed) (G1 Evacuation Pause)
[2025-06-22T20:51:15.385+0530][5.900s][info][gc,task     ] GC(17) Using 13 workers of 13 for evacuation
[2025-06-22T20:51:15.404+0530][5.918s][info][gc,phases   ] GC(17)   Pre Evacuate Collection Set: 0.1ms
[2025-06-22T20:51:15.404+0530][5.918s][info][gc,phases   ] GC(17)   Merge Heap Roots: 0.1ms
[2025-06-22T20:51:15.404+0530][5.918s][info][gc,phases   ] GC(17)   Evacuate Collection Set: 17.3ms
[2025-06-22T20:51:15.404+0530][5.918s][info][gc,phases   ] GC(17)   Post Evacuate Collection Set: 0.6ms
[2025-06-22T20:51:15.404+0530][5.918s][info][gc,phases   ] GC(17)   Other: 0.1ms
[2025-06-22T20:51:15.404+0530][5.918s][info][gc,heap     ] GC(17) Eden regions: 28->0(26)
[2025-06-22T20:51:15.404+0530][5.918s][info][gc,heap     ] GC(17) Survivor regions: 1->3(4)
[2025-06-22T20:51:15.404+0530][5.918s][info][gc,heap     ] GC(17) Old regions: 7->7
[2025-06-22T20:51:15.404+0530][5.918s][info][gc,heap     ] GC(17) Humongous regions: 0->0
[2025-06-22T20:51:15.404+0530][5.918s][info][gc,metaspace] GC(17) Metaspace: 69713K(70464K)->69713K(70464K) NonClass: 61072K(61504K)->61072K(61504K) Class: 8640K(8960K)->8640K(8960K)
[2025-06-22T20:51:15.404+0530][5.918s][info][gc          ] GC(17) Pause Young (Mixed) (G1 Evacuation Pause) 141M->37M(196M) 18.431ms
[2025-06-22T20:51:15.404+0530][5.918s][info][gc,cpu      ] GC(17) User=0.09s Sys=0.30s Real=0.02s
[2025-06-22T20:54:39.941+0530][225.761s][info][gc,start    ] GC(23) Pause Young (Prepare Mixed) (G1 Evacuation Pause)
[2025-06-22T20:54:39.941+0530][225.761s][info][gc,task     ] GC(23) Using 13 workers of 13 for evacuation
[2025-06-22T20:54:39.945+0530][225.765s][info][gc,phases   ] GC(23)   Pre Evacuate Collection Set: 0.2ms
[2025-06-22T20:54:39.945+0530][225.765s][info][gc,phases   ] GC(23)   Merge Heap Roots: 0.1ms
[2025-06-22T20:54:39.945+0530][225.765s][info][gc,phases   ] GC(23)   Evacuate Collection Set: 3.2ms
[2025-06-22T20:54:39.945+0530][225.765s][info][gc,phases   ] GC(23)   Post Evacuate Collection Set: 0.5ms
[2025-06-22T20:54:39.945+0530][225.765s][info][gc,phases   ] GC(23)   Other: 0.1ms
[2025-06-22T20:54:39.945+0530][225.765s][info][gc,heap     ] GC(23) Eden regions: 21->0(20)
[2025-06-22T20:54:39.945+0530][225.765s][info][gc,heap     ] GC(23) Survivor regions: 1->2(3)
[2025-06-22T20:54:39.945+0530][225.765s][info][gc,heap     ] GC(23) Old regions: 10->10
[2025-06-22T20:54:39.945+0530][225.765s][info][gc,heap     ] GC(23) Humongous regions: 0->0
[2025-06-22T20:54:39.945+0530][225.765s][info][gc,metaspace] GC(23) Metaspace: 78470K(79296K)->78470K(79296K) NonClass: 68790K(69248K)->68790K(69248K) Class: 9679K(10048K)->9679K(10048K)
[2025-06-22T20:54:39.945+0530][225.765s][info][gc          ] GC(23) Pause Young (Prepare Mixed) (G1 Evacuation Pause) 123M->44M(148M) 4.294ms
[2025-06-22T20:54:39.945+0530][225.765s][info][gc,cpu      ] GC(23) User=0.00s Sys=0.00s Real=0.00s
